Receiving: 1537 0 1537 131073
----------------------
Available data: 1537, State=1
Process C0, Write S0,S1
Data left: 1536, State=2
Add block with length=1537
----------------------
Available data: 1536, State=2
Process C1, Write S2
Data left: 0, State=3
Add block with length=1536
Want to write 2 blocks
Block write: 1537
	Written: 1537
Block write: 1536
	Written: 1536
Receiving: 1789 0 1789 131073
----------------------
Available data: 1789, State=3
Process C2
Data left: 253, State=4
----------------------
Available data: 253, State=4
Read chunk type
Chunk Type 0
Chunk ID: 3
Data left: 252, State=6
----------------------
Available data: 252, State=6
Read header type 0
Timestamp=0, message_length=240, message_type=20, message_stream_id=0
Data left: 241, State=8
----------------------
Available data: 241, State=8
Read data: 147979152, left: 240
Finish read data: 128
Data left: 113, State=4
----------------------
Available data: 113, State=4
Read chunk type
Chunk Type 3
Chunk ID: 3
Data left: 112, State=6
----------------------
Available data: 112, State=6
Data left: 112, State=8
----------------------
Available data: 112, State=8
Read data: 147979152, left: 112
Finish read data: 112
Command: connect
Transaction ID: 1.000000
Arguments:
	videoFunction -> 1.000000
	app -> 
	videoCodecs -> 252.000000
	flashVer -> LNX 11,2,202,228
	fpad -> 0
	audioCodecs -> 3575.000000
	capabilities -> 239.000000
	objectEncoding -> 0.000000
	pageUrl -> null
	tcUrl -> rtmp://localhost:1935
	swfUrl -> <undefined>

Command: _result
Transaction ID: 1.000000
Properties:
	mode -> 1.000000
	fmsVer -> FMS/3,5,5,2004
	capabilities -> 239.000000
Information:
	level -> status
	description -> Connection succeeded
	clientId -> 1584259571.000000
	objectEncoding -> 0.000000
	code -> NetConnection.Connect.Success
	data -> 	version -> zeus.0.0.1.tanin


count=266
number_of_chunks=3
3 0 0 1 0 1 a 14 0 0 0 0 2 0 7 5f 72 65 73 75 6c 74 0 3f f0 0 0 0 0 0 0 3 0 4 6d 6f 64 65 0 3f f0 0 0 0 0 0 0 0 6 66 6d 73 56 65 72 2 0 e 46 4d 53 2f 33 2c 35 2c 35 2c 32 30 30 34 0 c 63 61 70 61 62 69 6c 69 74 69 65 73 0 40 6d e0 0 0 0 0 0 0 0 9 3 0 5 6c 65 76 65 6c 2 0 6 73 74 61 74 75 73 0 b 64 65 73 63 72 69 70 74 69 6f 6e 2 0 14 43 6f 6e 6e 65 63 74 69 6f c3 6e 20 73 75 63 63 65 65 64 65 64 0 8 63 6c 69 65 6e 74 49 64 0 41 d7 9b 78 7c c0 0 0 0 e 6f 62 6a 65 63 74 45 6e 63 6f 64 69 6e 67 0 0 0 0 0 0 0 0 0 0 4 63 6f 64 65 2 0 1d 4e 65 74 43 6f 6e 6e 65 63 74 69 6f 6e 2e 43 6f 6e 6e 65 63 74 2e 53 75 63 63 65 73 73 0 4 64 61 74 61 8 0 0 0 0 0 7 76 65 72 73 69 6f 6e 2 0 10 7a 65 75 73 2e 30 2e 30 2e 31 2e 74 c3 61 6e 69 6e 0 0 9 0 0 9 
Data left: 0, State=4
Add block with length=280
Want to write 1 blocks
Block write: 280
	Written: 280
Receiving: 37 0 37 131073
----------------------
Available data: 37, State=4
Read chunk type
Chunk Type 0
Chunk ID: 3
Data left: 36, State=6
----------------------
Available data: 36, State=6
Read header type 0
Timestamp=123, message_length=25, message_type=20, message_stream_id=0
Data left: 25, State=8
----------------------
Available data: 25, State=8
Read data: 147979448, left: 25
Finish read data: 25
Command: createStream
Transaction ID: 2.000000
Object: NULL

count=29
number_of_chunks=1
3 0 0 7c 0 0 1d 14 0 0 0 0 2 0 7 5f 72 65 73 75 6c 74 0 40 0 0 0 0 0 0 0 5 0 3f f0 0 0 0 0 0 0 
Data left: 0, State=4
Add block with length=41
Want to write 1 blocks
Block write: 41
	Written: 41
Receiving: 48 0 48 131073
----------------------
Available data: 48, State=4
Read chunk type
Chunk Type 0
Chunk ID: 8
Data left: 47, State=6
----------------------
Available data: 47, State=6
Read header type 0
Timestamp=123, message_length=36, message_type=20, message_stream_id=16777216
Data left: 36, State=8
----------------------
Available data: 36, State=8
Read data: 147979448, left: 36
Finish read data: 36
Command: publish
Transaction ID: 0.000000
Publishing Name: test
Publishing Type: record

Data left: 0, State=4
Receiving: 4096 0 4096 131073
----------------------
Available data: 4096, State=4
Read chunk type
Chunk Type 0
Chunk ID: 6
Data left: 4095, State=6
----------------------
Available data: 4095, State=6
Read header type 0
Timestamp=237, message_length=72447, message_type=9, message_stream_id=16777216
Data left: 4084, State=8
----------------------
Available data: 4084, State=8
Read data: 147984024, left: 72447
Finish read data: 128
Data left: 3956, State=4
----------------------
Available data: 3956, State=4
Read chunk type
Chunk Type 3
Chunk ID: 6
Data left: 3955, State=6
----------------------
Available data: 3955, State=6
Data left: 3955, State=8
----------------------
Available data: 3955, State=8
Read data: 147984024, left: 72319
Finish read data: 128
Data left: 3827, State=4
----------------------
Available data: 3827, State=4
Read chunk type
Chunk Type 3
Chunk ID: 6
Data left: 3826, State=6
----------------------
Available data: 3826, State=6
Data left: 3826, State=8
----------------------
Available data: 3826, State=8
Read data: 147984024, left: 72191
Finish read data: 128
Data left: 3698, State=4
----------------------
Available data: 3698, State=4
Read chunk type
Chunk Type 3
Chunk ID: 6
Data left: 3697, State=6
----------------------
Available data: 3697, State=6
Data left: 3697, State=8
----------------------
Available data: 3697, State=8
Read data: 147984024, left: 72063
Finish read data: 128
Data left: 3569, State=4
----------------------
Available data: 3569, State=4
Read chunk type
Chunk Type 3
Chunk ID: 6
Data left: 3568, State=6
----------------------
Available data: 3568, State=6
Data left: 3568, State=8
----------------------
Available data: 3568, State=8
Read data: 147984024, left: 71935
Finish read data: 128
Data left: 3440, State=4
----------------------
Available data: 3440, State=4
Read chunk type
Chunk Type 3
Chunk ID: 6
Data left: 3439, State=6
----------------------
Available data: 3439, State=6
Data left: 3439, State=8
----------------------
Available data: 3439, State=8
Read data: 147984024, left: 71807
Finish read data: 128
Data left: 3311, State=4
----------------------
Available data: 3311, State=4
Read chunk type
Chunk Type 3
Chunk ID: 6
Data left: 3310, State=6
----------------------
Available data: 3310, State=6
Data left: 3310, State=8
----------------------
Available data: 3310, State=8
Read data: 147984024, left: 71679
Finish read data: 128
Data left: 3182, State=4
----------------------
Available data: 3182, State=4
Read chunk type
Chunk Type 3
Chunk ID: 6
Data left: 3181, State=6
----------------------
Available data: 3181, State=6
Data left: 3181, State=8
----------------------
Available data: 3181, State=8
Read data: 147984024, left: 71551
Finish read data: 128
Data left: 3053, State=4
----------------------
Available data: 3053, State=4
Read chunk type
Chunk Type 3
Chunk ID: 6
Data left: 3052, State=6
----------------------
Available data: 3052, State=6
Data left: 3052, State=8
----------------------
Available data: 3052, State=8
Read data: 147984024, left: 71423
Finish read data: 128
Data left: 2924, State=4
----------------------
Available data: 2924, State=4
Read chunk type
Chunk Type 3
Chunk ID: 6
Data left: 2923, State=6
----------------------
Available data: 2923, State=6
Data left: 2923, State=8
----------------------
Available data: 2923, State=8
Read data: 147984024, left: 71295
Finish read data: 128
Data left: 2795, State=4
----------------------
Available data: 2795, State=4
Read chunk type
Chunk Type 3
Chunk ID: 6
Data left: 2794, State=6
----------------------
Available data: 2794, State=6
Data left: 2794, State=8
----------------------
Available data: 2794, State=8
Read data: 147984024, left: 71167
Finish read data: 128
Data left: 2666, State=4
----------------------
Available data: 2666, State=4
Read chunk type
Chunk Type 3
Chunk ID: 6
Data left: 2665, State=6
----------------------
Available data: 2665, State=6
Data left: 2665, State=8
----------------------
Available data: 2665, State=8
Read data: 147984024, left: 71039
Finish read data: 128
Data left: 2537, State=4
----------------------
Available data: 2537, State=4
Read chunk type
Chunk Type 3
Chunk ID: 6
Data left: 2536, State=6
----------------------
Available data: 2536, State=6
Data left: 2536, State=8
----------------------
Available data: 2536, State=8
Read data: 147984024, left: 70911
Finish read data: 128
Data left: 2408, State=4
----------------------
Available data: 2408, State=4
Read chunk type
Chunk Type 3
Chunk ID: 6
Data left: 2407, State=6
----------------------
Available data: 2407, State=6
Data left: 2407, State=8
----------------------
Available data: 2407, State=8
Read data: 147984024, left: 70783
Finish read data: 128
Data left: 2279, State=4
----------------------
Available data: 2279, State=4
Read chunk type
Chunk Type 3
Chunk ID: 6
Data left: 2278, State=6
----------------------
Available data: 2278, State=6
Data left: 2278, State=8
----------------------
Available data: 2278, State=8
Read data: 147984024, left: 70655
Finish read data: 128
Data left: 2150, State=4
----------------------
Available data: 2150, State=4
Read chunk type
Chunk Type 3
Chunk ID: 6
Data left: 2149, State=6
----------------------
Available data: 2149, State=6
Data left: 2149, State=8
----------------------
Available data: 2149, State=8
Read data: 147984024, left: 70527
Finish read data: 128
Data left: 2021, State=4
----------------------
Available data: 2021, State=4
Read chunk type
Chunk Type 3
Chunk ID: 6
Data left: 2020, State=6
----------------------
Available data: 2020, State=6
Data left: 2020, State=8
----------------------
Available data: 2020, State=8
Read data: 147984024, left: 70399
Finish read data: 128
Data left: 1892, State=4
----------------------
Available data: 1892, State=4
Read chunk type
Chunk Type 3
Chunk ID: 6
Data left: 1891, State=6
----------------------
Available data: 1891, State=6
Data left: 1891, State=8
----------------------
Available data: 1891, State=8
Read data: 147984024, left: 70271
Finish read data: 128
Data left: 1763, State=4
----------------------
Available data: 1763, State=4
Read chunk type
Chunk Type 3
Chunk ID: 6
Data left: 1762, State=6
----------------------
Available data: 1762, State=6
Data left: 1762, State=8
----------------------
Available data: 1762, State=8
Read data: 147984024, left: 70143
Finish read data: 128
Data left: 1634, State=4
----------------------
Available data: 1634, State=4
Read chunk type
Chunk Type 3
Chunk ID: 6
Data left: 1633, State=6
----------------------
Available data: 1633, State=6
Data left: 1633, State=8
----------------------
Available data: 1633, State=8
Read data: 147984024, left: 70015
Finish read data: 128
Data left: 1505, State=4
----------------------
Available data: 1505, State=4
Read chunk type
Chunk Type 3
Chunk ID: 6
Data left: 1504, State=6
----------------------
Available data: 1504, State=6
Data left: 1504, State=8
----------------------
Available data: 1504, State=8
Read data: 147984024, left: 69887
Finish read data: 128
Data left: 1376, State=4
----------------------
Available data: 1376, State=4
Read chunk type
Chunk Type 3
Chunk ID: 6
Data left: 1375, State=6
----------------------
Available data: 1375, State=6
Data left: 1375, State=8
----------------------
Available data: 1375, State=8
Read data: 147984024, left: 69759
Finish read data: 128
Data left: 1247, State=4
----------------------
Available data: 1247, State=4
Read chunk type
Chunk Type 3
Chunk ID: 6
Data left: 1246, State=6
----------------------
Available data: 1246, State=6
Data left: 1246, State=8
----------------------
Available data: 1246, State=8
Read data: 147984024, left: 69631
Finish read data: 128
Data left: 1118, State=4
----------------------
Available data: 1118, State=4
Read chunk type
Chunk Type 3
Chunk ID: 6
Data left: 1117, State=6
----------------------
Available data: 1117, State=6
Data left: 1117, State=8
----------------------
Available data: 1117, State=8
Read data: 147984024, left: 69503
Finish read data: 128
Data left: 989, State=4
----------------------
Available data: 989, State=4
Read chunk type
Chunk Type 3
Chunk ID: 6
Data left: 988, State=6
----------------------
Available data: 988, State=6
Data left: 988, State=8
----------------------
Available data: 988, State=8
Read data: 147984024, left: 69375
Finish read data: 128
Data left: 860, State=4
----------------------
Available data: 860, State=4
Read chunk type
Chunk Type 3
Chunk ID: 6
Data left: 859, State=6
----------------------
Available data: 859, State=6
Data left: 859, State=8
----------------------
Available data: 859, State=8
Read data: 147984024, left: 69247
Finish read data: 128
Data left: 731, State=4
----------------------
Available data: 731, State=4
Read chunk type
Chunk Type 3
Chunk ID: 6
Data left: 730, State=6
----------------------
Available data: 730, State=6
Data left: 730, State=8
----------------------
Available data: 730, State=8
Read data: 147984024, left: 69119
Finish read data: 128
Data left: 602, State=4
----------------------
Available data: 602, State=4
Read chunk type
Chunk Type 3
Chunk ID: 6
Data left: 601, State=6
----------------------
Available data: 601, State=6
Data left: 601, State=8
----------------------
Available data: 601, State=8
Read data: 147984024, left: 68991
Finish read data: 128
Data left: 473, State=4
----------------------
Available data: 473, State=4
Read chunk type
Chunk Type 3
Chunk ID: 6
Data left: 472, State=6
----------------------
Available data: 472, State=6
Data left: 472, State=8
----------------------
Available data: 472, State=8
Read data: 147984024, left: 68863
Finish read data: 128
Data left: 344, State=4
----------------------
Available data: 344, State=4
Read chunk type
Chunk Type 3
Chunk ID: 6
Data left: 343, State=6
----------------------
Available data: 343, State=6
Data left: 343, State=8
----------------------
Available data: 343, State=8
Read data: 147984024, left: 68735
Finish read data: 128
Data left: 215, State=4
----------------------
Available data: 215, State=4
Read chunk type
Chunk Type 3
Chunk ID: 6
Data left: 214, State=6
----------------------
Available data: 214, State=6
Data left: 214, State=8
----------------------
Available data: 214, State=8
Read data: 147984024, left: 68607
Finish read data: 128
Data left: 86, State=4
----------------------
Available data: 86, State=4
Read chunk type
Chunk Type 3
Chunk ID: 6
Data left: 85, State=6
----------------------
Available data: 85, State=6
Data left: 85, State=8
----------------------
Available data: 85, State=8
Data left: 85, State=8
Receiving: 4096 4011 8192 131073
----------------------
Available data: 4181, State=8
Read data: 147984024, left: 68479
Finish read data: 128
Data left: 4053, State=4
----------------------
Available data: 4053, State=4
Read chunk type
Chunk Type 3
Chunk ID: 6
Data left: 4052, State=6
----------------------
Available data: 4052, State=6
Data left: 4052, State=8
----------------------
Available data: 4052, State=8
Read data: 147984024, left: 68351
Finish read data: 128
Data left: 3924, State=4
----------------------
Available data: 3924, State=4
Read chunk type
Chunk Type 3
Chunk ID: 6
Data left: 3923, State=6
----------------------
Available data: 3923, State=6
Data left: 3923, State=8
----------------------
Available data: 3923, State=8
Read data: 147984024, left: 68223
Finish read data: 128
Data left: 3795, State=4
----------------------
Available data: 3795, State=4
Read chunk type
Chunk Type 3
Chunk ID: 6
Data left: 3794, State=6
----------------------
Available data: 3794, State=6
Data left: 3794, State=8
----------------------
Available data: 3794, State=8
Read data: 147984024, left: 68095
Finish read data: 128
Data left: 3666, State=4
----------------------
Available data: 3666, State=4
Read chunk type
Chunk Type 3
Chunk ID: 6
Data left: 3665, State=6
----------------------
Available data: 3665, State=6
Data left: 3665, State=8
----------------------
Available data: 3665, State=8
Read data: 147984024, left: 67967
Finish read data: 128
Data left: 3537, State=4
----------------------
Available data: 3537, State=4
Read chunk type
Chunk Type 3
Chunk ID: 6
Data left: 3536, State=6
----------------------
Available data: 3536, State=6
Data left: 3536, State=8
----------------------
Available data: 3536, State=8
Read data: 147984024, left: 67839
Finish read data: 128
Data left: 3408, State=4
----------------------
Available data: 3408, State=4
Read chunk type
Chunk Type 3
Chunk ID: 6
Data left: 3407, State=6
----------------------
Available data: 3407, State=6
Data left: 3407, State=8
----------------------
Available data: 3407, State=8
Read data: 147984024, left: 67711
Finish read data: 128
Data left: 3279, State=4
----------------------
Available data: 3279, State=4
Read chunk type
Chunk Type 3
Chunk ID: 6
Data left: 3278, State=6
----------------------
Available data: 3278, State=6
Data left: 3278, State=8
----------------------
Available data: 3278, State=8
Read data: 147984024, left: 67583
Finish read data: 128
Data left: 3150, State=4
----------------------
Available data: 3150, State=4
Read chunk type
Chunk Type 3
Chunk ID: 6
Data left: 3149, State=6
----------------------
Available data: 3149, State=6
Data left: 3149, State=8
----------------------
Available data: 3149, State=8
Read data: 147984024, left: 67455
Finish read data: 128
Data left: 3021, State=4
----------------------
Available data: 3021, State=4
Read chunk type
Chunk Type 3
Chunk ID: 6
Data left: 3020, State=6
----------------------
Available data: 3020, State=6
Data left: 3020, State=8
----------------------
Available data: 3020, State=8
Read data: 147984024, left: 67327
Finish read data: 128
Data left: 2892, State=4
----------------------
Available data: 2892, State=4
Read chunk type
Chunk Type 3
Chunk ID: 6
Data left: 2891, State=6
----------------------
Available data: 2891, State=6
Data left: 2891, State=8
----------------------
Available data: 2891, State=8
Read data: 147984024, left: 67199
Finish read data: 128
Data left: 2763, State=4
----------------------
Available data: 2763, State=4
Read chunk type
Chunk Type 3
Chunk ID: 6
Data left: 2762, State=6
----------------------
Available data: 2762, State=6
Data left: 2762, State=8
----------------------
Available data: 2762, State=8
Read data: 147984024, left: 67071
Finish read data: 128
Data left: 2634, State=4
----------------------
Available data: 2634, State=4
Read chunk type
Chunk Type 3
Chunk ID: 6
Data left: 2633, State=6
----------------------
Available data: 2633, State=6
Data left: 2633, State=8
----------------------
Available data: 2633, State=8
Read data: 147984024, left: 66943
Finish read data: 128
Data left: 2505, State=4
----------------------
Available data: 2505, State=4
Read chunk type
Chunk Type 3
Chunk ID: 6
Data left: 2504, State=6
----------------------
Available data: 2504, State=6
Data left: 2504, State=8
----------------------
Available data: 2504, State=8
Read data: 147984024, left: 66815
Finish read data: 128
Data left: 2376, State=4
----------------------
Available data: 2376, State=4
Read chunk type
Chunk Type 3
Chunk ID: 6
Data left: 2375, State=6
----------------------
Available data: 2375, State=6
Data left: 2375, State=8
----------------------
Available data: 2375, State=8
Read data: 147984024, left: 66687
Finish read data: 128
Data left: 2247, State=4
----------------------
Available data: 2247, State=4
Read chunk type
Chunk Type 3
Chunk ID: 6
Data left: 2246, State=6
----------------------
Available data: 2246, State=6
Data left: 2246, State=8
----------------------
Available data: 2246, State=8
Read data: 147984024, left: 66559
Finish read data: 128
Data left: 2118, State=4
----------------------
Available data: 2118, State=4
Read chunk type
Chunk Type 3
Chunk ID: 6
Data left: 2117, State=6
----------------------
Available data: 2117, State=6
Data left: 2117, State=8
----------------------
Available data: 2117, State=8
Read data: 147984024, left: 66431
Finish read data: 128
Data left: 1989, State=4
----------------------
Available data: 1989, State=4
Read chunk type
Chunk Type 3
Chunk ID: 6
Data left: 1988, State=6
----------------------
Available data: 1988, State=6
Data left: 1988, State=8
----------------------
Available data: 1988, State=8
Read data: 147984024, left: 66303
Finish read data: 128
Data left: 1860, State=4
----------------------
Available data: 1860, State=4
Read chunk type
Chunk Type 3
Chunk ID: 6
Data left: 1859, State=6
----------------------
Available data: 1859, State=6
Data left: 1859, State=8
----------------------
Available data: 1859, State=8
Read data: 147984024, left: 66175
Finish read data: 128
Data left: 1731, State=4
----------------------
Available data: 1731, State=4
Read chunk type
Chunk Type 3
Chunk ID: 6
Data left: 1730, State=6
----------------------
Available data: 1730, State=6
Data left: 1730, State=8
----------------------
Available data: 1730, State=8
Read data: 147984024, left: 66047
Finish read data: 128
Data left: 1602, State=4
----------------------
Available data: 1602, State=4
Read chunk type
Chunk Type 3
Chunk ID: 6
Data left: 1601, State=6
----------------------
Available data: 1601, State=6
Data left: 1601, State=8
----------------------
Available data: 1601, State=8
Read data: 147984024, left: 65919
Finish read data: 128
Data left: 1473, State=4
----------------------
Available data: 1473, State=4
Read chunk type
Chunk Type 3
Chunk ID: 6
Data left: 1472, State=6
----------------------
Available data: 1472, State=6
Data left: 1472, State=8
----------------------
Available data: 1472, State=8
Read data: 147984024, left: 65791
Finish read data: 128
Data left: 1344, State=4
----------------------
Available data: 1344, State=4
Read chunk type
Chunk Type 3
Chunk ID: 6
Data left: 1343, State=6
----------------------
Available data: 1343, State=6
Data left: 1343, State=8
----------------------
Available data: 1343, State=8
Read data: 147984024, left: 65663
Finish read data: 128
Data left: 1215, State=4
----------------------
Available data: 1215, State=4
Read chunk type
Chunk Type 3
Chunk ID: 6
Data left: 1214, State=6
----------------------
Available data: 1214, State=6
Data left: 1214, State=8
----------------------
Available data: 1214, State=8
Read data: 147984024, left: 65535
Finish read data: 128
Data left: 1086, State=4
----------------------
Available data: 1086, State=4
Read chunk type
Chunk Type 3
Chunk ID: 6
Data left: 1085, State=6
----------------------
Available data: 1085, State=6
Data left: 1085, State=8
----------------------
Available data: 1085, State=8
Read data: 147984024, left: 65407
Finish read data: 128
Data left: 957, State=4
----------------------
Available data: 957, State=4
Read chunk type
Chunk Type 3
Chunk ID: 6
Data left: 956, State=6
----------------------
Available data: 956, State=6
Data left: 956, State=8
----------------------
Available data: 956, State=8
Read data: 147984024, left: 65279
Finish read data: 128
Data left: 828, State=4
----------------------
Available data: 828, State=4
Read chunk type
Chunk Type 3
Chunk ID: 6
Data left: 827, State=6
----------------------
Available data: 827, State=6
Data left: 827, State=8
----------------------
Available data: 827, State=8
Read data: 147984024, left: 65151
Finish read data: 128
Data left: 699, State=4
----------------------
Available data: 699, State=4
Read chunk type
Chunk Type 3
Chunk ID: 6
Data left: 698, State=6
----------------------
Available data: 698, State=6
Data left: 698, State=8
----------------------
Available data: 698, State=8
Read data: 147984024, left: 65023
Finish read data: 128
Data left: 570, State=4
----------------------
Available data: 570, State=4
Read chunk type
Chunk Type 3
Chunk ID: 6
Data left: 569, State=6
----------------------
Available data: 569, State=6
Data left: 569, State=8
----------------------
Available data: 569, State=8
Read data: 147984024, left: 64895
Finish read data: 128
Data left: 441, State=4
----------------------
Available data: 441, State=4
Read chunk type
Chunk Type 3
Chunk ID: 6
Data left: 440, State=6
----------------------
Available data: 440, State=6
Data left: 440, State=8
----------------------
Available data: 440, State=8
Read data: 147984024, left: 64767
Finish read data: 128
Data left: 312, State=4
----------------------
Available data: 312, State=4
Read chunk type
Chunk Type 3
Chunk ID: 6
Data left: 311, State=6
----------------------
Available data: 311, State=6
Data left: 311, State=8
----------------------
Available data: 311, State=8
Read data: 147984024, left: 64639
Finish read data: 128
Data left: 183, State=4
----------------------
Available data: 183, State=4
Read chunk type
Chunk Type 3
Chunk ID: 6
Data left: 182, State=6
----------------------
Available data: 182, State=6
Data left: 182, State=8
----------------------
Available data: 182, State=8
Read data: 147984024, left: 64511
Finish read data: 128
Data left: 54, State=4
----------------------
Available data: 54, State=4
Read chunk type
Chunk Type 3
Chunk ID: 6
Data left: 53, State=6
----------------------
Available data: 53, State=6
Data left: 53, State=8
----------------------
Available data: 53, State=8
Data left: 53, State=8
Receiving: 4096 8139 12288 131073
----------------------
Available data: 4149, State=8
Read data: 147984024, left: 64383
Finish read data: 128
Data left: 4021, State=4
----------------------
Available data: 4021, State=4
Read chunk type
Chunk Type 3
Chunk ID: 6
Data left: 4020, State=6
----------------------
Available data: 4020, State=6
Data left: 4020, State=8
----------------------
Available data: 4020, State=8
Read data: 147984024, left: 64255
Finish read data: 128
Data left: 3892, State=4
----------------------
Available data: 3892, State=4
Read chunk type
Chunk Type 3
Chunk ID: 6
Data left: 3891, State=6
----------------------
Available data: 3891, State=6
Data left: 3891, State=8
----------------------
Available data: 3891, State=8
Read data: 147984024, left: 64127
Finish read data: 128
Data left: 3763, State=4
----------------------
Available data: 3763, State=4
Read chunk type
Chunk Type 3
Chunk ID: 6
Data left: 3762, State=6
----------------------
Available data: 3762, State=6
Data left: 3762, State=8
----------------------
Available data: 3762, State=8
Read data: 147984024, left: 63999
Finish read data: 128
Data left: 3634, State=4
----------------------
Available data: 3634, State=4
Read chunk type
Chunk Type 3
Chunk ID: 6
Data left: 3633, State=6
----------------------
Available data: 3633, State=6
Data left: 3633, State=8
----------------------
Available data: 3633, State=8
Read data: 147984024, left: 63871
Finish read data: 128
Data left: 3505, State=4
----------------------
Available data: 3505, State=4
Read chunk type
Chunk Type 3
Chunk ID: 6
Data left: 3504, State=6
----------------------
Available data: 3504, State=6
Data left: 3504, State=8
----------------------
Available data: 3504, State=8
Read data: 147984024, left: 63743
Finish read data: 128
Data left: 3376, State=4
----------------------
Available data: 3376, State=4
Read chunk type
Chunk Type 3
Chunk ID: 6
Data left: 3375, State=6
----------------------
Available data: 3375, State=6
Data left: 3375, State=8
----------------------
Available data: 3375, State=8
Read data: 147984024, left: 63615
Finish read data: 128
Data left: 3247, State=4
----------------------
Available data: 3247, State=4
Read chunk type
Chunk Type 3
Chunk ID: 6
Data left: 3246, State=6
----------------------
Available data: 3246, State=6
Data left: 3246, State=8
----------------------
Available data: 3246, State=8
Read data: 147984024, left: 63487
Finish read data: 128
Data left: 3118, State=4
----------------------
Available data: 3118, State=4
Read chunk type
Chunk Type 3
Chunk ID: 6
Data left: 3117, State=6
----------------------
Available data: 3117, State=6
Data left: 3117, State=8
----------------------
Available data: 3117, State=8
Read data: 147984024, left: 63359
Finish read data: 128
Data left: 2989, State=4
----------------------
Available data: 2989, State=4
Read chunk type
Chunk Type 3
Chunk ID: 6
Data left: 2988, State=6
----------------------
Available data: 2988, State=6
Data left: 2988, State=8
----------------------
Available data: 2988, State=8
Read data: 147984024, left: 63231
Finish read data: 128
Data left: 2860, State=4
----------------------
Available data: 2860, State=4
Read chunk type
Chunk Type 3
Chunk ID: 6
Data left: 2859, State=6
----------------------
Available data: 2859, State=6
Data left: 2859, State=8
----------------------
Available data: 2859, State=8
Read data: 147984024, left: 63103
Finish read data: 128
Data left: 2731, State=4
----------------------
Available data: 2731, State=4
Read chunk type
Chunk Type 3
Chunk ID: 6
Data left: 2730, State=6
----------------------
Available data: 2730, State=6
Data left: 2730, State=8
----------------------
Available data: 2730, State=8
Read data: 147984024, left: 62975
Finish read data: 128
Data left: 2602, State=4
----------------------
Available data: 2602, State=4
Read chunk type
Chunk Type 3
Chunk ID: 6
Data left: 2601, State=6
----------------------
Available data: 2601, State=6
Data left: 2601, State=8
----------------------
Available data: 2601, State=8
Read data: 147984024, left: 62847
Finish read data: 128
Data left: 2473, State=4
----------------------
Available data: 2473, State=4
Read chunk type
Chunk Type 3
Chunk ID: 6
Data left: 2472, State=6
----------------------
Available data: 2472, State=6
Data left: 2472, State=8
----------------------
Available data: 2472, State=8
Read data: 147984024, left: 62719
Finish read data: 128
Data left: 2344, State=4
----------------------
Available data: 2344, State=4
Read chunk type
Chunk Type 3
Chunk ID: 6
Data left: 2343, State=6
----------------------
Available data: 2343, State=6
Data left: 2343, State=8
----------------------
Available data: 2343, State=8
Read data: 147984024, left: 62591
Finish read data: 128
Data left: 2215, State=4
----------------------
Available data: 2215, State=4
Read chunk type
Chunk Type 3
Chunk ID: 6
Data left: 2214, State=6
----------------------
Available data: 2214, State=6
Data left: 2214, State=8
----------------------
Available data: 2214, State=8
Read data: 147984024, left: 62463
Finish read data: 128
Data left: 2086, State=4
----------------------
Available data: 2086, State=4
Read chunk type
Chunk Type 3
Chunk ID: 6
Data left: 2085, State=6
----------------------
Available data: 2085, State=6
Data left: 2085, State=8
----------------------
Available data: 2085, State=8
Read data: 147984024, left: 62335
Finish read data: 128
Data left: 1957, State=4
----------------------
Available data: 1957, State=4
Read chunk type
Chunk Type 3
Chunk ID: 6
Data left: 1956, State=6
----------------------
Available data: 1956, State=6
Data left: 1956, State=8
----------------------
Available data: 1956, State=8
Read data: 147984024, left: 62207
Finish read data: 128
Data left: 1828, State=4
----------------------
Available data: 1828, State=4
Read chunk type
Chunk Type 3
Chunk ID: 6
Data left: 1827, State=6
----------------------
Available data: 1827, State=6
Data left: 1827, State=8
----------------------
Available data: 1827, State=8
Read data: 147984024, left: 62079
Finish read data: 128
Data left: 1699, State=4
----------------------
Available data: 1699, State=4
Read chunk type
Chunk Type 3
Chunk ID: 6
Data left: 1698, State=6
----------------------
Available data: 1698, State=6
Data left: 1698, State=8
----------------------
Available data: 1698, State=8
Read data: 147984024, left: 61951
Finish read data: 128
Data left: 1570, State=4
----------------------
Available data: 1570, State=4
Read chunk type
Chunk Type 3
Chunk ID: 6
Data left: 1569, State=6
----------------------
Available data: 1569, State=6
Data left: 1569, State=8
----------------------
Available data: 1569, State=8
Read data: 147984024, left: 61823
Finish read data: 128
Data left: 1441, State=4
----------------------
Available data: 1441, State=4
Read chunk type
Chunk Type 3
Chunk ID: 6
Data left: 1440, State=6
----------------------
Available data: 1440, State=6
Data left: 1440, State=8
----------------------
Available data: 1440, State=8
Read data: 147984024, left: 61695
Finish read data: 128
Data left: 1312, State=4
----------------------
Available data: 1312, State=4
Read chunk type
Chunk Type 3
Chunk ID: 6
Data left: 1311, State=6
----------------------
Available data: 1311, State=6
Data left: 1311, State=8
----------------------
Available data: 1311, State=8
Read data: 147984024, left: 61567
Finish read data: 128
Data left: 1183, State=4
----------------------
Available data: 1183, State=4
Read chunk type
Chunk Type 3
Chunk ID: 6
Data left: 1182, State=6
----------------------
Available data: 1182, State=6
Data left: 1182, State=8
----------------------
Available data: 1182, State=8
Read data: 147984024, left: 61439
Finish read data: 128
Data left: 1054, State=4
----------------------
Available data: 1054, State=4
Read chunk type
Chunk Type 3
Chunk ID: 6
Data left: 1053, State=6
----------------------
Available data: 1053, State=6
Data left: 1053, State=8
----------------------
Available data: 1053, State=8
Read data: 147984024, left: 61311
Finish read data: 128
Data left: 925, State=4
----------------------
Available data: 925, State=4
Read chunk type
Chunk Type 3
Chunk ID: 6
Data left: 924, State=6
----------------------
Available data: 924, State=6
Data left: 924, State=8
----------------------
Available data: 924, State=8
Read data: 147984024, left: 61183
Finish read data: 128
Data left: 796, State=4
----------------------
Available data: 796, State=4
Read chunk type
Chunk Type 3
Chunk ID: 6
Data left: 795, State=6
----------------------
Available data: 795, State=6
Data left: 795, State=8
----------------------
Available data: 795, State=8
Read data: 147984024, left: 61055
Finish read data: 128
Data left: 667, State=4
----------------------
Available data: 667, State=4
Read chunk type
Chunk Type 3
Chunk ID: 6
Data left: 666, State=6
----------------------
Available data: 666, State=6
Data left: 666, State=8
----------------------
Available data: 666, State=8
Read data: 147984024, left: 60927
Finish read data: 128
Data left: 538, State=4
----------------------
Available data: 538, State=4
Read chunk type
Chunk Type 3
Chunk ID: 6
Data left: 537, State=6
----------------------
Available data: 537, State=6
Data left: 537, State=8
----------------------
Available data: 537, State=8
Read data: 147984024, left: 60799
Finish read data: 128
Data left: 409, State=4
----------------------
Available data: 409, State=4
Read chunk type
Chunk Type 3
Chunk ID: 6
Data left: 408, State=6
----------------------
Available data: 408, State=6
Data left: 408, State=8
----------------------
Available data: 408, State=8
Read data: 147984024, left: 60671
Finish read data: 128
Data left: 280, State=4
----------------------
Available data: 280, State=4
Read chunk type
Chunk Type 3
Chunk ID: 6
Data left: 279, State=6
----------------------
Available data: 279, State=6
Data left: 279, State=8
----------------------
Available data: 279, State=8
Read data: 147984024, left: 60543
Finish read data: 128
Data left: 151, State=4
----------------------
Available data: 151, State=4
Read chunk type
Chunk Type 3
Chunk ID: 6
Data left: 150, State=6
----------------------
Available data: 150, State=6
Data left: 150, State=8
----------------------
Available data: 150, State=8
Read data: 147984024, left: 60415
Finish read data: 128
Data left: 22, State=4
----------------------
Available data: 22, State=4
Read chunk type
Chunk Type 3
Chunk ID: 6
Data left: 21, State=6
----------------------
Available data: 21, State=6
Data left: 21, State=8
----------------------
Available data: 21, State=8
Data left: 21, State=8
Receiving: 1268 12267 13556 131073
----------------------
Available data: 1289, State=8
Read data: 147984024, left: 60287
Finish read data: 128
Data left: 1161, State=4
----------------------
Available data: 1161, State=4
Read chunk type
Chunk Type 3
Chunk ID: 6
Data left: 1160, State=6
----------------------
Available data: 1160, State=6
Data left: 1160, State=8
----------------------
Available data: 1160, State=8
Read data: 147984024, left: 60159
Finish read data: 128
Data left: 1032, State=4
----------------------
Available data: 1032, State=4
Read chunk type
Chunk Type 3
Chunk ID: 6
Data left: 1031, State=6
----------------------
Available data: 1031, State=6
Data left: 1031, State=8
----------------------
Available data: 1031, State=8
Read data: 147984024, left: 60031
Finish read data: 128
Data left: 903, State=4
----------------------
Available data: 903, State=4
Read chunk type
Chunk Type 3
Chunk ID: 6
Data left: 902, State=6
----------------------
Available data: 902, State=6
Data left: 902, State=8
----------------------
Available data: 902, State=8
Read data: 147984024, left: 59903
Finish read data: 128
Data left: 774, State=4
----------------------
Available data: 774, State=4
Read chunk type
Chunk Type 3
Chunk ID: 6
Data left: 773, State=6
----------------------
Available data: 773, State=6
Data left: 773, State=8
----------------------
Available data: 773, State=8
Read data: 147984024, left: 59775
Finish read data: 128
Data left: 645, State=4
----------------------
Available data: 645, State=4
Read chunk type
Chunk Type 3
Chunk ID: 6
Data left: 644, State=6
----------------------
Available data: 644, State=6
Data left: 644, State=8
----------------------
Available data: 644, State=8
Read data: 147984024, left: 59647
Finish read data: 128
Data left: 516, State=4
----------------------
Available data: 516, State=4
Read chunk type
Chunk Type 3
Chunk ID: 6
Data left: 515, State=6
----------------------
Available data: 515, State=6
Data left: 515, State=8
----------------------
Available data: 515, State=8
Read data: 147984024, left: 59519
Finish read data: 128
Data left: 387, State=4
----------------------
Available data: 387, State=4
Read chunk type
Chunk Type 3
Chunk ID: 6
Data left: 386, State=6
----------------------
Available data: 386, State=6
Data left: 386, State=8
----------------------
Available data: 386, State=8
Read data: 147984024, left: 59391
Finish read data: 128
Data left: 258, State=4
----------------------
Available data: 258, State=4
Read chunk type
Chunk Type 3
Chunk ID: 6
Data left: 257, State=6
----------------------
Available data: 257, State=6
Data left: 257, State=8
----------------------
Available data: 257, State=8
Read data: 147984024, left: 59263
Finish read data: 128
Data left: 129, State=4
----------------------
Available data: 129, State=4
Read chunk type
Chunk Type 3
Chunk ID: 6
Data left: 128, State=6
----------------------
Available data: 128, State=6
Data left: 128, State=8
----------------------
Available data: 128, State=8
Read data: 147984024, left: 59135
Finish read data: 128
Data left: 0, State=4
Receiving: 4096 0 4096 131073
----------------------
Available data: 4096, State=4
Read chunk type
Chunk Type 3
Chunk ID: 6
Data left: 4095, State=6
----------------------
Available data: 4095, State=6
Data left: 4095, State=8
----------------------
Available data: 4095, State=8
Read data: 147984024, left: 59007
Finish read data: 128
Data left: 3967, State=4
----------------------
Available data: 3967, State=4
Read chunk type
Chunk Type 3
Chunk ID: 6
Data left: 3966, State=6
----------------------
Available data: 3966, State=6
Data left: 3966, State=8
----------------------
Available data: 3966, State=8
Read data: 147984024, left: 58879
Finish read data: 128
Data left: 3838, State=4
----------------------
Available data: 3838, State=4
Read chunk type
Chunk Type 3
Chunk ID: 6
Data left: 3837, State=6
----------------------
Available data: 3837, State=6
Data left: 3837, State=8
----------------------
Available data: 3837, State=8
Read data: 147984024, left: 58751
Finish read data: 128
Data left: 3709, State=4
----------------------
Available data: 3709, State=4
Read chunk type
Chunk Type 3
Chunk ID: 6
Data left: 3708, State=6
----------------------
Available data: 3708, State=6
Data left: 3708, State=8
----------------------
Available data: 3708, State=8
Read data: 147984024, left: 58623
Finish read data: 128
Data left: 3580, State=4
----------------------
Available data: 3580, State=4
Read chunk type
Chunk Type 3
Chunk ID: 6
Data left: 3579, State=6
----------------------
Available data: 3579, State=6
Data left: 3579, State=8
----------------------
Available data: 3579, State=8
Read data: 147984024, left: 58495
Finish read data: 128
Data left: 3451, State=4
----------------------
Available data: 3451, State=4
Read chunk type
Chunk Type 3
Chunk ID: 6
Data left: 3450, State=6
----------------------
Available data: 3450, State=6
Data left: 3450, State=8
----------------------
Available data: 3450, State=8
Read data: 147984024, left: 58367
Finish read data: 128
Data left: 3322, State=4
----------------------
Available data: 3322, State=4
Read chunk type
Chunk Type 3
Chunk ID: 6
Data left: 3321, State=6
----------------------
Available data: 3321, State=6
Data left: 3321, State=8
----------------------
Available data: 3321, State=8
Read data: 147984024, left: 58239
Finish read data: 128
Data left: 3193, State=4
----------------------
Available data: 3193, State=4
Read chunk type
Chunk Type 3
Chunk ID: 6
Data left: 3192, State=6
----------------------
Available data: 3192, State=6
Data left: 3192, State=8
----------------------
Available data: 3192, State=8
Read data: 147984024, left: 58111
Finish read data: 128
Data left: 3064, State=4
----------------------
Available data: 3064, State=4
Read chunk type
Chunk Type 3
Chunk ID: 6
Data left: 3063, State=6
----------------------
Available data: 3063, State=6
Data left: 3063, State=8
----------------------
Available data: 3063, State=8
Read data: 147984024, left: 57983
Finish read data: 128
Data left: 2935, State=4
----------------------
Available data: 2935, State=4
Read chunk type
Chunk Type 3
Chunk ID: 6
Data left: 2934, State=6
----------------------
Available data: 2934, State=6
Data left: 2934, State=8
----------------------
Available data: 2934, State=8
Read data: 147984024, left: 57855
Finish read data: 128
Data left: 2806, State=4
----------------------
Available data: 2806, State=4
Read chunk type
Chunk Type 3
Chunk ID: 6
Data left: 2805, State=6
----------------------
Available data: 2805, State=6
Data left: 2805, State=8
----------------------
Available data: 2805, State=8
Read data: 147984024, left: 57727
Finish read data: 128
Data left: 2677, State=4
----------------------
Available data: 2677, State=4
Read chunk type
Chunk Type 3
Chunk ID: 6
Data left: 2676, State=6
----------------------
Available data: 2676, State=6
Data left: 2676, State=8
----------------------
Available data: 2676, State=8
Read data: 147984024, left: 57599
Finish read data: 128
Data left: 2548, State=4
----------------------
Available data: 2548, State=4
Read chunk type
Chunk Type 3
Chunk ID: 6
Data left: 2547, State=6
----------------------
Available data: 2547, State=6
Data left: 2547, State=8
----------------------
Available data: 2547, State=8
Read data: 147984024, left: 57471
Finish read data: 128
Data left: 2419, State=4
----------------------
Available data: 2419, State=4
Read chunk type
Chunk Type 3
Chunk ID: 6
Data left: 2418, State=6
----------------------
Available data: 2418, State=6
Data left: 2418, State=8
----------------------
Available data: 2418, State=8
Read data: 147984024, left: 57343
Finish read data: 128
Data left: 2290, State=4
----------------------
Available data: 2290, State=4
Read chunk type
Chunk Type 3
Chunk ID: 6
Data left: 2289, State=6
----------------------
Available data: 2289, State=6
Data left: 2289, State=8
----------------------
Available data: 2289, State=8
Read data: 147984024, left: 57215
Finish read data: 128
Data left: 2161, State=4
----------------------
Available data: 2161, State=4
Read chunk type
Chunk Type 3
Chunk ID: 6
Data left: 2160, State=6
----------------------
Available data: 2160, State=6
Data left: 2160, State=8
----------------------
Available data: 2160, State=8
Read data: 147984024, left: 57087
Finish read data: 128
Data left: 2032, State=4
----------------------
Available data: 2032, State=4
Read chunk type
Chunk Type 3
Chunk ID: 6
Data left: 2031, State=6
----------------------
Available data: 2031, State=6
Data left: 2031, State=8
----------------------
Available data: 2031, State=8
Read data: 147984024, left: 56959
Finish read data: 128
Data left: 1903, State=4
----------------------
Available data: 1903, State=4
Read chunk type
Chunk Type 3
Chunk ID: 6
Data left: 1902, State=6
----------------------
Available data: 1902, State=6
Data left: 1902, State=8
----------------------
Available data: 1902, State=8
Read data: 147984024, left: 56831
Finish read data: 128
Data left: 1774, State=4
----------------------
Available data: 1774, State=4
Read chunk type
Chunk Type 3
Chunk ID: 6
Data left: 1773, State=6
----------------------
Available data: 1773, State=6
Data left: 1773, State=8
----------------------
Available data: 1773, State=8
Read data: 147984024, left: 56703
Finish read data: 128
Data left: 1645, State=4
----------------------
Available data: 1645, State=4
Read chunk type
Chunk Type 3
Chunk ID: 6
Data left: 1644, State=6
----------------------
Available data: 1644, State=6
Data left: 1644, State=8
----------------------
Available data: 1644, State=8
Read data: 147984024, left: 56575
Finish read data: 128
Data left: 1516, State=4
----------------------
Available data: 1516, State=4
Read chunk type
Chunk Type 3
Chunk ID: 6
Data left: 1515, State=6
----------------------
Available data: 1515, State=6
Data left: 1515, State=8
----------------------
Available data: 1515, State=8
Read data: 147984024, left: 56447
Finish read data: 128
Data left: 1387, State=4
----------------------
Available data: 1387, State=4
Read chunk type
Chunk Type 3
Chunk ID: 6
Data left: 1386, State=6
----------------------
Available data: 1386, State=6
Data left: 1386, State=8
----------------------
Available data: 1386, State=8
Read data: 147984024, left: 56319
Finish read data: 128
Data left: 1258, State=4
----------------------
Available data: 1258, State=4
Read chunk type
Chunk Type 3
Chunk ID: 6
Data left: 1257, State=6
----------------------
Available data: 1257, State=6
Data left: 1257, State=8
----------------------
Available data: 1257, State=8
Read data: 147984024, left: 56191
Finish read data: 128
Data left: 1129, State=4
----------------------
Available data: 1129, State=4
Read chunk type
Chunk Type 3
Chunk ID: 6
Data left: 1128, State=6
----------------------
Available data: 1128, State=6
Data left: 1128, State=8
----------------------
Available data: 1128, State=8
Read data: 147984024, left: 56063
Finish read data: 128
Data left: 1000, State=4
----------------------
Available data: 1000, State=4
Read chunk type
Chunk Type 3
Chunk ID: 6
Data left: 999, State=6
----------------------
Available data: 999, State=6
Data left: 999, State=8
----------------------
Available data: 999, State=8
Read data: 147984024, left: 55935
Finish read data: 128
Data left: 871, State=4
----------------------
Available data: 871, State=4
Read chunk type
Chunk Type 3
Chunk ID: 6
Data left: 870, State=6
----------------------
Available data: 870, State=6
Data left: 870, State=8
----------------------
Available data: 870, State=8
Read data: 147984024, left: 55807
Finish read data: 128
Data left: 742, State=4
----------------------
Available data: 742, State=4
Read chunk type
Chunk Type 3
Chunk ID: 6
Data left: 741, State=6
----------------------
Available data: 741, State=6
Data left: 741, State=8
----------------------
Available data: 741, State=8
Read data: 147984024, left: 55679
Finish read data: 128
Data left: 613, State=4
----------------------
Available data: 613, State=4
Read chunk type
Chunk Type 3
Chunk ID: 6
Data left: 612, State=6
----------------------
Available data: 612, State=6
Data left: 612, State=8
----------------------
Available data: 612, State=8
Read data: 147984024, left: 55551
Finish read data: 128
Data left: 484, State=4
----------------------
Available data: 484, State=4
Read chunk type
Chunk Type 3
Chunk ID: 6
Data left: 483, State=6
----------------------
Available data: 483, State=6
Data left: 483, State=8
----------------------
Available data: 483, State=8
Read data: 147984024, left: 55423
Finish read data: 128
Data left: 355, State=4
----------------------
Available data: 355, State=4
Read chunk type
Chunk Type 3
Chunk ID: 6
Data left: 354, State=6
----------------------
Available data: 354, State=6
Data left: 354, State=8
----------------------
Available data: 354, State=8
Read data: 147984024, left: 55295
Finish read data: 128
Data left: 226, State=4
----------------------
Available data: 226, State=4
Read chunk type
Chunk Type 3
Chunk ID: 6
Data left: 225, State=6
----------------------
Available data: 225, State=6
Data left: 225, State=8
----------------------
Available data: 225, State=8
Read data: 147984024, left: 55167
Finish read data: 128
Data left: 97, State=4
----------------------
Available data: 97, State=4
Read chunk type
Chunk Type 3
Chunk ID: 6
Data left: 96, State=6
----------------------
Available data: 96, State=6
Data left: 96, State=8
----------------------
Available data: 96, State=8
Data left: 96, State=8
Receiving: 4096 4000 8192 131073
----------------------
Available data: 4192, State=8
Read data: 147984024, left: 55039
Finish read data: 128
Data left: 4064, State=4
----------------------
Available data: 4064, State=4
Read chunk type
Chunk Type 3
Chunk ID: 6
Data left: 4063, State=6
----------------------
Available data: 4063, State=6
Data left: 4063, State=8
----------------------
Available data: 4063, State=8
Read data: 147984024, left: 54911
Finish read data: 128
Data left: 3935, State=4
----------------------
Available data: 3935, State=4
Read chunk type
Chunk Type 3
Chunk ID: 6
Data left: 3934, State=6
----------------------
Available data: 3934, State=6
Data left: 3934, State=8
----------------------
Available data: 3934, State=8
Read data: 147984024, left: 54783
Finish read data: 128
Data left: 3806, State=4
----------------------
Available data: 3806, State=4
Read chunk type
Chunk Type 3
Chunk ID: 6
Data left: 3805, State=6
----------------------
Available data: 3805, State=6
Data left: 3805, State=8
----------------------
Available data: 3805, State=8
Read data: 147984024, left: 54655
Finish read data: 128
Data left: 3677, State=4
----------------------
Available data: 3677, State=4
Read chunk type
Chunk Type 3
Chunk ID: 6
Data left: 3676, State=6
----------------------
Available data: 3676, State=6
Data left: 3676, State=8
----------------------
Available data: 3676, State=8
Read data: 147984024, left: 54527
Finish read data: 128
Data left: 3548, State=4
----------------------
Available data: 3548, State=4
Read chunk type
Chunk Type 3
Chunk ID: 6
Data left: 3547, State=6
----------------------
Available data: 3547, State=6
Data left: 3547, State=8
----------------------
Available data: 3547, State=8
Read data: 147984024, left: 54399
Finish read data: 128
Data left: 3419, State=4
----------------------
Available data: 3419, State=4
Read chunk type
Chunk Type 3
Chunk ID: 6
Data left: 3418, State=6
----------------------
Available data: 3418, State=6
Data left: 3418, State=8
----------------------
Available data: 3418, State=8
Read data: 147984024, left: 54271
Finish read data: 128
Data left: 3290, State=4
----------------------
Available data: 3290, State=4
Read chunk type
Chunk Type 3
Chunk ID: 6
Data left: 3289, State=6
----------------------
Available data: 3289, State=6
Data left: 3289, State=8
----------------------
Available data: 3289, State=8
Read data: 147984024, left: 54143
Finish read data: 128
Data left: 3161, State=4
----------------------
Available data: 3161, State=4
Read chunk type
Chunk Type 3
Chunk ID: 6
Data left: 3160, State=6
----------------------
Available data: 3160, State=6
Data left: 3160, State=8
----------------------
Available data: 3160, State=8
Read data: 147984024, left: 54015
Finish read data: 128
Data left: 3032, State=4
----------------------
Available data: 3032, State=4
Read chunk type
Chunk Type 3
Chunk ID: 6
Data left: 3031, State=6
----------------------
Available data: 3031, State=6
Data left: 3031, State=8
----------------------
Available data: 3031, State=8
Read data: 147984024, left: 53887
Finish read data: 128
Data left: 2903, State=4
----------------------
Available data: 2903, State=4
Read chunk type
Chunk Type 3
Chunk ID: 6
Data left: 2902, State=6
----------------------
Available data: 2902, State=6
Data left: 2902, State=8
----------------------
Available data: 2902, State=8
Read data: 147984024, left: 53759
Finish read data: 128
Data left: 2774, State=4
----------------------
Available data: 2774, State=4
Read chunk type
Chunk Type 3
Chunk ID: 6
Data left: 2773, State=6
----------------------
Available data: 2773, State=6
Data left: 2773, State=8
----------------------
Available data: 2773, State=8
Read data: 147984024, left: 53631
Finish read data: 128
Data left: 2645, State=4
----------------------
Available data: 2645, State=4
Read chunk type
Chunk Type 3
Chunk ID: 6
Data left: 2644, State=6
----------------------
Available data: 2644, State=6
Data left: 2644, State=8
----------------------
Available data: 2644, State=8
Read data: 147984024, left: 53503
Finish read data: 128
Data left: 2516, State=4
----------------------
Available data: 2516, State=4
Read chunk type
Chunk Type 3
Chunk ID: 6
Data left: 2515, State=6
----------------------
Available data: 2515, State=6
Data left: 2515, State=8
----------------------
Available data: 2515, State=8
Read data: 147984024, left: 53375
Finish read data: 128
Data left: 2387, State=4
----------------------
Available data: 2387, State=4
Read chunk type
Chunk Type 3
Chunk ID: 6
Data left: 2386, State=6
----------------------
Available data: 2386, State=6
Data left: 2386, State=8
----------------------
Available data: 2386, State=8
Read data: 147984024, left: 53247
Finish read data: 128
Data left: 2258, State=4
----------------------
Available data: 2258, State=4
Read chunk type
Chunk Type 3
Chunk ID: 6
Data left: 2257, State=6
----------------------
Available data: 2257, State=6
Data left: 2257, State=8
----------------------
Available data: 2257, State=8
Read data: 147984024, left: 53119
Finish read data: 128
Data left: 2129, State=4
----------------------
Available data: 2129, State=4
Read chunk type
Chunk Type 3
Chunk ID: 6
Data left: 2128, State=6
----------------------
Available data: 2128, State=6
Data left: 2128, State=8
----------------------
Available data: 2128, State=8
Read data: 147984024, left: 52991
Finish read data: 128
Data left: 2000, State=4
----------------------
Available data: 2000, State=4
Read chunk type
Chunk Type 3
Chunk ID: 6
Data left: 1999, State=6
----------------------
Available data: 1999, State=6
Data left: 1999, State=8
----------------------
Available data: 1999, State=8
Read data: 147984024, left: 52863
Finish read data: 128
Data left: 1871, State=4
----------------------
Available data: 1871, State=4
Read chunk type
Chunk Type 3
Chunk ID: 6
Data left: 1870, State=6
----------------------
Available data: 1870, State=6
Data left: 1870, State=8
----------------------
Available data: 1870, State=8
Read data: 147984024, left: 52735
Finish read data: 128
Data left: 1742, State=4
----------------------
Available data: 1742, State=4
Read chunk type
Chunk Type 3
Chunk ID: 6
Data left: 1741, State=6
----------------------
Available data: 1741, State=6
Data left: 1741, State=8
----------------------
Available data: 1741, State=8
Read data: 147984024, left: 52607
Finish read data: 128
Data left: 1613, State=4
----------------------
Available data: 1613, State=4
Read chunk type
Chunk Type 3
Chunk ID: 6
Data left: 1612, State=6
----------------------
Available data: 1612, State=6
Data left: 1612, State=8
----------------------
Available data: 1612, State=8
Read data: 147984024, left: 52479
Finish read data: 128
Data left: 1484, State=4
----------------------
Available data: 1484, State=4
Read chunk type
Chunk Type 3
Chunk ID: 6
Data left: 1483, State=6
----------------------
Available data: 1483, State=6
Data left: 1483, State=8
----------------------
Available data: 1483, State=8
Read data: 147984024, left: 52351
Finish read data: 128
Data left: 1355, State=4
----------------------
Available data: 1355, State=4
Read chunk type
Chunk Type 3
Chunk ID: 6
Data left: 1354, State=6
----------------------
Available data: 1354, State=6
Data left: 1354, State=8
----------------------
Available data: 1354, State=8
Read data: 147984024, left: 52223
Finish read data: 128
Data left: 1226, State=4
----------------------
Available data: 1226, State=4
Read chunk type
Chunk Type 3
Chunk ID: 6
Data left: 1225, State=6
----------------------
Available data: 1225, State=6
Data left: 1225, State=8
----------------------
Available data: 1225, State=8
Read data: 147984024, left: 52095
Finish read data: 128
Data left: 1097, State=4
----------------------
Available data: 1097, State=4
Read chunk type
Chunk Type 3
Chunk ID: 6
Data left: 1096, State=6
----------------------
Available data: 1096, State=6
Data left: 1096, State=8
----------------------
Available data: 1096, State=8
Read data: 147984024, left: 51967
Finish read data: 128
Data left: 968, State=4
----------------------
Available data: 968, State=4
Read chunk type
Chunk Type 3
Chunk ID: 6
Data left: 967, State=6
----------------------
Available data: 967, State=6
Data left: 967, State=8
----------------------
Available data: 967, State=8
Read data: 147984024, left: 51839
Finish read data: 128
Data left: 839, State=4
----------------------
Available data: 839, State=4
Read chunk type
Chunk Type 3
Chunk ID: 6
Data left: 838, State=6
----------------------
Available data: 838, State=6
Data left: 838, State=8
----------------------
Available data: 838, State=8
Read data: 147984024, left: 51711
Finish read data: 128
Data left: 710, State=4
----------------------
Available data: 710, State=4
Read chunk type
Chunk Type 3
Chunk ID: 6
Data left: 709, State=6
----------------------
Available data: 709, State=6
Data left: 709, State=8
----------------------
Available data: 709, State=8
Read data: 147984024, left: 51583
Finish read data: 128
Data left: 581, State=4
----------------------
Available data: 581, State=4
Read chunk type
Chunk Type 3
Chunk ID: 6
Data left: 580, State=6
----------------------
Available data: 580, State=6
Data left: 580, State=8
----------------------
Available data: 580, State=8
Read data: 147984024, left: 51455
Finish read data: 128
Data left: 452, State=4
----------------------
Available data: 452, State=4
Read chunk type
Chunk Type 3
Chunk ID: 6
Data left: 451, State=6
----------------------
Available data: 451, State=6
Data left: 451, State=8
----------------------
Available data: 451, State=8
Read data: 147984024, left: 51327
Finish read data: 128
Data left: 323, State=4
----------------------
Available data: 323, State=4
Read chunk type
Chunk Type 3
Chunk ID: 6
Data left: 322, State=6
----------------------
Available data: 322, State=6
Data left: 322, State=8
----------------------
Available data: 322, State=8
Read data: 147984024, left: 51199
Finish read data: 128
Data left: 194, State=4
----------------------
Available data: 194, State=4
Read chunk type
Chunk Type 3
Chunk ID: 6
Data left: 193, State=6
----------------------
Available data: 193, State=6
Data left: 193, State=8
----------------------
Available data: 193, State=8
Read data: 147984024, left: 51071
Finish read data: 128
Data left: 65, State=4
----------------------
Available data: 65, State=4
Read chunk type
Chunk Type 3
Chunk ID: 6
Data left: 64, State=6
----------------------
Available data: 64, State=6
Data left: 64, State=8
----------------------
Available data: 64, State=8
Data left: 64, State=8
Receiving: 322 8128 8514 131073
----------------------
Available data: 386, State=8
Read data: 147984024, left: 50943
Finish read data: 128
Data left: 258, State=4
----------------------
Available data: 258, State=4
Read chunk type
Chunk Type 3
Chunk ID: 6
Data left: 257, State=6
----------------------
Available data: 257, State=6
Data left: 257, State=8
----------------------
Available data: 257, State=8
Read data: 147984024, left: 50815
Finish read data: 128
Data left: 129, State=4
----------------------
Available data: 129, State=4
Read chunk type
Chunk Type 3
Chunk ID: 6
Data left: 128, State=6
----------------------
Available data: 128, State=6
Data left: 128, State=8
----------------------
Available data: 128, State=8
Read data: 147984024, left: 50687
Finish read data: 128
Data left: 0, State=4
Receiving: 4096 0 4096 131073
----------------------
Available data: 4096, State=4
Read chunk type
Chunk Type 3
Chunk ID: 6
Data left: 4095, State=6
----------------------
Available data: 4095, State=6
Data left: 4095, State=8
----------------------
Available data: 4095, State=8
Read data: 147984024, left: 50559
Finish read data: 128
Data left: 3967, State=4
----------------------
Available data: 3967, State=4
Read chunk type
Chunk Type 3
Chunk ID: 6
Data left: 3966, State=6
----------------------
Available data: 3966, State=6
Data left: 3966, State=8
----------------------
Available data: 3966, State=8
Read data: 147984024, left: 50431
Finish read data: 128
Data left: 3838, State=4
----------------------
Available data: 3838, State=4
Read chunk type
Chunk Type 3
Chunk ID: 6
Data left: 3837, State=6
----------------------
Available data: 3837, State=6
Data left: 3837, State=8
----------------------
Available data: 3837, State=8
Read data: 147984024, left: 50303
Finish read data: 128
Data left: 3709, State=4
----------------------
Available data: 3709, State=4
Read chunk type
Chunk Type 3
Chunk ID: 6
Data left: 3708, State=6
----------------------
Available data: 3708, State=6
Data left: 3708, State=8
----------------------
Available data: 3708, State=8
Read data: 147984024, left: 50175
Finish read data: 128
Data left: 3580, State=4
----------------------
Available data: 3580, State=4
Read chunk type
Chunk Type 3
Chunk ID: 6
Data left: 3579, State=6
----------------------
Available data: 3579, State=6
Data left: 3579, State=8
----------------------
Available data: 3579, State=8
Read data: 147984024, left: 50047
Finish read data: 128
Data left: 3451, State=4
----------------------
Available data: 3451, State=4
Read chunk type
Chunk Type 3
Chunk ID: 6
Data left: 3450, State=6
----------------------
Available data: 3450, State=6
Data left: 3450, State=8
----------------------
Available data: 3450, State=8
Read data: 147984024, left: 49919
Finish read data: 128
Data left: 3322, State=4
----------------------
Available data: 3322, State=4
Read chunk type
Chunk Type 3
Chunk ID: 6
Data left: 3321, State=6
----------------------
Available data: 3321, State=6
Data left: 3321, State=8
----------------------
Available data: 3321, State=8
Read data: 147984024, left: 49791
Finish read data: 128
Data left: 3193, State=4
----------------------
Available data: 3193, State=4
Read chunk type
Chunk Type 3
Chunk ID: 6
Data left: 3192, State=6
----------------------
Available data: 3192, State=6
Data left: 3192, State=8
----------------------
Available data: 3192, State=8
Read data: 147984024, left: 49663
Finish read data: 128
Data left: 3064, State=4
----------------------
Available data: 3064, State=4
Read chunk type
Chunk Type 3
Chunk ID: 6
Data left: 3063, State=6
----------------------
Available data: 3063, State=6
Data left: 3063, State=8
----------------------
Available data: 3063, State=8
Read data: 147984024, left: 49535
Finish read data: 128
Data left: 2935, State=4
----------------------
Available data: 2935, State=4
Read chunk type
Chunk Type 3
Chunk ID: 6
Data left: 2934, State=6
----------------------
Available data: 2934, State=6
Data left: 2934, State=8
----------------------
Available data: 2934, State=8
Read data: 147984024, left: 49407
Finish read data: 128
Data left: 2806, State=4
----------------------
Available data: 2806, State=4
Read chunk type
Chunk Type 3
Chunk ID: 6
Data left: 2805, State=6
----------------------
Available data: 2805, State=6
Data left: 2805, State=8
----------------------
Available data: 2805, State=8
Read data: 147984024, left: 49279
Finish read data: 128
Data left: 2677, State=4
----------------------
Available data: 2677, State=4
Read chunk type
Chunk Type 3
Chunk ID: 6
Data left: 2676, State=6
----------------------
Available data: 2676, State=6
Data left: 2676, State=8
----------------------
Available data: 2676, State=8
Read data: 147984024, left: 49151
Finish read data: 128
Data left: 2548, State=4
----------------------
Available data: 2548, State=4
Read chunk type
Chunk Type 3
Chunk ID: 6
Data left: 2547, State=6
----------------------
Available data: 2547, State=6
Data left: 2547, State=8
----------------------
Available data: 2547, State=8
Read data: 147984024, left: 49023
Finish read data: 128
Data left: 2419, State=4
----------------------
Available data: 2419, State=4
Read chunk type
Chunk Type 3
Chunk ID: 6
Data left: 2418, State=6
----------------------
Available data: 2418, State=6
Data left: 2418, State=8
----------------------
Available data: 2418, State=8
Read data: 147984024, left: 48895
Finish read data: 128
Data left: 2290, State=4
----------------------
Available data: 2290, State=4
Read chunk type
Chunk Type 3
Chunk ID: 6
Data left: 2289, State=6
----------------------
Available data: 2289, State=6
Data left: 2289, State=8
----------------------
Available data: 2289, State=8
Read data: 147984024, left: 48767
Finish read data: 128
Data left: 2161, State=4
----------------------
Available data: 2161, State=4
Read chunk type
Chunk Type 3
Chunk ID: 6
Data left: 2160, State=6
----------------------
Available data: 2160, State=6
Data left: 2160, State=8
----------------------
Available data: 2160, State=8
Read data: 147984024, left: 48639
Finish read data: 128
Data left: 2032, State=4
----------------------
Available data: 2032, State=4
Read chunk type
Chunk Type 3
Chunk ID: 6
Data left: 2031, State=6
----------------------
Available data: 2031, State=6
Data left: 2031, State=8
----------------------
Available data: 2031, State=8
Read data: 147984024, left: 48511
Finish read data: 128
Data left: 1903, State=4
----------------------
Available data: 1903, State=4
Read chunk type
Chunk Type 3
Chunk ID: 6
Data left: 1902, State=6
----------------------
Available data: 1902, State=6
Data left: 1902, State=8
----------------------
Available data: 1902, State=8
Read data: 147984024, left: 48383
Finish read data: 128
Data left: 1774, State=4
----------------------
Available data: 1774, State=4
Read chunk type
Chunk Type 3
Chunk ID: 6
Data left: 1773, State=6
----------------------
Available data: 1773, State=6
Data left: 1773, State=8
----------------------
Available data: 1773, State=8
Read data: 147984024, left: 48255
Finish read data: 128
Data left: 1645, State=4
----------------------
Available data: 1645, State=4
Read chunk type
Chunk Type 3
Chunk ID: 6
Data left: 1644, State=6
----------------------
Available data: 1644, State=6
Data left: 1644, State=8
----------------------
Available data: 1644, State=8
Read data: 147984024, left: 48127
Finish read data: 128
Data left: 1516, State=4
----------------------
Available data: 1516, State=4
Read chunk type
Chunk Type 3
Chunk ID: 6
Data left: 1515, State=6
----------------------
Available data: 1515, State=6
Data left: 1515, State=8
----------------------
Available data: 1515, State=8
Read data: 147984024, left: 47999
Finish read data: 128
Data left: 1387, State=4
----------------------
Available data: 1387, State=4
Read chunk type
Chunk Type 3
Chunk ID: 6
Data left: 1386, State=6
----------------------
Available data: 1386, State=6
Data left: 1386, State=8
----------------------
Available data: 1386, State=8
Read data: 147984024, left: 47871
Finish read data: 128
Data left: 1258, State=4
----------------------
Available data: 1258, State=4
Read chunk type
Chunk Type 3
Chunk ID: 6
Data left: 1257, State=6
----------------------
Available data: 1257, State=6
Data left: 1257, State=8
----------------------
Available data: 1257, State=8
Read data: 147984024, left: 47743
Finish read data: 128
Data left: 1129, State=4
----------------------
Available data: 1129, State=4
Read chunk type
Chunk Type 3
Chunk ID: 6
Data left: 1128, State=6
----------------------
Available data: 1128, State=6
Data left: 1128, State=8
----------------------
Available data: 1128, State=8
Read data: 147984024, left: 47615
Finish read data: 128
Data left: 1000, State=4
----------------------
Available data: 1000, State=4
Read chunk type
Chunk Type 3
Chunk ID: 6
Data left: 999, State=6
----------------------
Available data: 999, State=6
Data left: 999, State=8
----------------------
Available data: 999, State=8
Read data: 147984024, left: 47487
Finish read data: 128
Data left: 871, State=4
----------------------
Available data: 871, State=4
Read chunk type
Chunk Type 3
Chunk ID: 6
Data left: 870, State=6
----------------------
Available data: 870, State=6
Data left: 870, State=8
----------------------
Available data: 870, State=8
Read data: 147984024, left: 47359
Finish read data: 128
Data left: 742, State=4
----------------------
Available data: 742, State=4
Read chunk type
Chunk Type 3
Chunk ID: 6
Data left: 741, State=6
----------------------
Available data: 741, State=6
Data left: 741, State=8
----------------------
Available data: 741, State=8
Read data: 147984024, left: 47231
Finish read data: 128
Data left: 613, State=4
----------------------
Available data: 613, State=4
Read chunk type
Chunk Type 3
Chunk ID: 6
Data left: 612, State=6
----------------------
Available data: 612, State=6
Data left: 612, State=8
----------------------
Available data: 612, State=8
Read data: 147984024, left: 47103
Finish read data: 128
Data left: 484, State=4
----------------------
Available data: 484, State=4
Read chunk type
Chunk Type 3
Chunk ID: 6
Data left: 483, State=6
----------------------
Available data: 483, State=6
Data left: 483, State=8
----------------------
Available data: 483, State=8
Read data: 147984024, left: 46975
Finish read data: 128
Data left: 355, State=4
----------------------
Available data: 355, State=4
Read chunk type
Chunk Type 3
Chunk ID: 6
Data left: 354, State=6
----------------------
Available data: 354, State=6
Data left: 354, State=8
----------------------
Available data: 354, State=8
Read data: 147984024, left: 46847
Finish read data: 128
Data left: 226, State=4
----------------------
Available data: 226, State=4
Read chunk type
Chunk Type 3
Chunk ID: 6
Data left: 225, State=6
----------------------
Available data: 225, State=6
Data left: 225, State=8
----------------------
Available data: 225, State=8
Read data: 147984024, left: 46719
Finish read data: 128
Data left: 97, State=4
----------------------
Available data: 97, State=4
Read chunk type
Chunk Type 3
Chunk ID: 6
Data left: 96, State=6
----------------------
Available data: 96, State=6
Data left: 96, State=8
----------------------
Available data: 96, State=8
Data left: 96, State=8
Receiving: 290 4000 4386 131073
----------------------
Available data: 386, State=8
Read data: 147984024, left: 46591
Finish read data: 128
Data left: 258, State=4
----------------------
Available data: 258, State=4
Read chunk type
Chunk Type 3
Chunk ID: 6
Data left: 257, State=6
----------------------
Available data: 257, State=6
Data left: 257, State=8
----------------------
Available data: 257, State=8
Read data: 147984024, left: 46463
Finish read data: 128
Data left: 129, State=4
----------------------
Available data: 129, State=4
Read chunk type
Chunk Type 3
Chunk ID: 6
Data left: 128, State=6
----------------------
Available data: 128, State=6
Data left: 128, State=8
----------------------
Available data: 128, State=8
Read data: 147984024, left: 46335
Finish read data: 128
Data left: 0, State=4
Receiving: 4096 0 4096 131073
----------------------
Available data: 4096, State=4
Read chunk type
Chunk Type 3
Chunk ID: 6
Data left: 4095, State=6
----------------------
Available data: 4095, State=6
Data left: 4095, State=8
----------------------
Available data: 4095, State=8
Read data: 147984024, left: 46207
Finish read data: 128
Data left: 3967, State=4
----------------------
Available data: 3967, State=4
Read chunk type
Chunk Type 3
Chunk ID: 6
Data left: 3966, State=6
----------------------
Available data: 3966, State=6
Data left: 3966, State=8
----------------------
Available data: 3966, State=8
Read data: 147984024, left: 46079
Finish read data: 128
Data left: 3838, State=4
----------------------
Available data: 3838, State=4
Read chunk type
Chunk Type 3
Chunk ID: 6
Data left: 3837, State=6
----------------------
Available data: 3837, State=6
Data left: 3837, State=8
----------------------
Available data: 3837, State=8
Read data: 147984024, left: 45951
Finish read data: 128
Data left: 3709, State=4
----------------------
Available data: 3709, State=4
Read chunk type
Chunk Type 3
Chunk ID: 6
Data left: 3708, State=6
----------------------
Available data: 3708, State=6
Data left: 3708, State=8
----------------------
Available data: 3708, State=8
Read data: 147984024, left: 45823
Finish read data: 128
Data left: 3580, State=4
----------------------
Available data: 3580, State=4
Read chunk type
Chunk Type 3
Chunk ID: 6
Data left: 3579, State=6
----------------------
Available data: 3579, State=6
Data left: 3579, State=8
----------------------
Available data: 3579, State=8
Read data: 147984024, left: 45695
Finish read data: 128
Data left: 3451, State=4
----------------------
Available data: 3451, State=4
Read chunk type
Chunk Type 3
Chunk ID: 6
Data left: 3450, State=6
----------------------
Available data: 3450, State=6
Data left: 3450, State=8
----------------------
Available data: 3450, State=8
Read data: 147984024, left: 45567
Finish read data: 128
Data left: 3322, State=4
----------------------
Available data: 3322, State=4
Read chunk type
Chunk Type 3
Chunk ID: 6
Data left: 3321, State=6
----------------------
Available data: 3321, State=6
Data left: 3321, State=8
----------------------
Available data: 3321, State=8
Read data: 147984024, left: 45439
Finish read data: 128
Data left: 3193, State=4
----------------------
Available data: 3193, State=4
Read chunk type
Chunk Type 3
Chunk ID: 6
Data left: 3192, State=6
----------------------
Available data: 3192, State=6
Data left: 3192, State=8
----------------------
Available data: 3192, State=8
Read data: 147984024, left: 45311
Finish read data: 128
Data left: 3064, State=4
----------------------
Available data: 3064, State=4
Read chunk type
Chunk Type 3
Chunk ID: 6
Data left: 3063, State=6
----------------------
Available data: 3063, State=6
Data left: 3063, State=8
----------------------
Available data: 3063, State=8
Read data: 147984024, left: 45183
Finish read data: 128
Data left: 2935, State=4
----------------------
Available data: 2935, State=4
Read chunk type
Chunk Type 3
Chunk ID: 6
Data left: 2934, State=6
----------------------
Available data: 2934, State=6
Data left: 2934, State=8
----------------------
Available data: 2934, State=8
Read data: 147984024, left: 45055
Finish read data: 128
Data left: 2806, State=4
----------------------
Available data: 2806, State=4
Read chunk type
Chunk Type 3
Chunk ID: 6
Data left: 2805, State=6
----------------------
Available data: 2805, State=6
Data left: 2805, State=8
----------------------
Available data: 2805, State=8
Read data: 147984024, left: 44927
Finish read data: 128
Data left: 2677, State=4
----------------------
Available data: 2677, State=4
Read chunk type
Chunk Type 3
Chunk ID: 6
Data left: 2676, State=6
----------------------
Available data: 2676, State=6
Data left: 2676, State=8
----------------------
Available data: 2676, State=8
Read data: 147984024, left: 44799
Finish read data: 128
Data left: 2548, State=4
----------------------
Available data: 2548, State=4
Read chunk type
Chunk Type 3
Chunk ID: 6
Data left: 2547, State=6
----------------------
Available data: 2547, State=6
Data left: 2547, State=8
----------------------
Available data: 2547, State=8
Read data: 147984024, left: 44671
Finish read data: 128
Data left: 2419, State=4
----------------------
Available data: 2419, State=4
Read chunk type
Chunk Type 3
Chunk ID: 6
Data left: 2418, State=6
----------------------
Available data: 2418, State=6
Data left: 2418, State=8
----------------------
Available data: 2418, State=8
Read data: 147984024, left: 44543
Finish read data: 128
Data left: 2290, State=4
----------------------
Available data: 2290, State=4
Read chunk type
Chunk Type 3
Chunk ID: 6
Data left: 2289, State=6
----------------------
Available data: 2289, State=6
Data left: 2289, State=8
----------------------
Available data: 2289, State=8
Read data: 147984024, left: 44415
Finish read data: 128
Data left: 2161, State=4
----------------------
Available data: 2161, State=4
Read chunk type
Chunk Type 3
Chunk ID: 6
Data left: 2160, State=6
----------------------
Available data: 2160, State=6
Data left: 2160, State=8
----------------------
Available data: 2160, State=8
Read data: 147984024, left: 44287
Finish read data: 128
Data left: 2032, State=4
----------------------
Available data: 2032, State=4
Read chunk type
Chunk Type 3
Chunk ID: 6
Data left: 2031, State=6
----------------------
Available data: 2031, State=6
Data left: 2031, State=8
----------------------
Available data: 2031, State=8
Read data: 147984024, left: 44159
Finish read data: 128
Data left: 1903, State=4
----------------------
Available data: 1903, State=4
Read chunk type
Chunk Type 3
Chunk ID: 6
Data left: 1902, State=6
----------------------
Available data: 1902, State=6
Data left: 1902, State=8
----------------------
Available data: 1902, State=8
Read data: 147984024, left: 44031
Finish read data: 128
Data left: 1774, State=4
----------------------
Available data: 1774, State=4
Read chunk type
Chunk Type 3
Chunk ID: 6
Data left: 1773, State=6
----------------------
Available data: 1773, State=6
Data left: 1773, State=8
----------------------
Available data: 1773, State=8
Read data: 147984024, left: 43903
Finish read data: 128
Data left: 1645, State=4
----------------------
Available data: 1645, State=4
Read chunk type
Chunk Type 3
Chunk ID: 6
Data left: 1644, State=6
----------------------
Available data: 1644, State=6
Data left: 1644, State=8
----------------------
Available data: 1644, State=8
Read data: 147984024, left: 43775
Finish read data: 128
Data left: 1516, State=4
----------------------
Available data: 1516, State=4
Read chunk type
Chunk Type 3
Chunk ID: 6
Data left: 1515, State=6
----------------------
Available data: 1515, State=6
Data left: 1515, State=8
----------------------
Available data: 1515, State=8
Read data: 147984024, left: 43647
Finish read data: 128
Data left: 1387, State=4
----------------------
Available data: 1387, State=4
Read chunk type
Chunk Type 3
Chunk ID: 6
Data left: 1386, State=6
----------------------
Available data: 1386, State=6
Data left: 1386, State=8
----------------------
Available data: 1386, State=8
Read data: 147984024, left: 43519
Finish read data: 128
Data left: 1258, State=4
----------------------
Available data: 1258, State=4
Read chunk type
Chunk Type 3
Chunk ID: 6
Data left: 1257, State=6
----------------------
Available data: 1257, State=6
Data left: 1257, State=8
----------------------
Available data: 1257, State=8
Read data: 147984024, left: 43391
Finish read data: 128
Data left: 1129, State=4
----------------------
Available data: 1129, State=4
Read chunk type
Chunk Type 3
Chunk ID: 6
Data left: 1128, State=6
----------------------
Available data: 1128, State=6
Data left: 1128, State=8
----------------------
Available data: 1128, State=8
Read data: 147984024, left: 43263
Finish read data: 128
Data left: 1000, State=4
----------------------
Available data: 1000, State=4
Read chunk type
Chunk Type 3
Chunk ID: 6
Data left: 999, State=6
----------------------
Available data: 999, State=6
Data left: 999, State=8
----------------------
Available data: 999, State=8
Read data: 147984024, left: 43135
Finish read data: 128
Data left: 871, State=4
----------------------
Available data: 871, State=4
Read chunk type
Chunk Type 3
Chunk ID: 6
Data left: 870, State=6
----------------------
Available data: 870, State=6
Data left: 870, State=8
----------------------
Available data: 870, State=8
Read data: 147984024, left: 43007
Finish read data: 128
Data left: 742, State=4
----------------------
Available data: 742, State=4
Read chunk type
Chunk Type 3
Chunk ID: 6
Data left: 741, State=6
----------------------
Available data: 741, State=6
Data left: 741, State=8
----------------------
Available data: 741, State=8
Read data: 147984024, left: 42879
Finish read data: 128
Data left: 613, State=4
----------------------
Available data: 613, State=4
Read chunk type
Chunk Type 3
Chunk ID: 6
Data left: 612, State=6
----------------------
Available data: 612, State=6
Data left: 612, State=8
----------------------
Available data: 612, State=8
Read data: 147984024, left: 42751
Finish read data: 128
Data left: 484, State=4
----------------------
Available data: 484, State=4
Read chunk type
Chunk Type 3
Chunk ID: 6
Data left: 483, State=6
----------------------
Available data: 483, State=6
Data left: 483, State=8
----------------------
Available data: 483, State=8
Read data: 147984024, left: 42623
Finish read data: 128
Data left: 355, State=4
----------------------
Available data: 355, State=4
Read chunk type
Chunk Type 3
Chunk ID: 6
Data left: 354, State=6
----------------------
Available data: 354, State=6
Data left: 354, State=8
----------------------
Available data: 354, State=8
Read data: 147984024, left: 42495
Finish read data: 128
Data left: 226, State=4
----------------------
Available data: 226, State=4
Read chunk type
Chunk Type 3
Chunk ID: 6
Data left: 225, State=6
----------------------
Available data: 225, State=6
Data left: 225, State=8
----------------------
Available data: 225, State=8
Read data: 147984024, left: 42367
Finish read data: 128
Data left: 97, State=4
----------------------
Available data: 97, State=4
Read chunk type
Chunk Type 3
Chunk ID: 6
Data left: 96, State=6
----------------------
Available data: 96, State=6
Data left: 96, State=8
----------------------
Available data: 96, State=8
Data left: 96, State=8
Receiving: 290 4000 4386 131073
----------------------
Available data: 386, State=8
Read data: 147984024, left: 42239
Finish read data: 128
Data left: 258, State=4
----------------------
Available data: 258, State=4
Read chunk type
Chunk Type 3
Chunk ID: 6
Data left: 257, State=6
----------------------
Available data: 257, State=6
Data left: 257, State=8
----------------------
Available data: 257, State=8
Read data: 147984024, left: 42111
Finish read data: 128
Data left: 129, State=4
----------------------
Available data: 129, State=4
Read chunk type
Chunk Type 3
Chunk ID: 6
Data left: 128, State=6
----------------------
Available data: 128, State=6
Data left: 128, State=8
----------------------
Available data: 128, State=8
Read data: 147984024, left: 41983
Finish read data: 128
Data left: 0, State=4
Receiving: 4096 0 4096 131073
----------------------
Available data: 4096, State=4
Read chunk type
Chunk Type 3
Chunk ID: 6
Data left: 4095, State=6
----------------------
Available data: 4095, State=6
Data left: 4095, State=8
----------------------
Available data: 4095, State=8
Read data: 147984024, left: 41855
Finish read data: 128
Data left: 3967, State=4
----------------------
Available data: 3967, State=4
Read chunk type
Chunk Type 3
Chunk ID: 6
Data left: 3966, State=6
----------------------
Available data: 3966, State=6
Data left: 3966, State=8
----------------------
Available data: 3966, State=8
Read data: 147984024, left: 41727
Finish read data: 128
Data left: 3838, State=4
----------------------
Available data: 3838, State=4
Read chunk type
Chunk Type 3
Chunk ID: 6
Data left: 3837, State=6
----------------------
Available data: 3837, State=6
Data left: 3837, State=8
----------------------
Available data: 3837, State=8
Read data: 147984024, left: 41599
Finish read data: 128
Data left: 3709, State=4
----------------------
Available data: 3709, State=4
Read chunk type
Chunk Type 3
Chunk ID: 6
Data left: 3708, State=6
----------------------
Available data: 3708, State=6
Data left: 3708, State=8
----------------------
Available data: 3708, State=8
Read data: 147984024, left: 41471
Finish read data: 128
Data left: 3580, State=4
----------------------
Available data: 3580, State=4
Read chunk type
Chunk Type 3
Chunk ID: 6
Data left: 3579, State=6
----------------------
Available data: 3579, State=6
Data left: 3579, State=8
----------------------
Available data: 3579, State=8
Read data: 147984024, left: 41343
Finish read data: 128
Data left: 3451, State=4
----------------------
Available data: 3451, State=4
Read chunk type
Chunk Type 3
Chunk ID: 6
Data left: 3450, State=6
----------------------
Available data: 3450, State=6
Data left: 3450, State=8
----------------------
Available data: 3450, State=8
Read data: 147984024, left: 41215
Finish read data: 128
Data left: 3322, State=4
----------------------
Available data: 3322, State=4
Read chunk type
Chunk Type 3
Chunk ID: 6
Data left: 3321, State=6
----------------------
Available data: 3321, State=6
Data left: 3321, State=8
----------------------
Available data: 3321, State=8
Read data: 147984024, left: 41087
Finish read data: 128
Data left: 3193, State=4
----------------------
Available data: 3193, State=4
Read chunk type
Chunk Type 3
Chunk ID: 6
Data left: 3192, State=6
----------------------
Available data: 3192, State=6
Data left: 3192, State=8
----------------------
Available data: 3192, State=8
Read data: 147984024, left: 40959
Finish read data: 128
Data left: 3064, State=4
----------------------
Available data: 3064, State=4
Read chunk type
Chunk Type 3
Chunk ID: 6
Data left: 3063, State=6
----------------------
Available data: 3063, State=6
Data left: 3063, State=8
----------------------
Available data: 3063, State=8
Read data: 147984024, left: 40831
Finish read data: 128
Data left: 2935, State=4
----------------------
Available data: 2935, State=4
Read chunk type
Chunk Type 3
Chunk ID: 6
Data left: 2934, State=6
----------------------
Available data: 2934, State=6
Data left: 2934, State=8
----------------------
Available data: 2934, State=8
Read data: 147984024, left: 40703
Finish read data: 128
Data left: 2806, State=4
----------------------
Available data: 2806, State=4
Read chunk type
Chunk Type 3
Chunk ID: 6
Data left: 2805, State=6
----------------------
Available data: 2805, State=6
Data left: 2805, State=8
----------------------
Available data: 2805, State=8
Read data: 147984024, left: 40575
Finish read data: 128
Data left: 2677, State=4
----------------------
Available data: 2677, State=4
Read chunk type
Chunk Type 3
Chunk ID: 6
Data left: 2676, State=6
----------------------
Available data: 2676, State=6
Data left: 2676, State=8
----------------------
Available data: 2676, State=8
Read data: 147984024, left: 40447
Finish read data: 128
Data left: 2548, State=4
----------------------
Available data: 2548, State=4
Read chunk type
Chunk Type 3
Chunk ID: 6
Data left: 2547, State=6
----------------------
Available data: 2547, State=6
Data left: 2547, State=8
----------------------
Available data: 2547, State=8
Read data: 147984024, left: 40319
Finish read data: 128
Data left: 2419, State=4
----------------------
Available data: 2419, State=4
Read chunk type
Chunk Type 3
Chunk ID: 6
Data left: 2418, State=6
----------------------
Available data: 2418, State=6
Data left: 2418, State=8
----------------------
Available data: 2418, State=8
Read data: 147984024, left: 40191
Finish read data: 128
Data left: 2290, State=4
----------------------
Available data: 2290, State=4
Read chunk type
Chunk Type 3
Chunk ID: 6
Data left: 2289, State=6
----------------------
Available data: 2289, State=6
Data left: 2289, State=8
----------------------
Available data: 2289, State=8
Read data: 147984024, left: 40063
Finish read data: 128
Data left: 2161, State=4
----------------------
Available data: 2161, State=4
Read chunk type
Chunk Type 3
Chunk ID: 6
Data left: 2160, State=6
----------------------
Available data: 2160, State=6
Data left: 2160, State=8
----------------------
Available data: 2160, State=8
Read data: 147984024, left: 39935
Finish read data: 128
Data left: 2032, State=4
----------------------
Available data: 2032, State=4
Read chunk type
Chunk Type 3
Chunk ID: 6
Data left: 2031, State=6
----------------------
Available data: 2031, State=6
Data left: 2031, State=8
----------------------
Available data: 2031, State=8
Read data: 147984024, left: 39807
Finish read data: 128
Data left: 1903, State=4
----------------------
Available data: 1903, State=4
Read chunk type
Chunk Type 3
Chunk ID: 6
Data left: 1902, State=6
----------------------
Available data: 1902, State=6
Data left: 1902, State=8
----------------------
Available data: 1902, State=8
Read data: 147984024, left: 39679
Finish read data: 128
Data left: 1774, State=4
----------------------
Available data: 1774, State=4
Read chunk type
Chunk Type 3
Chunk ID: 6
Data left: 1773, State=6
----------------------
Available data: 1773, State=6
Data left: 1773, State=8
----------------------
Available data: 1773, State=8
Read data: 147984024, left: 39551
Finish read data: 128
Data left: 1645, State=4
----------------------
Available data: 1645, State=4
Read chunk type
Chunk Type 3
Chunk ID: 6
Data left: 1644, State=6
----------------------
Available data: 1644, State=6
Data left: 1644, State=8
----------------------
Available data: 1644, State=8
Read data: 147984024, left: 39423
Finish read data: 128
Data left: 1516, State=4
----------------------
Available data: 1516, State=4
Read chunk type
Chunk Type 3
Chunk ID: 6
Data left: 1515, State=6
----------------------
Available data: 1515, State=6
Data left: 1515, State=8
----------------------
Available data: 1515, State=8
Read data: 147984024, left: 39295
Finish read data: 128
Data left: 1387, State=4
----------------------
Available data: 1387, State=4
Read chunk type
Chunk Type 3
Chunk ID: 6
Data left: 1386, State=6
----------------------
Available data: 1386, State=6
Data left: 1386, State=8
----------------------
Available data: 1386, State=8
Read data: 147984024, left: 39167
Finish read data: 128
Data left: 1258, State=4
----------------------
Available data: 1258, State=4
Read chunk type
Chunk Type 3
Chunk ID: 6
Data left: 1257, State=6
----------------------
Available data: 1257, State=6
Data left: 1257, State=8
----------------------
Available data: 1257, State=8
Read data: 147984024, left: 39039
Finish read data: 128
Data left: 1129, State=4
----------------------
Available data: 1129, State=4
Read chunk type
Chunk Type 3
Chunk ID: 6
Data left: 1128, State=6
----------------------
Available data: 1128, State=6
Data left: 1128, State=8
----------------------
Available data: 1128, State=8
Read data: 147984024, left: 38911
Finish read data: 128
Data left: 1000, State=4
----------------------
Available data: 1000, State=4
Read chunk type
Chunk Type 3
Chunk ID: 6
Data left: 999, State=6
----------------------
Available data: 999, State=6
Data left: 999, State=8
----------------------
Available data: 999, State=8
Read data: 147984024, left: 38783
Finish read data: 128
Data left: 871, State=4
----------------------
Available data: 871, State=4
Read chunk type
Chunk Type 3
Chunk ID: 6
Data left: 870, State=6
----------------------
Available data: 870, State=6
Data left: 870, State=8
----------------------
Available data: 870, State=8
Read data: 147984024, left: 38655
Finish read data: 128
Data left: 742, State=4
----------------------
Available data: 742, State=4
Read chunk type
Chunk Type 3
Chunk ID: 6
Data left: 741, State=6
----------------------
Available data: 741, State=6
Data left: 741, State=8
----------------------
Available data: 741, State=8
Read data: 147984024, left: 38527
Finish read data: 128
Data left: 613, State=4
----------------------
Available data: 613, State=4
Read chunk type
Chunk Type 3
Chunk ID: 6
Data left: 612, State=6
----------------------
Available data: 612, State=6
Data left: 612, State=8
----------------------
Available data: 612, State=8
Read data: 147984024, left: 38399
Finish read data: 128
Data left: 484, State=4
----------------------
Available data: 484, State=4
Read chunk type
Chunk Type 3
Chunk ID: 6
Data left: 483, State=6
----------------------
Available data: 483, State=6
Data left: 483, State=8
----------------------
Available data: 483, State=8
Read data: 147984024, left: 38271
Finish read data: 128
Data left: 355, State=4
----------------------
Available data: 355, State=4
Read chunk type
Chunk Type 3
Chunk ID: 6
Data left: 354, State=6
----------------------
Available data: 354, State=6
Data left: 354, State=8
----------------------
Available data: 354, State=8
Read data: 147984024, left: 38143
Finish read data: 128
Data left: 226, State=4
----------------------
Available data: 226, State=4
Read chunk type
Chunk Type 3
Chunk ID: 6
Data left: 225, State=6
----------------------
Available data: 225, State=6
Data left: 225, State=8
----------------------
Available data: 225, State=8
Read data: 147984024, left: 38015
Finish read data: 128
Data left: 97, State=4
----------------------
Available data: 97, State=4
Read chunk type
Chunk Type 3
Chunk ID: 6
Data left: 96, State=6
----------------------
Available data: 96, State=6
Data left: 96, State=8
----------------------
Available data: 96, State=8
Data left: 96, State=8
Receiving: 290 4000 4386 131073
----------------------
Available data: 386, State=8
Read data: 147984024, left: 37887
Finish read data: 128
Data left: 258, State=4
----------------------
Available data: 258, State=4
Read chunk type
Chunk Type 3
Chunk ID: 6
Data left: 257, State=6
----------------------
Available data: 257, State=6
Data left: 257, State=8
----------------------
Available data: 257, State=8
Read data: 147984024, left: 37759
Finish read data: 128
Data left: 129, State=4
----------------------
Available data: 129, State=4
Read chunk type
Chunk Type 3
Chunk ID: 6
Data left: 128, State=6
----------------------
Available data: 128, State=6
Data left: 128, State=8
----------------------
Available data: 128, State=8
Read data: 147984024, left: 37631
Finish read data: 128
Data left: 0, State=4
Receiving: 4096 0 4096 131073
----------------------
Available data: 4096, State=4
Read chunk type
Chunk Type 3
Chunk ID: 6
Data left: 4095, State=6
----------------------
Available data: 4095, State=6
Data left: 4095, State=8
----------------------
Available data: 4095, State=8
Read data: 147984024, left: 37503
Finish read data: 128
Data left: 3967, State=4
----------------------
Available data: 3967, State=4
Read chunk type
Chunk Type 3
Chunk ID: 6
Data left: 3966, State=6
----------------------
Available data: 3966, State=6
Data left: 3966, State=8
----------------------
Available data: 3966, State=8
Read data: 147984024, left: 37375
Finish read data: 128
Data left: 3838, State=4
----------------------
Available data: 3838, State=4
Read chunk type
Chunk Type 3
Chunk ID: 6
Data left: 3837, State=6
----------------------
Available data: 3837, State=6
Data left: 3837, State=8
----------------------
Available data: 3837, State=8
Read data: 147984024, left: 37247
Finish read data: 128
Data left: 3709, State=4
----------------------
Available data: 3709, State=4
Read chunk type
Chunk Type 3
Chunk ID: 6
Data left: 3708, State=6
----------------------
Available data: 3708, State=6
Data left: 3708, State=8
----------------------
Available data: 3708, State=8
Read data: 147984024, left: 37119
Finish read data: 128
Data left: 3580, State=4
----------------------
Available data: 3580, State=4
Read chunk type
Chunk Type 3
Chunk ID: 6
Data left: 3579, State=6
----------------------
Available data: 3579, State=6
Data left: 3579, State=8
----------------------
Available data: 3579, State=8
Read data: 147984024, left: 36991
Finish read data: 128
Data left: 3451, State=4
----------------------
Available data: 3451, State=4
Read chunk type
Chunk Type 3
Chunk ID: 6
Data left: 3450, State=6
----------------------
Available data: 3450, State=6
Data left: 3450, State=8
----------------------
Available data: 3450, State=8
Read data: 147984024, left: 36863
Finish read data: 128
Data left: 3322, State=4
----------------------
Available data: 3322, State=4
Read chunk type
Chunk Type 3
Chunk ID: 6
Data left: 3321, State=6
----------------------
Available data: 3321, State=6
Data left: 3321, State=8
----------------------
Available data: 3321, State=8
Read data: 147984024, left: 36735
Finish read data: 128
Data left: 3193, State=4
----------------------
Available data: 3193, State=4
Read chunk type
Chunk Type 3
Chunk ID: 6
Data left: 3192, State=6
----------------------
Available data: 3192, State=6
Data left: 3192, State=8
----------------------
Available data: 3192, State=8
Read data: 147984024, left: 36607
Finish read data: 128
Data left: 3064, State=4
----------------------
Available data: 3064, State=4
Read chunk type
Chunk Type 3
Chunk ID: 6
Data left: 3063, State=6
----------------------
Available data: 3063, State=6
Data left: 3063, State=8
----------------------
Available data: 3063, State=8
Read data: 147984024, left: 36479
Finish read data: 128
Data left: 2935, State=4
----------------------
Available data: 2935, State=4
Read chunk type
Chunk Type 3
Chunk ID: 6
Data left: 2934, State=6
----------------------
Available data: 2934, State=6
Data left: 2934, State=8
----------------------
Available data: 2934, State=8
Read data: 147984024, left: 36351
Finish read data: 128
Data left: 2806, State=4
----------------------
Available data: 2806, State=4
Read chunk type
Chunk Type 3
Chunk ID: 6
Data left: 2805, State=6
----------------------
Available data: 2805, State=6
Data left: 2805, State=8
----------------------
Available data: 2805, State=8
Read data: 147984024, left: 36223
Finish read data: 128
Data left: 2677, State=4
----------------------
Available data: 2677, State=4
Read chunk type
Chunk Type 3
Chunk ID: 6
Data left: 2676, State=6
----------------------
Available data: 2676, State=6
Data left: 2676, State=8
----------------------
Available data: 2676, State=8
Read data: 147984024, left: 36095
Finish read data: 128
Data left: 2548, State=4
----------------------
Available data: 2548, State=4
Read chunk type
Chunk Type 3
Chunk ID: 6
Data left: 2547, State=6
----------------------
Available data: 2547, State=6
Data left: 2547, State=8
----------------------
Available data: 2547, State=8
Read data: 147984024, left: 35967
Finish read data: 128
Data left: 2419, State=4
----------------------
Available data: 2419, State=4
Read chunk type
Chunk Type 3
Chunk ID: 6
Data left: 2418, State=6
----------------------
Available data: 2418, State=6
Data left: 2418, State=8
----------------------
Available data: 2418, State=8
Read data: 147984024, left: 35839
Finish read data: 128
Data left: 2290, State=4
----------------------
Available data: 2290, State=4
Read chunk type
Chunk Type 3
Chunk ID: 6
Data left: 2289, State=6
----------------------
Available data: 2289, State=6
Data left: 2289, State=8
----------------------
Available data: 2289, State=8
Read data: 147984024, left: 35711
Finish read data: 128
Data left: 2161, State=4
----------------------
Available data: 2161, State=4
Read chunk type
Chunk Type 3
Chunk ID: 6
Data left: 2160, State=6
----------------------
Available data: 2160, State=6
Data left: 2160, State=8
----------------------
Available data: 2160, State=8
Read data: 147984024, left: 35583
Finish read data: 128
Data left: 2032, State=4
----------------------
Available data: 2032, State=4
Read chunk type
Chunk Type 3
Chunk ID: 6
Data left: 2031, State=6
----------------------
Available data: 2031, State=6
Data left: 2031, State=8
----------------------
Available data: 2031, State=8
Read data: 147984024, left: 35455
Finish read data: 128
Data left: 1903, State=4
----------------------
Available data: 1903, State=4
Read chunk type
Chunk Type 3
Chunk ID: 6
Data left: 1902, State=6
----------------------
Available data: 1902, State=6
Data left: 1902, State=8
----------------------
Available data: 1902, State=8
Read data: 147984024, left: 35327
Finish read data: 128
Data left: 1774, State=4
----------------------
Available data: 1774, State=4
Read chunk type
Chunk Type 3
Chunk ID: 6
Data left: 1773, State=6
----------------------
Available data: 1773, State=6
Data left: 1773, State=8
----------------------
Available data: 1773, State=8
Read data: 147984024, left: 35199
Finish read data: 128
Data left: 1645, State=4
----------------------
Available data: 1645, State=4
Read chunk type
Chunk Type 3
Chunk ID: 6
Data left: 1644, State=6
----------------------
Available data: 1644, State=6
Data left: 1644, State=8
----------------------
Available data: 1644, State=8
Read data: 147984024, left: 35071
Finish read data: 128
Data left: 1516, State=4
----------------------
Available data: 1516, State=4
Read chunk type
Chunk Type 3
Chunk ID: 6
Data left: 1515, State=6
----------------------
Available data: 1515, State=6
Data left: 1515, State=8
----------------------
Available data: 1515, State=8
Read data: 147984024, left: 34943
Finish read data: 128
Data left: 1387, State=4
----------------------
Available data: 1387, State=4
Read chunk type
Chunk Type 3
Chunk ID: 6
Data left: 1386, State=6
----------------------
Available data: 1386, State=6
Data left: 1386, State=8
----------------------
Available data: 1386, State=8
Read data: 147984024, left: 34815
Finish read data: 128
Data left: 1258, State=4
----------------------
Available data: 1258, State=4
Read chunk type
Chunk Type 3
Chunk ID: 6
Data left: 1257, State=6
----------------------
Available data: 1257, State=6
Data left: 1257, State=8
----------------------
Available data: 1257, State=8
Read data: 147984024, left: 34687
Finish read data: 128
Data left: 1129, State=4
----------------------
Available data: 1129, State=4
Read chunk type
Chunk Type 3
Chunk ID: 6
Data left: 1128, State=6
----------------------
Available data: 1128, State=6
Data left: 1128, State=8
----------------------
Available data: 1128, State=8
Read data: 147984024, left: 34559
Finish read data: 128
Data left: 1000, State=4
----------------------
Available data: 1000, State=4
Read chunk type
Chunk Type 3
Chunk ID: 6
Data left: 999, State=6
----------------------
Available data: 999, State=6
Data left: 999, State=8
----------------------
Available data: 999, State=8
Read data: 147984024, left: 34431
Finish read data: 128
Data left: 871, State=4
----------------------
Available data: 871, State=4
Read chunk type
Chunk Type 3
Chunk ID: 6
Data left: 870, State=6
----------------------
Available data: 870, State=6
Data left: 870, State=8
----------------------
Available data: 870, State=8
Read data: 147984024, left: 34303
Finish read data: 128
Data left: 742, State=4
----------------------
Available data: 742, State=4
Read chunk type
Chunk Type 3
Chunk ID: 6
Data left: 741, State=6
----------------------
Available data: 741, State=6
Data left: 741, State=8
----------------------
Available data: 741, State=8
Read data: 147984024, left: 34175
Finish read data: 128
Data left: 613, State=4
----------------------
Available data: 613, State=4
Read chunk type
Chunk Type 3
Chunk ID: 6
Data left: 612, State=6
----------------------
Available data: 612, State=6
Data left: 612, State=8
----------------------
Available data: 612, State=8
Read data: 147984024, left: 34047
Finish read data: 128
Data left: 484, State=4
----------------------
Available data: 484, State=4
Read chunk type
Chunk Type 3
Chunk ID: 6
Data left: 483, State=6
----------------------
Available data: 483, State=6
Data left: 483, State=8
----------------------
Available data: 483, State=8
Read data: 147984024, left: 33919
Finish read data: 128
Data left: 355, State=4
----------------------
Available data: 355, State=4
Read chunk type
Chunk Type 3
Chunk ID: 6
Data left: 354, State=6
----------------------
Available data: 354, State=6
Data left: 354, State=8
----------------------
Available data: 354, State=8
Read data: 147984024, left: 33791
Finish read data: 128
Data left: 226, State=4
----------------------
Available data: 226, State=4
Read chunk type
Chunk Type 3
Chunk ID: 6
Data left: 225, State=6
----------------------
Available data: 225, State=6
Data left: 225, State=8
----------------------
Available data: 225, State=8
Read data: 147984024, left: 33663
Finish read data: 128
Data left: 97, State=4
----------------------
Available data: 97, State=4
Read chunk type
Chunk Type 3
Chunk ID: 6
Data left: 96, State=6
----------------------
Available data: 96, State=6
Data left: 96, State=8
----------------------
Available data: 96, State=8
Data left: 96, State=8
Receiving: 4096 4000 8192 131073
----------------------
Available data: 4192, State=8
Read data: 147984024, left: 33535
Finish read data: 128
Data left: 4064, State=4
----------------------
Available data: 4064, State=4
Read chunk type
Chunk Type 3
Chunk ID: 6
Data left: 4063, State=6
----------------------
Available data: 4063, State=6
Data left: 4063, State=8
----------------------
Available data: 4063, State=8
Read data: 147984024, left: 33407
Finish read data: 128
Data left: 3935, State=4
----------------------
Available data: 3935, State=4
Read chunk type
Chunk Type 3
Chunk ID: 6
Data left: 3934, State=6
----------------------
Available data: 3934, State=6
Data left: 3934, State=8
----------------------
Available data: 3934, State=8
Read data: 147984024, left: 33279
Finish read data: 128
Data left: 3806, State=4
----------------------
Available data: 3806, State=4
Read chunk type
Chunk Type 3
Chunk ID: 6
Data left: 3805, State=6
----------------------
Available data: 3805, State=6
Data left: 3805, State=8
----------------------
Available data: 3805, State=8
Read data: 147984024, left: 33151
Finish read data: 128
Data left: 3677, State=4
----------------------
Available data: 3677, State=4
Read chunk type
Chunk Type 3
Chunk ID: 6
Data left: 3676, State=6
----------------------
Available data: 3676, State=6
Data left: 3676, State=8
----------------------
Available data: 3676, State=8
Read data: 147984024, left: 33023
Finish read data: 128
Data left: 3548, State=4
----------------------
Available data: 3548, State=4
Read chunk type
Chunk Type 3
Chunk ID: 6
Data left: 3547, State=6
----------------------
Available data: 3547, State=6
Data left: 3547, State=8
----------------------
Available data: 3547, State=8
Read data: 147984024, left: 32895
Finish read data: 128
Data left: 3419, State=4
----------------------
Available data: 3419, State=4
Read chunk type
Chunk Type 3
Chunk ID: 6
Data left: 3418, State=6
----------------------
Available data: 3418, State=6
Data left: 3418, State=8
----------------------
Available data: 3418, State=8
Read data: 147984024, left: 32767
Finish read data: 128
Data left: 3290, State=4
----------------------
Available data: 3290, State=4
Read chunk type
Chunk Type 3
Chunk ID: 6
Data left: 3289, State=6
----------------------
Available data: 3289, State=6
Data left: 3289, State=8
----------------------
Available data: 3289, State=8
Read data: 147984024, left: 32639
Finish read data: 128
Data left: 3161, State=4
----------------------
Available data: 3161, State=4
Read chunk type
Chunk Type 3
Chunk ID: 6
Data left: 3160, State=6
----------------------
Available data: 3160, State=6
Data left: 3160, State=8
----------------------
Available data: 3160, State=8
Read data: 147984024, left: 32511
Finish read data: 128
Data left: 3032, State=4
----------------------
Available data: 3032, State=4
Read chunk type
Chunk Type 3
Chunk ID: 6
Data left: 3031, State=6
----------------------
Available data: 3031, State=6
Data left: 3031, State=8
----------------------
Available data: 3031, State=8
Read data: 147984024, left: 32383
Finish read data: 128
Data left: 2903, State=4
----------------------
Available data: 2903, State=4
Read chunk type
Chunk Type 3
Chunk ID: 6
Data left: 2902, State=6
----------------------
Available data: 2902, State=6
Data left: 2902, State=8
----------------------
Available data: 2902, State=8
Read data: 147984024, left: 32255
Finish read data: 128
Data left: 2774, State=4
----------------------
Available data: 2774, State=4
Read chunk type
Chunk Type 3
Chunk ID: 6
Data left: 2773, State=6
----------------------
Available data: 2773, State=6
Data left: 2773, State=8
----------------------
Available data: 2773, State=8
Read data: 147984024, left: 32127
Finish read data: 128
Data left: 2645, State=4
----------------------
Available data: 2645, State=4
Read chunk type
Chunk Type 3
Chunk ID: 6
Data left: 2644, State=6
----------------------
Available data: 2644, State=6
Data left: 2644, State=8
----------------------
Available data: 2644, State=8
Read data: 147984024, left: 31999
Finish read data: 128
Data left: 2516, State=4
----------------------
Available data: 2516, State=4
Read chunk type
Chunk Type 3
Chunk ID: 6
Data left: 2515, State=6
----------------------
Available data: 2515, State=6
Data left: 2515, State=8
----------------------
Available data: 2515, State=8
Read data: 147984024, left: 31871
Finish read data: 128
Data left: 2387, State=4
----------------------
Available data: 2387, State=4
Read chunk type
Chunk Type 3
Chunk ID: 6
Data left: 2386, State=6
----------------------
Available data: 2386, State=6
Data left: 2386, State=8
----------------------
Available data: 2386, State=8
Read data: 147984024, left: 31743
Finish read data: 128
Data left: 2258, State=4
----------------------
Available data: 2258, State=4
Read chunk type
Chunk Type 3
Chunk ID: 6
Data left: 2257, State=6
----------------------
Available data: 2257, State=6
Data left: 2257, State=8
----------------------
Available data: 2257, State=8
Read data: 147984024, left: 31615
Finish read data: 128
Data left: 2129, State=4
----------------------
Available data: 2129, State=4
Read chunk type
Chunk Type 3
Chunk ID: 6
Data left: 2128, State=6
----------------------
Available data: 2128, State=6
Data left: 2128, State=8
----------------------
Available data: 2128, State=8
Read data: 147984024, left: 31487
Finish read data: 128
Data left: 2000, State=4
----------------------
Available data: 2000, State=4
Read chunk type
Chunk Type 3
Chunk ID: 6
Data left: 1999, State=6
----------------------
Available data: 1999, State=6
Data left: 1999, State=8
----------------------
Available data: 1999, State=8
Read data: 147984024, left: 31359
Finish read data: 128
Data left: 1871, State=4
----------------------
Available data: 1871, State=4
Read chunk type
Chunk Type 3
Chunk ID: 6
Data left: 1870, State=6
----------------------
Available data: 1870, State=6
Data left: 1870, State=8
----------------------
Available data: 1870, State=8
Read data: 147984024, left: 31231
Finish read data: 128
Data left: 1742, State=4
----------------------
Available data: 1742, State=4
Read chunk type
Chunk Type 3
Chunk ID: 6
Data left: 1741, State=6
----------------------
Available data: 1741, State=6
Data left: 1741, State=8
----------------------
Available data: 1741, State=8
Read data: 147984024, left: 31103
Finish read data: 128
Data left: 1613, State=4
----------------------
Available data: 1613, State=4
Read chunk type
Chunk Type 3
Chunk ID: 6
Data left: 1612, State=6
----------------------
Available data: 1612, State=6
Data left: 1612, State=8
----------------------
Available data: 1612, State=8
Read data: 147984024, left: 30975
Finish read data: 128
Data left: 1484, State=4
----------------------
Available data: 1484, State=4
Read chunk type
Chunk Type 3
Chunk ID: 6
Data left: 1483, State=6
----------------------
Available data: 1483, State=6
Data left: 1483, State=8
----------------------
Available data: 1483, State=8
Read data: 147984024, left: 30847
Finish read data: 128
Data left: 1355, State=4
----------------------
Available data: 1355, State=4
Read chunk type
Chunk Type 3
Chunk ID: 6
Data left: 1354, State=6
----------------------
Available data: 1354, State=6
Data left: 1354, State=8
----------------------
Available data: 1354, State=8
Read data: 147984024, left: 30719
Finish read data: 128
Data left: 1226, State=4
----------------------
Available data: 1226, State=4
Read chunk type
Chunk Type 3
Chunk ID: 6
Data left: 1225, State=6
----------------------
Available data: 1225, State=6
Data left: 1225, State=8
----------------------
Available data: 1225, State=8
Read data: 147984024, left: 30591
Finish read data: 128
Data left: 1097, State=4
----------------------
Available data: 1097, State=4
Read chunk type
Chunk Type 3
Chunk ID: 6
Data left: 1096, State=6
----------------------
Available data: 1096, State=6
Data left: 1096, State=8
----------------------
Available data: 1096, State=8
Read data: 147984024, left: 30463
Finish read data: 128
Data left: 968, State=4
----------------------
Available data: 968, State=4
Read chunk type
Chunk Type 3
Chunk ID: 6
Data left: 967, State=6
----------------------
Available data: 967, State=6
Data left: 967, State=8
----------------------
Available data: 967, State=8
Read data: 147984024, left: 30335
Finish read data: 128
Data left: 839, State=4
----------------------
Available data: 839, State=4
Read chunk type
Chunk Type 3
Chunk ID: 6
Data left: 838, State=6
----------------------
Available data: 838, State=6
Data left: 838, State=8
----------------------
Available data: 838, State=8
Read data: 147984024, left: 30207
Finish read data: 128
Data left: 710, State=4
----------------------
Available data: 710, State=4
Read chunk type
Chunk Type 3
Chunk ID: 6
Data left: 709, State=6
----------------------
Available data: 709, State=6
Data left: 709, State=8
----------------------
Available data: 709, State=8
Read data: 147984024, left: 30079
Finish read data: 128
Data left: 581, State=4
----------------------
Available data: 581, State=4
Read chunk type
Chunk Type 3
Chunk ID: 6
Data left: 580, State=6
----------------------
Available data: 580, State=6
Data left: 580, State=8
----------------------
Available data: 580, State=8
Read data: 147984024, left: 29951
Finish read data: 128
Data left: 452, State=4
----------------------
Available data: 452, State=4
Read chunk type
Chunk Type 3
Chunk ID: 6
Data left: 451, State=6
----------------------
Available data: 451, State=6
Data left: 451, State=8
----------------------
Available data: 451, State=8
Read data: 147984024, left: 29823
Finish read data: 128
Data left: 323, State=4
----------------------
Available data: 323, State=4
Read chunk type
Chunk Type 3
Chunk ID: 6
Data left: 322, State=6
----------------------
Available data: 322, State=6
Data left: 322, State=8
----------------------
Available data: 322, State=8
Read data: 147984024, left: 29695
Finish read data: 128
Data left: 194, State=4
----------------------
Available data: 194, State=4
Read chunk type
Chunk Type 3
Chunk ID: 6
Data left: 193, State=6
----------------------
Available data: 193, State=6
Data left: 193, State=8
----------------------
Available data: 193, State=8
Read data: 147984024, left: 29567
Finish read data: 128
Data left: 65, State=4
----------------------
Available data: 65, State=4
Read chunk type
Chunk Type 3
Chunk ID: 6
Data left: 64, State=6
----------------------
Available data: 64, State=6
Data left: 64, State=8
----------------------
Available data: 64, State=8
Data left: 64, State=8
Receiving: 1354 8128 9546 131073
----------------------
Available data: 1418, State=8
Read data: 147984024, left: 29439
Finish read data: 128
Data left: 1290, State=4
----------------------
Available data: 1290, State=4
Read chunk type
Chunk Type 3
Chunk ID: 6
Data left: 1289, State=6
----------------------
Available data: 1289, State=6
Data left: 1289, State=8
----------------------
Available data: 1289, State=8
Read data: 147984024, left: 29311
Finish read data: 128
Data left: 1161, State=4
----------------------
Available data: 1161, State=4
Read chunk type
Chunk Type 3
Chunk ID: 6
Data left: 1160, State=6
----------------------
Available data: 1160, State=6
Data left: 1160, State=8
----------------------
Available data: 1160, State=8
Read data: 147984024, left: 29183
Finish read data: 128
Data left: 1032, State=4
----------------------
Available data: 1032, State=4
Read chunk type
Chunk Type 3
Chunk ID: 6
Data left: 1031, State=6
----------------------
Available data: 1031, State=6
Data left: 1031, State=8
----------------------
Available data: 1031, State=8
Read data: 147984024, left: 29055
Finish read data: 128
Data left: 903, State=4
----------------------
Available data: 903, State=4
Read chunk type
Chunk Type 3
Chunk ID: 6
Data left: 902, State=6
----------------------
Available data: 902, State=6
Data left: 902, State=8
----------------------
Available data: 902, State=8
Read data: 147984024, left: 28927
Finish read data: 128
Data left: 774, State=4
----------------------
Available data: 774, State=4
Read chunk type
Chunk Type 3
Chunk ID: 6
Data left: 773, State=6
----------------------
Available data: 773, State=6
Data left: 773, State=8
----------------------
Available data: 773, State=8
Read data: 147984024, left: 28799
Finish read data: 128
Data left: 645, State=4
----------------------
Available data: 645, State=4
Read chunk type
Chunk Type 3
Chunk ID: 6
Data left: 644, State=6
----------------------
Available data: 644, State=6
Data left: 644, State=8
----------------------
Available data: 644, State=8
Read data: 147984024, left: 28671
Finish read data: 128
Data left: 516, State=4
----------------------
Available data: 516, State=4
Read chunk type
Chunk Type 3
Chunk ID: 6
Data left: 515, State=6
----------------------
Available data: 515, State=6
Data left: 515, State=8
----------------------
Available data: 515, State=8
Read data: 147984024, left: 28543
Finish read data: 128
Data left: 387, State=4
----------------------
Available data: 387, State=4
Read chunk type
Chunk Type 3
Chunk ID: 6
Data left: 386, State=6
----------------------
Available data: 386, State=6
Data left: 386, State=8
----------------------
Available data: 386, State=8
Read data: 147984024, left: 28415
Finish read data: 128
Data left: 258, State=4
----------------------
Available data: 258, State=4
Read chunk type
Chunk Type 3
Chunk ID: 6
Data left: 257, State=6
----------------------
Available data: 257, State=6
Data left: 257, State=8
----------------------
Available data: 257, State=8
Read data: 147984024, left: 28287
Finish read data: 128
Data left: 129, State=4
----------------------
Available data: 129, State=4
Read chunk type
Chunk Type 3
Chunk ID: 6
Data left: 128, State=6
----------------------
Available data: 128, State=6
Data left: 128, State=8
----------------------
Available data: 128, State=8
Read data: 147984024, left: 28159
Finish read data: 128
Data left: 0, State=4
Receiving: 4096 0 4096 131073
----------------------
Available data: 4096, State=4
Read chunk type
Chunk Type 3
Chunk ID: 6
Data left: 4095, State=6
----------------------
Available data: 4095, State=6
Data left: 4095, State=8
----------------------
Available data: 4095, State=8
Read data: 147984024, left: 28031
Finish read data: 128
Data left: 3967, State=4
----------------------
Available data: 3967, State=4
Read chunk type
Chunk Type 3
Chunk ID: 6
Data left: 3966, State=6
----------------------
Available data: 3966, State=6
Data left: 3966, State=8
----------------------
Available data: 3966, State=8
Read data: 147984024, left: 27903
Finish read data: 128
Data left: 3838, State=4
----------------------
Available data: 3838, State=4
Read chunk type
Chunk Type 3
Chunk ID: 6
Data left: 3837, State=6
----------------------
Available data: 3837, State=6
Data left: 3837, State=8
----------------------
Available data: 3837, State=8
Read data: 147984024, left: 27775
Finish read data: 128
Data left: 3709, State=4
----------------------
Available data: 3709, State=4
Read chunk type
Chunk Type 3
Chunk ID: 6
Data left: 3708, State=6
----------------------
Available data: 3708, State=6
Data left: 3708, State=8
----------------------
Available data: 3708, State=8
Read data: 147984024, left: 27647
Finish read data: 128
Data left: 3580, State=4
----------------------
Available data: 3580, State=4
Read chunk type
Chunk Type 3
Chunk ID: 6
Data left: 3579, State=6
----------------------
Available data: 3579, State=6
Data left: 3579, State=8
----------------------
Available data: 3579, State=8
Read data: 147984024, left: 27519
Finish read data: 128
Data left: 3451, State=4
----------------------
Available data: 3451, State=4
Read chunk type
Chunk Type 3
Chunk ID: 6
Data left: 3450, State=6
----------------------
Available data: 3450, State=6
Data left: 3450, State=8
----------------------
Available data: 3450, State=8
Read data: 147984024, left: 27391
Finish read data: 128
Data left: 3322, State=4
----------------------
Available data: 3322, State=4
Read chunk type
Chunk Type 3
Chunk ID: 6
Data left: 3321, State=6
----------------------
Available data: 3321, State=6
Data left: 3321, State=8
----------------------
Available data: 3321, State=8
Read data: 147984024, left: 27263
Finish read data: 128
Data left: 3193, State=4
----------------------
Available data: 3193, State=4
Read chunk type
Chunk Type 3
Chunk ID: 6
Data left: 3192, State=6
----------------------
Available data: 3192, State=6
Data left: 3192, State=8
----------------------
Available data: 3192, State=8
Read data: 147984024, left: 27135
Finish read data: 128
Data left: 3064, State=4
----------------------
Available data: 3064, State=4
Read chunk type
Chunk Type 3
Chunk ID: 6
Data left: 3063, State=6
----------------------
Available data: 3063, State=6
Data left: 3063, State=8
----------------------
Available data: 3063, State=8
Read data: 147984024, left: 27007
Finish read data: 128
Data left: 2935, State=4
----------------------
Available data: 2935, State=4
Read chunk type
Chunk Type 3
Chunk ID: 6
Data left: 2934, State=6
----------------------
Available data: 2934, State=6
Data left: 2934, State=8
----------------------
Available data: 2934, State=8
Read data: 147984024, left: 26879
Finish read data: 128
Data left: 2806, State=4
----------------------
Available data: 2806, State=4
Read chunk type
Chunk Type 3
Chunk ID: 6
Data left: 2805, State=6
----------------------
Available data: 2805, State=6
Data left: 2805, State=8
----------------------
Available data: 2805, State=8
Read data: 147984024, left: 26751
Finish read data: 128
Data left: 2677, State=4
----------------------
Available data: 2677, State=4
Read chunk type
Chunk Type 3
Chunk ID: 6
Data left: 2676, State=6
----------------------
Available data: 2676, State=6
Data left: 2676, State=8
----------------------
Available data: 2676, State=8
Read data: 147984024, left: 26623
Finish read data: 128
Data left: 2548, State=4
----------------------
Available data: 2548, State=4
Read chunk type
Chunk Type 3
Chunk ID: 6
Data left: 2547, State=6
----------------------
Available data: 2547, State=6
Data left: 2547, State=8
----------------------
Available data: 2547, State=8
Read data: 147984024, left: 26495
Finish read data: 128
Data left: 2419, State=4
----------------------
Available data: 2419, State=4
Read chunk type
Chunk Type 3
Chunk ID: 6
Data left: 2418, State=6
----------------------
Available data: 2418, State=6
Data left: 2418, State=8
----------------------
Available data: 2418, State=8
Read data: 147984024, left: 26367
Finish read data: 128
Data left: 2290, State=4
----------------------
Available data: 2290, State=4
Read chunk type
Chunk Type 3
Chunk ID: 6
Data left: 2289, State=6
----------------------
Available data: 2289, State=6
Data left: 2289, State=8
----------------------
Available data: 2289, State=8
Read data: 147984024, left: 26239
Finish read data: 128
Data left: 2161, State=4
----------------------
Available data: 2161, State=4
Read chunk type
Chunk Type 3
Chunk ID: 6
Data left: 2160, State=6
----------------------
Available data: 2160, State=6
Data left: 2160, State=8
----------------------
Available data: 2160, State=8
Read data: 147984024, left: 26111
Finish read data: 128
Data left: 2032, State=4
----------------------
Available data: 2032, State=4
Read chunk type
Chunk Type 3
Chunk ID: 6
Data left: 2031, State=6
----------------------
Available data: 2031, State=6
Data left: 2031, State=8
----------------------
Available data: 2031, State=8
Read data: 147984024, left: 25983
Finish read data: 128
Data left: 1903, State=4
----------------------
Available data: 1903, State=4
Read chunk type
Chunk Type 3
Chunk ID: 6
Data left: 1902, State=6
----------------------
Available data: 1902, State=6
Data left: 1902, State=8
----------------------
Available data: 1902, State=8
Read data: 147984024, left: 25855
Finish read data: 128
Data left: 1774, State=4
----------------------
Available data: 1774, State=4
Read chunk type
Chunk Type 3
Chunk ID: 6
Data left: 1773, State=6
----------------------
Available data: 1773, State=6
Data left: 1773, State=8
----------------------
Available data: 1773, State=8
Read data: 147984024, left: 25727
Finish read data: 128
Data left: 1645, State=4
----------------------
Available data: 1645, State=4
Read chunk type
Chunk Type 3
Chunk ID: 6
Data left: 1644, State=6
----------------------
Available data: 1644, State=6
Data left: 1644, State=8
----------------------
Available data: 1644, State=8
Read data: 147984024, left: 25599
Finish read data: 128
Data left: 1516, State=4
----------------------
Available data: 1516, State=4
Read chunk type
Chunk Type 3
Chunk ID: 6
Data left: 1515, State=6
----------------------
Available data: 1515, State=6
Data left: 1515, State=8
----------------------
Available data: 1515, State=8
Read data: 147984024, left: 25471
Finish read data: 128
Data left: 1387, State=4
----------------------
Available data: 1387, State=4
Read chunk type
Chunk Type 3
Chunk ID: 6
Data left: 1386, State=6
----------------------
Available data: 1386, State=6
Data left: 1386, State=8
----------------------
Available data: 1386, State=8
Read data: 147984024, left: 25343
Finish read data: 128
Data left: 1258, State=4
----------------------
Available data: 1258, State=4
Read chunk type
Chunk Type 3
Chunk ID: 6
Data left: 1257, State=6
----------------------
Available data: 1257, State=6
Data left: 1257, State=8
----------------------
Available data: 1257, State=8
Read data: 147984024, left: 25215
Finish read data: 128
Data left: 1129, State=4
----------------------
Available data: 1129, State=4
Read chunk type
Chunk Type 3
Chunk ID: 6
Data left: 1128, State=6
----------------------
Available data: 1128, State=6
Data left: 1128, State=8
----------------------
Available data: 1128, State=8
Read data: 147984024, left: 25087
Finish read data: 128
Data left: 1000, State=4
----------------------
Available data: 1000, State=4
Read chunk type
Chunk Type 3
Chunk ID: 6
Data left: 999, State=6
----------------------
Available data: 999, State=6
Data left: 999, State=8
----------------------
Available data: 999, State=8
Read data: 147984024, left: 24959
Finish read data: 128
Data left: 871, State=4
----------------------
Available data: 871, State=4
Read chunk type
Chunk Type 3
Chunk ID: 6
Data left: 870, State=6
----------------------
Available data: 870, State=6
Data left: 870, State=8
----------------------
Available data: 870, State=8
Read data: 147984024, left: 24831
Finish read data: 128
Data left: 742, State=4
----------------------
Available data: 742, State=4
Read chunk type
Chunk Type 3
Chunk ID: 6
Data left: 741, State=6
----------------------
Available data: 741, State=6
Data left: 741, State=8
----------------------
Available data: 741, State=8
Read data: 147984024, left: 24703
Finish read data: 128
Data left: 613, State=4
----------------------
Available data: 613, State=4
Read chunk type
Chunk Type 3
Chunk ID: 6
Data left: 612, State=6
----------------------
Available data: 612, State=6
Data left: 612, State=8
----------------------
Available data: 612, State=8
Read data: 147984024, left: 24575
Finish read data: 128
Data left: 484, State=4
----------------------
Available data: 484, State=4
Read chunk type
Chunk Type 3
Chunk ID: 6
Data left: 483, State=6
----------------------
Available data: 483, State=6
Data left: 483, State=8
----------------------
Available data: 483, State=8
Read data: 147984024, left: 24447
Finish read data: 128
Data left: 355, State=4
----------------------
Available data: 355, State=4
Read chunk type
Chunk Type 3
Chunk ID: 6
Data left: 354, State=6
----------------------
Available data: 354, State=6
Data left: 354, State=8
----------------------
Available data: 354, State=8
Read data: 147984024, left: 24319
Finish read data: 128
Data left: 226, State=4
----------------------
Available data: 226, State=4
Read chunk type
Chunk Type 3
Chunk ID: 6
Data left: 225, State=6
----------------------
Available data: 225, State=6
Data left: 225, State=8
----------------------
Available data: 225, State=8
Read data: 147984024, left: 24191
Finish read data: 128
Data left: 97, State=4
----------------------
Available data: 97, State=4
Read chunk type
Chunk Type 3
Chunk ID: 6
Data left: 96, State=6
----------------------
Available data: 96, State=6
Data left: 96, State=8
----------------------
Available data: 96, State=8
Data left: 96, State=8
Receiving: 4096 4000 8192 131073
----------------------
Available data: 4192, State=8
Read data: 147984024, left: 24063
Finish read data: 128
Data left: 4064, State=4
----------------------
Available data: 4064, State=4
Read chunk type
Chunk Type 3
Chunk ID: 6
Data left: 4063, State=6
----------------------
Available data: 4063, State=6
Data left: 4063, State=8
----------------------
Available data: 4063, State=8
Read data: 147984024, left: 23935
Finish read data: 128
Data left: 3935, State=4
----------------------
Available data: 3935, State=4
Read chunk type
Chunk Type 3
Chunk ID: 6
Data left: 3934, State=6
----------------------
Available data: 3934, State=6
Data left: 3934, State=8
----------------------
Available data: 3934, State=8
Read data: 147984024, left: 23807
Finish read data: 128
Data left: 3806, State=4
----------------------
Available data: 3806, State=4
Read chunk type
Chunk Type 3
Chunk ID: 6
Data left: 3805, State=6
----------------------
Available data: 3805, State=6
Data left: 3805, State=8
----------------------
Available data: 3805, State=8
Read data: 147984024, left: 23679
Finish read data: 128
Data left: 3677, State=4
----------------------
Available data: 3677, State=4
Read chunk type
Chunk Type 3
Chunk ID: 6
Data left: 3676, State=6
----------------------
Available data: 3676, State=6
Data left: 3676, State=8
----------------------
Available data: 3676, State=8
Read data: 147984024, left: 23551
Finish read data: 128
Data left: 3548, State=4
----------------------
Available data: 3548, State=4
Read chunk type
Chunk Type 3
Chunk ID: 6
Data left: 3547, State=6
----------------------
Available data: 3547, State=6
Data left: 3547, State=8
----------------------
Available data: 3547, State=8
Read data: 147984024, left: 23423
Finish read data: 128
Data left: 3419, State=4
----------------------
Available data: 3419, State=4
Read chunk type
Chunk Type 3
Chunk ID: 6
Data left: 3418, State=6
----------------------
Available data: 3418, State=6
Data left: 3418, State=8
----------------------
Available data: 3418, State=8
Read data: 147984024, left: 23295
Finish read data: 128
Data left: 3290, State=4
----------------------
Available data: 3290, State=4
Read chunk type
Chunk Type 3
Chunk ID: 6
Data left: 3289, State=6
----------------------
Available data: 3289, State=6
Data left: 3289, State=8
----------------------
Available data: 3289, State=8
Read data: 147984024, left: 23167
Finish read data: 128
Data left: 3161, State=4
----------------------
Available data: 3161, State=4
Read chunk type
Chunk Type 3
Chunk ID: 6
Data left: 3160, State=6
----------------------
Available data: 3160, State=6
Data left: 3160, State=8
----------------------
Available data: 3160, State=8
Read data: 147984024, left: 23039
Finish read data: 128
Data left: 3032, State=4
----------------------
Available data: 3032, State=4
Read chunk type
Chunk Type 3
Chunk ID: 6
Data left: 3031, State=6
----------------------
Available data: 3031, State=6
Data left: 3031, State=8
----------------------
Available data: 3031, State=8
Read data: 147984024, left: 22911
Finish read data: 128
Data left: 2903, State=4
----------------------
Available data: 2903, State=4
Read chunk type
Chunk Type 3
Chunk ID: 6
Data left: 2902, State=6
----------------------
Available data: 2902, State=6
Data left: 2902, State=8
----------------------
Available data: 2902, State=8
Read data: 147984024, left: 22783
Finish read data: 128
Data left: 2774, State=4
----------------------
Available data: 2774, State=4
Read chunk type
Chunk Type 3
Chunk ID: 6
Data left: 2773, State=6
----------------------
Available data: 2773, State=6
Data left: 2773, State=8
----------------------
Available data: 2773, State=8
Read data: 147984024, left: 22655
Finish read data: 128
Data left: 2645, State=4
----------------------
Available data: 2645, State=4
Read chunk type
Chunk Type 3
Chunk ID: 6
Data left: 2644, State=6
----------------------
Available data: 2644, State=6
Data left: 2644, State=8
----------------------
Available data: 2644, State=8
Read data: 147984024, left: 22527
Finish read data: 128
Data left: 2516, State=4
----------------------
Available data: 2516, State=4
Read chunk type
Chunk Type 3
Chunk ID: 6
Data left: 2515, State=6
----------------------
Available data: 2515, State=6
Data left: 2515, State=8
----------------------
Available data: 2515, State=8
Read data: 147984024, left: 22399
Finish read data: 128
Data left: 2387, State=4
----------------------
Available data: 2387, State=4
Read chunk type
Chunk Type 3
Chunk ID: 6
Data left: 2386, State=6
----------------------
Available data: 2386, State=6
Data left: 2386, State=8
----------------------
Available data: 2386, State=8
Read data: 147984024, left: 22271
Finish read data: 128
Data left: 2258, State=4
----------------------
Available data: 2258, State=4
Read chunk type
Chunk Type 3
Chunk ID: 6
Data left: 2257, State=6
----------------------
Available data: 2257, State=6
Data left: 2257, State=8
----------------------
Available data: 2257, State=8
Read data: 147984024, left: 22143
Finish read data: 128
Data left: 2129, State=4
----------------------
Available data: 2129, State=4
Read chunk type
Chunk Type 3
Chunk ID: 6
Data left: 2128, State=6
----------------------
Available data: 2128, State=6
Data left: 2128, State=8
----------------------
Available data: 2128, State=8
Read data: 147984024, left: 22015
Finish read data: 128
Data left: 2000, State=4
----------------------
Available data: 2000, State=4
Read chunk type
Chunk Type 3
Chunk ID: 6
Data left: 1999, State=6
----------------------
Available data: 1999, State=6
Data left: 1999, State=8
----------------------
Available data: 1999, State=8
Read data: 147984024, left: 21887
Finish read data: 128
Data left: 1871, State=4
----------------------
Available data: 1871, State=4
Read chunk type
Chunk Type 3
Chunk ID: 6
Data left: 1870, State=6
----------------------
Available data: 1870, State=6
Data left: 1870, State=8
----------------------
Available data: 1870, State=8
Read data: 147984024, left: 21759
Finish read data: 128
Data left: 1742, State=4
----------------------
Available data: 1742, State=4
Read chunk type
Chunk Type 3
Chunk ID: 6
Data left: 1741, State=6
----------------------
Available data: 1741, State=6
Data left: 1741, State=8
----------------------
Available data: 1741, State=8
Read data: 147984024, left: 21631
Finish read data: 128
Data left: 1613, State=4
----------------------
Available data: 1613, State=4
Read chunk type
Chunk Type 3
Chunk ID: 6
Data left: 1612, State=6
----------------------
Available data: 1612, State=6
Data left: 1612, State=8
----------------------
Available data: 1612, State=8
Read data: 147984024, left: 21503
Finish read data: 128
Data left: 1484, State=4
----------------------
Available data: 1484, State=4
Read chunk type
Chunk Type 3
Chunk ID: 6
Data left: 1483, State=6
----------------------
Available data: 1483, State=6
Data left: 1483, State=8
----------------------
Available data: 1483, State=8
Read data: 147984024, left: 21375
Finish read data: 128
Data left: 1355, State=4
----------------------
Available data: 1355, State=4
Read chunk type
Chunk Type 3
Chunk ID: 6
Data left: 1354, State=6
----------------------
Available data: 1354, State=6
Data left: 1354, State=8
----------------------
Available data: 1354, State=8
Read data: 147984024, left: 21247
Finish read data: 128
Data left: 1226, State=4
----------------------
Available data: 1226, State=4
Read chunk type
Chunk Type 3
Chunk ID: 6
Data left: 1225, State=6
----------------------
Available data: 1225, State=6
Data left: 1225, State=8
----------------------
Available data: 1225, State=8
Read data: 147984024, left: 21119
Finish read data: 128
Data left: 1097, State=4
----------------------
Available data: 1097, State=4
Read chunk type
Chunk Type 3
Chunk ID: 6
Data left: 1096, State=6
----------------------
Available data: 1096, State=6
Data left: 1096, State=8
----------------------
Available data: 1096, State=8
Read data: 147984024, left: 20991
Finish read data: 128
Data left: 968, State=4
----------------------
Available data: 968, State=4
Read chunk type
Chunk Type 3
Chunk ID: 6
Data left: 967, State=6
----------------------
Available data: 967, State=6
Data left: 967, State=8
----------------------
Available data: 967, State=8
Read data: 147984024, left: 20863
Finish read data: 128
Data left: 839, State=4
----------------------
Available data: 839, State=4
Read chunk type
Chunk Type 3
Chunk ID: 6
Data left: 838, State=6
----------------------
Available data: 838, State=6
Data left: 838, State=8
----------------------
Available data: 838, State=8
Read data: 147984024, left: 20735
Finish read data: 128
Data left: 710, State=4
----------------------
Available data: 710, State=4
Read chunk type
Chunk Type 3
Chunk ID: 6
Data left: 709, State=6
----------------------
Available data: 709, State=6
Data left: 709, State=8
----------------------
Available data: 709, State=8
Read data: 147984024, left: 20607
Finish read data: 128
Data left: 581, State=4
----------------------
Available data: 581, State=4
Read chunk type
Chunk Type 3
Chunk ID: 6
Data left: 580, State=6
----------------------
Available data: 580, State=6
Data left: 580, State=8
----------------------
Available data: 580, State=8
Read data: 147984024, left: 20479
Finish read data: 128
Data left: 452, State=4
----------------------
Available data: 452, State=4
Read chunk type
Chunk Type 3
Chunk ID: 6
Data left: 451, State=6
----------------------
Available data: 451, State=6
Data left: 451, State=8
----------------------
Available data: 451, State=8
Read data: 147984024, left: 20351
Finish read data: 128
Data left: 323, State=4
----------------------
Available data: 323, State=4
Read chunk type
Chunk Type 3
Chunk ID: 6
Data left: 322, State=6
----------------------
Available data: 322, State=6
Data left: 322, State=8
----------------------
Available data: 322, State=8
Read data: 147984024, left: 20223
Finish read data: 128
Data left: 194, State=4
----------------------
Available data: 194, State=4
Read chunk type
Chunk Type 3
Chunk ID: 6
Data left: 193, State=6
----------------------
Available data: 193, State=6
Data left: 193, State=8
----------------------
Available data: 193, State=8
Read data: 147984024, left: 20095
Finish read data: 128
Data left: 65, State=4
----------------------
Available data: 65, State=4
Read chunk type
Chunk Type 3
Chunk ID: 6
Data left: 64, State=6
----------------------
Available data: 64, State=6
Data left: 64, State=8
----------------------
Available data: 64, State=8
Data left: 64, State=8
Receiving: 4450 8128 12642 131073
----------------------
Available data: 4514, State=8
Read data: 147984024, left: 19967
Finish read data: 128
Data left: 4386, State=4
----------------------
Available data: 4386, State=4
Read chunk type
Chunk Type 3
Chunk ID: 6
Data left: 4385, State=6
----------------------
Available data: 4385, State=6
Data left: 4385, State=8
----------------------
Available data: 4385, State=8
Read data: 147984024, left: 19839
Finish read data: 128
Data left: 4257, State=4
----------------------
Available data: 4257, State=4
Read chunk type
Chunk Type 3
Chunk ID: 6
Data left: 4256, State=6
----------------------
Available data: 4256, State=6
Data left: 4256, State=8
----------------------
Available data: 4256, State=8
Read data: 147984024, left: 19711
Finish read data: 128
Data left: 4128, State=4
----------------------
Available data: 4128, State=4
Read chunk type
Chunk Type 3
Chunk ID: 6
Data left: 4127, State=6
----------------------
Available data: 4127, State=6
Data left: 4127, State=8
----------------------
Available data: 4127, State=8
Read data: 147984024, left: 19583
Finish read data: 128
Data left: 3999, State=4
----------------------
Available data: 3999, State=4
Read chunk type
Chunk Type 3
Chunk ID: 6
Data left: 3998, State=6
----------------------
Available data: 3998, State=6
Data left: 3998, State=8
----------------------
Available data: 3998, State=8
Read data: 147984024, left: 19455
Finish read data: 128
Data left: 3870, State=4
----------------------
Available data: 3870, State=4
Read chunk type
Chunk Type 3
Chunk ID: 6
Data left: 3869, State=6
----------------------
Available data: 3869, State=6
Data left: 3869, State=8
----------------------
Available data: 3869, State=8
Read data: 147984024, left: 19327
Finish read data: 128
Data left: 3741, State=4
----------------------
Available data: 3741, State=4
Read chunk type
Chunk Type 3
Chunk ID: 6
Data left: 3740, State=6
----------------------
Available data: 3740, State=6
Data left: 3740, State=8
----------------------
Available data: 3740, State=8
Read data: 147984024, left: 19199
Finish read data: 128
Data left: 3612, State=4
----------------------
Available data: 3612, State=4
Read chunk type
Chunk Type 3
Chunk ID: 6
Data left: 3611, State=6
----------------------
Available data: 3611, State=6
Data left: 3611, State=8
----------------------
Available data: 3611, State=8
Read data: 147984024, left: 19071
Finish read data: 128
Data left: 3483, State=4
----------------------
Available data: 3483, State=4
Read chunk type
Chunk Type 3
Chunk ID: 6
Data left: 3482, State=6
----------------------
Available data: 3482, State=6
Data left: 3482, State=8
----------------------
Available data: 3482, State=8
Read data: 147984024, left: 18943
Finish read data: 128
Data left: 3354, State=4
----------------------
Available data: 3354, State=4
Read chunk type
Chunk Type 3
Chunk ID: 6
Data left: 3353, State=6
----------------------
Available data: 3353, State=6
Data left: 3353, State=8
----------------------
Available data: 3353, State=8
Read data: 147984024, left: 18815
Finish read data: 128
Data left: 3225, State=4
----------------------
Available data: 3225, State=4
Read chunk type
Chunk Type 3
Chunk ID: 6
Data left: 3224, State=6
----------------------
Available data: 3224, State=6
Data left: 3224, State=8
----------------------
Available data: 3224, State=8
Read data: 147984024, left: 18687
Finish read data: 128
Data left: 3096, State=4
----------------------
Available data: 3096, State=4
Read chunk type
Chunk Type 3
Chunk ID: 6
Data left: 3095, State=6
----------------------
Available data: 3095, State=6
Data left: 3095, State=8
----------------------
Available data: 3095, State=8
Read data: 147984024, left: 18559
Finish read data: 128
Data left: 2967, State=4
----------------------
Available data: 2967, State=4
Read chunk type
Chunk Type 3
Chunk ID: 6
Data left: 2966, State=6
----------------------
Available data: 2966, State=6
Data left: 2966, State=8
----------------------
Available data: 2966, State=8
Read data: 147984024, left: 18431
Finish read data: 128
Data left: 2838, State=4
----------------------
Available data: 2838, State=4
Read chunk type
Chunk Type 3
Chunk ID: 6
Data left: 2837, State=6
----------------------
Available data: 2837, State=6
Data left: 2837, State=8
----------------------
Available data: 2837, State=8
Read data: 147984024, left: 18303
Finish read data: 128
Data left: 2709, State=4
----------------------
Available data: 2709, State=4
Read chunk type
Chunk Type 3
Chunk ID: 6
Data left: 2708, State=6
----------------------
Available data: 2708, State=6
Data left: 2708, State=8
----------------------
Available data: 2708, State=8
Read data: 147984024, left: 18175
Finish read data: 128
Data left: 2580, State=4
----------------------
Available data: 2580, State=4
Read chunk type
Chunk Type 3
Chunk ID: 6
Data left: 2579, State=6
----------------------
Available data: 2579, State=6
Data left: 2579, State=8
----------------------
Available data: 2579, State=8
Read data: 147984024, left: 18047
Finish read data: 128
Data left: 2451, State=4
----------------------
Available data: 2451, State=4
Read chunk type
Chunk Type 3
Chunk ID: 6
Data left: 2450, State=6
----------------------
Available data: 2450, State=6
Data left: 2450, State=8
----------------------
Available data: 2450, State=8
Read data: 147984024, left: 17919
Finish read data: 128
Data left: 2322, State=4
----------------------
Available data: 2322, State=4
Read chunk type
Chunk Type 3
Chunk ID: 6
Data left: 2321, State=6
----------------------
Available data: 2321, State=6
Data left: 2321, State=8
----------------------
Available data: 2321, State=8
Read data: 147984024, left: 17791
Finish read data: 128
Data left: 2193, State=4
----------------------
Available data: 2193, State=4
Read chunk type
Chunk Type 3
Chunk ID: 6
Data left: 2192, State=6
----------------------
Available data: 2192, State=6
Data left: 2192, State=8
----------------------
Available data: 2192, State=8
Read data: 147984024, left: 17663
Finish read data: 128
Data left: 2064, State=4
----------------------
Available data: 2064, State=4
Read chunk type
Chunk Type 3
Chunk ID: 6
Data left: 2063, State=6
----------------------
Available data: 2063, State=6
Data left: 2063, State=8
----------------------
Available data: 2063, State=8
Read data: 147984024, left: 17535
Finish read data: 128
Data left: 1935, State=4
----------------------
Available data: 1935, State=4
Read chunk type
Chunk Type 3
Chunk ID: 6
Data left: 1934, State=6
----------------------
Available data: 1934, State=6
Data left: 1934, State=8
----------------------
Available data: 1934, State=8
Read data: 147984024, left: 17407
Finish read data: 128
Data left: 1806, State=4
----------------------
Available data: 1806, State=4
Read chunk type
Chunk Type 3
Chunk ID: 6
Data left: 1805, State=6
----------------------
Available data: 1805, State=6
Data left: 1805, State=8
----------------------
Available data: 1805, State=8
Read data: 147984024, left: 17279
Finish read data: 128
Data left: 1677, State=4
----------------------
Available data: 1677, State=4
Read chunk type
Chunk Type 3
Chunk ID: 6
Data left: 1676, State=6
----------------------
Available data: 1676, State=6
Data left: 1676, State=8
----------------------
Available data: 1676, State=8
Read data: 147984024, left: 17151
Finish read data: 128
Data left: 1548, State=4
----------------------
Available data: 1548, State=4
Read chunk type
Chunk Type 3
Chunk ID: 6
Data left: 1547, State=6
----------------------
Available data: 1547, State=6
Data left: 1547, State=8
----------------------
Available data: 1547, State=8
Read data: 147984024, left: 17023
Finish read data: 128
Data left: 1419, State=4
----------------------
Available data: 1419, State=4
Read chunk type
Chunk Type 3
Chunk ID: 6
Data left: 1418, State=6
----------------------
Available data: 1418, State=6
Data left: 1418, State=8
----------------------
Available data: 1418, State=8
Read data: 147984024, left: 16895
Finish read data: 128
Data left: 1290, State=4
----------------------
Available data: 1290, State=4
Read chunk type
Chunk Type 3
Chunk ID: 6
Data left: 1289, State=6
----------------------
Available data: 1289, State=6
Data left: 1289, State=8
----------------------
Available data: 1289, State=8
Read data: 147984024, left: 16767
Finish read data: 128
Data left: 1161, State=4
----------------------
Available data: 1161, State=4
Read chunk type
Chunk Type 3
Chunk ID: 6
Data left: 1160, State=6
----------------------
Available data: 1160, State=6
Data left: 1160, State=8
----------------------
Available data: 1160, State=8
Read data: 147984024, left: 16639
Finish read data: 128
Data left: 1032, State=4
----------------------
Available data: 1032, State=4
Read chunk type
Chunk Type 3
Chunk ID: 6
Data left: 1031, State=6
----------------------
Available data: 1031, State=6
Data left: 1031, State=8
----------------------
Available data: 1031, State=8
Read data: 147984024, left: 16511
Finish read data: 128
Data left: 903, State=4
----------------------
Available data: 903, State=4
Read chunk type
Chunk Type 3
Chunk ID: 6
Data left: 902, State=6
----------------------
Available data: 902, State=6
Data left: 902, State=8
----------------------
Available data: 902, State=8
Read data: 147984024, left: 16383
Finish read data: 128
Data left: 774, State=4
----------------------
Available data: 774, State=4
Read chunk type
Chunk Type 3
Chunk ID: 6
Data left: 773, State=6
----------------------
Available data: 773, State=6
Data left: 773, State=8
----------------------
Available data: 773, State=8
Read data: 147984024, left: 16255
Finish read data: 128
Data left: 645, State=4
----------------------
Available data: 645, State=4
Read chunk type
Chunk Type 3
Chunk ID: 6
Data left: 644, State=6
----------------------
Available data: 644, State=6
Data left: 644, State=8
----------------------
Available data: 644, State=8
Read data: 147984024, left: 16127
Finish read data: 128
Data left: 516, State=4
----------------------
Available data: 516, State=4
Read chunk type
Chunk Type 3
Chunk ID: 6
Data left: 515, State=6
----------------------
Available data: 515, State=6
Data left: 515, State=8
----------------------
Available data: 515, State=8
Read data: 147984024, left: 15999
Finish read data: 128
Data left: 387, State=4
----------------------
Available data: 387, State=4
Read chunk type
Chunk Type 3
Chunk ID: 6
Data left: 386, State=6
----------------------
Available data: 386, State=6
Data left: 386, State=8
----------------------
Available data: 386, State=8
Read data: 147984024, left: 15871
Finish read data: 128
Data left: 258, State=4
----------------------
Available data: 258, State=4
Read chunk type
Chunk Type 3
Chunk ID: 6
Data left: 257, State=6
----------------------
Available data: 257, State=6
Data left: 257, State=8
----------------------
Available data: 257, State=8
Read data: 147984024, left: 15743
Finish read data: 128
Data left: 129, State=4
----------------------
Available data: 129, State=4
Read chunk type
Chunk Type 3
Chunk ID: 6
Data left: 128, State=6
----------------------
Available data: 128, State=6
Data left: 128, State=8
----------------------
Available data: 128, State=8
Read data: 147984024, left: 15615
Finish read data: 128
Data left: 0, State=4
Receiving: 4096 0 4096 131073
----------------------
Available data: 4096, State=4
Read chunk type
Chunk Type 3
Chunk ID: 6
Data left: 4095, State=6
----------------------
Available data: 4095, State=6
Data left: 4095, State=8
----------------------
Available data: 4095, State=8
Read data: 147984024, left: 15487
Finish read data: 128
Data left: 3967, State=4
----------------------
Available data: 3967, State=4
Read chunk type
Chunk Type 3
Chunk ID: 6
Data left: 3966, State=6
----------------------
Available data: 3966, State=6
Data left: 3966, State=8
----------------------
Available data: 3966, State=8
Read data: 147984024, left: 15359
Finish read data: 128
Data left: 3838, State=4
----------------------
Available data: 3838, State=4
Read chunk type
Chunk Type 3
Chunk ID: 6
Data left: 3837, State=6
----------------------
Available data: 3837, State=6
Data left: 3837, State=8
----------------------
Available data: 3837, State=8
Read data: 147984024, left: 15231
Finish read data: 128
Data left: 3709, State=4
----------------------
Available data: 3709, State=4
Read chunk type
Chunk Type 3
Chunk ID: 6
Data left: 3708, State=6
----------------------
Available data: 3708, State=6
Data left: 3708, State=8
----------------------
Available data: 3708, State=8
Read data: 147984024, left: 15103
Finish read data: 128
Data left: 3580, State=4
----------------------
Available data: 3580, State=4
Read chunk type
Chunk Type 3
Chunk ID: 6
Data left: 3579, State=6
----------------------
Available data: 3579, State=6
Data left: 3579, State=8
----------------------
Available data: 3579, State=8
Read data: 147984024, left: 14975
Finish read data: 128
Data left: 3451, State=4
----------------------
Available data: 3451, State=4
Read chunk type
Chunk Type 3
Chunk ID: 6
Data left: 3450, State=6
----------------------
Available data: 3450, State=6
Data left: 3450, State=8
----------------------
Available data: 3450, State=8
Read data: 147984024, left: 14847
Finish read data: 128
Data left: 3322, State=4
----------------------
Available data: 3322, State=4
Read chunk type
Chunk Type 3
Chunk ID: 6
Data left: 3321, State=6
----------------------
Available data: 3321, State=6
Data left: 3321, State=8
----------------------
Available data: 3321, State=8
Read data: 147984024, left: 14719
Finish read data: 128
Data left: 3193, State=4
----------------------
Available data: 3193, State=4
Read chunk type
Chunk Type 3
Chunk ID: 6
Data left: 3192, State=6
----------------------
Available data: 3192, State=6
Data left: 3192, State=8
----------------------
Available data: 3192, State=8
Read data: 147984024, left: 14591
Finish read data: 128
Data left: 3064, State=4
----------------------
Available data: 3064, State=4
Read chunk type
Chunk Type 3
Chunk ID: 6
Data left: 3063, State=6
----------------------
Available data: 3063, State=6
Data left: 3063, State=8
----------------------
Available data: 3063, State=8
Read data: 147984024, left: 14463
Finish read data: 128
Data left: 2935, State=4
----------------------
Available data: 2935, State=4
Read chunk type
Chunk Type 3
Chunk ID: 6
Data left: 2934, State=6
----------------------
Available data: 2934, State=6
Data left: 2934, State=8
----------------------
Available data: 2934, State=8
Read data: 147984024, left: 14335
Finish read data: 128
Data left: 2806, State=4
----------------------
Available data: 2806, State=4
Read chunk type
Chunk Type 3
Chunk ID: 6
Data left: 2805, State=6
----------------------
Available data: 2805, State=6
Data left: 2805, State=8
----------------------
Available data: 2805, State=8
Read data: 147984024, left: 14207
Finish read data: 128
Data left: 2677, State=4
----------------------
Available data: 2677, State=4
Read chunk type
Chunk Type 3
Chunk ID: 6
Data left: 2676, State=6
----------------------
Available data: 2676, State=6
Data left: 2676, State=8
----------------------
Available data: 2676, State=8
Read data: 147984024, left: 14079
Finish read data: 128
Data left: 2548, State=4
----------------------
Available data: 2548, State=4
Read chunk type
Chunk Type 3
Chunk ID: 6
Data left: 2547, State=6
----------------------
Available data: 2547, State=6
Data left: 2547, State=8
----------------------
Available data: 2547, State=8
Read data: 147984024, left: 13951
Finish read data: 128
Data left: 2419, State=4
----------------------
Available data: 2419, State=4
Read chunk type
Chunk Type 3
Chunk ID: 6
Data left: 2418, State=6
----------------------
Available data: 2418, State=6
Data left: 2418, State=8
----------------------
Available data: 2418, State=8
Read data: 147984024, left: 13823
Finish read data: 128
Data left: 2290, State=4
----------------------
Available data: 2290, State=4
Read chunk type
Chunk Type 3
Chunk ID: 6
Data left: 2289, State=6
----------------------
Available data: 2289, State=6
Data left: 2289, State=8
----------------------
Available data: 2289, State=8
Read data: 147984024, left: 13695
Finish read data: 128
Data left: 2161, State=4
----------------------
Available data: 2161, State=4
Read chunk type
Chunk Type 3
Chunk ID: 6
Data left: 2160, State=6
----------------------
Available data: 2160, State=6
Data left: 2160, State=8
----------------------
Available data: 2160, State=8
Read data: 147984024, left: 13567
Finish read data: 128
Data left: 2032, State=4
----------------------
Available data: 2032, State=4
Read chunk type
Chunk Type 3
Chunk ID: 6
Data left: 2031, State=6
----------------------
Available data: 2031, State=6
Data left: 2031, State=8
----------------------
Available data: 2031, State=8
Read data: 147984024, left: 13439
Finish read data: 128
Data left: 1903, State=4
----------------------
Available data: 1903, State=4
Read chunk type
Chunk Type 3
Chunk ID: 6
Data left: 1902, State=6
----------------------
Available data: 1902, State=6
Data left: 1902, State=8
----------------------
Available data: 1902, State=8
Read data: 147984024, left: 13311
Finish read data: 128
Data left: 1774, State=4
----------------------
Available data: 1774, State=4
Read chunk type
Chunk Type 3
Chunk ID: 6
Data left: 1773, State=6
----------------------
Available data: 1773, State=6
Data left: 1773, State=8
----------------------
Available data: 1773, State=8
Read data: 147984024, left: 13183
Finish read data: 128
Data left: 1645, State=4
----------------------
Available data: 1645, State=4
Read chunk type
Chunk Type 3
Chunk ID: 6
Data left: 1644, State=6
----------------------
Available data: 1644, State=6
Data left: 1644, State=8
----------------------
Available data: 1644, State=8
Read data: 147984024, left: 13055
Finish read data: 128
Data left: 1516, State=4
----------------------
Available data: 1516, State=4
Read chunk type
Chunk Type 3
Chunk ID: 6
Data left: 1515, State=6
----------------------
Available data: 1515, State=6
Data left: 1515, State=8
----------------------
Available data: 1515, State=8
Read data: 147984024, left: 12927
Finish read data: 128
Data left: 1387, State=4
----------------------
Available data: 1387, State=4
Read chunk type
Chunk Type 3
Chunk ID: 6
Data left: 1386, State=6
----------------------
Available data: 1386, State=6
Data left: 1386, State=8
----------------------
Available data: 1386, State=8
Read data: 147984024, left: 12799
Finish read data: 128
Data left: 1258, State=4
----------------------
Available data: 1258, State=4
Read chunk type
Chunk Type 3
Chunk ID: 6
Data left: 1257, State=6
----------------------
Available data: 1257, State=6
Data left: 1257, State=8
----------------------
Available data: 1257, State=8
Read data: 147984024, left: 12671
Finish read data: 128
Data left: 1129, State=4
----------------------
Available data: 1129, State=4
Read chunk type
Chunk Type 3
Chunk ID: 6
Data left: 1128, State=6
----------------------
Available data: 1128, State=6
Data left: 1128, State=8
----------------------
Available data: 1128, State=8
Read data: 147984024, left: 12543
Finish read data: 128
Data left: 1000, State=4
----------------------
Available data: 1000, State=4
Read chunk type
Chunk Type 3
Chunk ID: 6
Data left: 999, State=6
----------------------
Available data: 999, State=6
Data left: 999, State=8
----------------------
Available data: 999, State=8
Read data: 147984024, left: 12415
Finish read data: 128
Data left: 871, State=4
----------------------
Available data: 871, State=4
Read chunk type
Chunk Type 3
Chunk ID: 6
Data left: 870, State=6
----------------------
Available data: 870, State=6
Data left: 870, State=8
----------------------
Available data: 870, State=8
Read data: 147984024, left: 12287
Finish read data: 128
Data left: 742, State=4
----------------------
Available data: 742, State=4
Read chunk type
Chunk Type 3
Chunk ID: 6
Data left: 741, State=6
----------------------
Available data: 741, State=6
Data left: 741, State=8
----------------------
Available data: 741, State=8
Read data: 147984024, left: 12159
Finish read data: 128
Data left: 613, State=4
----------------------
Available data: 613, State=4
Read chunk type
Chunk Type 3
Chunk ID: 6
Data left: 612, State=6
----------------------
Available data: 612, State=6
Data left: 612, State=8
----------------------
Available data: 612, State=8
Read data: 147984024, left: 12031
Finish read data: 128
Data left: 484, State=4
----------------------
Available data: 484, State=4
Read chunk type
Chunk Type 3
Chunk ID: 6
Data left: 483, State=6
----------------------
Available data: 483, State=6
Data left: 483, State=8
----------------------
Available data: 483, State=8
Read data: 147984024, left: 11903
Finish read data: 128
Data left: 355, State=4
----------------------
Available data: 355, State=4
Read chunk type
Chunk Type 3
Chunk ID: 6
Data left: 354, State=6
----------------------
Available data: 354, State=6
Data left: 354, State=8
----------------------
Available data: 354, State=8
Read data: 147984024, left: 11775
Finish read data: 128
Data left: 226, State=4
----------------------
Available data: 226, State=4
Read chunk type
Chunk Type 3
Chunk ID: 6
Data left: 225, State=6
----------------------
Available data: 225, State=6
Data left: 225, State=8
----------------------
Available data: 225, State=8
Read data: 147984024, left: 11647
Finish read data: 128
Data left: 97, State=4
----------------------
Available data: 97, State=4
Read chunk type
Chunk Type 3
Chunk ID: 6
Data left: 96, State=6
----------------------
Available data: 96, State=6
Data left: 96, State=8
----------------------
Available data: 96, State=8
Data left: 96, State=8
Receiving: 4096 4000 8192 131073
----------------------
Available data: 4192, State=8
Read data: 147984024, left: 11519
Finish read data: 128
Data left: 4064, State=4
----------------------
Available data: 4064, State=4
Read chunk type
Chunk Type 3
Chunk ID: 6
Data left: 4063, State=6
----------------------
Available data: 4063, State=6
Data left: 4063, State=8
----------------------
Available data: 4063, State=8
Read data: 147984024, left: 11391
Finish read data: 128
Data left: 3935, State=4
----------------------
Available data: 3935, State=4
Read chunk type
Chunk Type 3
Chunk ID: 6
Data left: 3934, State=6
----------------------
Available data: 3934, State=6
Data left: 3934, State=8
----------------------
Available data: 3934, State=8
Read data: 147984024, left: 11263
Finish read data: 128
Data left: 3806, State=4
----------------------
Available data: 3806, State=4
Read chunk type
Chunk Type 3
Chunk ID: 6
Data left: 3805, State=6
----------------------
Available data: 3805, State=6
Data left: 3805, State=8
----------------------
Available data: 3805, State=8
Read data: 147984024, left: 11135
Finish read data: 128
Data left: 3677, State=4
----------------------
Available data: 3677, State=4
Read chunk type
Chunk Type 3
Chunk ID: 6
Data left: 3676, State=6
----------------------
Available data: 3676, State=6
Data left: 3676, State=8
----------------------
Available data: 3676, State=8
Read data: 147984024, left: 11007
Finish read data: 128
Data left: 3548, State=4
----------------------
Available data: 3548, State=4
Read chunk type
Chunk Type 3
Chunk ID: 6
Data left: 3547, State=6
----------------------
Available data: 3547, State=6
Data left: 3547, State=8
----------------------
Available data: 3547, State=8
Read data: 147984024, left: 10879
Finish read data: 128
Data left: 3419, State=4
----------------------
Available data: 3419, State=4
Read chunk type
Chunk Type 3
Chunk ID: 6
Data left: 3418, State=6
----------------------
Available data: 3418, State=6
Data left: 3418, State=8
----------------------
Available data: 3418, State=8
Read data: 147984024, left: 10751
Finish read data: 128
Data left: 3290, State=4
----------------------
Available data: 3290, State=4
Read chunk type
Chunk Type 3
Chunk ID: 6
Data left: 3289, State=6
----------------------
Available data: 3289, State=6
Data left: 3289, State=8
----------------------
Available data: 3289, State=8
Read data: 147984024, left: 10623
Finish read data: 128
Data left: 3161, State=4
----------------------
Available data: 3161, State=4
Read chunk type
Chunk Type 3
Chunk ID: 6
Data left: 3160, State=6
----------------------
Available data: 3160, State=6
Data left: 3160, State=8
----------------------
Available data: 3160, State=8
Read data: 147984024, left: 10495
Finish read data: 128
Data left: 3032, State=4
----------------------
Available data: 3032, State=4
Read chunk type
Chunk Type 3
Chunk ID: 6
Data left: 3031, State=6
----------------------
Available data: 3031, State=6
Data left: 3031, State=8
----------------------
Available data: 3031, State=8
Read data: 147984024, left: 10367
Finish read data: 128
Data left: 2903, State=4
----------------------
Available data: 2903, State=4
Read chunk type
Chunk Type 3
Chunk ID: 6
Data left: 2902, State=6
----------------------
Available data: 2902, State=6
Data left: 2902, State=8
----------------------
Available data: 2902, State=8
Read data: 147984024, left: 10239
Finish read data: 128
Data left: 2774, State=4
----------------------
Available data: 2774, State=4
Read chunk type
Chunk Type 3
Chunk ID: 6
Data left: 2773, State=6
----------------------
Available data: 2773, State=6
Data left: 2773, State=8
----------------------
Available data: 2773, State=8
Read data: 147984024, left: 10111
Finish read data: 128
Data left: 2645, State=4
----------------------
Available data: 2645, State=4
Read chunk type
Chunk Type 3
Chunk ID: 6
Data left: 2644, State=6
----------------------
Available data: 2644, State=6
Data left: 2644, State=8
----------------------
Available data: 2644, State=8
Read data: 147984024, left: 9983
Finish read data: 128
Data left: 2516, State=4
----------------------
Available data: 2516, State=4
Read chunk type
Chunk Type 3
Chunk ID: 6
Data left: 2515, State=6
----------------------
Available data: 2515, State=6
Data left: 2515, State=8
----------------------
Available data: 2515, State=8
Read data: 147984024, left: 9855
Finish read data: 128
Data left: 2387, State=4
----------------------
Available data: 2387, State=4
Read chunk type
Chunk Type 3
Chunk ID: 6
Data left: 2386, State=6
----------------------
Available data: 2386, State=6
Data left: 2386, State=8
----------------------
Available data: 2386, State=8
Read data: 147984024, left: 9727
Finish read data: 128
Data left: 2258, State=4
----------------------
Available data: 2258, State=4
Read chunk type
Chunk Type 3
Chunk ID: 6
Data left: 2257, State=6
----------------------
Available data: 2257, State=6
Data left: 2257, State=8
----------------------
Available data: 2257, State=8
Read data: 147984024, left: 9599
Finish read data: 128
Data left: 2129, State=4
----------------------
Available data: 2129, State=4
Read chunk type
Chunk Type 3
Chunk ID: 6
Data left: 2128, State=6
----------------------
Available data: 2128, State=6
Data left: 2128, State=8
----------------------
Available data: 2128, State=8
Read data: 147984024, left: 9471
Finish read data: 128
Data left: 2000, State=4
----------------------
Available data: 2000, State=4
Read chunk type
Chunk Type 3
Chunk ID: 6
Data left: 1999, State=6
----------------------
Available data: 1999, State=6
Data left: 1999, State=8
----------------------
Available data: 1999, State=8
Read data: 147984024, left: 9343
Finish read data: 128
Data left: 1871, State=4
----------------------
Available data: 1871, State=4
Read chunk type
Chunk Type 3
Chunk ID: 6
Data left: 1870, State=6
----------------------
Available data: 1870, State=6
Data left: 1870, State=8
----------------------
Available data: 1870, State=8
Read data: 147984024, left: 9215
Finish read data: 128
Data left: 1742, State=4
----------------------
Available data: 1742, State=4
Read chunk type
Chunk Type 3
Chunk ID: 6
Data left: 1741, State=6
----------------------
Available data: 1741, State=6
Data left: 1741, State=8
----------------------
Available data: 1741, State=8
Read data: 147984024, left: 9087
Finish read data: 128
Data left: 1613, State=4
----------------------
Available data: 1613, State=4
Read chunk type
Chunk Type 3
Chunk ID: 6
Data left: 1612, State=6
----------------------
Available data: 1612, State=6
Data left: 1612, State=8
----------------------
Available data: 1612, State=8
Read data: 147984024, left: 8959
Finish read data: 128
Data left: 1484, State=4
----------------------
Available data: 1484, State=4
Read chunk type
Chunk Type 3
Chunk ID: 6
Data left: 1483, State=6
----------------------
Available data: 1483, State=6
Data left: 1483, State=8
----------------------
Available data: 1483, State=8
Read data: 147984024, left: 8831
Finish read data: 128
Data left: 1355, State=4
----------------------
Available data: 1355, State=4
Read chunk type
Chunk Type 3
Chunk ID: 6
Data left: 1354, State=6
----------------------
Available data: 1354, State=6
Data left: 1354, State=8
----------------------
Available data: 1354, State=8
Read data: 147984024, left: 8703
Finish read data: 128
Data left: 1226, State=4
----------------------
Available data: 1226, State=4
Read chunk type
Chunk Type 3
Chunk ID: 6
Data left: 1225, State=6
----------------------
Available data: 1225, State=6
Data left: 1225, State=8
----------------------
Available data: 1225, State=8
Read data: 147984024, left: 8575
Finish read data: 128
Data left: 1097, State=4
----------------------
Available data: 1097, State=4
Read chunk type
Chunk Type 3
Chunk ID: 6
Data left: 1096, State=6
----------------------
Available data: 1096, State=6
Data left: 1096, State=8
----------------------
Available data: 1096, State=8
Read data: 147984024, left: 8447
Finish read data: 128
Data left: 968, State=4
----------------------
Available data: 968, State=4
Read chunk type
Chunk Type 3
Chunk ID: 6
Data left: 967, State=6
----------------------
Available data: 967, State=6
Data left: 967, State=8
----------------------
Available data: 967, State=8
Read data: 147984024, left: 8319
Finish read data: 128
Data left: 839, State=4
----------------------
Available data: 839, State=4
Read chunk type
Chunk Type 3
Chunk ID: 6
Data left: 838, State=6
----------------------
Available data: 838, State=6
Data left: 838, State=8
----------------------
Available data: 838, State=8
Read data: 147984024, left: 8191
Finish read data: 128
Data left: 710, State=4
----------------------
Available data: 710, State=4
Read chunk type
Chunk Type 3
Chunk ID: 6
Data left: 709, State=6
----------------------
Available data: 709, State=6
Data left: 709, State=8
----------------------
Available data: 709, State=8
Read data: 147984024, left: 8063
Finish read data: 128
Data left: 581, State=4
----------------------
Available data: 581, State=4
Read chunk type
Chunk Type 3
Chunk ID: 6
Data left: 580, State=6
----------------------
Available data: 580, State=6
Data left: 580, State=8
----------------------
Available data: 580, State=8
Read data: 147984024, left: 7935
Finish read data: 128
Data left: 452, State=4
----------------------
Available data: 452, State=4
Read chunk type
Chunk Type 3
Chunk ID: 6
Data left: 451, State=6
----------------------
Available data: 451, State=6
Data left: 451, State=8
----------------------
Available data: 451, State=8
Read data: 147984024, left: 7807
Finish read data: 128
Data left: 323, State=4
----------------------
Available data: 323, State=4
Read chunk type
Chunk Type 3
Chunk ID: 6
Data left: 322, State=6
----------------------
Available data: 322, State=6
Data left: 322, State=8
----------------------
Available data: 322, State=8
Read data: 147984024, left: 7679
Finish read data: 128
Data left: 194, State=4
----------------------
Available data: 194, State=4
Read chunk type
Chunk Type 3
Chunk ID: 6
Data left: 193, State=6
----------------------
Available data: 193, State=6
Data left: 193, State=8
----------------------
Available data: 193, State=8
Read data: 147984024, left: 7551
Finish read data: 128
Data left: 65, State=4
----------------------
Available data: 65, State=4
Read chunk type
Chunk Type 3
Chunk ID: 6
Data left: 64, State=6
----------------------
Available data: 64, State=6
Data left: 64, State=8
----------------------
Available data: 64, State=8
Data left: 64, State=8
Receiving: 322 8128 8514 131073
----------------------
Available data: 386, State=8
Read data: 147984024, left: 7423
Finish read data: 128
Data left: 258, State=4
----------------------
Available data: 258, State=4
Read chunk type
Chunk Type 3
Chunk ID: 6
Data left: 257, State=6
----------------------
Available data: 257, State=6
Data left: 257, State=8
----------------------
Available data: 257, State=8
Read data: 147984024, left: 7295
Finish read data: 128
Data left: 129, State=4
----------------------
Available data: 129, State=4
Read chunk type
Chunk Type 3
Chunk ID: 6
Data left: 128, State=6
----------------------
Available data: 128, State=6
Data left: 128, State=8
----------------------
Available data: 128, State=8
Read data: 147984024, left: 7167
Finish read data: 128
Data left: 0, State=4
Receiving: 4096 0 4096 131073
----------------------
Available data: 4096, State=4
Read chunk type
Chunk Type 3
Chunk ID: 6
Data left: 4095, State=6
----------------------
Available data: 4095, State=6
Data left: 4095, State=8
----------------------
Available data: 4095, State=8
Read data: 147984024, left: 7039
Finish read data: 128
Data left: 3967, State=4
----------------------
Available data: 3967, State=4
Read chunk type
Chunk Type 3
Chunk ID: 6
Data left: 3966, State=6
----------------------
Available data: 3966, State=6
Data left: 3966, State=8
----------------------
Available data: 3966, State=8
Read data: 147984024, left: 6911
Finish read data: 128
Data left: 3838, State=4
----------------------
Available data: 3838, State=4
Read chunk type
Chunk Type 3
Chunk ID: 6
Data left: 3837, State=6
----------------------
Available data: 3837, State=6
Data left: 3837, State=8
----------------------
Available data: 3837, State=8
Read data: 147984024, left: 6783
Finish read data: 128
Data left: 3709, State=4
----------------------
Available data: 3709, State=4
Read chunk type
Chunk Type 3
Chunk ID: 6
Data left: 3708, State=6
----------------------
Available data: 3708, State=6
Data left: 3708, State=8
----------------------
Available data: 3708, State=8
Read data: 147984024, left: 6655
Finish read data: 128
Data left: 3580, State=4
----------------------
Available data: 3580, State=4
Read chunk type
Chunk Type 3
Chunk ID: 6
Data left: 3579, State=6
----------------------
Available data: 3579, State=6
Data left: 3579, State=8
----------------------
Available data: 3579, State=8
Read data: 147984024, left: 6527
Finish read data: 128
Data left: 3451, State=4
----------------------
Available data: 3451, State=4
Read chunk type
Chunk Type 3
Chunk ID: 6
Data left: 3450, State=6
----------------------
Available data: 3450, State=6
Data left: 3450, State=8
----------------------
Available data: 3450, State=8
Read data: 147984024, left: 6399
Finish read data: 128
Data left: 3322, State=4
----------------------
Available data: 3322, State=4
Read chunk type
Chunk Type 3
Chunk ID: 6
Data left: 3321, State=6
----------------------
Available data: 3321, State=6
Data left: 3321, State=8
----------------------
Available data: 3321, State=8
Read data: 147984024, left: 6271
Finish read data: 128
Data left: 3193, State=4
----------------------
Available data: 3193, State=4
Read chunk type
Chunk Type 3
Chunk ID: 6
Data left: 3192, State=6
----------------------
Available data: 3192, State=6
Data left: 3192, State=8
----------------------
Available data: 3192, State=8
Read data: 147984024, left: 6143
Finish read data: 128
Data left: 3064, State=4
----------------------
Available data: 3064, State=4
Read chunk type
Chunk Type 3
Chunk ID: 6
Data left: 3063, State=6
----------------------
Available data: 3063, State=6
Data left: 3063, State=8
----------------------
Available data: 3063, State=8
Read data: 147984024, left: 6015
Finish read data: 128
Data left: 2935, State=4
----------------------
Available data: 2935, State=4
Read chunk type
Chunk Type 3
Chunk ID: 6
Data left: 2934, State=6
----------------------
Available data: 2934, State=6
Data left: 2934, State=8
----------------------
Available data: 2934, State=8
Read data: 147984024, left: 5887
Finish read data: 128
Data left: 2806, State=4
----------------------
Available data: 2806, State=4
Read chunk type
Chunk Type 3
Chunk ID: 6
Data left: 2805, State=6
----------------------
Available data: 2805, State=6
Data left: 2805, State=8
----------------------
Available data: 2805, State=8
Read data: 147984024, left: 5759
Finish read data: 128
Data left: 2677, State=4
----------------------
Available data: 2677, State=4
Read chunk type
Chunk Type 3
Chunk ID: 6
Data left: 2676, State=6
----------------------
Available data: 2676, State=6
Data left: 2676, State=8
----------------------
Available data: 2676, State=8
Read data: 147984024, left: 5631
Finish read data: 128
Data left: 2548, State=4
----------------------
Available data: 2548, State=4
Read chunk type
Chunk Type 3
Chunk ID: 6
Data left: 2547, State=6
----------------------
Available data: 2547, State=6
Data left: 2547, State=8
----------------------
Available data: 2547, State=8
Read data: 147984024, left: 5503
Finish read data: 128
Data left: 2419, State=4
----------------------
Available data: 2419, State=4
Read chunk type
Chunk Type 3
Chunk ID: 6
Data left: 2418, State=6
----------------------
Available data: 2418, State=6
Data left: 2418, State=8
----------------------
Available data: 2418, State=8
Read data: 147984024, left: 5375
Finish read data: 128
Data left: 2290, State=4
----------------------
Available data: 2290, State=4
Read chunk type
Chunk Type 3
Chunk ID: 6
Data left: 2289, State=6
----------------------
Available data: 2289, State=6
Data left: 2289, State=8
----------------------
Available data: 2289, State=8
Read data: 147984024, left: 5247
Finish read data: 128
Data left: 2161, State=4
----------------------
Available data: 2161, State=4
Read chunk type
Chunk Type 3
Chunk ID: 6
Data left: 2160, State=6
----------------------
Available data: 2160, State=6
Data left: 2160, State=8
----------------------
Available data: 2160, State=8
Read data: 147984024, left: 5119
Finish read data: 128
Data left: 2032, State=4
----------------------
Available data: 2032, State=4
Read chunk type
Chunk Type 3
Chunk ID: 6
Data left: 2031, State=6
----------------------
Available data: 2031, State=6
Data left: 2031, State=8
----------------------
Available data: 2031, State=8
Read data: 147984024, left: 4991
Finish read data: 128
Data left: 1903, State=4
----------------------
Available data: 1903, State=4
Read chunk type
Chunk Type 3
Chunk ID: 6
Data left: 1902, State=6
----------------------
Available data: 1902, State=6
Data left: 1902, State=8
----------------------
Available data: 1902, State=8
Read data: 147984024, left: 4863
Finish read data: 128
Data left: 1774, State=4
----------------------
Available data: 1774, State=4
Read chunk type
Chunk Type 3
Chunk ID: 6
Data left: 1773, State=6
----------------------
Available data: 1773, State=6
Data left: 1773, State=8
----------------------
Available data: 1773, State=8
Read data: 147984024, left: 4735
Finish read data: 128
Data left: 1645, State=4
----------------------
Available data: 1645, State=4
Read chunk type
Chunk Type 3
Chunk ID: 6
Data left: 1644, State=6
----------------------
Available data: 1644, State=6
Data left: 1644, State=8
----------------------
Available data: 1644, State=8
Read data: 147984024, left: 4607
Finish read data: 128
Data left: 1516, State=4
----------------------
Available data: 1516, State=4
Read chunk type
Chunk Type 3
Chunk ID: 6
Data left: 1515, State=6
----------------------
Available data: 1515, State=6
Data left: 1515, State=8
----------------------
Available data: 1515, State=8
Read data: 147984024, left: 4479
Finish read data: 128
Data left: 1387, State=4
----------------------
Available data: 1387, State=4
Read chunk type
Chunk Type 3
Chunk ID: 6
Data left: 1386, State=6
----------------------
Available data: 1386, State=6
Data left: 1386, State=8
----------------------
Available data: 1386, State=8
Read data: 147984024, left: 4351
Finish read data: 128
Data left: 1258, State=4
----------------------
Available data: 1258, State=4
Read chunk type
Chunk Type 3
Chunk ID: 6
Data left: 1257, State=6
----------------------
Available data: 1257, State=6
Data left: 1257, State=8
----------------------
Available data: 1257, State=8
Read data: 147984024, left: 4223
Finish read data: 128
Data left: 1129, State=4
----------------------
Available data: 1129, State=4
Read chunk type
Chunk Type 3
Chunk ID: 6
Data left: 1128, State=6
----------------------
Available data: 1128, State=6
Data left: 1128, State=8
----------------------
Available data: 1128, State=8
Read data: 147984024, left: 4095
Finish read data: 128
Data left: 1000, State=4
----------------------
Available data: 1000, State=4
Read chunk type
Chunk Type 3
Chunk ID: 6
Data left: 999, State=6
----------------------
Available data: 999, State=6
Data left: 999, State=8
----------------------
Available data: 999, State=8
Read data: 147984024, left: 3967
Finish read data: 128
Data left: 871, State=4
----------------------
Available data: 871, State=4
Read chunk type
Chunk Type 3
Chunk ID: 6
Data left: 870, State=6
----------------------
Available data: 870, State=6
Data left: 870, State=8
----------------------
Available data: 870, State=8
Read data: 147984024, left: 3839
Finish read data: 128
Data left: 742, State=4
----------------------
Available data: 742, State=4
Read chunk type
Chunk Type 3
Chunk ID: 6
Data left: 741, State=6
----------------------
Available data: 741, State=6
Data left: 741, State=8
----------------------
Available data: 741, State=8
Read data: 147984024, left: 3711
Finish read data: 128
Data left: 613, State=4
----------------------
Available data: 613, State=4
Read chunk type
Chunk Type 3
Chunk ID: 6
Data left: 612, State=6
----------------------
Available data: 612, State=6
Data left: 612, State=8
----------------------
Available data: 612, State=8
Read data: 147984024, left: 3583
Finish read data: 128
Data left: 484, State=4
----------------------
Available data: 484, State=4
Read chunk type
Chunk Type 3
Chunk ID: 6
Data left: 483, State=6
----------------------
Available data: 483, State=6
Data left: 483, State=8
----------------------
Available data: 483, State=8
Read data: 147984024, left: 3455
Finish read data: 128
Data left: 355, State=4
----------------------
Available data: 355, State=4
Read chunk type
Chunk Type 3
Chunk ID: 6
Data left: 354, State=6
----------------------
Available data: 354, State=6
Data left: 354, State=8
----------------------
Available data: 354, State=8
Read data: 147984024, left: 3327
Finish read data: 128
Data left: 226, State=4
----------------------
Available data: 226, State=4
Read chunk type
Chunk Type 3
Chunk ID: 6
Data left: 225, State=6
----------------------
Available data: 225, State=6
Data left: 225, State=8
----------------------
Available data: 225, State=8
Read data: 147984024, left: 3199
Finish read data: 128
Data left: 97, State=4
----------------------
Available data: 97, State=4
Read chunk type
Chunk Type 3
Chunk ID: 6
Data left: 96, State=6
----------------------
Available data: 96, State=6
Data left: 96, State=8
----------------------
Available data: 96, State=8
Data left: 96, State=8
Receiving: 2998 4000 7094 131073
----------------------
Available data: 3094, State=8
Read data: 147984024, left: 3071
Finish read data: 128
Data left: 2966, State=4
----------------------
Available data: 2966, State=4
Read chunk type
Chunk Type 3
Chunk ID: 6
Data left: 2965, State=6
----------------------
Available data: 2965, State=6
Data left: 2965, State=8
----------------------
Available data: 2965, State=8
Read data: 147984024, left: 2943
Finish read data: 128
Data left: 2837, State=4
----------------------
Available data: 2837, State=4
Read chunk type
Chunk Type 3
Chunk ID: 6
Data left: 2836, State=6
----------------------
Available data: 2836, State=6
Data left: 2836, State=8
----------------------
Available data: 2836, State=8
Read data: 147984024, left: 2815
Finish read data: 128
Data left: 2708, State=4
----------------------
Available data: 2708, State=4
Read chunk type
Chunk Type 3
Chunk ID: 6
Data left: 2707, State=6
----------------------
Available data: 2707, State=6
Data left: 2707, State=8
----------------------
Available data: 2707, State=8
Read data: 147984024, left: 2687
Finish read data: 128
Data left: 2579, State=4
----------------------
Available data: 2579, State=4
Read chunk type
Chunk Type 3
Chunk ID: 6
Data left: 2578, State=6
----------------------
Available data: 2578, State=6
Data left: 2578, State=8
----------------------
Available data: 2578, State=8
Read data: 147984024, left: 2559
Finish read data: 128
Data left: 2450, State=4
----------------------
Available data: 2450, State=4
Read chunk type
Chunk Type 3
Chunk ID: 6
Data left: 2449, State=6
----------------------
Available data: 2449, State=6
Data left: 2449, State=8
----------------------
Available data: 2449, State=8
Read data: 147984024, left: 2431
Finish read data: 128
Data left: 2321, State=4
----------------------
Available data: 2321, State=4
Read chunk type
Chunk Type 3
Chunk ID: 6
Data left: 2320, State=6
----------------------
Available data: 2320, State=6
Data left: 2320, State=8
----------------------
Available data: 2320, State=8
Read data: 147984024, left: 2303
Finish read data: 128
Data left: 2192, State=4
----------------------
Available data: 2192, State=4
Read chunk type
Chunk Type 3
Chunk ID: 6
Data left: 2191, State=6
----------------------
Available data: 2191, State=6
Data left: 2191, State=8
----------------------
Available data: 2191, State=8
Read data: 147984024, left: 2175
Finish read data: 128
Data left: 2063, State=4
----------------------
Available data: 2063, State=4
Read chunk type
Chunk Type 3
Chunk ID: 6
Data left: 2062, State=6
----------------------
Available data: 2062, State=6
Data left: 2062, State=8
----------------------
Available data: 2062, State=8
Read data: 147984024, left: 2047
Finish read data: 128
Data left: 1934, State=4
----------------------
Available data: 1934, State=4
Read chunk type
Chunk Type 3
Chunk ID: 6
Data left: 1933, State=6
----------------------
Available data: 1933, State=6
Data left: 1933, State=8
----------------------
Available data: 1933, State=8
Read data: 147984024, left: 1919
Finish read data: 128
Data left: 1805, State=4
----------------------
Available data: 1805, State=4
Read chunk type
Chunk Type 3
Chunk ID: 6
Data left: 1804, State=6
----------------------
Available data: 1804, State=6
Data left: 1804, State=8
----------------------
Available data: 1804, State=8
Read data: 147984024, left: 1791
Finish read data: 128
Data left: 1676, State=4
----------------------
Available data: 1676, State=4
Read chunk type
Chunk Type 3
Chunk ID: 6
Data left: 1675, State=6
----------------------
Available data: 1675, State=6
Data left: 1675, State=8
----------------------
Available data: 1675, State=8
Read data: 147984024, left: 1663
Finish read data: 128
Data left: 1547, State=4
----------------------
Available data: 1547, State=4
Read chunk type
Chunk Type 3
Chunk ID: 6
Data left: 1546, State=6
----------------------
Available data: 1546, State=6
Data left: 1546, State=8
----------------------
Available data: 1546, State=8
Read data: 147984024, left: 1535
Finish read data: 128
Data left: 1418, State=4
----------------------
Available data: 1418, State=4
Read chunk type
Chunk Type 3
Chunk ID: 6
Data left: 1417, State=6
----------------------
Available data: 1417, State=6
Data left: 1417, State=8
----------------------
Available data: 1417, State=8
Read data: 147984024, left: 1407
Finish read data: 128
Data left: 1289, State=4
----------------------
Available data: 1289, State=4
Read chunk type
Chunk Type 3
Chunk ID: 6
Data left: 1288, State=6
----------------------
Available data: 1288, State=6
Data left: 1288, State=8
----------------------
Available data: 1288, State=8
Read data: 147984024, left: 1279
Finish read data: 128
Data left: 1160, State=4
----------------------
Available data: 1160, State=4
Read chunk type
Chunk Type 3
Chunk ID: 6
Data left: 1159, State=6
----------------------
Available data: 1159, State=6
Data left: 1159, State=8
----------------------
Available data: 1159, State=8
Read data: 147984024, left: 1151
Finish read data: 128
Data left: 1031, State=4
----------------------
Available data: 1031, State=4
Read chunk type
Chunk Type 3
Chunk ID: 6
Data left: 1030, State=6
----------------------
Available data: 1030, State=6
Data left: 1030, State=8
----------------------
Available data: 1030, State=8
Read data: 147984024, left: 1023
Finish read data: 128
Data left: 902, State=4
----------------------
Available data: 902, State=4
Read chunk type
Chunk Type 3
Chunk ID: 6
Data left: 901, State=6
----------------------
Available data: 901, State=6
Data left: 901, State=8
----------------------
Available data: 901, State=8
Read data: 147984024, left: 895
Finish read data: 128
Data left: 773, State=4
----------------------
Available data: 773, State=4
Read chunk type
Chunk Type 3
Chunk ID: 6
Data left: 772, State=6
----------------------
Available data: 772, State=6
Data left: 772, State=8
----------------------
Available data: 772, State=8
Read data: 147984024, left: 767
Finish read data: 128
Data left: 644, State=4
----------------------
Available data: 644, State=4
Read chunk type
Chunk Type 3
Chunk ID: 6
Data left: 643, State=6
----------------------
Available data: 643, State=6
Data left: 643, State=8
----------------------
Available data: 643, State=8
Read data: 147984024, left: 639
Finish read data: 128
Data left: 515, State=4
----------------------
Available data: 515, State=4
Read chunk type
Chunk Type 3
Chunk ID: 6
Data left: 514, State=6
----------------------
Available data: 514, State=6
Data left: 514, State=8
----------------------
Available data: 514, State=8
Read data: 147984024, left: 511
Finish read data: 128
Data left: 386, State=4
----------------------
Available data: 386, State=4
Read chunk type
Chunk Type 3
Chunk ID: 6
Data left: 385, State=6
----------------------
Available data: 385, State=6
Data left: 385, State=8
----------------------
Available data: 385, State=8
Read data: 147984024, left: 383
Finish read data: 128
Data left: 257, State=4
----------------------
Available data: 257, State=4
Read chunk type
Chunk Type 3
Chunk ID: 6
Data left: 256, State=6
----------------------
Available data: 256, State=6
Data left: 256, State=8
----------------------
Available data: 256, State=8
Read data: 147984024, left: 255
Finish read data: 128
Data left: 128, State=4
----------------------
Available data: 128, State=4
Read chunk type
Chunk Type 3
Chunk ID: 6
Data left: 127, State=6
----------------------
Available data: 127, State=6
Data left: 127, State=8
----------------------
Available data: 127, State=8
Read data: 147984024, left: 127
Finish read data: 127

Data left: 0, State=4
Receiving: 4096 0 4096 131073
----------------------
Available data: 4096, State=4
Read chunk type
Chunk Type 1
Chunk ID: 6
Data left: 4095, State=6
----------------------
Available data: 4095, State=6
Read header type 0
Timestamp=760, message_length=83058, message_type=9, message_stream_id=16777216
Data left: 4088, State=8
----------------------
Available data: 4088, State=8
Read data: 147984024, left: 83058
Finish read data: 128
Data left: 3960, State=4
----------------------
Available data: 3960, State=4
Read chunk type
Chunk Type 3
Chunk ID: 6
Data left: 3959, State=6
----------------------
Available data: 3959, State=6
Data left: 3959, State=8
----------------------
Available data: 3959, State=8
Read data: 147984024, left: 82930
Finish read data: 128
Data left: 3831, State=4
----------------------
Available data: 3831, State=4
Read chunk type
Chunk Type 3
Chunk ID: 6
Data left: 3830, State=6
----------------------
Available data: 3830, State=6
Data left: 3830, State=8
----------------------
Available data: 3830, State=8
Read data: 147984024, left: 82802
Finish read data: 128
Data left: 3702, State=4
----------------------
Available data: 3702, State=4
Read chunk type
Chunk Type 3
Chunk ID: 6
Data left: 3701, State=6
----------------------
Available data: 3701, State=6
Data left: 3701, State=8
----------------------
Available data: 3701, State=8
Read data: 147984024, left: 82674
Finish read data: 128
Data left: 3573, State=4
----------------------
Available data: 3573, State=4
Read chunk type
Chunk Type 3
Chunk ID: 6
Data left: 3572, State=6
----------------------
Available data: 3572, State=6
Data left: 3572, State=8
----------------------
Available data: 3572, State=8
Read data: 147984024, left: 82546
Finish read data: 128
Data left: 3444, State=4
----------------------
Available data: 3444, State=4
Read chunk type
Chunk Type 3
Chunk ID: 6
Data left: 3443, State=6
----------------------
Available data: 3443, State=6
Data left: 3443, State=8
----------------------
Available data: 3443, State=8
Read data: 147984024, left: 82418
Finish read data: 128
Data left: 3315, State=4
----------------------
Available data: 3315, State=4
Read chunk type
Chunk Type 3
Chunk ID: 6
Data left: 3314, State=6
----------------------
Available data: 3314, State=6
Data left: 3314, State=8
----------------------
Available data: 3314, State=8
Read data: 147984024, left: 82290
Finish read data: 128
Data left: 3186, State=4
----------------------
Available data: 3186, State=4
Read chunk type
Chunk Type 3
Chunk ID: 6
Data left: 3185, State=6
----------------------
Available data: 3185, State=6
Data left: 3185, State=8
----------------------
Available data: 3185, State=8
Read data: 147984024, left: 82162
Finish read data: 128
Data left: 3057, State=4
----------------------
Available data: 3057, State=4
Read chunk type
Chunk Type 3
Chunk ID: 6
Data left: 3056, State=6
----------------------
Available data: 3056, State=6
Data left: 3056, State=8
----------------------
Available data: 3056, State=8
Read data: 147984024, left: 82034
Finish read data: 128
Data left: 2928, State=4
----------------------
Available data: 2928, State=4
Read chunk type
Chunk Type 3
Chunk ID: 6
Data left: 2927, State=6
----------------------
Available data: 2927, State=6
Data left: 2927, State=8
----------------------
Available data: 2927, State=8
Read data: 147984024, left: 81906
Finish read data: 128
Data left: 2799, State=4
----------------------
Available data: 2799, State=4
Read chunk type
Chunk Type 3
Chunk ID: 6
Data left: 2798, State=6
----------------------
Available data: 2798, State=6
Data left: 2798, State=8
----------------------
Available data: 2798, State=8
Read data: 147984024, left: 81778
Finish read data: 128
Data left: 2670, State=4
----------------------
Available data: 2670, State=4
Read chunk type
Chunk Type 3
Chunk ID: 6
Data left: 2669, State=6
----------------------
Available data: 2669, State=6
Data left: 2669, State=8
----------------------
Available data: 2669, State=8
Read data: 147984024, left: 81650
Finish read data: 128
Data left: 2541, State=4
----------------------
Available data: 2541, State=4
Read chunk type
Chunk Type 3
Chunk ID: 6
Data left: 2540, State=6
----------------------
Available data: 2540, State=6
Data left: 2540, State=8
----------------------
Available data: 2540, State=8
Read data: 147984024, left: 81522
Finish read data: 128
Data left: 2412, State=4
----------------------
Available data: 2412, State=4
Read chunk type
Chunk Type 3
Chunk ID: 6
Data left: 2411, State=6
----------------------
Available data: 2411, State=6
Data left: 2411, State=8
----------------------
Available data: 2411, State=8
Read data: 147984024, left: 81394
Finish read data: 128
Data left: 2283, State=4
----------------------
Available data: 2283, State=4
Read chunk type
Chunk Type 3
Chunk ID: 6
Data left: 2282, State=6
----------------------
Available data: 2282, State=6
Data left: 2282, State=8
----------------------
Available data: 2282, State=8
Read data: 147984024, left: 81266
Finish read data: 128
Data left: 2154, State=4
----------------------
Available data: 2154, State=4
Read chunk type
Chunk Type 3
Chunk ID: 6
Data left: 2153, State=6
----------------------
Available data: 2153, State=6
Data left: 2153, State=8
----------------------
Available data: 2153, State=8
Read data: 147984024, left: 81138
Finish read data: 128
Data left: 2025, State=4
----------------------
Available data: 2025, State=4
Read chunk type
Chunk Type 3
Chunk ID: 6
Data left: 2024, State=6
----------------------
Available data: 2024, State=6
Data left: 2024, State=8
----------------------
Available data: 2024, State=8
Read data: 147984024, left: 81010
Finish read data: 128
Data left: 1896, State=4
----------------------
Available data: 1896, State=4
Read chunk type
Chunk Type 3
Chunk ID: 6
Data left: 1895, State=6
----------------------
Available data: 1895, State=6
Data left: 1895, State=8
----------------------
Available data: 1895, State=8
Read data: 147984024, left: 80882
Finish read data: 128
Data left: 1767, State=4
----------------------
Available data: 1767, State=4
Read chunk type
Chunk Type 3
Chunk ID: 6
Data left: 1766, State=6
----------------------
Available data: 1766, State=6
Data left: 1766, State=8
----------------------
Available data: 1766, State=8
Read data: 147984024, left: 80754
Finish read data: 128
Data left: 1638, State=4
----------------------
Available data: 1638, State=4
Read chunk type
Chunk Type 3
Chunk ID: 6
Data left: 1637, State=6
----------------------
Available data: 1637, State=6
Data left: 1637, State=8
----------------------
Available data: 1637, State=8
Read data: 147984024, left: 80626
Finish read data: 128
Data left: 1509, State=4
----------------------
Available data: 1509, State=4
Read chunk type
Chunk Type 3
Chunk ID: 6
Data left: 1508, State=6
----------------------
Available data: 1508, State=6
Data left: 1508, State=8
----------------------
Available data: 1508, State=8
Read data: 147984024, left: 80498
Finish read data: 128
Data left: 1380, State=4
----------------------
Available data: 1380, State=4
Read chunk type
Chunk Type 3
Chunk ID: 6
Data left: 1379, State=6
----------------------
Available data: 1379, State=6
Data left: 1379, State=8
----------------------
Available data: 1379, State=8
Read data: 147984024, left: 80370
Finish read data: 128
Data left: 1251, State=4
----------------------
Available data: 1251, State=4
Read chunk type
Chunk Type 3
Chunk ID: 6
Data left: 1250, State=6
----------------------
Available data: 1250, State=6
Data left: 1250, State=8
----------------------
Available data: 1250, State=8
Read data: 147984024, left: 80242
Finish read data: 128
Data left: 1122, State=4
----------------------
Available data: 1122, State=4
Read chunk type
Chunk Type 3
Chunk ID: 6
Data left: 1121, State=6
----------------------
Available data: 1121, State=6
Data left: 1121, State=8
----------------------
Available data: 1121, State=8
Read data: 147984024, left: 80114
Finish read data: 128
Data left: 993, State=4
----------------------
Available data: 993, State=4
Read chunk type
Chunk Type 3
Chunk ID: 6
Data left: 992, State=6
----------------------
Available data: 992, State=6
Data left: 992, State=8
----------------------
Available data: 992, State=8
Read data: 147984024, left: 79986
Finish read data: 128
Data left: 864, State=4
----------------------
Available data: 864, State=4
Read chunk type
Chunk Type 3
Chunk ID: 6
Data left: 863, State=6
----------------------
Available data: 863, State=6
Data left: 863, State=8
----------------------
Available data: 863, State=8
Read data: 147984024, left: 79858
Finish read data: 128
Data left: 735, State=4
----------------------
Available data: 735, State=4
Read chunk type
Chunk Type 3
Chunk ID: 6
Data left: 734, State=6
----------------------
Available data: 734, State=6
Data left: 734, State=8
----------------------
Available data: 734, State=8
Read data: 147984024, left: 79730
Finish read data: 128
Data left: 606, State=4
----------------------
Available data: 606, State=4
Read chunk type
Chunk Type 3
Chunk ID: 6
Data left: 605, State=6
----------------------
Available data: 605, State=6
Data left: 605, State=8
----------------------
Available data: 605, State=8
Read data: 147984024, left: 79602
Finish read data: 128
Data left: 477, State=4
----------------------
Available data: 477, State=4
Read chunk type
Chunk Type 3
Chunk ID: 6
Data left: 476, State=6
----------------------
Available data: 476, State=6
Data left: 476, State=8
----------------------
Available data: 476, State=8
Read data: 147984024, left: 79474
Finish read data: 128
Data left: 348, State=4
----------------------
Available data: 348, State=4
Read chunk type
Chunk Type 3
Chunk ID: 6
Data left: 347, State=6
----------------------
Available data: 347, State=6
Data left: 347, State=8
----------------------
Available data: 347, State=8
Read data: 147984024, left: 79346
Finish read data: 128
Data left: 219, State=4
----------------------
Available data: 219, State=4
Read chunk type
Chunk Type 3
Chunk ID: 6
Data left: 218, State=6
----------------------
Available data: 218, State=6
Data left: 218, State=8
----------------------
Available data: 218, State=8
Read data: 147984024, left: 79218
Finish read data: 128
Data left: 90, State=4
----------------------
Available data: 90, State=4
Read chunk type
Chunk Type 3
Chunk ID: 6
Data left: 89, State=6
----------------------
Available data: 89, State=6
Data left: 89, State=8
----------------------
Available data: 89, State=8
Data left: 89, State=8
Receiving: 4096 4007 8192 131073
----------------------
Available data: 4185, State=8
Read data: 147984024, left: 79090
Finish read data: 128
Data left: 4057, State=4
----------------------
Available data: 4057, State=4
Read chunk type
Chunk Type 3
Chunk ID: 6
Data left: 4056, State=6
----------------------
Available data: 4056, State=6
Data left: 4056, State=8
----------------------
Available data: 4056, State=8
Read data: 147984024, left: 78962
Finish read data: 128
Data left: 3928, State=4
----------------------
Available data: 3928, State=4
Read chunk type
Chunk Type 3
Chunk ID: 6
Data left: 3927, State=6
----------------------
Available data: 3927, State=6
Data left: 3927, State=8
----------------------
Available data: 3927, State=8
Read data: 147984024, left: 78834
Finish read data: 128
Data left: 3799, State=4
----------------------
Available data: 3799, State=4
Read chunk type
Chunk Type 3
Chunk ID: 6
Data left: 3798, State=6
----------------------
Available data: 3798, State=6
Data left: 3798, State=8
----------------------
Available data: 3798, State=8
Read data: 147984024, left: 78706
Finish read data: 128
Data left: 3670, State=4
----------------------
Available data: 3670, State=4
Read chunk type
Chunk Type 3
Chunk ID: 6
Data left: 3669, State=6
----------------------
Available data: 3669, State=6
Data left: 3669, State=8
----------------------
Available data: 3669, State=8
Read data: 147984024, left: 78578
Finish read data: 128
Data left: 3541, State=4
----------------------
Available data: 3541, State=4
Read chunk type
Chunk Type 3
Chunk ID: 6
Data left: 3540, State=6
----------------------
Available data: 3540, State=6
Data left: 3540, State=8
----------------------
Available data: 3540, State=8
Read data: 147984024, left: 78450
Finish read data: 128
Data left: 3412, State=4
----------------------
Available data: 3412, State=4
Read chunk type
Chunk Type 3
Chunk ID: 6
Data left: 3411, State=6
----------------------
Available data: 3411, State=6
Data left: 3411, State=8
----------------------
Available data: 3411, State=8
Read data: 147984024, left: 78322
Finish read data: 128
Data left: 3283, State=4
----------------------
Available data: 3283, State=4
Read chunk type
Chunk Type 3
Chunk ID: 6
Data left: 3282, State=6
----------------------
Available data: 3282, State=6
Data left: 3282, State=8
----------------------
Available data: 3282, State=8
Read data: 147984024, left: 78194
Finish read data: 128
Data left: 3154, State=4
----------------------
Available data: 3154, State=4
Read chunk type
Chunk Type 3
Chunk ID: 6
Data left: 3153, State=6
----------------------
Available data: 3153, State=6
Data left: 3153, State=8
----------------------
Available data: 3153, State=8
Read data: 147984024, left: 78066
Finish read data: 128
Data left: 3025, State=4
----------------------
Available data: 3025, State=4
Read chunk type
Chunk Type 3
Chunk ID: 6
Data left: 3024, State=6
----------------------
Available data: 3024, State=6
Data left: 3024, State=8
----------------------
Available data: 3024, State=8
Read data: 147984024, left: 77938
Finish read data: 128
Data left: 2896, State=4
----------------------
Available data: 2896, State=4
Read chunk type
Chunk Type 3
Chunk ID: 6
Data left: 2895, State=6
----------------------
Available data: 2895, State=6
Data left: 2895, State=8
----------------------
Available data: 2895, State=8
Read data: 147984024, left: 77810
Finish read data: 128
Data left: 2767, State=4
----------------------
Available data: 2767, State=4
Read chunk type
Chunk Type 3
Chunk ID: 6
Data left: 2766, State=6
----------------------
Available data: 2766, State=6
Data left: 2766, State=8
----------------------
Available data: 2766, State=8
Read data: 147984024, left: 77682
Finish read data: 128
Data left: 2638, State=4
----------------------
Available data: 2638, State=4
Read chunk type
Chunk Type 3
Chunk ID: 6
Data left: 2637, State=6
----------------------
Available data: 2637, State=6
Data left: 2637, State=8
----------------------
Available data: 2637, State=8
Read data: 147984024, left: 77554
Finish read data: 128
Data left: 2509, State=4
----------------------
Available data: 2509, State=4
Read chunk type
Chunk Type 3
Chunk ID: 6
Data left: 2508, State=6
----------------------
Available data: 2508, State=6
Data left: 2508, State=8
----------------------
Available data: 2508, State=8
Read data: 147984024, left: 77426
Finish read data: 128
Data left: 2380, State=4
----------------------
Available data: 2380, State=4
Read chunk type
Chunk Type 3
Chunk ID: 6
Data left: 2379, State=6
----------------------
Available data: 2379, State=6
Data left: 2379, State=8
----------------------
Available data: 2379, State=8
Read data: 147984024, left: 77298
Finish read data: 128
Data left: 2251, State=4
----------------------
Available data: 2251, State=4
Read chunk type
Chunk Type 3
Chunk ID: 6
Data left: 2250, State=6
----------------------
Available data: 2250, State=6
Data left: 2250, State=8
----------------------
Available data: 2250, State=8
Read data: 147984024, left: 77170
Finish read data: 128
Data left: 2122, State=4
----------------------
Available data: 2122, State=4
Read chunk type
Chunk Type 3
Chunk ID: 6
Data left: 2121, State=6
----------------------
Available data: 2121, State=6
Data left: 2121, State=8
----------------------
Available data: 2121, State=8
Read data: 147984024, left: 77042
Finish read data: 128
Data left: 1993, State=4
----------------------
Available data: 1993, State=4
Read chunk type
Chunk Type 3
Chunk ID: 6
Data left: 1992, State=6
----------------------
Available data: 1992, State=6
Data left: 1992, State=8
----------------------
Available data: 1992, State=8
Read data: 147984024, left: 76914
Finish read data: 128
Data left: 1864, State=4
----------------------
Available data: 1864, State=4
Read chunk type
Chunk Type 3
Chunk ID: 6
Data left: 1863, State=6
----------------------
Available data: 1863, State=6
Data left: 1863, State=8
----------------------
Available data: 1863, State=8
Read data: 147984024, left: 76786
Finish read data: 128
Data left: 1735, State=4
----------------------
Available data: 1735, State=4
Read chunk type
Chunk Type 3
Chunk ID: 6
Data left: 1734, State=6
----------------------
Available data: 1734, State=6
Data left: 1734, State=8
----------------------
Available data: 1734, State=8
Read data: 147984024, left: 76658
Finish read data: 128
Data left: 1606, State=4
----------------------
Available data: 1606, State=4
Read chunk type
Chunk Type 3
Chunk ID: 6
Data left: 1605, State=6
----------------------
Available data: 1605, State=6
Data left: 1605, State=8
----------------------
Available data: 1605, State=8
Read data: 147984024, left: 76530
Finish read data: 128
Data left: 1477, State=4
----------------------
Available data: 1477, State=4
Read chunk type
Chunk Type 3
Chunk ID: 6
Data left: 1476, State=6
----------------------
Available data: 1476, State=6
Data left: 1476, State=8
----------------------
Available data: 1476, State=8
Read data: 147984024, left: 76402
Finish read data: 128
Data left: 1348, State=4
----------------------
Available data: 1348, State=4
Read chunk type
Chunk Type 3
Chunk ID: 6
Data left: 1347, State=6
----------------------
Available data: 1347, State=6
Data left: 1347, State=8
----------------------
Available data: 1347, State=8
Read data: 147984024, left: 76274
Finish read data: 128
Data left: 1219, State=4
----------------------
Available data: 1219, State=4
Read chunk type
Chunk Type 3
Chunk ID: 6
Data left: 1218, State=6
----------------------
Available data: 1218, State=6
Data left: 1218, State=8
----------------------
Available data: 1218, State=8
Read data: 147984024, left: 76146
Finish read data: 128
Data left: 1090, State=4
----------------------
Available data: 1090, State=4
Read chunk type
Chunk Type 3
Chunk ID: 6
Data left: 1089, State=6
----------------------
Available data: 1089, State=6
Data left: 1089, State=8
----------------------
Available data: 1089, State=8
Read data: 147984024, left: 76018
Finish read data: 128
Data left: 961, State=4
----------------------
Available data: 961, State=4
Read chunk type
Chunk Type 3
Chunk ID: 6
Data left: 960, State=6
----------------------
Available data: 960, State=6
Data left: 960, State=8
----------------------
Available data: 960, State=8
Read data: 147984024, left: 75890
Finish read data: 128
Data left: 832, State=4
----------------------
Available data: 832, State=4
Read chunk type
Chunk Type 3
Chunk ID: 6
Data left: 831, State=6
----------------------
Available data: 831, State=6
Data left: 831, State=8
----------------------
Available data: 831, State=8
Read data: 147984024, left: 75762
Finish read data: 128
Data left: 703, State=4
----------------------
Available data: 703, State=4
Read chunk type
Chunk Type 3
Chunk ID: 6
Data left: 702, State=6
----------------------
Available data: 702, State=6
Data left: 702, State=8
----------------------
Available data: 702, State=8
Read data: 147984024, left: 75634
Finish read data: 128
Data left: 574, State=4
----------------------
Available data: 574, State=4
Read chunk type
Chunk Type 3
Chunk ID: 6
Data left: 573, State=6
----------------------
Available data: 573, State=6
Data left: 573, State=8
----------------------
Available data: 573, State=8
Read data: 147984024, left: 75506
Finish read data: 128
Data left: 445, State=4
----------------------
Available data: 445, State=4
Read chunk type
Chunk Type 3
Chunk ID: 6
Data left: 444, State=6
----------------------
Available data: 444, State=6
Data left: 444, State=8
----------------------
Available data: 444, State=8
Read data: 147984024, left: 75378
Finish read data: 128
Data left: 316, State=4
----------------------
Available data: 316, State=4
Read chunk type
Chunk Type 3
Chunk ID: 6
Data left: 315, State=6
----------------------
Available data: 315, State=6
Data left: 315, State=8
----------------------
Available data: 315, State=8
Read data: 147984024, left: 75250
Finish read data: 128
Data left: 187, State=4
----------------------
Available data: 187, State=4
Read chunk type
Chunk Type 3
Chunk ID: 6
Data left: 186, State=6
----------------------
Available data: 186, State=6
Data left: 186, State=8
----------------------
Available data: 186, State=8
Read data: 147984024, left: 75122
Finish read data: 128
Data left: 58, State=4
----------------------
Available data: 58, State=4
Read chunk type
Chunk Type 3
Chunk ID: 6
Data left: 57, State=6
----------------------
Available data: 57, State=6
Data left: 57, State=8
----------------------
Available data: 57, State=8
Data left: 57, State=8
Receiving: 4328 8135 12520 131073
----------------------
Available data: 4385, State=8
Read data: 147984024, left: 74994
Finish read data: 128
Data left: 4257, State=4
----------------------
Available data: 4257, State=4
Read chunk type
Chunk Type 3
Chunk ID: 6
Data left: 4256, State=6
----------------------
Available data: 4256, State=6
Data left: 4256, State=8
----------------------
Available data: 4256, State=8
Read data: 147984024, left: 74866
Finish read data: 128
Data left: 4128, State=4
----------------------
Available data: 4128, State=4
Read chunk type
Chunk Type 3
Chunk ID: 6
Data left: 4127, State=6
----------------------
Available data: 4127, State=6
Data left: 4127, State=8
----------------------
Available data: 4127, State=8
Read data: 147984024, left: 74738
Finish read data: 128
Data left: 3999, State=4
----------------------
Available data: 3999, State=4
Read chunk type
Chunk Type 3
Chunk ID: 6
Data left: 3998, State=6
----------------------
Available data: 3998, State=6
Data left: 3998, State=8
----------------------
Available data: 3998, State=8
Read data: 147984024, left: 74610
Finish read data: 128
Data left: 3870, State=4
----------------------
Available data: 3870, State=4
Read chunk type
Chunk Type 3
Chunk ID: 6
Data left: 3869, State=6
----------------------
Available data: 3869, State=6
Data left: 3869, State=8
----------------------
Available data: 3869, State=8
Read data: 147984024, left: 74482
Finish read data: 128
Data left: 3741, State=4
----------------------
Available data: 3741, State=4
Read chunk type
Chunk Type 3
Chunk ID: 6
Data left: 3740, State=6
----------------------
Available data: 3740, State=6
Data left: 3740, State=8
----------------------
Available data: 3740, State=8
Read data: 147984024, left: 74354
Finish read data: 128
Data left: 3612, State=4
----------------------
Available data: 3612, State=4
Read chunk type
Chunk Type 3
Chunk ID: 6
Data left: 3611, State=6
----------------------
Available data: 3611, State=6
Data left: 3611, State=8
----------------------
Available data: 3611, State=8
Read data: 147984024, left: 74226
Finish read data: 128
Data left: 3483, State=4
----------------------
Available data: 3483, State=4
Read chunk type
Chunk Type 3
Chunk ID: 6
Data left: 3482, State=6
----------------------
Available data: 3482, State=6
Data left: 3482, State=8
----------------------
Available data: 3482, State=8
Read data: 147984024, left: 74098
Finish read data: 128
Data left: 3354, State=4
----------------------
Available data: 3354, State=4
Read chunk type
Chunk Type 3
Chunk ID: 6
Data left: 3353, State=6
----------------------
Available data: 3353, State=6
Data left: 3353, State=8
----------------------
Available data: 3353, State=8
Read data: 147984024, left: 73970
Finish read data: 128
Data left: 3225, State=4
----------------------
Available data: 3225, State=4
Read chunk type
Chunk Type 3
Chunk ID: 6
Data left: 3224, State=6
----------------------
Available data: 3224, State=6
Data left: 3224, State=8
----------------------
Available data: 3224, State=8
Read data: 147984024, left: 73842
Finish read data: 128
Data left: 3096, State=4
----------------------
Available data: 3096, State=4
Read chunk type
Chunk Type 3
Chunk ID: 6
Data left: 3095, State=6
----------------------
Available data: 3095, State=6
Data left: 3095, State=8
----------------------
Available data: 3095, State=8
Read data: 147984024, left: 73714
Finish read data: 128
Data left: 2967, State=4
----------------------
Available data: 2967, State=4
Read chunk type
Chunk Type 3
Chunk ID: 6
Data left: 2966, State=6
----------------------
Available data: 2966, State=6
Data left: 2966, State=8
----------------------
Available data: 2966, State=8
Read data: 147984024, left: 73586
Finish read data: 128
Data left: 2838, State=4
----------------------
Available data: 2838, State=4
Read chunk type
Chunk Type 3
Chunk ID: 6
Data left: 2837, State=6
----------------------
Available data: 2837, State=6
Data left: 2837, State=8
----------------------
Available data: 2837, State=8
Read data: 147984024, left: 73458
Finish read data: 128
Data left: 2709, State=4
----------------------
Available data: 2709, State=4
Read chunk type
Chunk Type 3
Chunk ID: 6
Data left: 2708, State=6
----------------------
Available data: 2708, State=6
Data left: 2708, State=8
----------------------
Available data: 2708, State=8
Read data: 147984024, left: 73330
Finish read data: 128
Data left: 2580, State=4
----------------------
Available data: 2580, State=4
Read chunk type
Chunk Type 3
Chunk ID: 6
Data left: 2579, State=6
----------------------
Available data: 2579, State=6
Data left: 2579, State=8
----------------------
Available data: 2579, State=8
Read data: 147984024, left: 73202
Finish read data: 128
Data left: 2451, State=4
----------------------
Available data: 2451, State=4
Read chunk type
Chunk Type 3
Chunk ID: 6
Data left: 2450, State=6
----------------------
Available data: 2450, State=6
Data left: 2450, State=8
----------------------
Available data: 2450, State=8
Read data: 147984024, left: 73074
Finish read data: 128
Data left: 2322, State=4
----------------------
Available data: 2322, State=4
Read chunk type
Chunk Type 3
Chunk ID: 6
Data left: 2321, State=6
----------------------
Available data: 2321, State=6
Data left: 2321, State=8
----------------------
Available data: 2321, State=8
Read data: 147984024, left: 72946
Finish read data: 128
Data left: 2193, State=4
----------------------
Available data: 2193, State=4
Read chunk type
Chunk Type 3
Chunk ID: 6
Data left: 2192, State=6
----------------------
Available data: 2192, State=6
Data left: 2192, State=8
----------------------
Available data: 2192, State=8
Read data: 147984024, left: 72818
Finish read data: 128
Data left: 2064, State=4
----------------------
Available data: 2064, State=4
Read chunk type
Chunk Type 3
Chunk ID: 6
Data left: 2063, State=6
----------------------
Available data: 2063, State=6
Data left: 2063, State=8
----------------------
Available data: 2063, State=8
Read data: 147984024, left: 72690
Finish read data: 128
Data left: 1935, State=4
----------------------
Available data: 1935, State=4
Read chunk type
Chunk Type 3
Chunk ID: 6
Data left: 1934, State=6
----------------------
Available data: 1934, State=6
Data left: 1934, State=8
----------------------
Available data: 1934, State=8
Read data: 147984024, left: 72562
Finish read data: 128
Data left: 1806, State=4
----------------------
Available data: 1806, State=4
Read chunk type
Chunk Type 3
Chunk ID: 6
Data left: 1805, State=6
----------------------
Available data: 1805, State=6
Data left: 1805, State=8
----------------------
Available data: 1805, State=8
Read data: 147984024, left: 72434
Finish read data: 128
Data left: 1677, State=4
----------------------
Available data: 1677, State=4
Read chunk type
Chunk Type 3
Chunk ID: 6
Data left: 1676, State=6
----------------------
Available data: 1676, State=6
Data left: 1676, State=8
----------------------
Available data: 1676, State=8
Read data: 147984024, left: 72306
Finish read data: 128
Data left: 1548, State=4
----------------------
Available data: 1548, State=4
Read chunk type
Chunk Type 3
Chunk ID: 6
Data left: 1547, State=6
----------------------
Available data: 1547, State=6
Data left: 1547, State=8
----------------------
Available data: 1547, State=8
Read data: 147984024, left: 72178
Finish read data: 128
Data left: 1419, State=4
----------------------
Available data: 1419, State=4
Read chunk type
Chunk Type 3
Chunk ID: 6
Data left: 1418, State=6
----------------------
Available data: 1418, State=6
Data left: 1418, State=8
----------------------
Available data: 1418, State=8
Read data: 147984024, left: 72050
Finish read data: 128
Data left: 1290, State=4
----------------------
Available data: 1290, State=4
Read chunk type
Chunk Type 3
Chunk ID: 6
Data left: 1289, State=6
----------------------
Available data: 1289, State=6
Data left: 1289, State=8
----------------------
Available data: 1289, State=8
Read data: 147984024, left: 71922
Finish read data: 128
Data left: 1161, State=4
----------------------
Available data: 1161, State=4
Read chunk type
Chunk Type 3
Chunk ID: 6
Data left: 1160, State=6
----------------------
Available data: 1160, State=6
Data left: 1160, State=8
----------------------
Available data: 1160, State=8
Read data: 147984024, left: 71794
Finish read data: 128
Data left: 1032, State=4
----------------------
Available data: 1032, State=4
Read chunk type
Chunk Type 3
Chunk ID: 6
Data left: 1031, State=6
----------------------
Available data: 1031, State=6
Data left: 1031, State=8
----------------------
Available data: 1031, State=8
Read data: 147984024, left: 71666
Finish read data: 128
Data left: 903, State=4
----------------------
Available data: 903, State=4
Read chunk type
Chunk Type 3
Chunk ID: 6
Data left: 902, State=6
----------------------
Available data: 902, State=6
Data left: 902, State=8
----------------------
Available data: 902, State=8
Read data: 147984024, left: 71538
Finish read data: 128
Data left: 774, State=4
----------------------
Available data: 774, State=4
Read chunk type
Chunk Type 3
Chunk ID: 6
Data left: 773, State=6
----------------------
Available data: 773, State=6
Data left: 773, State=8
----------------------
Available data: 773, State=8
Read data: 147984024, left: 71410
Finish read data: 128
Data left: 645, State=4
----------------------
Available data: 645, State=4
Read chunk type
Chunk Type 3
Chunk ID: 6
Data left: 644, State=6
----------------------
Available data: 644, State=6
Data left: 644, State=8
----------------------
Available data: 644, State=8
Read data: 147984024, left: 71282
Finish read data: 128
Data left: 516, State=4
----------------------
Available data: 516, State=4
Read chunk type
Chunk Type 3
Chunk ID: 6
Data left: 515, State=6
----------------------
Available data: 515, State=6
Data left: 515, State=8
----------------------
Available data: 515, State=8
Read data: 147984024, left: 71154
Finish read data: 128
Data left: 387, State=4
----------------------
Available data: 387, State=4
Read chunk type
Chunk Type 3
Chunk ID: 6
Data left: 386, State=6
----------------------
Available data: 386, State=6
Data left: 386, State=8
----------------------
Available data: 386, State=8
Read data: 147984024, left: 71026
Finish read data: 128
Data left: 258, State=4
----------------------
Available data: 258, State=4
Read chunk type
Chunk Type 3
Chunk ID: 6
Data left: 257, State=6
----------------------
Available data: 257, State=6
Data left: 257, State=8
----------------------
Available data: 257, State=8
Read data: 147984024, left: 70898
Finish read data: 128
Data left: 129, State=4
----------------------
Available data: 129, State=4
Read chunk type
Chunk Type 3
Chunk ID: 6
Data left: 128, State=6
----------------------
Available data: 128, State=6
Data left: 128, State=8
----------------------
Available data: 128, State=8
Read data: 147984024, left: 70770
Finish read data: 128
Data left: 0, State=4
Receiving: 4096 0 4096 131073
----------------------
Available data: 4096, State=4
Read chunk type
Chunk Type 3
Chunk ID: 6
Data left: 4095, State=6
----------------------
Available data: 4095, State=6
Data left: 4095, State=8
----------------------
Available data: 4095, State=8
Read data: 147984024, left: 70642
Finish read data: 128
Data left: 3967, State=4
----------------------
Available data: 3967, State=4
Read chunk type
Chunk Type 3
Chunk ID: 6
Data left: 3966, State=6
----------------------
Available data: 3966, State=6
Data left: 3966, State=8
----------------------
Available data: 3966, State=8
Read data: 147984024, left: 70514
Finish read data: 128
Data left: 3838, State=4
----------------------
Available data: 3838, State=4
Read chunk type
Chunk Type 3
Chunk ID: 6
Data left: 3837, State=6
----------------------
Available data: 3837, State=6
Data left: 3837, State=8
----------------------
Available data: 3837, State=8
Read data: 147984024, left: 70386
Finish read data: 128
Data left: 3709, State=4
----------------------
Available data: 3709, State=4
Read chunk type
Chunk Type 3
Chunk ID: 6
Data left: 3708, State=6
----------------------
Available data: 3708, State=6
Data left: 3708, State=8
----------------------
Available data: 3708, State=8
Read data: 147984024, left: 70258
Finish read data: 128
Data left: 3580, State=4
----------------------
Available data: 3580, State=4
Read chunk type
Chunk Type 3
Chunk ID: 6
Data left: 3579, State=6
----------------------
Available data: 3579, State=6
Data left: 3579, State=8
----------------------
Available data: 3579, State=8
Read data: 147984024, left: 70130
Finish read data: 128
Data left: 3451, State=4
----------------------
Available data: 3451, State=4
Read chunk type
Chunk Type 3
Chunk ID: 6
Data left: 3450, State=6
----------------------
Available data: 3450, State=6
Data left: 3450, State=8
----------------------
Available data: 3450, State=8
Read data: 147984024, left: 70002
Finish read data: 128
Data left: 3322, State=4
----------------------
Available data: 3322, State=4
Read chunk type
Chunk Type 3
Chunk ID: 6
Data left: 3321, State=6
----------------------
Available data: 3321, State=6
Data left: 3321, State=8
----------------------
Available data: 3321, State=8
Read data: 147984024, left: 69874
Finish read data: 128
Data left: 3193, State=4
----------------------
Available data: 3193, State=4
Read chunk type
Chunk Type 3
Chunk ID: 6
Data left: 3192, State=6
----------------------
Available data: 3192, State=6
Data left: 3192, State=8
----------------------
Available data: 3192, State=8
Read data: 147984024, left: 69746
Finish read data: 128
Data left: 3064, State=4
----------------------
Available data: 3064, State=4
Read chunk type
Chunk Type 3
Chunk ID: 6
Data left: 3063, State=6
----------------------
Available data: 3063, State=6
Data left: 3063, State=8
----------------------
Available data: 3063, State=8
Read data: 147984024, left: 69618
Finish read data: 128
Data left: 2935, State=4
----------------------
Available data: 2935, State=4
Read chunk type
Chunk Type 3
Chunk ID: 6
Data left: 2934, State=6
----------------------
Available data: 2934, State=6
Data left: 2934, State=8
----------------------
Available data: 2934, State=8
Read data: 147984024, left: 69490
Finish read data: 128
Data left: 2806, State=4
----------------------
Available data: 2806, State=4
Read chunk type
Chunk Type 3
Chunk ID: 6
Data left: 2805, State=6
----------------------
Available data: 2805, State=6
Data left: 2805, State=8
----------------------
Available data: 2805, State=8
Read data: 147984024, left: 69362
Finish read data: 128
Data left: 2677, State=4
----------------------
Available data: 2677, State=4
Read chunk type
Chunk Type 3
Chunk ID: 6
Data left: 2676, State=6
----------------------
Available data: 2676, State=6
Data left: 2676, State=8
----------------------
Available data: 2676, State=8
Read data: 147984024, left: 69234
Finish read data: 128
Data left: 2548, State=4
----------------------
Available data: 2548, State=4
Read chunk type
Chunk Type 3
Chunk ID: 6
Data left: 2547, State=6
----------------------
Available data: 2547, State=6
Data left: 2547, State=8
----------------------
Available data: 2547, State=8
Read data: 147984024, left: 69106
Finish read data: 128
Data left: 2419, State=4
----------------------
Available data: 2419, State=4
Read chunk type
Chunk Type 3
Chunk ID: 6
Data left: 2418, State=6
----------------------
Available data: 2418, State=6
Data left: 2418, State=8
----------------------
Available data: 2418, State=8
Read data: 147984024, left: 68978
Finish read data: 128
Data left: 2290, State=4
----------------------
Available data: 2290, State=4
Read chunk type
Chunk Type 3
Chunk ID: 6
Data left: 2289, State=6
----------------------
Available data: 2289, State=6
Data left: 2289, State=8
----------------------
Available data: 2289, State=8
Read data: 147984024, left: 68850
Finish read data: 128
Data left: 2161, State=4
----------------------
Available data: 2161, State=4
Read chunk type
Chunk Type 3
Chunk ID: 6
Data left: 2160, State=6
----------------------
Available data: 2160, State=6
Data left: 2160, State=8
----------------------
Available data: 2160, State=8
Read data: 147984024, left: 68722
Finish read data: 128
Data left: 2032, State=4
----------------------
Available data: 2032, State=4
Read chunk type
Chunk Type 3
Chunk ID: 6
Data left: 2031, State=6
----------------------
Available data: 2031, State=6
Data left: 2031, State=8
----------------------
Available data: 2031, State=8
Read data: 147984024, left: 68594
Finish read data: 128
Data left: 1903, State=4
----------------------
Available data: 1903, State=4
Read chunk type
Chunk Type 3
Chunk ID: 6
Data left: 1902, State=6
----------------------
Available data: 1902, State=6
Data left: 1902, State=8
----------------------
Available data: 1902, State=8
Read data: 147984024, left: 68466
Finish read data: 128
Data left: 1774, State=4
----------------------
Available data: 1774, State=4
Read chunk type
Chunk Type 3
Chunk ID: 6
Data left: 1773, State=6
----------------------
Available data: 1773, State=6
Data left: 1773, State=8
----------------------
Available data: 1773, State=8
Read data: 147984024, left: 68338
Finish read data: 128
Data left: 1645, State=4
----------------------
Available data: 1645, State=4
Read chunk type
Chunk Type 3
Chunk ID: 6
Data left: 1644, State=6
----------------------
Available data: 1644, State=6
Data left: 1644, State=8
----------------------
Available data: 1644, State=8
Read data: 147984024, left: 68210
Finish read data: 128
Data left: 1516, State=4
----------------------
Available data: 1516, State=4
Read chunk type
Chunk Type 3
Chunk ID: 6
Data left: 1515, State=6
----------------------
Available data: 1515, State=6
Data left: 1515, State=8
----------------------
Available data: 1515, State=8
Read data: 147984024, left: 68082
Finish read data: 128
Data left: 1387, State=4
----------------------
Available data: 1387, State=4
Read chunk type
Chunk Type 3
Chunk ID: 6
Data left: 1386, State=6
----------------------
Available data: 1386, State=6
Data left: 1386, State=8
----------------------
Available data: 1386, State=8
Read data: 147984024, left: 67954
Finish read data: 128
Data left: 1258, State=4
----------------------
Available data: 1258, State=4
Read chunk type
Chunk Type 3
Chunk ID: 6
Data left: 1257, State=6
----------------------
Available data: 1257, State=6
Data left: 1257, State=8
----------------------
Available data: 1257, State=8
Read data: 147984024, left: 67826
Finish read data: 128
Data left: 1129, State=4
----------------------
Available data: 1129, State=4
Read chunk type
Chunk Type 3
Chunk ID: 6
Data left: 1128, State=6
----------------------
Available data: 1128, State=6
Data left: 1128, State=8
----------------------
Available data: 1128, State=8
Read data: 147984024, left: 67698
Finish read data: 128
Data left: 1000, State=4
----------------------
Available data: 1000, State=4
Read chunk type
Chunk Type 3
Chunk ID: 6
Data left: 999, State=6
----------------------
Available data: 999, State=6
Data left: 999, State=8
----------------------
Available data: 999, State=8
Read data: 147984024, left: 67570
Finish read data: 128
Data left: 871, State=4
----------------------
Available data: 871, State=4
Read chunk type
Chunk Type 3
Chunk ID: 6
Data left: 870, State=6
----------------------
Available data: 870, State=6
Data left: 870, State=8
----------------------
Available data: 870, State=8
Read data: 147984024, left: 67442
Finish read data: 128
Data left: 742, State=4
----------------------
Available data: 742, State=4
Read chunk type
Chunk Type 3
Chunk ID: 6
Data left: 741, State=6
----------------------
Available data: 741, State=6
Data left: 741, State=8
----------------------
Available data: 741, State=8
Read data: 147984024, left: 67314
Finish read data: 128
Data left: 613, State=4
----------------------
Available data: 613, State=4
Read chunk type
Chunk Type 3
Chunk ID: 6
Data left: 612, State=6
----------------------
Available data: 612, State=6
Data left: 612, State=8
----------------------
Available data: 612, State=8
Read data: 147984024, left: 67186
Finish read data: 128
Data left: 484, State=4
----------------------
Available data: 484, State=4
Read chunk type
Chunk Type 3
Chunk ID: 6
Data left: 483, State=6
----------------------
Available data: 483, State=6
Data left: 483, State=8
----------------------
Available data: 483, State=8
Read data: 147984024, left: 67058
Finish read data: 128
Data left: 355, State=4
----------------------
Available data: 355, State=4
Read chunk type
Chunk Type 3
Chunk ID: 6
Data left: 354, State=6
----------------------
Available data: 354, State=6
Data left: 354, State=8
----------------------
Available data: 354, State=8
Read data: 147984024, left: 66930
Finish read data: 128
Data left: 226, State=4
----------------------
Available data: 226, State=4
Read chunk type
Chunk Type 3
Chunk ID: 6
Data left: 225, State=6
----------------------
Available data: 225, State=6
Data left: 225, State=8
----------------------
Available data: 225, State=8
Read data: 147984024, left: 66802
Finish read data: 128
Data left: 97, State=4
----------------------
Available data: 97, State=4
Read chunk type
Chunk Type 3
Chunk ID: 6
Data left: 96, State=6
----------------------
Available data: 96, State=6
Data left: 96, State=8
----------------------
Available data: 96, State=8
Data left: 96, State=8
Receiving: 4096 4000 8192 131073
----------------------
Available data: 4192, State=8
Read data: 147984024, left: 66674
Finish read data: 128
Data left: 4064, State=4
----------------------
Available data: 4064, State=4
Read chunk type
Chunk Type 3
Chunk ID: 6
Data left: 4063, State=6
----------------------
Available data: 4063, State=6
Data left: 4063, State=8
----------------------
Available data: 4063, State=8
Read data: 147984024, left: 66546
Finish read data: 128
Data left: 3935, State=4
----------------------
Available data: 3935, State=4
Read chunk type
Chunk Type 3
Chunk ID: 6
Data left: 3934, State=6
----------------------
Available data: 3934, State=6
Data left: 3934, State=8
----------------------
Available data: 3934, State=8
Read data: 147984024, left: 66418
Finish read data: 128
Data left: 3806, State=4
----------------------
Available data: 3806, State=4
Read chunk type
Chunk Type 3
Chunk ID: 6
Data left: 3805, State=6
----------------------
Available data: 3805, State=6
Data left: 3805, State=8
----------------------
Available data: 3805, State=8
Read data: 147984024, left: 66290
Finish read data: 128
Data left: 3677, State=4
----------------------
Available data: 3677, State=4
Read chunk type
Chunk Type 3
Chunk ID: 6
Data left: 3676, State=6
----------------------
Available data: 3676, State=6
Data left: 3676, State=8
----------------------
Available data: 3676, State=8
Read data: 147984024, left: 66162
Finish read data: 128
Data left: 3548, State=4
----------------------
Available data: 3548, State=4
Read chunk type
Chunk Type 3
Chunk ID: 6
Data left: 3547, State=6
----------------------
Available data: 3547, State=6
Data left: 3547, State=8
----------------------
Available data: 3547, State=8
Read data: 147984024, left: 66034
Finish read data: 128
Data left: 3419, State=4
----------------------
Available data: 3419, State=4
Read chunk type
Chunk Type 3
Chunk ID: 6
Data left: 3418, State=6
----------------------
Available data: 3418, State=6
Data left: 3418, State=8
----------------------
Available data: 3418, State=8
Read data: 147984024, left: 65906
Finish read data: 128
Data left: 3290, State=4
----------------------
Available data: 3290, State=4
Read chunk type
Chunk Type 3
Chunk ID: 6
Data left: 3289, State=6
----------------------
Available data: 3289, State=6
Data left: 3289, State=8
----------------------
Available data: 3289, State=8
Read data: 147984024, left: 65778
Finish read data: 128
Data left: 3161, State=4
----------------------
Available data: 3161, State=4
Read chunk type
Chunk Type 3
Chunk ID: 6
Data left: 3160, State=6
----------------------
Available data: 3160, State=6
Data left: 3160, State=8
----------------------
Available data: 3160, State=8
Read data: 147984024, left: 65650
Finish read data: 128
Data left: 3032, State=4
----------------------
Available data: 3032, State=4
Read chunk type
Chunk Type 3
Chunk ID: 6
Data left: 3031, State=6
----------------------
Available data: 3031, State=6
Data left: 3031, State=8
----------------------
Available data: 3031, State=8
Read data: 147984024, left: 65522
Finish read data: 128
Data left: 2903, State=4
----------------------
Available data: 2903, State=4
Read chunk type
Chunk Type 3
Chunk ID: 6
Data left: 2902, State=6
----------------------
Available data: 2902, State=6
Data left: 2902, State=8
----------------------
Available data: 2902, State=8
Read data: 147984024, left: 65394
Finish read data: 128
Data left: 2774, State=4
----------------------
Available data: 2774, State=4
Read chunk type
Chunk Type 3
Chunk ID: 6
Data left: 2773, State=6
----------------------
Available data: 2773, State=6
Data left: 2773, State=8
----------------------
Available data: 2773, State=8
Read data: 147984024, left: 65266
Finish read data: 128
Data left: 2645, State=4
----------------------
Available data: 2645, State=4
Read chunk type
Chunk Type 3
Chunk ID: 6
Data left: 2644, State=6
----------------------
Available data: 2644, State=6
Data left: 2644, State=8
----------------------
Available data: 2644, State=8
Read data: 147984024, left: 65138
Finish read data: 128
Data left: 2516, State=4
----------------------
Available data: 2516, State=4
Read chunk type
Chunk Type 3
Chunk ID: 6
Data left: 2515, State=6
----------------------
Available data: 2515, State=6
Data left: 2515, State=8
----------------------
Available data: 2515, State=8
Read data: 147984024, left: 65010
Finish read data: 128
Data left: 2387, State=4
----------------------
Available data: 2387, State=4
Read chunk type
Chunk Type 3
Chunk ID: 6
Data left: 2386, State=6
----------------------
Available data: 2386, State=6
Data left: 2386, State=8
----------------------
Available data: 2386, State=8
Read data: 147984024, left: 64882
Finish read data: 128
Data left: 2258, State=4
----------------------
Available data: 2258, State=4
Read chunk type
Chunk Type 3
Chunk ID: 6
Data left: 2257, State=6
----------------------
Available data: 2257, State=6
Data left: 2257, State=8
----------------------
Available data: 2257, State=8
Read data: 147984024, left: 64754
Finish read data: 128
Data left: 2129, State=4
----------------------
Available data: 2129, State=4
Read chunk type
Chunk Type 3
Chunk ID: 6
Data left: 2128, State=6
----------------------
Available data: 2128, State=6
Data left: 2128, State=8
----------------------
Available data: 2128, State=8
Read data: 147984024, left: 64626
Finish read data: 128
Data left: 2000, State=4
----------------------
Available data: 2000, State=4
Read chunk type
Chunk Type 3
Chunk ID: 6
Data left: 1999, State=6
----------------------
Available data: 1999, State=6
Data left: 1999, State=8
----------------------
Available data: 1999, State=8
Read data: 147984024, left: 64498
Finish read data: 128
Data left: 1871, State=4
----------------------
Available data: 1871, State=4
Read chunk type
Chunk Type 3
Chunk ID: 6
Data left: 1870, State=6
----------------------
Available data: 1870, State=6
Data left: 1870, State=8
----------------------
Available data: 1870, State=8
Read data: 147984024, left: 64370
Finish read data: 128
Data left: 1742, State=4
----------------------
Available data: 1742, State=4
Read chunk type
Chunk Type 3
Chunk ID: 6
Data left: 1741, State=6
----------------------
Available data: 1741, State=6
Data left: 1741, State=8
----------------------
Available data: 1741, State=8
Read data: 147984024, left: 64242
Finish read data: 128
Data left: 1613, State=4
----------------------
Available data: 1613, State=4
Read chunk type
Chunk Type 3
Chunk ID: 6
Data left: 1612, State=6
----------------------
Available data: 1612, State=6
Data left: 1612, State=8
----------------------
Available data: 1612, State=8
Read data: 147984024, left: 64114
Finish read data: 128
Data left: 1484, State=4
----------------------
Available data: 1484, State=4
Read chunk type
Chunk Type 3
Chunk ID: 6
Data left: 1483, State=6
----------------------
Available data: 1483, State=6
Data left: 1483, State=8
----------------------
Available data: 1483, State=8
Read data: 147984024, left: 63986
Finish read data: 128
Data left: 1355, State=4
----------------------
Available data: 1355, State=4
Read chunk type
Chunk Type 3
Chunk ID: 6
Data left: 1354, State=6
----------------------
Available data: 1354, State=6
Data left: 1354, State=8
----------------------
Available data: 1354, State=8
Read data: 147984024, left: 63858
Finish read data: 128
Data left: 1226, State=4
----------------------
Available data: 1226, State=4
Read chunk type
Chunk Type 3
Chunk ID: 6
Data left: 1225, State=6
----------------------
Available data: 1225, State=6
Data left: 1225, State=8
----------------------
Available data: 1225, State=8
Read data: 147984024, left: 63730
Finish read data: 128
Data left: 1097, State=4
----------------------
Available data: 1097, State=4
Read chunk type
Chunk Type 3
Chunk ID: 6
Data left: 1096, State=6
----------------------
Available data: 1096, State=6
Data left: 1096, State=8
----------------------
Available data: 1096, State=8
Read data: 147984024, left: 63602
Finish read data: 128
Data left: 968, State=4
----------------------
Available data: 968, State=4
Read chunk type
Chunk Type 3
Chunk ID: 6
Data left: 967, State=6
----------------------
Available data: 967, State=6
Data left: 967, State=8
----------------------
Available data: 967, State=8
Read data: 147984024, left: 63474
Finish read data: 128
Data left: 839, State=4
----------------------
Available data: 839, State=4
Read chunk type
Chunk Type 3
Chunk ID: 6
Data left: 838, State=6
----------------------
Available data: 838, State=6
Data left: 838, State=8
----------------------
Available data: 838, State=8
Read data: 147984024, left: 63346
Finish read data: 128
Data left: 710, State=4
----------------------
Available data: 710, State=4
Read chunk type
Chunk Type 3
Chunk ID: 6
Data left: 709, State=6
----------------------
Available data: 709, State=6
Data left: 709, State=8
----------------------
Available data: 709, State=8
Read data: 147984024, left: 63218
Finish read data: 128
Data left: 581, State=4
----------------------
Available data: 581, State=4
Read chunk type
Chunk Type 3
Chunk ID: 6
Data left: 580, State=6
----------------------
Available data: 580, State=6
Data left: 580, State=8
----------------------
Available data: 580, State=8
Read data: 147984024, left: 63090
Finish read data: 128
Data left: 452, State=4
----------------------
Available data: 452, State=4
Read chunk type
Chunk Type 3
Chunk ID: 6
Data left: 451, State=6
----------------------
Available data: 451, State=6
Data left: 451, State=8
----------------------
Available data: 451, State=8
Read data: 147984024, left: 62962
Finish read data: 128
Data left: 323, State=4
----------------------
Available data: 323, State=4
Read chunk type
Chunk Type 3
Chunk ID: 6
Data left: 322, State=6
----------------------
Available data: 322, State=6
Data left: 322, State=8
----------------------
Available data: 322, State=8
Read data: 147984024, left: 62834
Finish read data: 128
Data left: 194, State=4
----------------------
Available data: 194, State=4
Read chunk type
Chunk Type 3
Chunk ID: 6
Data left: 193, State=6
----------------------
Available data: 193, State=6
Data left: 193, State=8
----------------------
Available data: 193, State=8
Read data: 147984024, left: 62706
Finish read data: 128
Data left: 65, State=4
----------------------
Available data: 65, State=4
Read chunk type
Chunk Type 3
Chunk ID: 6
Data left: 64, State=6
----------------------
Available data: 64, State=6
Data left: 64, State=8
----------------------
Available data: 64, State=8
Data left: 64, State=8
Receiving: 8449 8128 16641 131073
----------------------
Available data: 8513, State=8
Read data: 147984024, left: 62578
Finish read data: 128
Data left: 8385, State=4
----------------------
Available data: 8385, State=4
Read chunk type
Chunk Type 3
Chunk ID: 6
Data left: 8384, State=6
----------------------
Available data: 8384, State=6
Data left: 8384, State=8
----------------------
Available data: 8384, State=8
Read data: 147984024, left: 62450
Finish read data: 128
Data left: 8256, State=4
----------------------
Available data: 8256, State=4
Read chunk type
Chunk Type 3
Chunk ID: 6
Data left: 8255, State=6
----------------------
Available data: 8255, State=6
Data left: 8255, State=8
----------------------
Available data: 8255, State=8
Read data: 147984024, left: 62322
Finish read data: 128
Data left: 8127, State=4
----------------------
Available data: 8127, State=4
Read chunk type
Chunk Type 3
Chunk ID: 6
Data left: 8126, State=6
----------------------
Available data: 8126, State=6
Data left: 8126, State=8
----------------------
Available data: 8126, State=8
Read data: 147984024, left: 62194
Finish read data: 128
Data left: 7998, State=4
----------------------
Available data: 7998, State=4
Read chunk type
Chunk Type 3
Chunk ID: 6
Data left: 7997, State=6
----------------------
Available data: 7997, State=6
Data left: 7997, State=8
----------------------
Available data: 7997, State=8
Read data: 147984024, left: 62066
Finish read data: 128
Data left: 7869, State=4
----------------------
Available data: 7869, State=4
Read chunk type
Chunk Type 3
Chunk ID: 6
Data left: 7868, State=6
----------------------
Available data: 7868, State=6
Data left: 7868, State=8
----------------------
Available data: 7868, State=8
Read data: 147984024, left: 61938
Finish read data: 128
Data left: 7740, State=4
----------------------
Available data: 7740, State=4
Read chunk type
Chunk Type 3
Chunk ID: 6
Data left: 7739, State=6
----------------------
Available data: 7739, State=6
Data left: 7739, State=8
----------------------
Available data: 7739, State=8
Read data: 147984024, left: 61810
Finish read data: 128
Data left: 7611, State=4
----------------------
Available data: 7611, State=4
Read chunk type
Chunk Type 3
Chunk ID: 6
Data left: 7610, State=6
----------------------
Available data: 7610, State=6
Data left: 7610, State=8
----------------------
Available data: 7610, State=8
Read data: 147984024, left: 61682
Finish read data: 128
Data left: 7482, State=4
----------------------
Available data: 7482, State=4
Read chunk type
Chunk Type 3
Chunk ID: 6
Data left: 7481, State=6
----------------------
Available data: 7481, State=6
Data left: 7481, State=8
----------------------
Available data: 7481, State=8
Read data: 147984024, left: 61554
Finish read data: 128
Data left: 7353, State=4
----------------------
Available data: 7353, State=4
Read chunk type
Chunk Type 3
Chunk ID: 6
Data left: 7352, State=6
----------------------
Available data: 7352, State=6
Data left: 7352, State=8
----------------------
Available data: 7352, State=8
Read data: 147984024, left: 61426
Finish read data: 128
Data left: 7224, State=4
----------------------
Available data: 7224, State=4
Read chunk type
Chunk Type 3
Chunk ID: 6
Data left: 7223, State=6
----------------------
Available data: 7223, State=6
Data left: 7223, State=8
----------------------
Available data: 7223, State=8
Read data: 147984024, left: 61298
Finish read data: 128
Data left: 7095, State=4
----------------------
Available data: 7095, State=4
Read chunk type
Chunk Type 3
Chunk ID: 6
Data left: 7094, State=6
----------------------
Available data: 7094, State=6
Data left: 7094, State=8
----------------------
Available data: 7094, State=8
Read data: 147984024, left: 61170
Finish read data: 128
Data left: 6966, State=4
----------------------
Available data: 6966, State=4
Read chunk type
Chunk Type 3
Chunk ID: 6
Data left: 6965, State=6
----------------------
Available data: 6965, State=6
Data left: 6965, State=8
----------------------
Available data: 6965, State=8
Read data: 147984024, left: 61042
Finish read data: 128
Data left: 6837, State=4
----------------------
Available data: 6837, State=4
Read chunk type
Chunk Type 3
Chunk ID: 6
Data left: 6836, State=6
----------------------
Available data: 6836, State=6
Data left: 6836, State=8
----------------------
Available data: 6836, State=8
Read data: 147984024, left: 60914
Finish read data: 128
Data left: 6708, State=4
----------------------
Available data: 6708, State=4
Read chunk type
Chunk Type 3
Chunk ID: 6
Data left: 6707, State=6
----------------------
Available data: 6707, State=6
Data left: 6707, State=8
----------------------
Available data: 6707, State=8
Read data: 147984024, left: 60786
Finish read data: 128
Data left: 6579, State=4
----------------------
Available data: 6579, State=4
Read chunk type
Chunk Type 3
Chunk ID: 6
Data left: 6578, State=6
----------------------
Available data: 6578, State=6
Data left: 6578, State=8
----------------------
Available data: 6578, State=8
Read data: 147984024, left: 60658
Finish read data: 128
Data left: 6450, State=4
----------------------
Available data: 6450, State=4
Read chunk type
Chunk Type 3
Chunk ID: 6
Data left: 6449, State=6
----------------------
Available data: 6449, State=6
Data left: 6449, State=8
----------------------
Available data: 6449, State=8
Read data: 147984024, left: 60530
Finish read data: 128
Data left: 6321, State=4
----------------------
Available data: 6321, State=4
Read chunk type
Chunk Type 3
Chunk ID: 6
Data left: 6320, State=6
----------------------
Available data: 6320, State=6
Data left: 6320, State=8
----------------------
Available data: 6320, State=8
Read data: 147984024, left: 60402
Finish read data: 128
Data left: 6192, State=4
----------------------
Available data: 6192, State=4
Read chunk type
Chunk Type 3
Chunk ID: 6
Data left: 6191, State=6
----------------------
Available data: 6191, State=6
Data left: 6191, State=8
----------------------
Available data: 6191, State=8
Read data: 147984024, left: 60274
Finish read data: 128
Data left: 6063, State=4
----------------------
Available data: 6063, State=4
Read chunk type
Chunk Type 3
Chunk ID: 6
Data left: 6062, State=6
----------------------
Available data: 6062, State=6
Data left: 6062, State=8
----------------------
Available data: 6062, State=8
Read data: 147984024, left: 60146
Finish read data: 128
Data left: 5934, State=4
----------------------
Available data: 5934, State=4
Read chunk type
Chunk Type 3
Chunk ID: 6
Data left: 5933, State=6
----------------------
Available data: 5933, State=6
Data left: 5933, State=8
----------------------
Available data: 5933, State=8
Read data: 147984024, left: 60018
Finish read data: 128
Data left: 5805, State=4
----------------------
Available data: 5805, State=4
Read chunk type
Chunk Type 3
Chunk ID: 6
Data left: 5804, State=6
----------------------
Available data: 5804, State=6
Data left: 5804, State=8
----------------------
Available data: 5804, State=8
Read data: 147984024, left: 59890
Finish read data: 128
Data left: 5676, State=4
----------------------
Available data: 5676, State=4
Read chunk type
Chunk Type 3
Chunk ID: 6
Data left: 5675, State=6
----------------------
Available data: 5675, State=6
Data left: 5675, State=8
----------------------
Available data: 5675, State=8
Read data: 147984024, left: 59762
Finish read data: 128
Data left: 5547, State=4
----------------------
Available data: 5547, State=4
Read chunk type
Chunk Type 3
Chunk ID: 6
Data left: 5546, State=6
----------------------
Available data: 5546, State=6
Data left: 5546, State=8
----------------------
Available data: 5546, State=8
Read data: 147984024, left: 59634
Finish read data: 128
Data left: 5418, State=4
----------------------
Available data: 5418, State=4
Read chunk type
Chunk Type 3
Chunk ID: 6
Data left: 5417, State=6
----------------------
Available data: 5417, State=6
Data left: 5417, State=8
----------------------
Available data: 5417, State=8
Read data: 147984024, left: 59506
Finish read data: 128
Data left: 5289, State=4
----------------------
Available data: 5289, State=4
Read chunk type
Chunk Type 3
Chunk ID: 6
Data left: 5288, State=6
----------------------
Available data: 5288, State=6
Data left: 5288, State=8
----------------------
Available data: 5288, State=8
Read data: 147984024, left: 59378
Finish read data: 128
Data left: 5160, State=4
----------------------
Available data: 5160, State=4
Read chunk type
Chunk Type 3
Chunk ID: 6
Data left: 5159, State=6
----------------------
Available data: 5159, State=6
Data left: 5159, State=8
----------------------
Available data: 5159, State=8
Read data: 147984024, left: 59250
Finish read data: 128
Data left: 5031, State=4
----------------------
Available data: 5031, State=4
Read chunk type
Chunk Type 3
Chunk ID: 6
Data left: 5030, State=6
----------------------
Available data: 5030, State=6
Data left: 5030, State=8
----------------------
Available data: 5030, State=8
Read data: 147984024, left: 59122
Finish read data: 128
Data left: 4902, State=4
----------------------
Available data: 4902, State=4
Read chunk type
Chunk Type 3
Chunk ID: 6
Data left: 4901, State=6
----------------------
Available data: 4901, State=6
Data left: 4901, State=8
----------------------
Available data: 4901, State=8
Read data: 147984024, left: 58994
Finish read data: 128
Data left: 4773, State=4
----------------------
Available data: 4773, State=4
Read chunk type
Chunk Type 3
Chunk ID: 6
Data left: 4772, State=6
----------------------
Available data: 4772, State=6
Data left: 4772, State=8
----------------------
Available data: 4772, State=8
Read data: 147984024, left: 58866
Finish read data: 128
Data left: 4644, State=4
----------------------
Available data: 4644, State=4
Read chunk type
Chunk Type 3
Chunk ID: 6
Data left: 4643, State=6
----------------------
Available data: 4643, State=6
Data left: 4643, State=8
----------------------
Available data: 4643, State=8
Read data: 147984024, left: 58738
Finish read data: 128
Data left: 4515, State=4
----------------------
Available data: 4515, State=4
Read chunk type
Chunk Type 3
Chunk ID: 6
Data left: 4514, State=6
----------------------
Available data: 4514, State=6
Data left: 4514, State=8
----------------------
Available data: 4514, State=8
Read data: 147984024, left: 58610
Finish read data: 128
Data left: 4386, State=4
----------------------
Available data: 4386, State=4
Read chunk type
Chunk Type 3
Chunk ID: 6
Data left: 4385, State=6
----------------------
Available data: 4385, State=6
Data left: 4385, State=8
----------------------
Available data: 4385, State=8
Read data: 147984024, left: 58482
Finish read data: 128
Data left: 4257, State=4
----------------------
Available data: 4257, State=4
Read chunk type
Chunk Type 3
Chunk ID: 6
Data left: 4256, State=6
----------------------
Available data: 4256, State=6
Data left: 4256, State=8
----------------------
Available data: 4256, State=8
Read data: 147984024, left: 58354
Finish read data: 128
Data left: 4128, State=4
----------------------
Available data: 4128, State=4
Read chunk type
Chunk Type 3
Chunk ID: 6
Data left: 4127, State=6
----------------------
Available data: 4127, State=6
Data left: 4127, State=8
----------------------
Available data: 4127, State=8
Read data: 147984024, left: 58226
Finish read data: 128
Data left: 3999, State=4
----------------------
Available data: 3999, State=4
Read chunk type
Chunk Type 3
Chunk ID: 6
Data left: 3998, State=6
----------------------
Available data: 3998, State=6
Data left: 3998, State=8
----------------------
Available data: 3998, State=8
Read data: 147984024, left: 58098
Finish read data: 128
Data left: 3870, State=4
----------------------
Available data: 3870, State=4
Read chunk type
Chunk Type 3
Chunk ID: 6
Data left: 3869, State=6
----------------------
Available data: 3869, State=6
Data left: 3869, State=8
----------------------
Available data: 3869, State=8
Read data: 147984024, left: 57970
Finish read data: 128
Data left: 3741, State=4
----------------------
Available data: 3741, State=4
Read chunk type
Chunk Type 3
Chunk ID: 6
Data left: 3740, State=6
----------------------
Available data: 3740, State=6
Data left: 3740, State=8
----------------------
Available data: 3740, State=8
Read data: 147984024, left: 57842
Finish read data: 128
Data left: 3612, State=4
----------------------
Available data: 3612, State=4
Read chunk type
Chunk Type 3
Chunk ID: 6
Data left: 3611, State=6
----------------------
Available data: 3611, State=6
Data left: 3611, State=8
----------------------
Available data: 3611, State=8
Read data: 147984024, left: 57714
Finish read data: 128
Data left: 3483, State=4
----------------------
Available data: 3483, State=4
Read chunk type
Chunk Type 3
Chunk ID: 6
Data left: 3482, State=6
----------------------
Available data: 3482, State=6
Data left: 3482, State=8
----------------------
Available data: 3482, State=8
Read data: 147984024, left: 57586
Finish read data: 128
Data left: 3354, State=4
----------------------
Available data: 3354, State=4
Read chunk type
Chunk Type 3
Chunk ID: 6
Data left: 3353, State=6
----------------------
Available data: 3353, State=6
Data left: 3353, State=8
----------------------
Available data: 3353, State=8
Read data: 147984024, left: 57458
Finish read data: 128
Data left: 3225, State=4
----------------------
Available data: 3225, State=4
Read chunk type
Chunk Type 3
Chunk ID: 6
Data left: 3224, State=6
----------------------
Available data: 3224, State=6
Data left: 3224, State=8
----------------------
Available data: 3224, State=8
Read data: 147984024, left: 57330
Finish read data: 128
Data left: 3096, State=4
----------------------
Available data: 3096, State=4
Read chunk type
Chunk Type 3
Chunk ID: 6
Data left: 3095, State=6
----------------------
Available data: 3095, State=6
Data left: 3095, State=8
----------------------
Available data: 3095, State=8
Read data: 147984024, left: 57202
Finish read data: 128
Data left: 2967, State=4
----------------------
Available data: 2967, State=4
Read chunk type
Chunk Type 3
Chunk ID: 6
Data left: 2966, State=6
----------------------
Available data: 2966, State=6
Data left: 2966, State=8
----------------------
Available data: 2966, State=8
Read data: 147984024, left: 57074
Finish read data: 128
Data left: 2838, State=4
----------------------
Available data: 2838, State=4
Read chunk type
Chunk Type 3
Chunk ID: 6
Data left: 2837, State=6
----------------------
Available data: 2837, State=6
Data left: 2837, State=8
----------------------
Available data: 2837, State=8
Read data: 147984024, left: 56946
Finish read data: 128
Data left: 2709, State=4
----------------------
Available data: 2709, State=4
Read chunk type
Chunk Type 3
Chunk ID: 6
Data left: 2708, State=6
----------------------
Available data: 2708, State=6
Data left: 2708, State=8
----------------------
Available data: 2708, State=8
Read data: 147984024, left: 56818
Finish read data: 128
Data left: 2580, State=4
----------------------
Available data: 2580, State=4
Read chunk type
Chunk Type 3
Chunk ID: 6
Data left: 2579, State=6
----------------------
Available data: 2579, State=6
Data left: 2579, State=8
----------------------
Available data: 2579, State=8
Read data: 147984024, left: 56690
Finish read data: 128
Data left: 2451, State=4
----------------------
Available data: 2451, State=4
Read chunk type
Chunk Type 3
Chunk ID: 6
Data left: 2450, State=6
----------------------
Available data: 2450, State=6
Data left: 2450, State=8
----------------------
Available data: 2450, State=8
Read data: 147984024, left: 56562
Finish read data: 128
Data left: 2322, State=4
----------------------
Available data: 2322, State=4
Read chunk type
Chunk Type 3
Chunk ID: 6
Data left: 2321, State=6
----------------------
Available data: 2321, State=6
Data left: 2321, State=8
----------------------
Available data: 2321, State=8
Read data: 147984024, left: 56434
Finish read data: 128
Data left: 2193, State=4
----------------------
Available data: 2193, State=4
Read chunk type
Chunk Type 3
Chunk ID: 6
Data left: 2192, State=6
----------------------
Available data: 2192, State=6
Data left: 2192, State=8
----------------------
Available data: 2192, State=8
Read data: 147984024, left: 56306
Finish read data: 128
Data left: 2064, State=4
----------------------
Available data: 2064, State=4
Read chunk type
Chunk Type 3
Chunk ID: 6
Data left: 2063, State=6
----------------------
Available data: 2063, State=6
Data left: 2063, State=8
----------------------
Available data: 2063, State=8
Read data: 147984024, left: 56178
Finish read data: 128
Data left: 1935, State=4
----------------------
Available data: 1935, State=4
Read chunk type
Chunk Type 3
Chunk ID: 6
Data left: 1934, State=6
----------------------
Available data: 1934, State=6
Data left: 1934, State=8
----------------------
Available data: 1934, State=8
Read data: 147984024, left: 56050
Finish read data: 128
Data left: 1806, State=4
----------------------
Available data: 1806, State=4
Read chunk type
Chunk Type 3
Chunk ID: 6
Data left: 1805, State=6
----------------------
Available data: 1805, State=6
Data left: 1805, State=8
----------------------
Available data: 1805, State=8
Read data: 147984024, left: 55922
Finish read data: 128
Data left: 1677, State=4
----------------------
Available data: 1677, State=4
Read chunk type
Chunk Type 3
Chunk ID: 6
Data left: 1676, State=6
----------------------
Available data: 1676, State=6
Data left: 1676, State=8
----------------------
Available data: 1676, State=8
Read data: 147984024, left: 55794
Finish read data: 128
Data left: 1548, State=4
----------------------
Available data: 1548, State=4
Read chunk type
Chunk Type 3
Chunk ID: 6
Data left: 1547, State=6
----------------------
Available data: 1547, State=6
Data left: 1547, State=8
----------------------
Available data: 1547, State=8
Read data: 147984024, left: 55666
Finish read data: 128
Data left: 1419, State=4
----------------------
Available data: 1419, State=4
Read chunk type
Chunk Type 3
Chunk ID: 6
Data left: 1418, State=6
----------------------
Available data: 1418, State=6
Data left: 1418, State=8
----------------------
Available data: 1418, State=8
Read data: 147984024, left: 55538
Finish read data: 128
Data left: 1290, State=4
----------------------
Available data: 1290, State=4
Read chunk type
Chunk Type 3
Chunk ID: 6
Data left: 1289, State=6
----------------------
Available data: 1289, State=6
Data left: 1289, State=8
----------------------
Available data: 1289, State=8
Read data: 147984024, left: 55410
Finish read data: 128
Data left: 1161, State=4
----------------------
Available data: 1161, State=4
Read chunk type
Chunk Type 3
Chunk ID: 6
Data left: 1160, State=6
----------------------
Available data: 1160, State=6
Data left: 1160, State=8
----------------------
Available data: 1160, State=8
Read data: 147984024, left: 55282
Finish read data: 128
Data left: 1032, State=4
----------------------
Available data: 1032, State=4
Read chunk type
Chunk Type 3
Chunk ID: 6
Data left: 1031, State=6
----------------------
Available data: 1031, State=6
Data left: 1031, State=8
----------------------
Available data: 1031, State=8
Read data: 147984024, left: 55154
Finish read data: 128
Data left: 903, State=4
----------------------
Available data: 903, State=4
Read chunk type
Chunk Type 3
Chunk ID: 6
Data left: 902, State=6
----------------------
Available data: 902, State=6
Data left: 902, State=8
----------------------
Available data: 902, State=8
Read data: 147984024, left: 55026
Finish read data: 128
Data left: 774, State=4
----------------------
Available data: 774, State=4
Read chunk type
Chunk Type 3
Chunk ID: 6
Data left: 773, State=6
----------------------
Available data: 773, State=6
Data left: 773, State=8
----------------------
Available data: 773, State=8
Read data: 147984024, left: 54898
Finish read data: 128
Data left: 645, State=4
----------------------
Available data: 645, State=4
Read chunk type
Chunk Type 3
Chunk ID: 6
Data left: 644, State=6
----------------------
Available data: 644, State=6
Data left: 644, State=8
----------------------
Available data: 644, State=8
Read data: 147984024, left: 54770
Finish read data: 128
Data left: 516, State=4
----------------------
Available data: 516, State=4
Read chunk type
Chunk Type 3
Chunk ID: 6
Data left: 515, State=6
----------------------
Available data: 515, State=6
Data left: 515, State=8
----------------------
Available data: 515, State=8
Read data: 147984024, left: 54642
Finish read data: 128
Data left: 387, State=4
----------------------
Available data: 387, State=4
Read chunk type
Chunk Type 3
Chunk ID: 6
Data left: 386, State=6
----------------------
Available data: 386, State=6
Data left: 386, State=8
----------------------
Available data: 386, State=8
Read data: 147984024, left: 54514
Finish read data: 128
Data left: 258, State=4
----------------------
Available data: 258, State=4
Read chunk type
Chunk Type 3
Chunk ID: 6
Data left: 257, State=6
----------------------
Available data: 257, State=6
Data left: 257, State=8
----------------------
Available data: 257, State=8
Read data: 147984024, left: 54386
Finish read data: 128
Data left: 129, State=4
----------------------
Available data: 129, State=4
Read chunk type
Chunk Type 3
Chunk ID: 6
Data left: 128, State=6
----------------------
Available data: 128, State=6
Data left: 128, State=8
----------------------
Available data: 128, State=8
Read data: 147984024, left: 54258
Finish read data: 128
Data left: 0, State=4
Receiving: 4096 0 4096 131073
----------------------
Available data: 4096, State=4
Read chunk type
Chunk Type 3
Chunk ID: 6
Data left: 4095, State=6
----------------------
Available data: 4095, State=6
Data left: 4095, State=8
----------------------
Available data: 4095, State=8
Read data: 147984024, left: 54130
Finish read data: 128
Data left: 3967, State=4
----------------------
Available data: 3967, State=4
Read chunk type
Chunk Type 3
Chunk ID: 6
Data left: 3966, State=6
----------------------
Available data: 3966, State=6
Data left: 3966, State=8
----------------------
Available data: 3966, State=8
Read data: 147984024, left: 54002
Finish read data: 128
Data left: 3838, State=4
----------------------
Available data: 3838, State=4
Read chunk type
Chunk Type 3
Chunk ID: 6
Data left: 3837, State=6
----------------------
Available data: 3837, State=6
Data left: 3837, State=8
----------------------
Available data: 3837, State=8
Read data: 147984024, left: 53874
Finish read data: 128
Data left: 3709, State=4
----------------------
Available data: 3709, State=4
Read chunk type
Chunk Type 3
Chunk ID: 6
Data left: 3708, State=6
----------------------
Available data: 3708, State=6
Data left: 3708, State=8
----------------------
Available data: 3708, State=8
Read data: 147984024, left: 53746
Finish read data: 128
Data left: 3580, State=4
----------------------
Available data: 3580, State=4
Read chunk type
Chunk Type 3
Chunk ID: 6
Data left: 3579, State=6
----------------------
Available data: 3579, State=6
Data left: 3579, State=8
----------------------
Available data: 3579, State=8
Read data: 147984024, left: 53618
Finish read data: 128
Data left: 3451, State=4
----------------------
Available data: 3451, State=4
Read chunk type
Chunk Type 3
Chunk ID: 6
Data left: 3450, State=6
----------------------
Available data: 3450, State=6
Data left: 3450, State=8
----------------------
Available data: 3450, State=8
Read data: 147984024, left: 53490
Finish read data: 128
Data left: 3322, State=4
----------------------
Available data: 3322, State=4
Read chunk type
Chunk Type 3
Chunk ID: 6
Data left: 3321, State=6
----------------------
Available data: 3321, State=6
Data left: 3321, State=8
----------------------
Available data: 3321, State=8
Read data: 147984024, left: 53362
Finish read data: 128
Data left: 3193, State=4
----------------------
Available data: 3193, State=4
Read chunk type
Chunk Type 3
Chunk ID: 6
Data left: 3192, State=6
----------------------
Available data: 3192, State=6
Data left: 3192, State=8
----------------------
Available data: 3192, State=8
Read data: 147984024, left: 53234
Finish read data: 128
Data left: 3064, State=4
----------------------
Available data: 3064, State=4
Read chunk type
Chunk Type 3
Chunk ID: 6
Data left: 3063, State=6
----------------------
Available data: 3063, State=6
Data left: 3063, State=8
----------------------
Available data: 3063, State=8
Read data: 147984024, left: 53106
Finish read data: 128
Data left: 2935, State=4
----------------------
Available data: 2935, State=4
Read chunk type
Chunk Type 3
Chunk ID: 6
Data left: 2934, State=6
----------------------
Available data: 2934, State=6
Data left: 2934, State=8
----------------------
Available data: 2934, State=8
Read data: 147984024, left: 52978
Finish read data: 128
Data left: 2806, State=4
----------------------
Available data: 2806, State=4
Read chunk type
Chunk Type 3
Chunk ID: 6
Data left: 2805, State=6
----------------------
Available data: 2805, State=6
Data left: 2805, State=8
----------------------
Available data: 2805, State=8
Read data: 147984024, left: 52850
Finish read data: 128
Data left: 2677, State=4
----------------------
Available data: 2677, State=4
Read chunk type
Chunk Type 3
Chunk ID: 6
Data left: 2676, State=6
----------------------
Available data: 2676, State=6
Data left: 2676, State=8
----------------------
Available data: 2676, State=8
Read data: 147984024, left: 52722
Finish read data: 128
Data left: 2548, State=4
----------------------
Available data: 2548, State=4
Read chunk type
Chunk Type 3
Chunk ID: 6
Data left: 2547, State=6
----------------------
Available data: 2547, State=6
Data left: 2547, State=8
----------------------
Available data: 2547, State=8
Read data: 147984024, left: 52594
Finish read data: 128
Data left: 2419, State=4
----------------------
Available data: 2419, State=4
Read chunk type
Chunk Type 3
Chunk ID: 6
Data left: 2418, State=6
----------------------
Available data: 2418, State=6
Data left: 2418, State=8
----------------------
Available data: 2418, State=8
Read data: 147984024, left: 52466
Finish read data: 128
Data left: 2290, State=4
----------------------
Available data: 2290, State=4
Read chunk type
Chunk Type 3
Chunk ID: 6
Data left: 2289, State=6
----------------------
Available data: 2289, State=6
Data left: 2289, State=8
----------------------
Available data: 2289, State=8
Read data: 147984024, left: 52338
Finish read data: 128
Data left: 2161, State=4
----------------------
Available data: 2161, State=4
Read chunk type
Chunk Type 3
Chunk ID: 6
Data left: 2160, State=6
----------------------
Available data: 2160, State=6
Data left: 2160, State=8
----------------------
Available data: 2160, State=8
Read data: 147984024, left: 52210
Finish read data: 128
Data left: 2032, State=4
----------------------
Available data: 2032, State=4
Read chunk type
Chunk Type 3
Chunk ID: 6
Data left: 2031, State=6
----------------------
Available data: 2031, State=6
Data left: 2031, State=8
----------------------
Available data: 2031, State=8
Read data: 147984024, left: 52082
Finish read data: 128
Data left: 1903, State=4
----------------------
Available data: 1903, State=4
Read chunk type
Chunk Type 3
Chunk ID: 6
Data left: 1902, State=6
----------------------
Available data: 1902, State=6
Data left: 1902, State=8
----------------------
Available data: 1902, State=8
Read data: 147984024, left: 51954
Finish read data: 128
Data left: 1774, State=4
----------------------
Available data: 1774, State=4
Read chunk type
Chunk Type 3
Chunk ID: 6
Data left: 1773, State=6
----------------------
Available data: 1773, State=6
Data left: 1773, State=8
----------------------
Available data: 1773, State=8
Read data: 147984024, left: 51826
Finish read data: 128
Data left: 1645, State=4
----------------------
Available data: 1645, State=4
Read chunk type
Chunk Type 3
Chunk ID: 6
Data left: 1644, State=6
----------------------
Available data: 1644, State=6
Data left: 1644, State=8
----------------------
Available data: 1644, State=8
Read data: 147984024, left: 51698
Finish read data: 128
Data left: 1516, State=4
----------------------
Available data: 1516, State=4
Read chunk type
Chunk Type 3
Chunk ID: 6
Data left: 1515, State=6
----------------------
Available data: 1515, State=6
Data left: 1515, State=8
----------------------
Available data: 1515, State=8
Read data: 147984024, left: 51570
Finish read data: 128
Data left: 1387, State=4
----------------------
Available data: 1387, State=4
Read chunk type
Chunk Type 3
Chunk ID: 6
Data left: 1386, State=6
----------------------
Available data: 1386, State=6
Data left: 1386, State=8
----------------------
Available data: 1386, State=8
Read data: 147984024, left: 51442
Finish read data: 128
Data left: 1258, State=4
----------------------
Available data: 1258, State=4
Read chunk type
Chunk Type 3
Chunk ID: 6
Data left: 1257, State=6
----------------------
Available data: 1257, State=6
Data left: 1257, State=8
----------------------
Available data: 1257, State=8
Read data: 147984024, left: 51314
Finish read data: 128
Data left: 1129, State=4
----------------------
Available data: 1129, State=4
Read chunk type
Chunk Type 3
Chunk ID: 6
Data left: 1128, State=6
----------------------
Available data: 1128, State=6
Data left: 1128, State=8
----------------------
Available data: 1128, State=8
Read data: 147984024, left: 51186
Finish read data: 128
Data left: 1000, State=4
----------------------
Available data: 1000, State=4
Read chunk type
Chunk Type 3
Chunk ID: 6
Data left: 999, State=6
----------------------
Available data: 999, State=6
Data left: 999, State=8
----------------------
Available data: 999, State=8
Read data: 147984024, left: 51058
Finish read data: 128
Data left: 871, State=4
----------------------
Available data: 871, State=4
Read chunk type
Chunk Type 3
Chunk ID: 6
Data left: 870, State=6
----------------------
Available data: 870, State=6
Data left: 870, State=8
----------------------
Available data: 870, State=8
Read data: 147984024, left: 50930
Finish read data: 128
Data left: 742, State=4
----------------------
Available data: 742, State=4
Read chunk type
Chunk Type 3
Chunk ID: 6
Data left: 741, State=6
----------------------
Available data: 741, State=6
Data left: 741, State=8
----------------------
Available data: 741, State=8
Read data: 147984024, left: 50802
Finish read data: 128
Data left: 613, State=4
----------------------
Available data: 613, State=4
Read chunk type
Chunk Type 3
Chunk ID: 6
Data left: 612, State=6
----------------------
Available data: 612, State=6
Data left: 612, State=8
----------------------
Available data: 612, State=8
Read data: 147984024, left: 50674
Finish read data: 128
Data left: 484, State=4
----------------------
Available data: 484, State=4
Read chunk type
Chunk Type 3
Chunk ID: 6
Data left: 483, State=6
----------------------
Available data: 483, State=6
Data left: 483, State=8
----------------------
Available data: 483, State=8
Read data: 147984024, left: 50546
Finish read data: 128
Data left: 355, State=4
----------------------
Available data: 355, State=4
Read chunk type
Chunk Type 3
Chunk ID: 6
Data left: 354, State=6
----------------------
Available data: 354, State=6
Data left: 354, State=8
----------------------
Available data: 354, State=8
Read data: 147984024, left: 50418
Finish read data: 128
Data left: 226, State=4
----------------------
Available data: 226, State=4
Read chunk type
Chunk Type 3
Chunk ID: 6
Data left: 225, State=6
----------------------
Available data: 225, State=6
Data left: 225, State=8
----------------------
Available data: 225, State=8
Read data: 147984024, left: 50290
Finish read data: 128
Data left: 97, State=4
----------------------
Available data: 97, State=4
Read chunk type
Chunk Type 3
Chunk ID: 6
Data left: 96, State=6
----------------------
Available data: 96, State=6
Data left: 96, State=8
----------------------
Available data: 96, State=8
Data left: 96, State=8
Receiving: 4096 4000 8192 131073
----------------------
Available data: 4192, State=8
Read data: 147984024, left: 50162
Finish read data: 128
Data left: 4064, State=4
----------------------
Available data: 4064, State=4
Read chunk type
Chunk Type 3
Chunk ID: 6
Data left: 4063, State=6
----------------------
Available data: 4063, State=6
Data left: 4063, State=8
----------------------
Available data: 4063, State=8
Read data: 147984024, left: 50034
Finish read data: 128
Data left: 3935, State=4
----------------------
Available data: 3935, State=4
Read chunk type
Chunk Type 3
Chunk ID: 6
Data left: 3934, State=6
----------------------
Available data: 3934, State=6
Data left: 3934, State=8
----------------------
Available data: 3934, State=8
Read data: 147984024, left: 49906
Finish read data: 128
Data left: 3806, State=4
----------------------
Available data: 3806, State=4
Read chunk type
Chunk Type 3
Chunk ID: 6
Data left: 3805, State=6
----------------------
Available data: 3805, State=6
Data left: 3805, State=8
----------------------
Available data: 3805, State=8
Read data: 147984024, left: 49778
Finish read data: 128
Data left: 3677, State=4
----------------------
Available data: 3677, State=4
Read chunk type
Chunk Type 3
Chunk ID: 6
Data left: 3676, State=6
----------------------
Available data: 3676, State=6
Data left: 3676, State=8
----------------------
Available data: 3676, State=8
Read data: 147984024, left: 49650
Finish read data: 128
Data left: 3548, State=4
----------------------
Available data: 3548, State=4
Read chunk type
Chunk Type 3
Chunk ID: 6
Data left: 3547, State=6
----------------------
Available data: 3547, State=6
Data left: 3547, State=8
----------------------
Available data: 3547, State=8
Read data: 147984024, left: 49522
Finish read data: 128
Data left: 3419, State=4
----------------------
Available data: 3419, State=4
Read chunk type
Chunk Type 3
Chunk ID: 6
Data left: 3418, State=6
----------------------
Available data: 3418, State=6
Data left: 3418, State=8
----------------------
Available data: 3418, State=8
Read data: 147984024, left: 49394
Finish read data: 128
Data left: 3290, State=4
----------------------
Available data: 3290, State=4
Read chunk type
Chunk Type 3
Chunk ID: 6
Data left: 3289, State=6
----------------------
Available data: 3289, State=6
Data left: 3289, State=8
----------------------
Available data: 3289, State=8
Read data: 147984024, left: 49266
Finish read data: 128
Data left: 3161, State=4
----------------------
Available data: 3161, State=4
Read chunk type
Chunk Type 3
Chunk ID: 6
Data left: 3160, State=6
----------------------
Available data: 3160, State=6
Data left: 3160, State=8
----------------------
Available data: 3160, State=8
Read data: 147984024, left: 49138
Finish read data: 128
Data left: 3032, State=4
----------------------
Available data: 3032, State=4
Read chunk type
Chunk Type 3
Chunk ID: 6
Data left: 3031, State=6
----------------------
Available data: 3031, State=6
Data left: 3031, State=8
----------------------
Available data: 3031, State=8
Read data: 147984024, left: 49010
Finish read data: 128
Data left: 2903, State=4
----------------------
Available data: 2903, State=4
Read chunk type
Chunk Type 3
Chunk ID: 6
Data left: 2902, State=6
----------------------
Available data: 2902, State=6
Data left: 2902, State=8
----------------------
Available data: 2902, State=8
Read data: 147984024, left: 48882
Finish read data: 128
Data left: 2774, State=4
----------------------
Available data: 2774, State=4
Read chunk type
Chunk Type 3
Chunk ID: 6
Data left: 2773, State=6
----------------------
Available data: 2773, State=6
Data left: 2773, State=8
----------------------
Available data: 2773, State=8
Read data: 147984024, left: 48754
Finish read data: 128
Data left: 2645, State=4
----------------------
Available data: 2645, State=4
Read chunk type
Chunk Type 3
Chunk ID: 6
Data left: 2644, State=6
----------------------
Available data: 2644, State=6
Data left: 2644, State=8
----------------------
Available data: 2644, State=8
Read data: 147984024, left: 48626
Finish read data: 128
Data left: 2516, State=4
----------------------
Available data: 2516, State=4
Read chunk type
Chunk Type 3
Chunk ID: 6
Data left: 2515, State=6
----------------------
Available data: 2515, State=6
Data left: 2515, State=8
----------------------
Available data: 2515, State=8
Read data: 147984024, left: 48498
Finish read data: 128
Data left: 2387, State=4
----------------------
Available data: 2387, State=4
Read chunk type
Chunk Type 3
Chunk ID: 6
Data left: 2386, State=6
----------------------
Available data: 2386, State=6
Data left: 2386, State=8
----------------------
Available data: 2386, State=8
Read data: 147984024, left: 48370
Finish read data: 128
Data left: 2258, State=4
----------------------
Available data: 2258, State=4
Read chunk type
Chunk Type 3
Chunk ID: 6
Data left: 2257, State=6
----------------------
Available data: 2257, State=6
Data left: 2257, State=8
----------------------
Available data: 2257, State=8
Read data: 147984024, left: 48242
Finish read data: 128
Data left: 2129, State=4
----------------------
Available data: 2129, State=4
Read chunk type
Chunk Type 3
Chunk ID: 6
Data left: 2128, State=6
----------------------
Available data: 2128, State=6
Data left: 2128, State=8
----------------------
Available data: 2128, State=8
Read data: 147984024, left: 48114
Finish read data: 128
Data left: 2000, State=4
----------------------
Available data: 2000, State=4
Read chunk type
Chunk Type 3
Chunk ID: 6
Data left: 1999, State=6
----------------------
Available data: 1999, State=6
Data left: 1999, State=8
----------------------
Available data: 1999, State=8
Read data: 147984024, left: 47986
Finish read data: 128
Data left: 1871, State=4
----------------------
Available data: 1871, State=4
Read chunk type
Chunk Type 3
Chunk ID: 6
Data left: 1870, State=6
----------------------
Available data: 1870, State=6
Data left: 1870, State=8
----------------------
Available data: 1870, State=8
Read data: 147984024, left: 47858
Finish read data: 128
Data left: 1742, State=4
----------------------
Available data: 1742, State=4
Read chunk type
Chunk Type 3
Chunk ID: 6
Data left: 1741, State=6
----------------------
Available data: 1741, State=6
Data left: 1741, State=8
----------------------
Available data: 1741, State=8
Read data: 147984024, left: 47730
Finish read data: 128
Data left: 1613, State=4
----------------------
Available data: 1613, State=4
Read chunk type
Chunk Type 3
Chunk ID: 6
Data left: 1612, State=6
----------------------
Available data: 1612, State=6
Data left: 1612, State=8
----------------------
Available data: 1612, State=8
Read data: 147984024, left: 47602
Finish read data: 128
Data left: 1484, State=4
----------------------
Available data: 1484, State=4
Read chunk type
Chunk Type 3
Chunk ID: 6
Data left: 1483, State=6
----------------------
Available data: 1483, State=6
Data left: 1483, State=8
----------------------
Available data: 1483, State=8
Read data: 147984024, left: 47474
Finish read data: 128
Data left: 1355, State=4
----------------------
Available data: 1355, State=4
Read chunk type
Chunk Type 3
Chunk ID: 6
Data left: 1354, State=6
----------------------
Available data: 1354, State=6
Data left: 1354, State=8
----------------------
Available data: 1354, State=8
Read data: 147984024, left: 47346
Finish read data: 128
Data left: 1226, State=4
----------------------
Available data: 1226, State=4
Read chunk type
Chunk Type 3
Chunk ID: 6
Data left: 1225, State=6
----------------------
Available data: 1225, State=6
Data left: 1225, State=8
----------------------
Available data: 1225, State=8
Read data: 147984024, left: 47218
Finish read data: 128
Data left: 1097, State=4
----------------------
Available data: 1097, State=4
Read chunk type
Chunk Type 3
Chunk ID: 6
Data left: 1096, State=6
----------------------
Available data: 1096, State=6
Data left: 1096, State=8
----------------------
Available data: 1096, State=8
Read data: 147984024, left: 47090
Finish read data: 128
Data left: 968, State=4
----------------------
Available data: 968, State=4
Read chunk type
Chunk Type 3
Chunk ID: 6
Data left: 967, State=6
----------------------
Available data: 967, State=6
Data left: 967, State=8
----------------------
Available data: 967, State=8
Read data: 147984024, left: 46962
Finish read data: 128
Data left: 839, State=4
----------------------
Available data: 839, State=4
Read chunk type
Chunk Type 3
Chunk ID: 6
Data left: 838, State=6
----------------------
Available data: 838, State=6
Data left: 838, State=8
----------------------
Available data: 838, State=8
Read data: 147984024, left: 46834
Finish read data: 128
Data left: 710, State=4
----------------------
Available data: 710, State=4
Read chunk type
Chunk Type 3
Chunk ID: 6
Data left: 709, State=6
----------------------
Available data: 709, State=6
Data left: 709, State=8
----------------------
Available data: 709, State=8
Read data: 147984024, left: 46706
Finish read data: 128
Data left: 581, State=4
----------------------
Available data: 581, State=4
Read chunk type
Chunk Type 3
Chunk ID: 6
Data left: 580, State=6
----------------------
Available data: 580, State=6
Data left: 580, State=8
----------------------
Available data: 580, State=8
Read data: 147984024, left: 46578
Finish read data: 128
Data left: 452, State=4
----------------------
Available data: 452, State=4
Read chunk type
Chunk Type 3
Chunk ID: 6
Data left: 451, State=6
----------------------
Available data: 451, State=6
Data left: 451, State=8
----------------------
Available data: 451, State=8
Read data: 147984024, left: 46450
Finish read data: 128
Data left: 323, State=4
----------------------
Available data: 323, State=4
Read chunk type
Chunk Type 3
Chunk ID: 6
Data left: 322, State=6
----------------------
Available data: 322, State=6
Data left: 322, State=8
----------------------
Available data: 322, State=8
Read data: 147984024, left: 46322
Finish read data: 128
Data left: 194, State=4
----------------------
Available data: 194, State=4
Read chunk type
Chunk Type 3
Chunk ID: 6
Data left: 193, State=6
----------------------
Available data: 193, State=6
Data left: 193, State=8
----------------------
Available data: 193, State=8
Read data: 147984024, left: 46194
Finish read data: 128
Data left: 65, State=4
----------------------
Available data: 65, State=4
Read chunk type
Chunk Type 3
Chunk ID: 6
Data left: 64, State=6
----------------------
Available data: 64, State=6
Data left: 64, State=8
----------------------
Available data: 64, State=8
Data left: 64, State=8
Receiving: 4096 8128 12288 131073
----------------------
Available data: 4160, State=8
Read data: 147984024, left: 46066
Finish read data: 128
Data left: 4032, State=4
----------------------
Available data: 4032, State=4
Read chunk type
Chunk Type 3
Chunk ID: 6
Data left: 4031, State=6
----------------------
Available data: 4031, State=6
Data left: 4031, State=8
----------------------
Available data: 4031, State=8
Read data: 147984024, left: 45938
Finish read data: 128
Data left: 3903, State=4
----------------------
Available data: 3903, State=4
Read chunk type
Chunk Type 3
Chunk ID: 6
Data left: 3902, State=6
----------------------
Available data: 3902, State=6
Data left: 3902, State=8
----------------------
Available data: 3902, State=8
Read data: 147984024, left: 45810
Finish read data: 128
Data left: 3774, State=4
----------------------
Available data: 3774, State=4
Read chunk type
Chunk Type 3
Chunk ID: 6
Data left: 3773, State=6
----------------------
Available data: 3773, State=6
Data left: 3773, State=8
----------------------
Available data: 3773, State=8
Read data: 147984024, left: 45682
Finish read data: 128
Data left: 3645, State=4
----------------------
Available data: 3645, State=4
Read chunk type
Chunk Type 3
Chunk ID: 6
Data left: 3644, State=6
----------------------
Available data: 3644, State=6
Data left: 3644, State=8
----------------------
Available data: 3644, State=8
Read data: 147984024, left: 45554
Finish read data: 128
Data left: 3516, State=4
----------------------
Available data: 3516, State=4
Read chunk type
Chunk Type 3
Chunk ID: 6
Data left: 3515, State=6
----------------------
Available data: 3515, State=6
Data left: 3515, State=8
----------------------
Available data: 3515, State=8
Read data: 147984024, left: 45426
Finish read data: 128
Data left: 3387, State=4
----------------------
Available data: 3387, State=4
Read chunk type
Chunk Type 3
Chunk ID: 6
Data left: 3386, State=6
----------------------
Available data: 3386, State=6
Data left: 3386, State=8
----------------------
Available data: 3386, State=8
Read data: 147984024, left: 45298
Finish read data: 128
Data left: 3258, State=4
----------------------
Available data: 3258, State=4
Read chunk type
Chunk Type 3
Chunk ID: 6
Data left: 3257, State=6
----------------------
Available data: 3257, State=6
Data left: 3257, State=8
----------------------
Available data: 3257, State=8
Read data: 147984024, left: 45170
Finish read data: 128
Data left: 3129, State=4
----------------------
Available data: 3129, State=4
Read chunk type
Chunk Type 3
Chunk ID: 6
Data left: 3128, State=6
----------------------
Available data: 3128, State=6
Data left: 3128, State=8
----------------------
Available data: 3128, State=8
Read data: 147984024, left: 45042
Finish read data: 128
Data left: 3000, State=4
----------------------
Available data: 3000, State=4
Read chunk type
Chunk Type 3
Chunk ID: 6
Data left: 2999, State=6
----------------------
Available data: 2999, State=6
Data left: 2999, State=8
----------------------
Available data: 2999, State=8
Read data: 147984024, left: 44914
Finish read data: 128
Data left: 2871, State=4
----------------------
Available data: 2871, State=4
Read chunk type
Chunk Type 3
Chunk ID: 6
Data left: 2870, State=6
----------------------
Available data: 2870, State=6
Data left: 2870, State=8
----------------------
Available data: 2870, State=8
Read data: 147984024, left: 44786
Finish read data: 128
Data left: 2742, State=4
----------------------
Available data: 2742, State=4
Read chunk type
Chunk Type 3
Chunk ID: 6
Data left: 2741, State=6
----------------------
Available data: 2741, State=6
Data left: 2741, State=8
----------------------
Available data: 2741, State=8
Read data: 147984024, left: 44658
Finish read data: 128
Data left: 2613, State=4
----------------------
Available data: 2613, State=4
Read chunk type
Chunk Type 3
Chunk ID: 6
Data left: 2612, State=6
----------------------
Available data: 2612, State=6
Data left: 2612, State=8
----------------------
Available data: 2612, State=8
Read data: 147984024, left: 44530
Finish read data: 128
Data left: 2484, State=4
----------------------
Available data: 2484, State=4
Read chunk type
Chunk Type 3
Chunk ID: 6
Data left: 2483, State=6
----------------------
Available data: 2483, State=6
Data left: 2483, State=8
----------------------
Available data: 2483, State=8
Read data: 147984024, left: 44402
Finish read data: 128
Data left: 2355, State=4
----------------------
Available data: 2355, State=4
Read chunk type
Chunk Type 3
Chunk ID: 6
Data left: 2354, State=6
----------------------
Available data: 2354, State=6
Data left: 2354, State=8
----------------------
Available data: 2354, State=8
Read data: 147984024, left: 44274
Finish read data: 128
Data left: 2226, State=4
----------------------
Available data: 2226, State=4
Read chunk type
Chunk Type 3
Chunk ID: 6
Data left: 2225, State=6
----------------------
Available data: 2225, State=6
Data left: 2225, State=8
----------------------
Available data: 2225, State=8
Read data: 147984024, left: 44146
Finish read data: 128
Data left: 2097, State=4
----------------------
Available data: 2097, State=4
Read chunk type
Chunk Type 3
Chunk ID: 6
Data left: 2096, State=6
----------------------
Available data: 2096, State=6
Data left: 2096, State=8
----------------------
Available data: 2096, State=8
Read data: 147984024, left: 44018
Finish read data: 128
Data left: 1968, State=4
----------------------
Available data: 1968, State=4
Read chunk type
Chunk Type 3
Chunk ID: 6
Data left: 1967, State=6
----------------------
Available data: 1967, State=6
Data left: 1967, State=8
----------------------
Available data: 1967, State=8
Read data: 147984024, left: 43890
Finish read data: 128
Data left: 1839, State=4
----------------------
Available data: 1839, State=4
Read chunk type
Chunk Type 3
Chunk ID: 6
Data left: 1838, State=6
----------------------
Available data: 1838, State=6
Data left: 1838, State=8
----------------------
Available data: 1838, State=8
Read data: 147984024, left: 43762
Finish read data: 128
Data left: 1710, State=4
----------------------
Available data: 1710, State=4
Read chunk type
Chunk Type 3
Chunk ID: 6
Data left: 1709, State=6
----------------------
Available data: 1709, State=6
Data left: 1709, State=8
----------------------
Available data: 1709, State=8
Read data: 147984024, left: 43634
Finish read data: 128
Data left: 1581, State=4
----------------------
Available data: 1581, State=4
Read chunk type
Chunk Type 3
Chunk ID: 6
Data left: 1580, State=6
----------------------
Available data: 1580, State=6
Data left: 1580, State=8
----------------------
Available data: 1580, State=8
Read data: 147984024, left: 43506
Finish read data: 128
Data left: 1452, State=4
----------------------
Available data: 1452, State=4
Read chunk type
Chunk Type 3
Chunk ID: 6
Data left: 1451, State=6
----------------------
Available data: 1451, State=6
Data left: 1451, State=8
----------------------
Available data: 1451, State=8
Read data: 147984024, left: 43378
Finish read data: 128
Data left: 1323, State=4
----------------------
Available data: 1323, State=4
Read chunk type
Chunk Type 3
Chunk ID: 6
Data left: 1322, State=6
----------------------
Available data: 1322, State=6
Data left: 1322, State=8
----------------------
Available data: 1322, State=8
Read data: 147984024, left: 43250
Finish read data: 128
Data left: 1194, State=4
----------------------
Available data: 1194, State=4
Read chunk type
Chunk Type 3
Chunk ID: 6
Data left: 1193, State=6
----------------------
Available data: 1193, State=6
Data left: 1193, State=8
----------------------
Available data: 1193, State=8
Read data: 147984024, left: 43122
Finish read data: 128
Data left: 1065, State=4
----------------------
Available data: 1065, State=4
Read chunk type
Chunk Type 3
Chunk ID: 6
Data left: 1064, State=6
----------------------
Available data: 1064, State=6
Data left: 1064, State=8
----------------------
Available data: 1064, State=8
Read data: 147984024, left: 42994
Finish read data: 128
Data left: 936, State=4
----------------------
Available data: 936, State=4
Read chunk type
Chunk Type 3
Chunk ID: 6
Data left: 935, State=6
----------------------
Available data: 935, State=6
Data left: 935, State=8
----------------------
Available data: 935, State=8
Read data: 147984024, left: 42866
Finish read data: 128
Data left: 807, State=4
----------------------
Available data: 807, State=4
Read chunk type
Chunk Type 3
Chunk ID: 6
Data left: 806, State=6
----------------------
Available data: 806, State=6
Data left: 806, State=8
----------------------
Available data: 806, State=8
Read data: 147984024, left: 42738
Finish read data: 128
Data left: 678, State=4
----------------------
Available data: 678, State=4
Read chunk type
Chunk Type 3
Chunk ID: 6
Data left: 677, State=6
----------------------
Available data: 677, State=6
Data left: 677, State=8
----------------------
Available data: 677, State=8
Read data: 147984024, left: 42610
Finish read data: 128
Data left: 549, State=4
----------------------
Available data: 549, State=4
Read chunk type
Chunk Type 3
Chunk ID: 6
Data left: 548, State=6
----------------------
Available data: 548, State=6
Data left: 548, State=8
----------------------
Available data: 548, State=8
Read data: 147984024, left: 42482
Finish read data: 128
Data left: 420, State=4
----------------------
Available data: 420, State=4
Read chunk type
Chunk Type 3
Chunk ID: 6
Data left: 419, State=6
----------------------
Available data: 419, State=6
Data left: 419, State=8
----------------------
Available data: 419, State=8
Read data: 147984024, left: 42354
Finish read data: 128
Data left: 291, State=4
----------------------
Available data: 291, State=4
Read chunk type
Chunk Type 3
Chunk ID: 6
Data left: 290, State=6
----------------------
Available data: 290, State=6
Data left: 290, State=8
----------------------
Available data: 290, State=8
Read data: 147984024, left: 42226
Finish read data: 128
Data left: 162, State=4
----------------------
Available data: 162, State=4
Read chunk type
Chunk Type 3
Chunk ID: 6
Data left: 161, State=6
----------------------
Available data: 161, State=6
Data left: 161, State=8
----------------------
Available data: 161, State=8
Read data: 147984024, left: 42098
Finish read data: 128
Data left: 33, State=4
----------------------
Available data: 33, State=4
Read chunk type
Chunk Type 3
Chunk ID: 6
Data left: 32, State=6
----------------------
Available data: 32, State=6
Data left: 32, State=8
----------------------
Available data: 32, State=8
Data left: 32, State=8
Receiving: 8481 12256 20769 131073
----------------------
Available data: 8513, State=8
Read data: 147984024, left: 41970
Finish read data: 128
Data left: 8385, State=4
----------------------
Available data: 8385, State=4
Read chunk type
Chunk Type 3
Chunk ID: 6
Data left: 8384, State=6
----------------------
Available data: 8384, State=6
Data left: 8384, State=8
----------------------
Available data: 8384, State=8
Read data: 147984024, left: 41842
Finish read data: 128
Data left: 8256, State=4
----------------------
Available data: 8256, State=4
Read chunk type
Chunk Type 3
Chunk ID: 6
Data left: 8255, State=6
----------------------
Available data: 8255, State=6
Data left: 8255, State=8
----------------------
Available data: 8255, State=8
Read data: 147984024, left: 41714
Finish read data: 128
Data left: 8127, State=4
----------------------
Available data: 8127, State=4
Read chunk type
Chunk Type 3
Chunk ID: 6
Data left: 8126, State=6
----------------------
Available data: 8126, State=6
Data left: 8126, State=8
----------------------
Available data: 8126, State=8
Read data: 147984024, left: 41586
Finish read data: 128
Data left: 7998, State=4
----------------------
Available data: 7998, State=4
Read chunk type
Chunk Type 3
Chunk ID: 6
Data left: 7997, State=6
----------------------
Available data: 7997, State=6
Data left: 7997, State=8
----------------------
Available data: 7997, State=8
Read data: 147984024, left: 41458
Finish read data: 128
Data left: 7869, State=4
----------------------
Available data: 7869, State=4
Read chunk type
Chunk Type 3
Chunk ID: 6
Data left: 7868, State=6
----------------------
Available data: 7868, State=6
Data left: 7868, State=8
----------------------
Available data: 7868, State=8
Read data: 147984024, left: 41330
Finish read data: 128
Data left: 7740, State=4
----------------------
Available data: 7740, State=4
Read chunk type
Chunk Type 3
Chunk ID: 6
Data left: 7739, State=6
----------------------
Available data: 7739, State=6
Data left: 7739, State=8
----------------------
Available data: 7739, State=8
Read data: 147984024, left: 41202
Finish read data: 128
Data left: 7611, State=4
----------------------
Available data: 7611, State=4
Read chunk type
Chunk Type 3
Chunk ID: 6
Data left: 7610, State=6
----------------------
Available data: 7610, State=6
Data left: 7610, State=8
----------------------
Available data: 7610, State=8
Read data: 147984024, left: 41074
Finish read data: 128
Data left: 7482, State=4
----------------------
Available data: 7482, State=4
Read chunk type
Chunk Type 3
Chunk ID: 6
Data left: 7481, State=6
----------------------
Available data: 7481, State=6
Data left: 7481, State=8
----------------------
Available data: 7481, State=8
Read data: 147984024, left: 40946
Finish read data: 128
Data left: 7353, State=4
----------------------
Available data: 7353, State=4
Read chunk type
Chunk Type 3
Chunk ID: 6
Data left: 7352, State=6
----------------------
Available data: 7352, State=6
Data left: 7352, State=8
----------------------
Available data: 7352, State=8
Read data: 147984024, left: 40818
Finish read data: 128
Data left: 7224, State=4
----------------------
Available data: 7224, State=4
Read chunk type
Chunk Type 3
Chunk ID: 6
Data left: 7223, State=6
----------------------
Available data: 7223, State=6
Data left: 7223, State=8
----------------------
Available data: 7223, State=8
Read data: 147984024, left: 40690
Finish read data: 128
Data left: 7095, State=4
----------------------
Available data: 7095, State=4
Read chunk type
Chunk Type 3
Chunk ID: 6
Data left: 7094, State=6
----------------------
Available data: 7094, State=6
Data left: 7094, State=8
----------------------
Available data: 7094, State=8
Read data: 147984024, left: 40562
Finish read data: 128
Data left: 6966, State=4
----------------------
Available data: 6966, State=4
Read chunk type
Chunk Type 3
Chunk ID: 6
Data left: 6965, State=6
----------------------
Available data: 6965, State=6
Data left: 6965, State=8
----------------------
Available data: 6965, State=8
Read data: 147984024, left: 40434
Finish read data: 128
Data left: 6837, State=4
----------------------
Available data: 6837, State=4
Read chunk type
Chunk Type 3
Chunk ID: 6
Data left: 6836, State=6
----------------------
Available data: 6836, State=6
Data left: 6836, State=8
----------------------
Available data: 6836, State=8
Read data: 147984024, left: 40306
Finish read data: 128
Data left: 6708, State=4
----------------------
Available data: 6708, State=4
Read chunk type
Chunk Type 3
Chunk ID: 6
Data left: 6707, State=6
----------------------
Available data: 6707, State=6
Data left: 6707, State=8
----------------------
Available data: 6707, State=8
Read data: 147984024, left: 40178
Finish read data: 128
Data left: 6579, State=4
----------------------
Available data: 6579, State=4
Read chunk type
Chunk Type 3
Chunk ID: 6
Data left: 6578, State=6
----------------------
Available data: 6578, State=6
Data left: 6578, State=8
----------------------
Available data: 6578, State=8
Read data: 147984024, left: 40050
Finish read data: 128
Data left: 6450, State=4
----------------------
Available data: 6450, State=4
Read chunk type
Chunk Type 3
Chunk ID: 6
Data left: 6449, State=6
----------------------
Available data: 6449, State=6
Data left: 6449, State=8
----------------------
Available data: 6449, State=8
Read data: 147984024, left: 39922
Finish read data: 128
Data left: 6321, State=4
----------------------
Available data: 6321, State=4
Read chunk type
Chunk Type 3
Chunk ID: 6
Data left: 6320, State=6
----------------------
Available data: 6320, State=6
Data left: 6320, State=8
----------------------
Available data: 6320, State=8
Read data: 147984024, left: 39794
Finish read data: 128
Data left: 6192, State=4
----------------------
Available data: 6192, State=4
Read chunk type
Chunk Type 3
Chunk ID: 6
Data left: 6191, State=6
----------------------
Available data: 6191, State=6
Data left: 6191, State=8
----------------------
Available data: 6191, State=8
Read data: 147984024, left: 39666
Finish read data: 128
Data left: 6063, State=4
----------------------
Available data: 6063, State=4
Read chunk type
Chunk Type 3
Chunk ID: 6
Data left: 6062, State=6
----------------------
Available data: 6062, State=6
Data left: 6062, State=8
----------------------
Available data: 6062, State=8
Read data: 147984024, left: 39538
Finish read data: 128
Data left: 5934, State=4
----------------------
Available data: 5934, State=4
Read chunk type
Chunk Type 3
Chunk ID: 6
Data left: 5933, State=6
----------------------
Available data: 5933, State=6
Data left: 5933, State=8
----------------------
Available data: 5933, State=8
Read data: 147984024, left: 39410
Finish read data: 128
Data left: 5805, State=4
----------------------
Available data: 5805, State=4
Read chunk type
Chunk Type 3
Chunk ID: 6
Data left: 5804, State=6
----------------------
Available data: 5804, State=6
Data left: 5804, State=8
----------------------
Available data: 5804, State=8
Read data: 147984024, left: 39282
Finish read data: 128
Data left: 5676, State=4
----------------------
Available data: 5676, State=4
Read chunk type
Chunk Type 3
Chunk ID: 6
Data left: 5675, State=6
----------------------
Available data: 5675, State=6
Data left: 5675, State=8
----------------------
Available data: 5675, State=8
Read data: 147984024, left: 39154
Finish read data: 128
Data left: 5547, State=4
----------------------
Available data: 5547, State=4
Read chunk type
Chunk Type 3
Chunk ID: 6
Data left: 5546, State=6
----------------------
Available data: 5546, State=6
Data left: 5546, State=8
----------------------
Available data: 5546, State=8
Read data: 147984024, left: 39026
Finish read data: 128
Data left: 5418, State=4
----------------------
Available data: 5418, State=4
Read chunk type
Chunk Type 3
Chunk ID: 6
Data left: 5417, State=6
----------------------
Available data: 5417, State=6
Data left: 5417, State=8
----------------------
Available data: 5417, State=8
Read data: 147984024, left: 38898
Finish read data: 128
Data left: 5289, State=4
----------------------
Available data: 5289, State=4
Read chunk type
Chunk Type 3
Chunk ID: 6
Data left: 5288, State=6
----------------------
Available data: 5288, State=6
Data left: 5288, State=8
----------------------
Available data: 5288, State=8
Read data: 147984024, left: 38770
Finish read data: 128
Data left: 5160, State=4
----------------------
Available data: 5160, State=4
Read chunk type
Chunk Type 3
Chunk ID: 6
Data left: 5159, State=6
----------------------
Available data: 5159, State=6
Data left: 5159, State=8
----------------------
Available data: 5159, State=8
Read data: 147984024, left: 38642
Finish read data: 128
Data left: 5031, State=4
----------------------
Available data: 5031, State=4
Read chunk type
Chunk Type 3
Chunk ID: 6
Data left: 5030, State=6
----------------------
Available data: 5030, State=6
Data left: 5030, State=8
----------------------
Available data: 5030, State=8
Read data: 147984024, left: 38514
Finish read data: 128
Data left: 4902, State=4
----------------------
Available data: 4902, State=4
Read chunk type
Chunk Type 3
Chunk ID: 6
Data left: 4901, State=6
----------------------
Available data: 4901, State=6
Data left: 4901, State=8
----------------------
Available data: 4901, State=8
Read data: 147984024, left: 38386
Finish read data: 128
Data left: 4773, State=4
----------------------
Available data: 4773, State=4
Read chunk type
Chunk Type 3
Chunk ID: 6
Data left: 4772, State=6
----------------------
Available data: 4772, State=6
Data left: 4772, State=8
----------------------
Available data: 4772, State=8
Read data: 147984024, left: 38258
Finish read data: 128
Data left: 4644, State=4
----------------------
Available data: 4644, State=4
Read chunk type
Chunk Type 3
Chunk ID: 6
Data left: 4643, State=6
----------------------
Available data: 4643, State=6
Data left: 4643, State=8
----------------------
Available data: 4643, State=8
Read data: 147984024, left: 38130
Finish read data: 128
Data left: 4515, State=4
----------------------
Available data: 4515, State=4
Read chunk type
Chunk Type 3
Chunk ID: 6
Data left: 4514, State=6
----------------------
Available data: 4514, State=6
Data left: 4514, State=8
----------------------
Available data: 4514, State=8
Read data: 147984024, left: 38002
Finish read data: 128
Data left: 4386, State=4
----------------------
Available data: 4386, State=4
Read chunk type
Chunk Type 3
Chunk ID: 6
Data left: 4385, State=6
----------------------
Available data: 4385, State=6
Data left: 4385, State=8
----------------------
Available data: 4385, State=8
Read data: 147984024, left: 37874
Finish read data: 128
Data left: 4257, State=4
----------------------
Available data: 4257, State=4
Read chunk type
Chunk Type 3
Chunk ID: 6
Data left: 4256, State=6
----------------------
Available data: 4256, State=6
Data left: 4256, State=8
----------------------
Available data: 4256, State=8
Read data: 147984024, left: 37746
Finish read data: 128
Data left: 4128, State=4
----------------------
Available data: 4128, State=4
Read chunk type
Chunk Type 3
Chunk ID: 6
Data left: 4127, State=6
----------------------
Available data: 4127, State=6
Data left: 4127, State=8
----------------------
Available data: 4127, State=8
Read data: 147984024, left: 37618
Finish read data: 128
Data left: 3999, State=4
----------------------
Available data: 3999, State=4
Read chunk type
Chunk Type 3
Chunk ID: 6
Data left: 3998, State=6
----------------------
Available data: 3998, State=6
Data left: 3998, State=8
----------------------
Available data: 3998, State=8
Read data: 147984024, left: 37490
Finish read data: 128
Data left: 3870, State=4
----------------------
Available data: 3870, State=4
Read chunk type
Chunk Type 3
Chunk ID: 6
Data left: 3869, State=6
----------------------
Available data: 3869, State=6
Data left: 3869, State=8
----------------------
Available data: 3869, State=8
Read data: 147984024, left: 37362
Finish read data: 128
Data left: 3741, State=4
----------------------
Available data: 3741, State=4
Read chunk type
Chunk Type 3
Chunk ID: 6
Data left: 3740, State=6
----------------------
Available data: 3740, State=6
Data left: 3740, State=8
----------------------
Available data: 3740, State=8
Read data: 147984024, left: 37234
Finish read data: 128
Data left: 3612, State=4
----------------------
Available data: 3612, State=4
Read chunk type
Chunk Type 3
Chunk ID: 6
Data left: 3611, State=6
----------------------
Available data: 3611, State=6
Data left: 3611, State=8
----------------------
Available data: 3611, State=8
Read data: 147984024, left: 37106
Finish read data: 128
Data left: 3483, State=4
----------------------
Available data: 3483, State=4
Read chunk type
Chunk Type 3
Chunk ID: 6
Data left: 3482, State=6
----------------------
Available data: 3482, State=6
Data left: 3482, State=8
----------------------
Available data: 3482, State=8
Read data: 147984024, left: 36978
Finish read data: 128
Data left: 3354, State=4
----------------------
Available data: 3354, State=4
Read chunk type
Chunk Type 3
Chunk ID: 6
Data left: 3353, State=6
----------------------
Available data: 3353, State=6
Data left: 3353, State=8
----------------------
Available data: 3353, State=8
Read data: 147984024, left: 36850
Finish read data: 128
Data left: 3225, State=4
----------------------
Available data: 3225, State=4
Read chunk type
Chunk Type 3
Chunk ID: 6
Data left: 3224, State=6
----------------------
Available data: 3224, State=6
Data left: 3224, State=8
----------------------
Available data: 3224, State=8
Read data: 147984024, left: 36722
Finish read data: 128
Data left: 3096, State=4
----------------------
Available data: 3096, State=4
Read chunk type
Chunk Type 3
Chunk ID: 6
Data left: 3095, State=6
----------------------
Available data: 3095, State=6
Data left: 3095, State=8
----------------------
Available data: 3095, State=8
Read data: 147984024, left: 36594
Finish read data: 128
Data left: 2967, State=4
----------------------
Available data: 2967, State=4
Read chunk type
Chunk Type 3
Chunk ID: 6
Data left: 2966, State=6
----------------------
Available data: 2966, State=6
Data left: 2966, State=8
----------------------
Available data: 2966, State=8
Read data: 147984024, left: 36466
Finish read data: 128
Data left: 2838, State=4
----------------------
Available data: 2838, State=4
Read chunk type
Chunk Type 3
Chunk ID: 6
Data left: 2837, State=6
----------------------
Available data: 2837, State=6
Data left: 2837, State=8
----------------------
Available data: 2837, State=8
Read data: 147984024, left: 36338
Finish read data: 128
Data left: 2709, State=4
----------------------
Available data: 2709, State=4
Read chunk type
Chunk Type 3
Chunk ID: 6
Data left: 2708, State=6
----------------------
Available data: 2708, State=6
Data left: 2708, State=8
----------------------
Available data: 2708, State=8
Read data: 147984024, left: 36210
Finish read data: 128
Data left: 2580, State=4
----------------------
Available data: 2580, State=4
Read chunk type
Chunk Type 3
Chunk ID: 6
Data left: 2579, State=6
----------------------
Available data: 2579, State=6
Data left: 2579, State=8
----------------------
Available data: 2579, State=8
Read data: 147984024, left: 36082
Finish read data: 128
Data left: 2451, State=4
----------------------
Available data: 2451, State=4
Read chunk type
Chunk Type 3
Chunk ID: 6
Data left: 2450, State=6
----------------------
Available data: 2450, State=6
Data left: 2450, State=8
----------------------
Available data: 2450, State=8
Read data: 147984024, left: 35954
Finish read data: 128
Data left: 2322, State=4
----------------------
Available data: 2322, State=4
Read chunk type
Chunk Type 3
Chunk ID: 6
Data left: 2321, State=6
----------------------
Available data: 2321, State=6
Data left: 2321, State=8
----------------------
Available data: 2321, State=8
Read data: 147984024, left: 35826
Finish read data: 128
Data left: 2193, State=4
----------------------
Available data: 2193, State=4
Read chunk type
Chunk Type 3
Chunk ID: 6
Data left: 2192, State=6
----------------------
Available data: 2192, State=6
Data left: 2192, State=8
----------------------
Available data: 2192, State=8
Read data: 147984024, left: 35698
Finish read data: 128
Data left: 2064, State=4
----------------------
Available data: 2064, State=4
Read chunk type
Chunk Type 3
Chunk ID: 6
Data left: 2063, State=6
----------------------
Available data: 2063, State=6
Data left: 2063, State=8
----------------------
Available data: 2063, State=8
Read data: 147984024, left: 35570
Finish read data: 128
Data left: 1935, State=4
----------------------
Available data: 1935, State=4
Read chunk type
Chunk Type 3
Chunk ID: 6
Data left: 1934, State=6
----------------------
Available data: 1934, State=6
Data left: 1934, State=8
----------------------
Available data: 1934, State=8
Read data: 147984024, left: 35442
Finish read data: 128
Data left: 1806, State=4
----------------------
Available data: 1806, State=4
Read chunk type
Chunk Type 3
Chunk ID: 6
Data left: 1805, State=6
----------------------
Available data: 1805, State=6
Data left: 1805, State=8
----------------------
Available data: 1805, State=8
Read data: 147984024, left: 35314
Finish read data: 128
Data left: 1677, State=4
----------------------
Available data: 1677, State=4
Read chunk type
Chunk Type 3
Chunk ID: 6
Data left: 1676, State=6
----------------------
Available data: 1676, State=6
Data left: 1676, State=8
----------------------
Available data: 1676, State=8
Read data: 147984024, left: 35186
Finish read data: 128
Data left: 1548, State=4
----------------------
Available data: 1548, State=4
Read chunk type
Chunk Type 3
Chunk ID: 6
Data left: 1547, State=6
----------------------
Available data: 1547, State=6
Data left: 1547, State=8
----------------------
Available data: 1547, State=8
Read data: 147984024, left: 35058
Finish read data: 128
Data left: 1419, State=4
----------------------
Available data: 1419, State=4
Read chunk type
Chunk Type 3
Chunk ID: 6
Data left: 1418, State=6
----------------------
Available data: 1418, State=6
Data left: 1418, State=8
----------------------
Available data: 1418, State=8
Read data: 147984024, left: 34930
Finish read data: 128
Data left: 1290, State=4
----------------------
Available data: 1290, State=4
Read chunk type
Chunk Type 3
Chunk ID: 6
Data left: 1289, State=6
----------------------
Available data: 1289, State=6
Data left: 1289, State=8
----------------------
Available data: 1289, State=8
Read data: 147984024, left: 34802
Finish read data: 128
Data left: 1161, State=4
----------------------
Available data: 1161, State=4
Read chunk type
Chunk Type 3
Chunk ID: 6
Data left: 1160, State=6
----------------------
Available data: 1160, State=6
Data left: 1160, State=8
----------------------
Available data: 1160, State=8
Read data: 147984024, left: 34674
Finish read data: 128
Data left: 1032, State=4
----------------------
Available data: 1032, State=4
Read chunk type
Chunk Type 3
Chunk ID: 6
Data left: 1031, State=6
----------------------
Available data: 1031, State=6
Data left: 1031, State=8
----------------------
Available data: 1031, State=8
Read data: 147984024, left: 34546
Finish read data: 128
Data left: 903, State=4
----------------------
Available data: 903, State=4
Read chunk type
Chunk Type 3
Chunk ID: 6
Data left: 902, State=6
----------------------
Available data: 902, State=6
Data left: 902, State=8
----------------------
Available data: 902, State=8
Read data: 147984024, left: 34418
Finish read data: 128
Data left: 774, State=4
----------------------
Available data: 774, State=4
Read chunk type
Chunk Type 3
Chunk ID: 6
Data left: 773, State=6
----------------------
Available data: 773, State=6
Data left: 773, State=8
----------------------
Available data: 773, State=8
Read data: 147984024, left: 34290
Finish read data: 128
Data left: 645, State=4
----------------------
Available data: 645, State=4
Read chunk type
Chunk Type 3
Chunk ID: 6
Data left: 644, State=6
----------------------
Available data: 644, State=6
Data left: 644, State=8
----------------------
Available data: 644, State=8
Read data: 147984024, left: 34162
Finish read data: 128
Data left: 516, State=4
----------------------
Available data: 516, State=4
Read chunk type
Chunk Type 3
Chunk ID: 6
Data left: 515, State=6
----------------------
Available data: 515, State=6
Data left: 515, State=8
----------------------
Available data: 515, State=8
Read data: 147984024, left: 34034
Finish read data: 128
Data left: 387, State=4
----------------------
Available data: 387, State=4
Read chunk type
Chunk Type 3
Chunk ID: 6
Data left: 386, State=6
----------------------
Available data: 386, State=6
Data left: 386, State=8
----------------------
Available data: 386, State=8
Read data: 147984024, left: 33906
Finish read data: 128
Data left: 258, State=4
----------------------
Available data: 258, State=4
Read chunk type
Chunk Type 3
Chunk ID: 6
Data left: 257, State=6
----------------------
Available data: 257, State=6
Data left: 257, State=8
----------------------
Available data: 257, State=8
Read data: 147984024, left: 33778
Finish read data: 128
Data left: 129, State=4
----------------------
Available data: 129, State=4
Read chunk type
Chunk Type 3
Chunk ID: 6
Data left: 128, State=6
----------------------
Available data: 128, State=6
Data left: 128, State=8
----------------------
Available data: 128, State=8
Read data: 147984024, left: 33650
Finish read data: 128
Data left: 0, State=4
Receiving: 4096 0 4096 131073
----------------------
Available data: 4096, State=4
Read chunk type
Chunk Type 3
Chunk ID: 6
Data left: 4095, State=6
----------------------
Available data: 4095, State=6
Data left: 4095, State=8
----------------------
Available data: 4095, State=8
Read data: 147984024, left: 33522
Finish read data: 128
Data left: 3967, State=4
----------------------
Available data: 3967, State=4
Read chunk type
Chunk Type 3
Chunk ID: 6
Data left: 3966, State=6
----------------------
Available data: 3966, State=6
Data left: 3966, State=8
----------------------
Available data: 3966, State=8
Read data: 147984024, left: 33394
Finish read data: 128
Data left: 3838, State=4
----------------------
Available data: 3838, State=4
Read chunk type
Chunk Type 3
Chunk ID: 6
Data left: 3837, State=6
----------------------
Available data: 3837, State=6
Data left: 3837, State=8
----------------------
Available data: 3837, State=8
Read data: 147984024, left: 33266
Finish read data: 128
Data left: 3709, State=4
----------------------
Available data: 3709, State=4
Read chunk type
Chunk Type 3
Chunk ID: 6
Data left: 3708, State=6
----------------------
Available data: 3708, State=6
Data left: 3708, State=8
----------------------
Available data: 3708, State=8
Read data: 147984024, left: 33138
Finish read data: 128
Data left: 3580, State=4
----------------------
Available data: 3580, State=4
Read chunk type
Chunk Type 3
Chunk ID: 6
Data left: 3579, State=6
----------------------
Available data: 3579, State=6
Data left: 3579, State=8
----------------------
Available data: 3579, State=8
Read data: 147984024, left: 33010
Finish read data: 128
Data left: 3451, State=4
----------------------
Available data: 3451, State=4
Read chunk type
Chunk Type 3
Chunk ID: 6
Data left: 3450, State=6
----------------------
Available data: 3450, State=6
Data left: 3450, State=8
----------------------
Available data: 3450, State=8
Read data: 147984024, left: 32882
Finish read data: 128
Data left: 3322, State=4
----------------------
Available data: 3322, State=4
Read chunk type
Chunk Type 3
Chunk ID: 6
Data left: 3321, State=6
----------------------
Available data: 3321, State=6
Data left: 3321, State=8
----------------------
Available data: 3321, State=8
Read data: 147984024, left: 32754
Finish read data: 128
Data left: 3193, State=4
----------------------
Available data: 3193, State=4
Read chunk type
Chunk Type 3
Chunk ID: 6
Data left: 3192, State=6
----------------------
Available data: 3192, State=6
Data left: 3192, State=8
----------------------
Available data: 3192, State=8
Read data: 147984024, left: 32626
Finish read data: 128
Data left: 3064, State=4
----------------------
Available data: 3064, State=4
Read chunk type
Chunk Type 3
Chunk ID: 6
Data left: 3063, State=6
----------------------
Available data: 3063, State=6
Data left: 3063, State=8
----------------------
Available data: 3063, State=8
Read data: 147984024, left: 32498
Finish read data: 128
Data left: 2935, State=4
----------------------
Available data: 2935, State=4
Read chunk type
Chunk Type 3
Chunk ID: 6
Data left: 2934, State=6
----------------------
Available data: 2934, State=6
Data left: 2934, State=8
----------------------
Available data: 2934, State=8
Read data: 147984024, left: 32370
Finish read data: 128
Data left: 2806, State=4
----------------------
Available data: 2806, State=4
Read chunk type
Chunk Type 3
Chunk ID: 6
Data left: 2805, State=6
----------------------
Available data: 2805, State=6
Data left: 2805, State=8
----------------------
Available data: 2805, State=8
Read data: 147984024, left: 32242
Finish read data: 128
Data left: 2677, State=4
----------------------
Available data: 2677, State=4
Read chunk type
Chunk Type 3
Chunk ID: 6
Data left: 2676, State=6
----------------------
Available data: 2676, State=6
Data left: 2676, State=8
----------------------
Available data: 2676, State=8
Read data: 147984024, left: 32114
Finish read data: 128
Data left: 2548, State=4
----------------------
Available data: 2548, State=4
Read chunk type
Chunk Type 3
Chunk ID: 6
Data left: 2547, State=6
----------------------
Available data: 2547, State=6
Data left: 2547, State=8
----------------------
Available data: 2547, State=8
Read data: 147984024, left: 31986
Finish read data: 128
Data left: 2419, State=4
----------------------
Available data: 2419, State=4
Read chunk type
Chunk Type 3
Chunk ID: 6
Data left: 2418, State=6
----------------------
Available data: 2418, State=6
Data left: 2418, State=8
----------------------
Available data: 2418, State=8
Read data: 147984024, left: 31858
Finish read data: 128
Data left: 2290, State=4
----------------------
Available data: 2290, State=4
Read chunk type
Chunk Type 3
Chunk ID: 6
Data left: 2289, State=6
----------------------
Available data: 2289, State=6
Data left: 2289, State=8
----------------------
Available data: 2289, State=8
Read data: 147984024, left: 31730
Finish read data: 128
Data left: 2161, State=4
----------------------
Available data: 2161, State=4
Read chunk type
Chunk Type 3
Chunk ID: 6
Data left: 2160, State=6
----------------------
Available data: 2160, State=6
Data left: 2160, State=8
----------------------
Available data: 2160, State=8
Read data: 147984024, left: 31602
Finish read data: 128
Data left: 2032, State=4
----------------------
Available data: 2032, State=4
Read chunk type
Chunk Type 3
Chunk ID: 6
Data left: 2031, State=6
----------------------
Available data: 2031, State=6
Data left: 2031, State=8
----------------------
Available data: 2031, State=8
Read data: 147984024, left: 31474
Finish read data: 128
Data left: 1903, State=4
----------------------
Available data: 1903, State=4
Read chunk type
Chunk Type 3
Chunk ID: 6
Data left: 1902, State=6
----------------------
Available data: 1902, State=6
Data left: 1902, State=8
----------------------
Available data: 1902, State=8
Read data: 147984024, left: 31346
Finish read data: 128
Data left: 1774, State=4
----------------------
Available data: 1774, State=4
Read chunk type
Chunk Type 3
Chunk ID: 6
Data left: 1773, State=6
----------------------
Available data: 1773, State=6
Data left: 1773, State=8
----------------------
Available data: 1773, State=8
Read data: 147984024, left: 31218
Finish read data: 128
Data left: 1645, State=4
----------------------
Available data: 1645, State=4
Read chunk type
Chunk Type 3
Chunk ID: 6
Data left: 1644, State=6
----------------------
Available data: 1644, State=6
Data left: 1644, State=8
----------------------
Available data: 1644, State=8
Read data: 147984024, left: 31090
Finish read data: 128
Data left: 1516, State=4
----------------------
Available data: 1516, State=4
Read chunk type
Chunk Type 3
Chunk ID: 6
Data left: 1515, State=6
----------------------
Available data: 1515, State=6
Data left: 1515, State=8
----------------------
Available data: 1515, State=8
Read data: 147984024, left: 30962
Finish read data: 128
Data left: 1387, State=4
----------------------
Available data: 1387, State=4
Read chunk type
Chunk Type 3
Chunk ID: 6
Data left: 1386, State=6
----------------------
Available data: 1386, State=6
Data left: 1386, State=8
----------------------
Available data: 1386, State=8
Read data: 147984024, left: 30834
Finish read data: 128
Data left: 1258, State=4
----------------------
Available data: 1258, State=4
Read chunk type
Chunk Type 3
Chunk ID: 6
Data left: 1257, State=6
----------------------
Available data: 1257, State=6
Data left: 1257, State=8
----------------------
Available data: 1257, State=8
Read data: 147984024, left: 30706
Finish read data: 128
Data left: 1129, State=4
----------------------
Available data: 1129, State=4
Read chunk type
Chunk Type 3
Chunk ID: 6
Data left: 1128, State=6
----------------------
Available data: 1128, State=6
Data left: 1128, State=8
----------------------
Available data: 1128, State=8
Read data: 147984024, left: 30578
Finish read data: 128
Data left: 1000, State=4
----------------------
Available data: 1000, State=4
Read chunk type
Chunk Type 3
Chunk ID: 6
Data left: 999, State=6
----------------------
Available data: 999, State=6
Data left: 999, State=8
----------------------
Available data: 999, State=8
Read data: 147984024, left: 30450
Finish read data: 128
Data left: 871, State=4
----------------------
Available data: 871, State=4
Read chunk type
Chunk Type 3
Chunk ID: 6
Data left: 870, State=6
----------------------
Available data: 870, State=6
Data left: 870, State=8
----------------------
Available data: 870, State=8
Read data: 147984024, left: 30322
Finish read data: 128
Data left: 742, State=4
----------------------
Available data: 742, State=4
Read chunk type
Chunk Type 3
Chunk ID: 6
Data left: 741, State=6
----------------------
Available data: 741, State=6
Data left: 741, State=8
----------------------
Available data: 741, State=8
Read data: 147984024, left: 30194
Finish read data: 128
Data left: 613, State=4
----------------------
Available data: 613, State=4
Read chunk type
Chunk Type 3
Chunk ID: 6
Data left: 612, State=6
----------------------
Available data: 612, State=6
Data left: 612, State=8
----------------------
Available data: 612, State=8
Read data: 147984024, left: 30066
Finish read data: 128
Data left: 484, State=4
----------------------
Available data: 484, State=4
Read chunk type
Chunk Type 3
Chunk ID: 6
Data left: 483, State=6
----------------------
Available data: 483, State=6
Data left: 483, State=8
----------------------
Available data: 483, State=8
Read data: 147984024, left: 29938
Finish read data: 128
Data left: 355, State=4
----------------------
Available data: 355, State=4
Read chunk type
Chunk Type 3
Chunk ID: 6
Data left: 354, State=6
----------------------
Available data: 354, State=6
Data left: 354, State=8
----------------------
Available data: 354, State=8
Read data: 147984024, left: 29810
Finish read data: 128
Data left: 226, State=4
----------------------
Available data: 226, State=4
Read chunk type
Chunk Type 3
Chunk ID: 6
Data left: 225, State=6
----------------------
Available data: 225, State=6
Data left: 225, State=8
----------------------
Available data: 225, State=8
Read data: 147984024, left: 29682
Finish read data: 128
Data left: 97, State=4
----------------------
Available data: 97, State=4
Read chunk type
Chunk Type 3
Chunk ID: 6
Data left: 96, State=6
----------------------
Available data: 96, State=6
Data left: 96, State=8
----------------------
Available data: 96, State=8
Data left: 96, State=8
Receiving: 4096 4000 8192 131073
----------------------
Available data: 4192, State=8
Read data: 147984024, left: 29554
Finish read data: 128
Data left: 4064, State=4
----------------------
Available data: 4064, State=4
Read chunk type
Chunk Type 3
Chunk ID: 6
Data left: 4063, State=6
----------------------
Available data: 4063, State=6
Data left: 4063, State=8
----------------------
Available data: 4063, State=8
Read data: 147984024, left: 29426
Finish read data: 128
Data left: 3935, State=4
----------------------
Available data: 3935, State=4
Read chunk type
Chunk Type 3
Chunk ID: 6
Data left: 3934, State=6
----------------------
Available data: 3934, State=6
Data left: 3934, State=8
----------------------
Available data: 3934, State=8
Read data: 147984024, left: 29298
Finish read data: 128
Data left: 3806, State=4
----------------------
Available data: 3806, State=4
Read chunk type
Chunk Type 3
Chunk ID: 6
Data left: 3805, State=6
----------------------
Available data: 3805, State=6
Data left: 3805, State=8
----------------------
Available data: 3805, State=8
Read data: 147984024, left: 29170
Finish read data: 128
Data left: 3677, State=4
----------------------
Available data: 3677, State=4
Read chunk type
Chunk Type 3
Chunk ID: 6
Data left: 3676, State=6
----------------------
Available data: 3676, State=6
Data left: 3676, State=8
----------------------
Available data: 3676, State=8
Read data: 147984024, left: 29042
Finish read data: 128
Data left: 3548, State=4
----------------------
Available data: 3548, State=4
Read chunk type
Chunk Type 3
Chunk ID: 6
Data left: 3547, State=6
----------------------
Available data: 3547, State=6
Data left: 3547, State=8
----------------------
Available data: 3547, State=8
Read data: 147984024, left: 28914
Finish read data: 128
Data left: 3419, State=4
----------------------
Available data: 3419, State=4
Read chunk type
Chunk Type 3
Chunk ID: 6
Data left: 3418, State=6
----------------------
Available data: 3418, State=6
Data left: 3418, State=8
----------------------
Available data: 3418, State=8
Read data: 147984024, left: 28786
Finish read data: 128
Data left: 3290, State=4
----------------------
Available data: 3290, State=4
Read chunk type
Chunk Type 3
Chunk ID: 6
Data left: 3289, State=6
----------------------
Available data: 3289, State=6
Data left: 3289, State=8
----------------------
Available data: 3289, State=8
Read data: 147984024, left: 28658
Finish read data: 128
Data left: 3161, State=4
----------------------
Available data: 3161, State=4
Read chunk type
Chunk Type 3
Chunk ID: 6
Data left: 3160, State=6
----------------------
Available data: 3160, State=6
Data left: 3160, State=8
----------------------
Available data: 3160, State=8
Read data: 147984024, left: 28530
Finish read data: 128
Data left: 3032, State=4
----------------------
Available data: 3032, State=4
Read chunk type
Chunk Type 3
Chunk ID: 6
Data left: 3031, State=6
----------------------
Available data: 3031, State=6
Data left: 3031, State=8
----------------------
Available data: 3031, State=8
Read data: 147984024, left: 28402
Finish read data: 128
Data left: 2903, State=4
----------------------
Available data: 2903, State=4
Read chunk type
Chunk Type 3
Chunk ID: 6
Data left: 2902, State=6
----------------------
Available data: 2902, State=6
Data left: 2902, State=8
----------------------
Available data: 2902, State=8
Read data: 147984024, left: 28274
Finish read data: 128
Data left: 2774, State=4
----------------------
Available data: 2774, State=4
Read chunk type
Chunk Type 3
Chunk ID: 6
Data left: 2773, State=6
----------------------
Available data: 2773, State=6
Data left: 2773, State=8
----------------------
Available data: 2773, State=8
Read data: 147984024, left: 28146
Finish read data: 128
Data left: 2645, State=4
----------------------
Available data: 2645, State=4
Read chunk type
Chunk Type 3
Chunk ID: 6
Data left: 2644, State=6
----------------------
Available data: 2644, State=6
Data left: 2644, State=8
----------------------
Available data: 2644, State=8
Read data: 147984024, left: 28018
Finish read data: 128
Data left: 2516, State=4
----------------------
Available data: 2516, State=4
Read chunk type
Chunk Type 3
Chunk ID: 6
Data left: 2515, State=6
----------------------
Available data: 2515, State=6
Data left: 2515, State=8
----------------------
Available data: 2515, State=8
Read data: 147984024, left: 27890
Finish read data: 128
Data left: 2387, State=4
----------------------
Available data: 2387, State=4
Read chunk type
Chunk Type 3
Chunk ID: 6
Data left: 2386, State=6
----------------------
Available data: 2386, State=6
Data left: 2386, State=8
----------------------
Available data: 2386, State=8
Read data: 147984024, left: 27762
Finish read data: 128
Data left: 2258, State=4
----------------------
Available data: 2258, State=4
Read chunk type
Chunk Type 3
Chunk ID: 6
Data left: 2257, State=6
----------------------
Available data: 2257, State=6
Data left: 2257, State=8
----------------------
Available data: 2257, State=8
Read data: 147984024, left: 27634
Finish read data: 128
Data left: 2129, State=4
----------------------
Available data: 2129, State=4
Read chunk type
Chunk Type 3
Chunk ID: 6
Data left: 2128, State=6
----------------------
Available data: 2128, State=6
Data left: 2128, State=8
----------------------
Available data: 2128, State=8
Read data: 147984024, left: 27506
Finish read data: 128
Data left: 2000, State=4
----------------------
Available data: 2000, State=4
Read chunk type
Chunk Type 3
Chunk ID: 6
Data left: 1999, State=6
----------------------
Available data: 1999, State=6
Data left: 1999, State=8
----------------------
Available data: 1999, State=8
Read data: 147984024, left: 27378
Finish read data: 128
Data left: 1871, State=4
----------------------
Available data: 1871, State=4
Read chunk type
Chunk Type 3
Chunk ID: 6
Data left: 1870, State=6
----------------------
Available data: 1870, State=6
Data left: 1870, State=8
----------------------
Available data: 1870, State=8
Read data: 147984024, left: 27250
Finish read data: 128
Data left: 1742, State=4
----------------------
Available data: 1742, State=4
Read chunk type
Chunk Type 3
Chunk ID: 6
Data left: 1741, State=6
----------------------
Available data: 1741, State=6
Data left: 1741, State=8
----------------------
Available data: 1741, State=8
Read data: 147984024, left: 27122
Finish read data: 128
Data left: 1613, State=4
----------------------
Available data: 1613, State=4
Read chunk type
Chunk Type 3
Chunk ID: 6
Data left: 1612, State=6
----------------------
Available data: 1612, State=6
Data left: 1612, State=8
----------------------
Available data: 1612, State=8
Read data: 147984024, left: 26994
Finish read data: 128
Data left: 1484, State=4
----------------------
Available data: 1484, State=4
Read chunk type
Chunk Type 3
Chunk ID: 6
Data left: 1483, State=6
----------------------
Available data: 1483, State=6
Data left: 1483, State=8
----------------------
Available data: 1483, State=8
Read data: 147984024, left: 26866
Finish read data: 128
Data left: 1355, State=4
----------------------
Available data: 1355, State=4
Read chunk type
Chunk Type 3
Chunk ID: 6
Data left: 1354, State=6
----------------------
Available data: 1354, State=6
Data left: 1354, State=8
----------------------
Available data: 1354, State=8
Read data: 147984024, left: 26738
Finish read data: 128
Data left: 1226, State=4
----------------------
Available data: 1226, State=4
Read chunk type
Chunk Type 3
Chunk ID: 6
Data left: 1225, State=6
----------------------
Available data: 1225, State=6
Data left: 1225, State=8
----------------------
Available data: 1225, State=8
Read data: 147984024, left: 26610
Finish read data: 128
Data left: 1097, State=4
----------------------
Available data: 1097, State=4
Read chunk type
Chunk Type 3
Chunk ID: 6
Data left: 1096, State=6
----------------------
Available data: 1096, State=6
Data left: 1096, State=8
----------------------
Available data: 1096, State=8
Read data: 147984024, left: 26482
Finish read data: 128
Data left: 968, State=4
----------------------
Available data: 968, State=4
Read chunk type
Chunk Type 3
Chunk ID: 6
Data left: 967, State=6
----------------------
Available data: 967, State=6
Data left: 967, State=8
----------------------
Available data: 967, State=8
Read data: 147984024, left: 26354
Finish read data: 128
Data left: 839, State=4
----------------------
Available data: 839, State=4
Read chunk type
Chunk Type 3
Chunk ID: 6
Data left: 838, State=6
----------------------
Available data: 838, State=6
Data left: 838, State=8
----------------------
Available data: 838, State=8
Read data: 147984024, left: 26226
Finish read data: 128
Data left: 710, State=4
----------------------
Available data: 710, State=4
Read chunk type
Chunk Type 3
Chunk ID: 6
Data left: 709, State=6
----------------------
Available data: 709, State=6
Data left: 709, State=8
----------------------
Available data: 709, State=8
Read data: 147984024, left: 26098
Finish read data: 128
Data left: 581, State=4
----------------------
Available data: 581, State=4
Read chunk type
Chunk Type 3
Chunk ID: 6
Data left: 580, State=6
----------------------
Available data: 580, State=6
Data left: 580, State=8
----------------------
Available data: 580, State=8
Read data: 147984024, left: 25970
Finish read data: 128
Data left: 452, State=4
----------------------
Available data: 452, State=4
Read chunk type
Chunk Type 3
Chunk ID: 6
Data left: 451, State=6
----------------------
Available data: 451, State=6
Data left: 451, State=8
----------------------
Available data: 451, State=8
Read data: 147984024, left: 25842
Finish read data: 128
Data left: 323, State=4
----------------------
Available data: 323, State=4
Read chunk type
Chunk Type 3
Chunk ID: 6
Data left: 322, State=6
----------------------
Available data: 322, State=6
Data left: 322, State=8
----------------------
Available data: 322, State=8
Read data: 147984024, left: 25714
Finish read data: 128
Data left: 194, State=4
----------------------
Available data: 194, State=4
Read chunk type
Chunk Type 3
Chunk ID: 6
Data left: 193, State=6
----------------------
Available data: 193, State=6
Data left: 193, State=8
----------------------
Available data: 193, State=8
Read data: 147984024, left: 25586
Finish read data: 128
Data left: 65, State=4
----------------------
Available data: 65, State=4
Read chunk type
Chunk Type 3
Chunk ID: 6
Data left: 64, State=6
----------------------
Available data: 64, State=6
Data left: 64, State=8
----------------------
Available data: 64, State=8
Data left: 64, State=8
Receiving: 322 8128 8514 131073
----------------------
Available data: 386, State=8
Read data: 147984024, left: 25458
Finish read data: 128
Data left: 258, State=4
----------------------
Available data: 258, State=4
Read chunk type
Chunk Type 3
Chunk ID: 6
Data left: 257, State=6
----------------------
Available data: 257, State=6
Data left: 257, State=8
----------------------
Available data: 257, State=8
Read data: 147984024, left: 25330
Finish read data: 128
Data left: 129, State=4
----------------------
Available data: 129, State=4
Read chunk type
Chunk Type 3
Chunk ID: 6
Data left: 128, State=6
----------------------
Available data: 128, State=6
Data left: 128, State=8
----------------------
Available data: 128, State=8
Read data: 147984024, left: 25202
Finish read data: 128
Data left: 0, State=4
Receiving: 4096 0 4096 131073
----------------------
Available data: 4096, State=4
Read chunk type
Chunk Type 3
Chunk ID: 6
Data left: 4095, State=6
----------------------
Available data: 4095, State=6
Data left: 4095, State=8
----------------------
Available data: 4095, State=8
Read data: 147984024, left: 25074
Finish read data: 128
Data left: 3967, State=4
----------------------
Available data: 3967, State=4
Read chunk type
Chunk Type 3
Chunk ID: 6
Data left: 3966, State=6
----------------------
Available data: 3966, State=6
Data left: 3966, State=8
----------------------
Available data: 3966, State=8
Read data: 147984024, left: 24946
Finish read data: 128
Data left: 3838, State=4
----------------------
Available data: 3838, State=4
Read chunk type
Chunk Type 3
Chunk ID: 6
Data left: 3837, State=6
----------------------
Available data: 3837, State=6
Data left: 3837, State=8
----------------------
Available data: 3837, State=8
Read data: 147984024, left: 24818
Finish read data: 128
Data left: 3709, State=4
----------------------
Available data: 3709, State=4
Read chunk type
Chunk Type 3
Chunk ID: 6
Data left: 3708, State=6
----------------------
Available data: 3708, State=6
Data left: 3708, State=8
----------------------
Available data: 3708, State=8
Read data: 147984024, left: 24690
Finish read data: 128
Data left: 3580, State=4
----------------------
Available data: 3580, State=4
Read chunk type
Chunk Type 3
Chunk ID: 6
Data left: 3579, State=6
----------------------
Available data: 3579, State=6
Data left: 3579, State=8
----------------------
Available data: 3579, State=8
Read data: 147984024, left: 24562
Finish read data: 128
Data left: 3451, State=4
----------------------
Available data: 3451, State=4
Read chunk type
Chunk Type 3
Chunk ID: 6
Data left: 3450, State=6
----------------------
Available data: 3450, State=6
Data left: 3450, State=8
----------------------
Available data: 3450, State=8
Read data: 147984024, left: 24434
Finish read data: 128
Data left: 3322, State=4
----------------------
Available data: 3322, State=4
Read chunk type
Chunk Type 3
Chunk ID: 6
Data left: 3321, State=6
----------------------
Available data: 3321, State=6
Data left: 3321, State=8
----------------------
Available data: 3321, State=8
Read data: 147984024, left: 24306
Finish read data: 128
Data left: 3193, State=4
----------------------
Available data: 3193, State=4
Read chunk type
Chunk Type 3
Chunk ID: 6
Data left: 3192, State=6
----------------------
Available data: 3192, State=6
Data left: 3192, State=8
----------------------
Available data: 3192, State=8
Read data: 147984024, left: 24178
Finish read data: 128
Data left: 3064, State=4
----------------------
Available data: 3064, State=4
Read chunk type
Chunk Type 3
Chunk ID: 6
Data left: 3063, State=6
----------------------
Available data: 3063, State=6
Data left: 3063, State=8
----------------------
Available data: 3063, State=8
Read data: 147984024, left: 24050
Finish read data: 128
Data left: 2935, State=4
----------------------
Available data: 2935, State=4
Read chunk type
Chunk Type 3
Chunk ID: 6
Data left: 2934, State=6
----------------------
Available data: 2934, State=6
Data left: 2934, State=8
----------------------
Available data: 2934, State=8
Read data: 147984024, left: 23922
Finish read data: 128
Data left: 2806, State=4
----------------------
Available data: 2806, State=4
Read chunk type
Chunk Type 3
Chunk ID: 6
Data left: 2805, State=6
----------------------
Available data: 2805, State=6
Data left: 2805, State=8
----------------------
Available data: 2805, State=8
Read data: 147984024, left: 23794
Finish read data: 128
Data left: 2677, State=4
----------------------
Available data: 2677, State=4
Read chunk type
Chunk Type 3
Chunk ID: 6
Data left: 2676, State=6
----------------------
Available data: 2676, State=6
Data left: 2676, State=8
----------------------
Available data: 2676, State=8
Read data: 147984024, left: 23666
Finish read data: 128
Data left: 2548, State=4
----------------------
Available data: 2548, State=4
Read chunk type
Chunk Type 3
Chunk ID: 6
Data left: 2547, State=6
----------------------
Available data: 2547, State=6
Data left: 2547, State=8
----------------------
Available data: 2547, State=8
Read data: 147984024, left: 23538
Finish read data: 128
Data left: 2419, State=4
----------------------
Available data: 2419, State=4
Read chunk type
Chunk Type 3
Chunk ID: 6
Data left: 2418, State=6
----------------------
Available data: 2418, State=6
Data left: 2418, State=8
----------------------
Available data: 2418, State=8
Read data: 147984024, left: 23410
Finish read data: 128
Data left: 2290, State=4
----------------------
Available data: 2290, State=4
Read chunk type
Chunk Type 3
Chunk ID: 6
Data left: 2289, State=6
----------------------
Available data: 2289, State=6
Data left: 2289, State=8
----------------------
Available data: 2289, State=8
Read data: 147984024, left: 23282
Finish read data: 128
Data left: 2161, State=4
----------------------
Available data: 2161, State=4
Read chunk type
Chunk Type 3
Chunk ID: 6
Data left: 2160, State=6
----------------------
Available data: 2160, State=6
Data left: 2160, State=8
----------------------
Available data: 2160, State=8
Read data: 147984024, left: 23154
Finish read data: 128
Data left: 2032, State=4
----------------------
Available data: 2032, State=4
Read chunk type
Chunk Type 3
Chunk ID: 6
Data left: 2031, State=6
----------------------
Available data: 2031, State=6
Data left: 2031, State=8
----------------------
Available data: 2031, State=8
Read data: 147984024, left: 23026
Finish read data: 128
Data left: 1903, State=4
----------------------
Available data: 1903, State=4
Read chunk type
Chunk Type 3
Chunk ID: 6
Data left: 1902, State=6
----------------------
Available data: 1902, State=6
Data left: 1902, State=8
----------------------
Available data: 1902, State=8
Read data: 147984024, left: 22898
Finish read data: 128
Data left: 1774, State=4
----------------------
Available data: 1774, State=4
Read chunk type
Chunk Type 3
Chunk ID: 6
Data left: 1773, State=6
----------------------
Available data: 1773, State=6
Data left: 1773, State=8
----------------------
Available data: 1773, State=8
Read data: 147984024, left: 22770
Finish read data: 128
Data left: 1645, State=4
----------------------
Available data: 1645, State=4
Read chunk type
Chunk Type 3
Chunk ID: 6
Data left: 1644, State=6
----------------------
Available data: 1644, State=6
Data left: 1644, State=8
----------------------
Available data: 1644, State=8
Read data: 147984024, left: 22642
Finish read data: 128
Data left: 1516, State=4
----------------------
Available data: 1516, State=4
Read chunk type
Chunk Type 3
Chunk ID: 6
Data left: 1515, State=6
----------------------
Available data: 1515, State=6
Data left: 1515, State=8
----------------------
Available data: 1515, State=8
Read data: 147984024, left: 22514
Finish read data: 128
Data left: 1387, State=4
----------------------
Available data: 1387, State=4
Read chunk type
Chunk Type 3
Chunk ID: 6
Data left: 1386, State=6
----------------------
Available data: 1386, State=6
Data left: 1386, State=8
----------------------
Available data: 1386, State=8
Read data: 147984024, left: 22386
Finish read data: 128
Data left: 1258, State=4
----------------------
Available data: 1258, State=4
Read chunk type
Chunk Type 3
Chunk ID: 6
Data left: 1257, State=6
----------------------
Available data: 1257, State=6
Data left: 1257, State=8
----------------------
Available data: 1257, State=8
Read data: 147984024, left: 22258
Finish read data: 128
Data left: 1129, State=4
----------------------
Available data: 1129, State=4
Read chunk type
Chunk Type 3
Chunk ID: 6
Data left: 1128, State=6
----------------------
Available data: 1128, State=6
Data left: 1128, State=8
----------------------
Available data: 1128, State=8
Read data: 147984024, left: 22130
Finish read data: 128
Data left: 1000, State=4
----------------------
Available data: 1000, State=4
Read chunk type
Chunk Type 3
Chunk ID: 6
Data left: 999, State=6
----------------------
Available data: 999, State=6
Data left: 999, State=8
----------------------
Available data: 999, State=8
Read data: 147984024, left: 22002
Finish read data: 128
Data left: 871, State=4
----------------------
Available data: 871, State=4
Read chunk type
Chunk Type 3
Chunk ID: 6
Data left: 870, State=6
----------------------
Available data: 870, State=6
Data left: 870, State=8
----------------------
Available data: 870, State=8
Read data: 147984024, left: 21874
Finish read data: 128
Data left: 742, State=4
----------------------
Available data: 742, State=4
Read chunk type
Chunk Type 3
Chunk ID: 6
Data left: 741, State=6
----------------------
Available data: 741, State=6
Data left: 741, State=8
----------------------
Available data: 741, State=8
Read data: 147984024, left: 21746
Finish read data: 128
Data left: 613, State=4
----------------------
Available data: 613, State=4
Read chunk type
Chunk Type 3
Chunk ID: 6
Data left: 612, State=6
----------------------
Available data: 612, State=6
Data left: 612, State=8
----------------------
Available data: 612, State=8
Read data: 147984024, left: 21618
Finish read data: 128
Data left: 484, State=4
----------------------
Available data: 484, State=4
Read chunk type
Chunk Type 3
Chunk ID: 6
Data left: 483, State=6
----------------------
Available data: 483, State=6
Data left: 483, State=8
----------------------
Available data: 483, State=8
Read data: 147984024, left: 21490
Finish read data: 128
Data left: 355, State=4
----------------------
Available data: 355, State=4
Read chunk type
Chunk Type 3
Chunk ID: 6
Data left: 354, State=6
----------------------
Available data: 354, State=6
Data left: 354, State=8
----------------------
Available data: 354, State=8
Read data: 147984024, left: 21362
Finish read data: 128
Data left: 226, State=4
----------------------
Available data: 226, State=4
Read chunk type
Chunk Type 3
Chunk ID: 6
Data left: 225, State=6
----------------------
Available data: 225, State=6
Data left: 225, State=8
----------------------
Available data: 225, State=8
Read data: 147984024, left: 21234
Finish read data: 128
Data left: 97, State=4
----------------------
Available data: 97, State=4
Read chunk type
Chunk Type 3
Chunk ID: 6
Data left: 96, State=6
----------------------
Available data: 96, State=6
Data left: 96, State=8
----------------------
Available data: 96, State=8
Data left: 96, State=8
Receiving: 1064 4000 5160 131073
----------------------
Available data: 1160, State=8
Read data: 147984024, left: 21106
Finish read data: 128
Data left: 1032, State=4
----------------------
Available data: 1032, State=4
Read chunk type
Chunk Type 3
Chunk ID: 6
Data left: 1031, State=6
----------------------
Available data: 1031, State=6
Data left: 1031, State=8
----------------------
Available data: 1031, State=8
Read data: 147984024, left: 20978
Finish read data: 128
Data left: 903, State=4
----------------------
Available data: 903, State=4
Read chunk type
Chunk Type 3
Chunk ID: 6
Data left: 902, State=6
----------------------
Available data: 902, State=6
Data left: 902, State=8
----------------------
Available data: 902, State=8
Read data: 147984024, left: 20850
Finish read data: 128
Data left: 774, State=4
----------------------
Available data: 774, State=4
Read chunk type
Chunk Type 3
Chunk ID: 6
Data left: 773, State=6
----------------------
Available data: 773, State=6
Data left: 773, State=8
----------------------
Available data: 773, State=8
Read data: 147984024, left: 20722
Finish read data: 128
Data left: 645, State=4
----------------------
Available data: 645, State=4
Read chunk type
Chunk Type 3
Chunk ID: 6
Data left: 644, State=6
----------------------
Available data: 644, State=6
Data left: 644, State=8
----------------------
Available data: 644, State=8
Read data: 147984024, left: 20594
Finish read data: 128
Data left: 516, State=4
----------------------
Available data: 516, State=4
Read chunk type
Chunk Type 3
Chunk ID: 6
Data left: 515, State=6
----------------------
Available data: 515, State=6
Data left: 515, State=8
----------------------
Available data: 515, State=8
Read data: 147984024, left: 20466
Finish read data: 128
Data left: 387, State=4
----------------------
Available data: 387, State=4
Read chunk type
Chunk Type 3
Chunk ID: 6
Data left: 386, State=6
----------------------
Available data: 386, State=6
Data left: 386, State=8
----------------------
Available data: 386, State=8
Read data: 147984024, left: 20338
Finish read data: 128
Data left: 258, State=4
----------------------
Available data: 258, State=4
Read chunk type
Chunk Type 3
Chunk ID: 6
Data left: 257, State=6
----------------------
Available data: 257, State=6
Data left: 257, State=8
----------------------
Available data: 257, State=8
Read data: 147984024, left: 20210
Finish read data: 128
Data left: 129, State=4
----------------------
Available data: 129, State=4
Read chunk type
Chunk Type 3
Chunk ID: 6
Data left: 128, State=6
----------------------
Available data: 128, State=6
Data left: 128, State=8
----------------------
Available data: 128, State=8
Read data: 147984024, left: 20082
Finish read data: 128
Data left: 0, State=4
Receiving: 4386 0 4386 131073
----------------------
Available data: 4386, State=4
Read chunk type
Chunk Type 3
Chunk ID: 6
Data left: 4385, State=6
----------------------
Available data: 4385, State=6
Data left: 4385, State=8
----------------------
Available data: 4385, State=8
Read data: 147984024, left: 19954
Finish read data: 128
Data left: 4257, State=4
----------------------
Available data: 4257, State=4
Read chunk type
Chunk Type 3
Chunk ID: 6
Data left: 4256, State=6
----------------------
Available data: 4256, State=6
Data left: 4256, State=8
----------------------
Available data: 4256, State=8
Read data: 147984024, left: 19826
Finish read data: 128
Data left: 4128, State=4
----------------------
Available data: 4128, State=4
Read chunk type
Chunk Type 3
Chunk ID: 6
Data left: 4127, State=6
----------------------
Available data: 4127, State=6
Data left: 4127, State=8
----------------------
Available data: 4127, State=8
Read data: 147984024, left: 19698
Finish read data: 128
Data left: 3999, State=4
----------------------
Available data: 3999, State=4
Read chunk type
Chunk Type 3
Chunk ID: 6
Data left: 3998, State=6
----------------------
Available data: 3998, State=6
Data left: 3998, State=8
----------------------
Available data: 3998, State=8
Read data: 147984024, left: 19570
Finish read data: 128
Data left: 3870, State=4
----------------------
Available data: 3870, State=4
Read chunk type
Chunk Type 3
Chunk ID: 6
Data left: 3869, State=6
----------------------
Available data: 3869, State=6
Data left: 3869, State=8
----------------------
Available data: 3869, State=8
Read data: 147984024, left: 19442
Finish read data: 128
Data left: 3741, State=4
----------------------
Available data: 3741, State=4
Read chunk type
Chunk Type 3
Chunk ID: 6
Data left: 3740, State=6
----------------------
Available data: 3740, State=6
Data left: 3740, State=8
----------------------
Available data: 3740, State=8
Read data: 147984024, left: 19314
Finish read data: 128
Data left: 3612, State=4
----------------------
Available data: 3612, State=4
Read chunk type
Chunk Type 3
Chunk ID: 6
Data left: 3611, State=6
----------------------
Available data: 3611, State=6
Data left: 3611, State=8
----------------------
Available data: 3611, State=8
Read data: 147984024, left: 19186
Finish read data: 128
Data left: 3483, State=4
----------------------
Available data: 3483, State=4
Read chunk type
Chunk Type 3
Chunk ID: 6
Data left: 3482, State=6
----------------------
Available data: 3482, State=6
Data left: 3482, State=8
----------------------
Available data: 3482, State=8
Read data: 147984024, left: 19058
Finish read data: 128
Data left: 3354, State=4
----------------------
Available data: 3354, State=4
Read chunk type
Chunk Type 3
Chunk ID: 6
Data left: 3353, State=6
----------------------
Available data: 3353, State=6
Data left: 3353, State=8
----------------------
Available data: 3353, State=8
Read data: 147984024, left: 18930
Finish read data: 128
Data left: 3225, State=4
----------------------
Available data: 3225, State=4
Read chunk type
Chunk Type 3
Chunk ID: 6
Data left: 3224, State=6
----------------------
Available data: 3224, State=6
Data left: 3224, State=8
----------------------
Available data: 3224, State=8
Read data: 147984024, left: 18802
Finish read data: 128
Data left: 3096, State=4
----------------------
Available data: 3096, State=4
Read chunk type
Chunk Type 3
Chunk ID: 6
Data left: 3095, State=6
----------------------
Available data: 3095, State=6
Data left: 3095, State=8
----------------------
Available data: 3095, State=8
Read data: 147984024, left: 18674
Finish read data: 128
Data left: 2967, State=4
----------------------
Available data: 2967, State=4
Read chunk type
Chunk Type 3
Chunk ID: 6
Data left: 2966, State=6
----------------------
Available data: 2966, State=6
Data left: 2966, State=8
----------------------
Available data: 2966, State=8
Read data: 147984024, left: 18546
Finish read data: 128
Data left: 2838, State=4
----------------------
Available data: 2838, State=4
Read chunk type
Chunk Type 3
Chunk ID: 6
Data left: 2837, State=6
----------------------
Available data: 2837, State=6
Data left: 2837, State=8
----------------------
Available data: 2837, State=8
Read data: 147984024, left: 18418
Finish read data: 128
Data left: 2709, State=4
----------------------
Available data: 2709, State=4
Read chunk type
Chunk Type 3
Chunk ID: 6
Data left: 2708, State=6
----------------------
Available data: 2708, State=6
Data left: 2708, State=8
----------------------
Available data: 2708, State=8
Read data: 147984024, left: 18290
Finish read data: 128
Data left: 2580, State=4
----------------------
Available data: 2580, State=4
Read chunk type
Chunk Type 3
Chunk ID: 6
Data left: 2579, State=6
----------------------
Available data: 2579, State=6
Data left: 2579, State=8
----------------------
Available data: 2579, State=8
Read data: 147984024, left: 18162
Finish read data: 128
Data left: 2451, State=4
----------------------
Available data: 2451, State=4
Read chunk type
Chunk Type 3
Chunk ID: 6
Data left: 2450, State=6
----------------------
Available data: 2450, State=6
Data left: 2450, State=8
----------------------
Available data: 2450, State=8
Read data: 147984024, left: 18034
Finish read data: 128
Data left: 2322, State=4
----------------------
Available data: 2322, State=4
Read chunk type
Chunk Type 3
Chunk ID: 6
Data left: 2321, State=6
----------------------
Available data: 2321, State=6
Data left: 2321, State=8
----------------------
Available data: 2321, State=8
Read data: 147984024, left: 17906
Finish read data: 128
Data left: 2193, State=4
----------------------
Available data: 2193, State=4
Read chunk type
Chunk Type 3
Chunk ID: 6
Data left: 2192, State=6
----------------------
Available data: 2192, State=6
Data left: 2192, State=8
----------------------
Available data: 2192, State=8
Read data: 147984024, left: 17778
Finish read data: 128
Data left: 2064, State=4
----------------------
Available data: 2064, State=4
Read chunk type
Chunk Type 3
Chunk ID: 6
Data left: 2063, State=6
----------------------
Available data: 2063, State=6
Data left: 2063, State=8
----------------------
Available data: 2063, State=8
Read data: 147984024, left: 17650
Finish read data: 128
Data left: 1935, State=4
----------------------
Available data: 1935, State=4
Read chunk type
Chunk Type 3
Chunk ID: 6
Data left: 1934, State=6
----------------------
Available data: 1934, State=6
Data left: 1934, State=8
----------------------
Available data: 1934, State=8
Read data: 147984024, left: 17522
Finish read data: 128
Data left: 1806, State=4
----------------------
Available data: 1806, State=4
Read chunk type
Chunk Type 3
Chunk ID: 6
Data left: 1805, State=6
----------------------
Available data: 1805, State=6
Data left: 1805, State=8
----------------------
Available data: 1805, State=8
Read data: 147984024, left: 17394
Finish read data: 128
Data left: 1677, State=4
----------------------
Available data: 1677, State=4
Read chunk type
Chunk Type 3
Chunk ID: 6
Data left: 1676, State=6
----------------------
Available data: 1676, State=6
Data left: 1676, State=8
----------------------
Available data: 1676, State=8
Read data: 147984024, left: 17266
Finish read data: 128
Data left: 1548, State=4
----------------------
Available data: 1548, State=4
Read chunk type
Chunk Type 3
Chunk ID: 6
Data left: 1547, State=6
----------------------
Available data: 1547, State=6
Data left: 1547, State=8
----------------------
Available data: 1547, State=8
Read data: 147984024, left: 17138
Finish read data: 128
Data left: 1419, State=4
----------------------
Available data: 1419, State=4
Read chunk type
Chunk Type 3
Chunk ID: 6
Data left: 1418, State=6
----------------------
Available data: 1418, State=6
Data left: 1418, State=8
----------------------
Available data: 1418, State=8
Read data: 147984024, left: 17010
Finish read data: 128
Data left: 1290, State=4
----------------------
Available data: 1290, State=4
Read chunk type
Chunk Type 3
Chunk ID: 6
Data left: 1289, State=6
----------------------
Available data: 1289, State=6
Data left: 1289, State=8
----------------------
Available data: 1289, State=8
Read data: 147984024, left: 16882
Finish read data: 128
Data left: 1161, State=4
----------------------
Available data: 1161, State=4
Read chunk type
Chunk Type 3
Chunk ID: 6
Data left: 1160, State=6
----------------------
Available data: 1160, State=6
Data left: 1160, State=8
----------------------
Available data: 1160, State=8
Read data: 147984024, left: 16754
Finish read data: 128
Data left: 1032, State=4
----------------------
Available data: 1032, State=4
Read chunk type
Chunk Type 3
Chunk ID: 6
Data left: 1031, State=6
----------------------
Available data: 1031, State=6
Data left: 1031, State=8
----------------------
Available data: 1031, State=8
Read data: 147984024, left: 16626
Finish read data: 128
Data left: 903, State=4
----------------------
Available data: 903, State=4
Read chunk type
Chunk Type 3
Chunk ID: 6
Data left: 902, State=6
----------------------
Available data: 902, State=6
Data left: 902, State=8
----------------------
Available data: 902, State=8
Read data: 147984024, left: 16498
Finish read data: 128
Data left: 774, State=4
----------------------
Available data: 774, State=4
Read chunk type
Chunk Type 3
Chunk ID: 6
Data left: 773, State=6
----------------------
Available data: 773, State=6
Data left: 773, State=8
----------------------
Available data: 773, State=8
Read data: 147984024, left: 16370
Finish read data: 128
Data left: 645, State=4
----------------------
Available data: 645, State=4
Read chunk type
Chunk Type 3
Chunk ID: 6
Data left: 644, State=6
----------------------
Available data: 644, State=6
Data left: 644, State=8
----------------------
Available data: 644, State=8
Read data: 147984024, left: 16242
Finish read data: 128
Data left: 516, State=4
----------------------
Available data: 516, State=4
Read chunk type
Chunk Type 3
Chunk ID: 6
Data left: 515, State=6
----------------------
Available data: 515, State=6
Data left: 515, State=8
----------------------
Available data: 515, State=8
Read data: 147984024, left: 16114
Finish read data: 128
Data left: 387, State=4
----------------------
Available data: 387, State=4
Read chunk type
Chunk Type 3
Chunk ID: 6
Data left: 386, State=6
----------------------
Available data: 386, State=6
Data left: 386, State=8
----------------------
Available data: 386, State=8
Read data: 147984024, left: 15986
Finish read data: 128
Data left: 258, State=4
----------------------
Available data: 258, State=4
Read chunk type
Chunk Type 3
Chunk ID: 6
Data left: 257, State=6
----------------------
Available data: 257, State=6
Data left: 257, State=8
----------------------
Available data: 257, State=8
Read data: 147984024, left: 15858
Finish read data: 128
Data left: 129, State=4
----------------------
Available data: 129, State=4
Read chunk type
Chunk Type 3
Chunk ID: 6
Data left: 128, State=6
----------------------
Available data: 128, State=6
Data left: 128, State=8
----------------------
Available data: 128, State=8
Read data: 147984024, left: 15730
Finish read data: 128
Data left: 0, State=4
Receiving: 4096 0 4096 131073
----------------------
Available data: 4096, State=4
Read chunk type
Chunk Type 3
Chunk ID: 6
Data left: 4095, State=6
----------------------
Available data: 4095, State=6
Data left: 4095, State=8
----------------------
Available data: 4095, State=8
Read data: 147984024, left: 15602
Finish read data: 128
Data left: 3967, State=4
----------------------
Available data: 3967, State=4
Read chunk type
Chunk Type 3
Chunk ID: 6
Data left: 3966, State=6
----------------------
Available data: 3966, State=6
Data left: 3966, State=8
----------------------
Available data: 3966, State=8
Read data: 147984024, left: 15474
Finish read data: 128
Data left: 3838, State=4
----------------------
Available data: 3838, State=4
Read chunk type
Chunk Type 3
Chunk ID: 6
Data left: 3837, State=6
----------------------
Available data: 3837, State=6
Data left: 3837, State=8
----------------------
Available data: 3837, State=8
Read data: 147984024, left: 15346
Finish read data: 128
Data left: 3709, State=4
----------------------
Available data: 3709, State=4
Read chunk type
Chunk Type 3
Chunk ID: 6
Data left: 3708, State=6
----------------------
Available data: 3708, State=6
Data left: 3708, State=8
----------------------
Available data: 3708, State=8
Read data: 147984024, left: 15218
Finish read data: 128
Data left: 3580, State=4
----------------------
Available data: 3580, State=4
Read chunk type
Chunk Type 3
Chunk ID: 6
Data left: 3579, State=6
----------------------
Available data: 3579, State=6
Data left: 3579, State=8
----------------------
Available data: 3579, State=8
Read data: 147984024, left: 15090
Finish read data: 128
Data left: 3451, State=4
----------------------
Available data: 3451, State=4
Read chunk type
Chunk Type 3
Chunk ID: 6
Data left: 3450, State=6
----------------------
Available data: 3450, State=6
Data left: 3450, State=8
----------------------
Available data: 3450, State=8
Read data: 147984024, left: 14962
Finish read data: 128
Data left: 3322, State=4
----------------------
Available data: 3322, State=4
Read chunk type
Chunk Type 3
Chunk ID: 6
Data left: 3321, State=6
----------------------
Available data: 3321, State=6
Data left: 3321, State=8
----------------------
Available data: 3321, State=8
Read data: 147984024, left: 14834
Finish read data: 128
Data left: 3193, State=4
----------------------
Available data: 3193, State=4
Read chunk type
Chunk Type 3
Chunk ID: 6
Data left: 3192, State=6
----------------------
Available data: 3192, State=6
Data left: 3192, State=8
----------------------
Available data: 3192, State=8
Read data: 147984024, left: 14706
Finish read data: 128
Data left: 3064, State=4
----------------------
Available data: 3064, State=4
Read chunk type
Chunk Type 3
Chunk ID: 6
Data left: 3063, State=6
----------------------
Available data: 3063, State=6
Data left: 3063, State=8
----------------------
Available data: 3063, State=8
Read data: 147984024, left: 14578
Finish read data: 128
Data left: 2935, State=4
----------------------
Available data: 2935, State=4
Read chunk type
Chunk Type 3
Chunk ID: 6
Data left: 2934, State=6
----------------------
Available data: 2934, State=6
Data left: 2934, State=8
----------------------
Available data: 2934, State=8
Read data: 147984024, left: 14450
Finish read data: 128
Data left: 2806, State=4
----------------------
Available data: 2806, State=4
Read chunk type
Chunk Type 3
Chunk ID: 6
Data left: 2805, State=6
----------------------
Available data: 2805, State=6
Data left: 2805, State=8
----------------------
Available data: 2805, State=8
Read data: 147984024, left: 14322
Finish read data: 128
Data left: 2677, State=4
----------------------
Available data: 2677, State=4
Read chunk type
Chunk Type 3
Chunk ID: 6
Data left: 2676, State=6
----------------------
Available data: 2676, State=6
Data left: 2676, State=8
----------------------
Available data: 2676, State=8
Read data: 147984024, left: 14194
Finish read data: 128
Data left: 2548, State=4
----------------------
Available data: 2548, State=4
Read chunk type
Chunk Type 3
Chunk ID: 6
Data left: 2547, State=6
----------------------
Available data: 2547, State=6
Data left: 2547, State=8
----------------------
Available data: 2547, State=8
Read data: 147984024, left: 14066
Finish read data: 128
Data left: 2419, State=4
----------------------
Available data: 2419, State=4
Read chunk type
Chunk Type 3
Chunk ID: 6
Data left: 2418, State=6
----------------------
Available data: 2418, State=6
Data left: 2418, State=8
----------------------
Available data: 2418, State=8
Read data: 147984024, left: 13938
Finish read data: 128
Data left: 2290, State=4
----------------------
Available data: 2290, State=4
Read chunk type
Chunk Type 3
Chunk ID: 6
Data left: 2289, State=6
----------------------
Available data: 2289, State=6
Data left: 2289, State=8
----------------------
Available data: 2289, State=8
Read data: 147984024, left: 13810
Finish read data: 128
Data left: 2161, State=4
----------------------
Available data: 2161, State=4
Read chunk type
Chunk Type 3
Chunk ID: 6
Data left: 2160, State=6
----------------------
Available data: 2160, State=6
Data left: 2160, State=8
----------------------
Available data: 2160, State=8
Read data: 147984024, left: 13682
Finish read data: 128
Data left: 2032, State=4
----------------------
Available data: 2032, State=4
Read chunk type
Chunk Type 3
Chunk ID: 6
Data left: 2031, State=6
----------------------
Available data: 2031, State=6
Data left: 2031, State=8
----------------------
Available data: 2031, State=8
Read data: 147984024, left: 13554
Finish read data: 128
Data left: 1903, State=4
----------------------
Available data: 1903, State=4
Read chunk type
Chunk Type 3
Chunk ID: 6
Data left: 1902, State=6
----------------------
Available data: 1902, State=6
Data left: 1902, State=8
----------------------
Available data: 1902, State=8
Read data: 147984024, left: 13426
Finish read data: 128
Data left: 1774, State=4
----------------------
Available data: 1774, State=4
Read chunk type
Chunk Type 3
Chunk ID: 6
Data left: 1773, State=6
----------------------
Available data: 1773, State=6
Data left: 1773, State=8
----------------------
Available data: 1773, State=8
Read data: 147984024, left: 13298
Finish read data: 128
Data left: 1645, State=4
----------------------
Available data: 1645, State=4
Read chunk type
Chunk Type 3
Chunk ID: 6
Data left: 1644, State=6
----------------------
Available data: 1644, State=6
Data left: 1644, State=8
----------------------
Available data: 1644, State=8
Read data: 147984024, left: 13170
Finish read data: 128
Data left: 1516, State=4
----------------------
Available data: 1516, State=4
Read chunk type
Chunk Type 3
Chunk ID: 6
Data left: 1515, State=6
----------------------
Available data: 1515, State=6
Data left: 1515, State=8
----------------------
Available data: 1515, State=8
Read data: 147984024, left: 13042
Finish read data: 128
Data left: 1387, State=4
----------------------
Available data: 1387, State=4
Read chunk type
Chunk Type 3
Chunk ID: 6
Data left: 1386, State=6
----------------------
Available data: 1386, State=6
Data left: 1386, State=8
----------------------
Available data: 1386, State=8
Read data: 147984024, left: 12914
Finish read data: 128
Data left: 1258, State=4
----------------------
Available data: 1258, State=4
Read chunk type
Chunk Type 3
Chunk ID: 6
Data left: 1257, State=6
----------------------
Available data: 1257, State=6
Data left: 1257, State=8
----------------------
Available data: 1257, State=8
Read data: 147984024, left: 12786
Finish read data: 128
Data left: 1129, State=4
----------------------
Available data: 1129, State=4
Read chunk type
Chunk Type 3
Chunk ID: 6
Data left: 1128, State=6
----------------------
Available data: 1128, State=6
Data left: 1128, State=8
----------------------
Available data: 1128, State=8
Read data: 147984024, left: 12658
Finish read data: 128
Data left: 1000, State=4
----------------------
Available data: 1000, State=4
Read chunk type
Chunk Type 3
Chunk ID: 6
Data left: 999, State=6
----------------------
Available data: 999, State=6
Data left: 999, State=8
----------------------
Available data: 999, State=8
Read data: 147984024, left: 12530
Finish read data: 128
Data left: 871, State=4
----------------------
Available data: 871, State=4
Read chunk type
Chunk Type 3
Chunk ID: 6
Data left: 870, State=6
----------------------
Available data: 870, State=6
Data left: 870, State=8
----------------------
Available data: 870, State=8
Read data: 147984024, left: 12402
Finish read data: 128
Data left: 742, State=4
----------------------
Available data: 742, State=4
Read chunk type
Chunk Type 3
Chunk ID: 6
Data left: 741, State=6
----------------------
Available data: 741, State=6
Data left: 741, State=8
----------------------
Available data: 741, State=8
Read data: 147984024, left: 12274
Finish read data: 128
Data left: 613, State=4
----------------------
Available data: 613, State=4
Read chunk type
Chunk Type 3
Chunk ID: 6
Data left: 612, State=6
----------------------
Available data: 612, State=6
Data left: 612, State=8
----------------------
Available data: 612, State=8
Read data: 147984024, left: 12146
Finish read data: 128
Data left: 484, State=4
----------------------
Available data: 484, State=4
Read chunk type
Chunk Type 3
Chunk ID: 6
Data left: 483, State=6
----------------------
Available data: 483, State=6
Data left: 483, State=8
----------------------
Available data: 483, State=8
Read data: 147984024, left: 12018
Finish read data: 128
Data left: 355, State=4
----------------------
Available data: 355, State=4
Read chunk type
Chunk Type 3
Chunk ID: 6
Data left: 354, State=6
----------------------
Available data: 354, State=6
Data left: 354, State=8
----------------------
Available data: 354, State=8
Read data: 147984024, left: 11890
Finish read data: 128
Data left: 226, State=4
----------------------
Available data: 226, State=4
Read chunk type
Chunk Type 3
Chunk ID: 6
Data left: 225, State=6
----------------------
Available data: 225, State=6
Data left: 225, State=8
----------------------
Available data: 225, State=8
Read data: 147984024, left: 11762
Finish read data: 128
Data left: 97, State=4
----------------------
Available data: 97, State=4
Read chunk type
Chunk Type 3
Chunk ID: 6
Data left: 96, State=6
----------------------
Available data: 96, State=6
Data left: 96, State=8
----------------------
Available data: 96, State=8
Data left: 96, State=8
Receiving: 290 4000 4386 131073
----------------------
Available data: 386, State=8
Read data: 147984024, left: 11634
Finish read data: 128
Data left: 258, State=4
----------------------
Available data: 258, State=4
Read chunk type
Chunk Type 3
Chunk ID: 6
Data left: 257, State=6
----------------------
Available data: 257, State=6
Data left: 257, State=8
----------------------
Available data: 257, State=8
Read data: 147984024, left: 11506
Finish read data: 128
Data left: 129, State=4
----------------------
Available data: 129, State=4
Read chunk type
Chunk Type 3
Chunk ID: 6
Data left: 128, State=6
----------------------
Available data: 128, State=6
Data left: 128, State=8
----------------------
Available data: 128, State=8
Read data: 147984024, left: 11378
Finish read data: 128
Data left: 0, State=4
Receiving: 4096 0 4096 131073
----------------------
Available data: 4096, State=4
Read chunk type
Chunk Type 3
Chunk ID: 6
Data left: 4095, State=6
----------------------
Available data: 4095, State=6
Data left: 4095, State=8
----------------------
Available data: 4095, State=8
Read data: 147984024, left: 11250
Finish read data: 128
Data left: 3967, State=4
----------------------
Available data: 3967, State=4
Read chunk type
Chunk Type 3
Chunk ID: 6
Data left: 3966, State=6
----------------------
Available data: 3966, State=6
Data left: 3966, State=8
----------------------
Available data: 3966, State=8
Read data: 147984024, left: 11122
Finish read data: 128
Data left: 3838, State=4
----------------------
Available data: 3838, State=4
Read chunk type
Chunk Type 3
Chunk ID: 6
Data left: 3837, State=6
----------------------
Available data: 3837, State=6
Data left: 3837, State=8
----------------------
Available data: 3837, State=8
Read data: 147984024, left: 10994
Finish read data: 128
Data left: 3709, State=4
----------------------
Available data: 3709, State=4
Read chunk type
Chunk Type 3
Chunk ID: 6
Data left: 3708, State=6
----------------------
Available data: 3708, State=6
Data left: 3708, State=8
----------------------
Available data: 3708, State=8
Read data: 147984024, left: 10866
Finish read data: 128
Data left: 3580, State=4
----------------------
Available data: 3580, State=4
Read chunk type
Chunk Type 3
Chunk ID: 6
Data left: 3579, State=6
----------------------
Available data: 3579, State=6
Data left: 3579, State=8
----------------------
Available data: 3579, State=8
Read data: 147984024, left: 10738
Finish read data: 128
Data left: 3451, State=4
----------------------
Available data: 3451, State=4
Read chunk type
Chunk Type 3
Chunk ID: 6
Data left: 3450, State=6
----------------------
Available data: 3450, State=6
Data left: 3450, State=8
----------------------
Available data: 3450, State=8
Read data: 147984024, left: 10610
Finish read data: 128
Data left: 3322, State=4
----------------------
Available data: 3322, State=4
Read chunk type
Chunk Type 3
Chunk ID: 6
Data left: 3321, State=6
----------------------
Available data: 3321, State=6
Data left: 3321, State=8
----------------------
Available data: 3321, State=8
Read data: 147984024, left: 10482
Finish read data: 128
Data left: 3193, State=4
----------------------
Available data: 3193, State=4
Read chunk type
Chunk Type 3
Chunk ID: 6
Data left: 3192, State=6
----------------------
Available data: 3192, State=6
Data left: 3192, State=8
----------------------
Available data: 3192, State=8
Read data: 147984024, left: 10354
Finish read data: 128
Data left: 3064, State=4
----------------------
Available data: 3064, State=4
Read chunk type
Chunk Type 3
Chunk ID: 6
Data left: 3063, State=6
----------------------
Available data: 3063, State=6
Data left: 3063, State=8
----------------------
Available data: 3063, State=8
Read data: 147984024, left: 10226
Finish read data: 128
Data left: 2935, State=4
----------------------
Available data: 2935, State=4
Read chunk type
Chunk Type 3
Chunk ID: 6
Data left: 2934, State=6
----------------------
Available data: 2934, State=6
Data left: 2934, State=8
----------------------
Available data: 2934, State=8
Read data: 147984024, left: 10098
Finish read data: 128
Data left: 2806, State=4
----------------------
Available data: 2806, State=4
Read chunk type
Chunk Type 3
Chunk ID: 6
Data left: 2805, State=6
----------------------
Available data: 2805, State=6
Data left: 2805, State=8
----------------------
Available data: 2805, State=8
Read data: 147984024, left: 9970
Finish read data: 128
Data left: 2677, State=4
----------------------
Available data: 2677, State=4
Read chunk type
Chunk Type 3
Chunk ID: 6
Data left: 2676, State=6
----------------------
Available data: 2676, State=6
Data left: 2676, State=8
----------------------
Available data: 2676, State=8
Read data: 147984024, left: 9842
Finish read data: 128
Data left: 2548, State=4
----------------------
Available data: 2548, State=4
Read chunk type
Chunk Type 3
Chunk ID: 6
Data left: 2547, State=6
----------------------
Available data: 2547, State=6
Data left: 2547, State=8
----------------------
Available data: 2547, State=8
Read data: 147984024, left: 9714
Finish read data: 128
Data left: 2419, State=4
----------------------
Available data: 2419, State=4
Read chunk type
Chunk Type 3
Chunk ID: 6
Data left: 2418, State=6
----------------------
Available data: 2418, State=6
Data left: 2418, State=8
----------------------
Available data: 2418, State=8
Read data: 147984024, left: 9586
Finish read data: 128
Data left: 2290, State=4
----------------------
Available data: 2290, State=4
Read chunk type
Chunk Type 3
Chunk ID: 6
Data left: 2289, State=6
----------------------
Available data: 2289, State=6
Data left: 2289, State=8
----------------------
Available data: 2289, State=8
Read data: 147984024, left: 9458
Finish read data: 128
Data left: 2161, State=4
----------------------
Available data: 2161, State=4
Read chunk type
Chunk Type 3
Chunk ID: 6
Data left: 2160, State=6
----------------------
Available data: 2160, State=6
Data left: 2160, State=8
----------------------
Available data: 2160, State=8
Read data: 147984024, left: 9330
Finish read data: 128
Data left: 2032, State=4
----------------------
Available data: 2032, State=4
Read chunk type
Chunk Type 3
Chunk ID: 6
Data left: 2031, State=6
----------------------
Available data: 2031, State=6
Data left: 2031, State=8
----------------------
Available data: 2031, State=8
Read data: 147984024, left: 9202
Finish read data: 128
Data left: 1903, State=4
----------------------
Available data: 1903, State=4
Read chunk type
Chunk Type 3
Chunk ID: 6
Data left: 1902, State=6
----------------------
Available data: 1902, State=6
Data left: 1902, State=8
----------------------
Available data: 1902, State=8
Read data: 147984024, left: 9074
Finish read data: 128
Data left: 1774, State=4
----------------------
Available data: 1774, State=4
Read chunk type
Chunk Type 3
Chunk ID: 6
Data left: 1773, State=6
----------------------
Available data: 1773, State=6
Data left: 1773, State=8
----------------------
Available data: 1773, State=8
Read data: 147984024, left: 8946
Finish read data: 128
Data left: 1645, State=4
----------------------
Available data: 1645, State=4
Read chunk type
Chunk Type 3
Chunk ID: 6
Data left: 1644, State=6
----------------------
Available data: 1644, State=6
Data left: 1644, State=8
----------------------
Available data: 1644, State=8
Read data: 147984024, left: 8818
Finish read data: 128
Data left: 1516, State=4
----------------------
Available data: 1516, State=4
Read chunk type
Chunk Type 3
Chunk ID: 6
Data left: 1515, State=6
----------------------
Available data: 1515, State=6
Data left: 1515, State=8
----------------------
Available data: 1515, State=8
Read data: 147984024, left: 8690
Finish read data: 128
Data left: 1387, State=4
----------------------
Available data: 1387, State=4
Read chunk type
Chunk Type 3
Chunk ID: 6
Data left: 1386, State=6
----------------------
Available data: 1386, State=6
Data left: 1386, State=8
----------------------
Available data: 1386, State=8
Read data: 147984024, left: 8562
Finish read data: 128
Data left: 1258, State=4
----------------------
Available data: 1258, State=4
Read chunk type
Chunk Type 3
Chunk ID: 6
Data left: 1257, State=6
----------------------
Available data: 1257, State=6
Data left: 1257, State=8
----------------------
Available data: 1257, State=8
Read data: 147984024, left: 8434
Finish read data: 128
Data left: 1129, State=4
----------------------
Available data: 1129, State=4
Read chunk type
Chunk Type 3
Chunk ID: 6
Data left: 1128, State=6
----------------------
Available data: 1128, State=6
Data left: 1128, State=8
----------------------
Available data: 1128, State=8
Read data: 147984024, left: 8306
Finish read data: 128
Data left: 1000, State=4
----------------------
Available data: 1000, State=4
Read chunk type
Chunk Type 3
Chunk ID: 6
Data left: 999, State=6
----------------------
Available data: 999, State=6
Data left: 999, State=8
----------------------
Available data: 999, State=8
Read data: 147984024, left: 8178
Finish read data: 128
Data left: 871, State=4
----------------------
Available data: 871, State=4
Read chunk type
Chunk Type 3
Chunk ID: 6
Data left: 870, State=6
----------------------
Available data: 870, State=6
Data left: 870, State=8
----------------------
Available data: 870, State=8
Read data: 147984024, left: 8050
Finish read data: 128
Data left: 742, State=4
----------------------
Available data: 742, State=4
Read chunk type
Chunk Type 3
Chunk ID: 6
Data left: 741, State=6
----------------------
Available data: 741, State=6
Data left: 741, State=8
----------------------
Available data: 741, State=8
Read data: 147984024, left: 7922
Finish read data: 128
Data left: 613, State=4
----------------------
Available data: 613, State=4
Read chunk type
Chunk Type 3
Chunk ID: 6
Data left: 612, State=6
----------------------
Available data: 612, State=6
Data left: 612, State=8
----------------------
Available data: 612, State=8
Read data: 147984024, left: 7794
Finish read data: 128
Data left: 484, State=4
----------------------
Available data: 484, State=4
Read chunk type
Chunk Type 3
Chunk ID: 6
Data left: 483, State=6
----------------------
Available data: 483, State=6
Data left: 483, State=8
----------------------
Available data: 483, State=8
Read data: 147984024, left: 7666
Finish read data: 128
Data left: 355, State=4
----------------------
Available data: 355, State=4
Read chunk type
Chunk Type 3
Chunk ID: 6
Data left: 354, State=6
----------------------
Available data: 354, State=6
Data left: 354, State=8
----------------------
Available data: 354, State=8
Read data: 147984024, left: 7538
Finish read data: 128
Data left: 226, State=4
----------------------
Available data: 226, State=4
Read chunk type
Chunk Type 3
Chunk ID: 6
Data left: 225, State=6
----------------------
Available data: 225, State=6
Data left: 225, State=8
----------------------
Available data: 225, State=8
Read data: 147984024, left: 7410
Finish read data: 128
Data left: 97, State=4
----------------------
Available data: 97, State=4
Read chunk type
Chunk Type 3
Chunk ID: 6
Data left: 96, State=6
----------------------
Available data: 96, State=6
Data left: 96, State=8
----------------------
Available data: 96, State=8
Data left: 96, State=8
Receiving: 4096 4000 8192 131073
----------------------
Available data: 4192, State=8
Read data: 147984024, left: 7282
Finish read data: 128
Data left: 4064, State=4
----------------------
Available data: 4064, State=4
Read chunk type
Chunk Type 3
Chunk ID: 6
Data left: 4063, State=6
----------------------
Available data: 4063, State=6
Data left: 4063, State=8
----------------------
Available data: 4063, State=8
Read data: 147984024, left: 7154
Finish read data: 128
Data left: 3935, State=4
----------------------
Available data: 3935, State=4
Read chunk type
Chunk Type 3
Chunk ID: 6
Data left: 3934, State=6
----------------------
Available data: 3934, State=6
Data left: 3934, State=8
----------------------
Available data: 3934, State=8
Read data: 147984024, left: 7026
Finish read data: 128
Data left: 3806, State=4
----------------------
Available data: 3806, State=4
Read chunk type
Chunk Type 3
Chunk ID: 6
Data left: 3805, State=6
----------------------
Available data: 3805, State=6
Data left: 3805, State=8
----------------------
Available data: 3805, State=8
Read data: 147984024, left: 6898
Finish read data: 128
Data left: 3677, State=4
----------------------
Available data: 3677, State=4
Read chunk type
Chunk Type 3
Chunk ID: 6
Data left: 3676, State=6
----------------------
Available data: 3676, State=6
Data left: 3676, State=8
----------------------
Available data: 3676, State=8
Read data: 147984024, left: 6770
Finish read data: 128
Data left: 3548, State=4
----------------------
Available data: 3548, State=4
Read chunk type
Chunk Type 3
Chunk ID: 6
Data left: 3547, State=6
----------------------
Available data: 3547, State=6
Data left: 3547, State=8
----------------------
Available data: 3547, State=8
Read data: 147984024, left: 6642
Finish read data: 128
Data left: 3419, State=4
----------------------
Available data: 3419, State=4
Read chunk type
Chunk Type 3
Chunk ID: 6
Data left: 3418, State=6
----------------------
Available data: 3418, State=6
Data left: 3418, State=8
----------------------
Available data: 3418, State=8
Read data: 147984024, left: 6514
Finish read data: 128
Data left: 3290, State=4
----------------------
Available data: 3290, State=4
Read chunk type
Chunk Type 3
Chunk ID: 6
Data left: 3289, State=6
----------------------
Available data: 3289, State=6
Data left: 3289, State=8
----------------------
Available data: 3289, State=8
Read data: 147984024, left: 6386
Finish read data: 128
Data left: 3161, State=4
----------------------
Available data: 3161, State=4
Read chunk type
Chunk Type 3
Chunk ID: 6
Data left: 3160, State=6
----------------------
Available data: 3160, State=6
Data left: 3160, State=8
----------------------
Available data: 3160, State=8
Read data: 147984024, left: 6258
Finish read data: 128
Data left: 3032, State=4
----------------------
Available data: 3032, State=4
Read chunk type
Chunk Type 3
Chunk ID: 6
Data left: 3031, State=6
----------------------
Available data: 3031, State=6
Data left: 3031, State=8
----------------------
Available data: 3031, State=8
Read data: 147984024, left: 6130
Finish read data: 128
Data left: 2903, State=4
----------------------
Available data: 2903, State=4
Read chunk type
Chunk Type 3
Chunk ID: 6
Data left: 2902, State=6
----------------------
Available data: 2902, State=6
Data left: 2902, State=8
----------------------
Available data: 2902, State=8
Read data: 147984024, left: 6002
Finish read data: 128
Data left: 2774, State=4
----------------------
Available data: 2774, State=4
Read chunk type
Chunk Type 3
Chunk ID: 6
Data left: 2773, State=6
----------------------
Available data: 2773, State=6
Data left: 2773, State=8
----------------------
Available data: 2773, State=8
Read data: 147984024, left: 5874
Finish read data: 128
Data left: 2645, State=4
----------------------
Available data: 2645, State=4
Read chunk type
Chunk Type 3
Chunk ID: 6
Data left: 2644, State=6
----------------------
Available data: 2644, State=6
Data left: 2644, State=8
----------------------
Available data: 2644, State=8
Read data: 147984024, left: 5746
Finish read data: 128
Data left: 2516, State=4
----------------------
Available data: 2516, State=4
Read chunk type
Chunk Type 3
Chunk ID: 6
Data left: 2515, State=6
----------------------
Available data: 2515, State=6
Data left: 2515, State=8
----------------------
Available data: 2515, State=8
Read data: 147984024, left: 5618
Finish read data: 128
Data left: 2387, State=4
----------------------
Available data: 2387, State=4
Read chunk type
Chunk Type 3
Chunk ID: 6
Data left: 2386, State=6
----------------------
Available data: 2386, State=6
Data left: 2386, State=8
----------------------
Available data: 2386, State=8
Read data: 147984024, left: 5490
Finish read data: 128
Data left: 2258, State=4
----------------------
Available data: 2258, State=4
Read chunk type
Chunk Type 3
Chunk ID: 6
Data left: 2257, State=6
----------------------
Available data: 2257, State=6
Data left: 2257, State=8
----------------------
Available data: 2257, State=8
Read data: 147984024, left: 5362
Finish read data: 128
Data left: 2129, State=4
----------------------
Available data: 2129, State=4
Read chunk type
Chunk Type 3
Chunk ID: 6
Data left: 2128, State=6
----------------------
Available data: 2128, State=6
Data left: 2128, State=8
----------------------
Available data: 2128, State=8
Read data: 147984024, left: 5234
Finish read data: 128
Data left: 2000, State=4
----------------------
Available data: 2000, State=4
Read chunk type
Chunk Type 3
Chunk ID: 6
Data left: 1999, State=6
----------------------
Available data: 1999, State=6
Data left: 1999, State=8
----------------------
Available data: 1999, State=8
Read data: 147984024, left: 5106
Finish read data: 128
Data left: 1871, State=4
----------------------
Available data: 1871, State=4
Read chunk type
Chunk Type 3
Chunk ID: 6
Data left: 1870, State=6
----------------------
Available data: 1870, State=6
Data left: 1870, State=8
----------------------
Available data: 1870, State=8
Read data: 147984024, left: 4978
Finish read data: 128
Data left: 1742, State=4
----------------------
Available data: 1742, State=4
Read chunk type
Chunk Type 3
Chunk ID: 6
Data left: 1741, State=6
----------------------
Available data: 1741, State=6
Data left: 1741, State=8
----------------------
Available data: 1741, State=8
Read data: 147984024, left: 4850
Finish read data: 128
Data left: 1613, State=4
----------------------
Available data: 1613, State=4
Read chunk type
Chunk Type 3
Chunk ID: 6
Data left: 1612, State=6
----------------------
Available data: 1612, State=6
Data left: 1612, State=8
----------------------
Available data: 1612, State=8
Read data: 147984024, left: 4722
Finish read data: 128
Data left: 1484, State=4
----------------------
Available data: 1484, State=4
Read chunk type
Chunk Type 3
Chunk ID: 6
Data left: 1483, State=6
----------------------
Available data: 1483, State=6
Data left: 1483, State=8
----------------------
Available data: 1483, State=8
Read data: 147984024, left: 4594
Finish read data: 128
Data left: 1355, State=4
----------------------
Available data: 1355, State=4
Read chunk type
Chunk Type 3
Chunk ID: 6
Data left: 1354, State=6
----------------------
Available data: 1354, State=6
Data left: 1354, State=8
----------------------
Available data: 1354, State=8
Read data: 147984024, left: 4466
Finish read data: 128
Data left: 1226, State=4
----------------------
Available data: 1226, State=4
Read chunk type
Chunk Type 3
Chunk ID: 6
Data left: 1225, State=6
----------------------
Available data: 1225, State=6
Data left: 1225, State=8
----------------------
Available data: 1225, State=8
Read data: 147984024, left: 4338
Finish read data: 128
Data left: 1097, State=4
----------------------
Available data: 1097, State=4
Read chunk type
Chunk Type 3
Chunk ID: 6
Data left: 1096, State=6
----------------------
Available data: 1096, State=6
Data left: 1096, State=8
----------------------
Available data: 1096, State=8
Read data: 147984024, left: 4210
Finish read data: 128
Data left: 968, State=4
----------------------
Available data: 968, State=4
Read chunk type
Chunk Type 3
Chunk ID: 6
Data left: 967, State=6
----------------------
Available data: 967, State=6
Data left: 967, State=8
----------------------
Available data: 967, State=8
Read data: 147984024, left: 4082
Finish read data: 128
Data left: 839, State=4
----------------------
Available data: 839, State=4
Read chunk type
Chunk Type 3
Chunk ID: 6
Data left: 838, State=6
----------------------
Available data: 838, State=6
Data left: 838, State=8
----------------------
Available data: 838, State=8
Read data: 147984024, left: 3954
Finish read data: 128
Data left: 710, State=4
----------------------
Available data: 710, State=4
Read chunk type
Chunk Type 3
Chunk ID: 6
Data left: 709, State=6
----------------------
Available data: 709, State=6
Data left: 709, State=8
----------------------
Available data: 709, State=8
Read data: 147984024, left: 3826
Finish read data: 128
Data left: 581, State=4
----------------------
Available data: 581, State=4
Read chunk type
Chunk Type 3
Chunk ID: 6
Data left: 580, State=6
----------------------
Available data: 580, State=6
Data left: 580, State=8
----------------------
Available data: 580, State=8
Read data: 147984024, left: 3698
Finish read data: 128
Data left: 452, State=4
----------------------
Available data: 452, State=4
Read chunk type
Chunk Type 3
Chunk ID: 6
Data left: 451, State=6
----------------------
Available data: 451, State=6
Data left: 451, State=8
----------------------
Available data: 451, State=8
Read data: 147984024, left: 3570
Finish read data: 128
Data left: 323, State=4
----------------------
Available data: 323, State=4
Read chunk type
Chunk Type 3
Chunk ID: 6
Data left: 322, State=6
----------------------
Available data: 322, State=6
Data left: 322, State=8
----------------------
Available data: 322, State=8
Read data: 147984024, left: 3442
Finish read data: 128
Data left: 194, State=4
----------------------
Available data: 194, State=4
Read chunk type
Chunk Type 3
Chunk ID: 6
Data left: 193, State=6
----------------------
Available data: 193, State=6
Data left: 193, State=8
----------------------
Available data: 193, State=8
Read data: 147984024, left: 3314
Finish read data: 128
Data left: 65, State=4
----------------------
Available data: 65, State=4
Read chunk type
Chunk Type 3
Chunk ID: 6
Data left: 64, State=6
----------------------
Available data: 64, State=6
Data left: 64, State=8
----------------------
Available data: 64, State=8
Data left: 64, State=8
Receiving: 322 8128 8514 131073
----------------------
Available data: 386, State=8
Read data: 147984024, left: 3186
Finish read data: 128
Data left: 258, State=4
----------------------
Available data: 258, State=4
Read chunk type
Chunk Type 3
Chunk ID: 6
Data left: 257, State=6
----------------------
Available data: 257, State=6
Data left: 257, State=8
----------------------
Available data: 257, State=8
Read data: 147984024, left: 3058
Finish read data: 128
Data left: 129, State=4
----------------------
Available data: 129, State=4
Read chunk type
Chunk Type 3
Chunk ID: 6
Data left: 128, State=6
----------------------
Available data: 128, State=6
Data left: 128, State=8
----------------------
Available data: 128, State=8
Read data: 147984024, left: 2930
Finish read data: 128
Data left: 0, State=4
Receiving: 2824 0 2824 131073
----------------------
Available data: 2824, State=4
Read chunk type
Chunk Type 3
Chunk ID: 6
Data left: 2823, State=6
----------------------
Available data: 2823, State=6
Data left: 2823, State=8
----------------------
Available data: 2823, State=8
Read data: 147984024, left: 2802
Finish read data: 128
Data left: 2695, State=4
----------------------
Available data: 2695, State=4
Read chunk type
Chunk Type 3
Chunk ID: 6
Data left: 2694, State=6
----------------------
Available data: 2694, State=6
Data left: 2694, State=8
----------------------
Available data: 2694, State=8
Read data: 147984024, left: 2674
Finish read data: 128
Data left: 2566, State=4
----------------------
Available data: 2566, State=4
Read chunk type
Chunk Type 3
Chunk ID: 6
Data left: 2565, State=6
----------------------
Available data: 2565, State=6
Data left: 2565, State=8
----------------------
Available data: 2565, State=8
Read data: 147984024, left: 2546
Finish read data: 128
Data left: 2437, State=4
----------------------
Available data: 2437, State=4
Read chunk type
Chunk Type 3
Chunk ID: 6
Data left: 2436, State=6
----------------------
Available data: 2436, State=6
Data left: 2436, State=8
----------------------
Available data: 2436, State=8
Read data: 147984024, left: 2418
Finish read data: 128
Data left: 2308, State=4
----------------------
Available data: 2308, State=4
Read chunk type
Chunk Type 3
Chunk ID: 6
Data left: 2307, State=6
----------------------
Available data: 2307, State=6
Data left: 2307, State=8
----------------------
Available data: 2307, State=8
Read data: 147984024, left: 2290
Finish read data: 128
Data left: 2179, State=4
----------------------
Available data: 2179, State=4
Read chunk type
Chunk Type 3
Chunk ID: 6
Data left: 2178, State=6
----------------------
Available data: 2178, State=6
Data left: 2178, State=8
----------------------
Available data: 2178, State=8
Read data: 147984024, left: 2162
Finish read data: 128
Data left: 2050, State=4
----------------------
Available data: 2050, State=4
Read chunk type
Chunk Type 3
Chunk ID: 6
Data left: 2049, State=6
----------------------
Available data: 2049, State=6
Data left: 2049, State=8
----------------------
Available data: 2049, State=8
Read data: 147984024, left: 2034
Finish read data: 128
Data left: 1921, State=4
----------------------
Available data: 1921, State=4
Read chunk type
Chunk Type 3
Chunk ID: 6
Data left: 1920, State=6
----------------------
Available data: 1920, State=6
Data left: 1920, State=8
----------------------
Available data: 1920, State=8
Read data: 147984024, left: 1906
Finish read data: 128
Data left: 1792, State=4
----------------------
Available data: 1792, State=4
Read chunk type
Chunk Type 3
Chunk ID: 6
Data left: 1791, State=6
----------------------
Available data: 1791, State=6
Data left: 1791, State=8
----------------------
Available data: 1791, State=8
Read data: 147984024, left: 1778
Finish read data: 128
Data left: 1663, State=4
----------------------
Available data: 1663, State=4
Read chunk type
Chunk Type 3
Chunk ID: 6
Data left: 1662, State=6
----------------------
Available data: 1662, State=6
Data left: 1662, State=8
----------------------
Available data: 1662, State=8
Read data: 147984024, left: 1650
Finish read data: 128
Data left: 1534, State=4
----------------------
Available data: 1534, State=4
Read chunk type
Chunk Type 3
Chunk ID: 6
Data left: 1533, State=6
----------------------
Available data: 1533, State=6
Data left: 1533, State=8
----------------------
Available data: 1533, State=8
Read data: 147984024, left: 1522
Finish read data: 128
Data left: 1405, State=4
----------------------
Available data: 1405, State=4
Read chunk type
Chunk Type 3
Chunk ID: 6
Data left: 1404, State=6
----------------------
Available data: 1404, State=6
Data left: 1404, State=8
----------------------
Available data: 1404, State=8
Read data: 147984024, left: 1394
Finish read data: 128
Data left: 1276, State=4
----------------------
Available data: 1276, State=4
Read chunk type
Chunk Type 3
Chunk ID: 6
Data left: 1275, State=6
----------------------
Available data: 1275, State=6
Data left: 1275, State=8
----------------------
Available data: 1275, State=8
Read data: 147984024, left: 1266
Finish read data: 128
Data left: 1147, State=4
----------------------
Available data: 1147, State=4
Read chunk type
Chunk Type 3
Chunk ID: 6
Data left: 1146, State=6
----------------------
Available data: 1146, State=6
Data left: 1146, State=8
----------------------
Available data: 1146, State=8
Read data: 147984024, left: 1138
Finish read data: 128
Data left: 1018, State=4
----------------------
Available data: 1018, State=4
Read chunk type
Chunk Type 3
Chunk ID: 6
Data left: 1017, State=6
----------------------
Available data: 1017, State=6
Data left: 1017, State=8
----------------------
Available data: 1017, State=8
Read data: 147984024, left: 1010
Finish read data: 128
Data left: 889, State=4
----------------------
Available data: 889, State=4
Read chunk type
Chunk Type 3
Chunk ID: 6
Data left: 888, State=6
----------------------
Available data: 888, State=6
Data left: 888, State=8
----------------------
Available data: 888, State=8
Read data: 147984024, left: 882
Finish read data: 128
Data left: 760, State=4
----------------------
Available data: 760, State=4
Read chunk type
Chunk Type 3
Chunk ID: 6
Data left: 759, State=6
----------------------
Available data: 759, State=6
Data left: 759, State=8
----------------------
Available data: 759, State=8
Read data: 147984024, left: 754
Finish read data: 128
Data left: 631, State=4
----------------------
Available data: 631, State=4
Read chunk type
Chunk Type 3
Chunk ID: 6
Data left: 630, State=6
----------------------
Available data: 630, State=6
Data left: 630, State=8
----------------------
Available data: 630, State=8
Read data: 147984024, left: 626
Finish read data: 128
Data left: 502, State=4
----------------------
Available data: 502, State=4
Read chunk type
Chunk Type 3
Chunk ID: 6
Data left: 501, State=6
----------------------
Available data: 501, State=6
Data left: 501, State=8
----------------------
Available data: 501, State=8
Read data: 147984024, left: 498
Finish read data: 128
Data left: 373, State=4
----------------------
Available data: 373, State=4
Read chunk type
Chunk Type 3
Chunk ID: 6
Data left: 372, State=6
----------------------
Available data: 372, State=6
Data left: 372, State=8
----------------------
Available data: 372, State=8
Read data: 147984024, left: 370
Finish read data: 128
Data left: 244, State=4
----------------------
Available data: 244, State=4
Read chunk type
Chunk Type 3
Chunk ID: 6
Data left: 243, State=6
----------------------
Available data: 243, State=6
Data left: 243, State=8
----------------------
Available data: 243, State=8
Read data: 147984024, left: 242
Finish read data: 128
Data left: 115, State=4
----------------------
Available data: 115, State=4
Read chunk type
Chunk Type 3
Chunk ID: 6
Data left: 114, State=6
----------------------
Available data: 114, State=6
Data left: 114, State=8
----------------------
Available data: 114, State=8
Read data: 147984024, left: 114
Finish read data: 114

Data left: 0, State=4
Receiving: 4096 0 4096 131073
----------------------
Available data: 4096, State=4
Read chunk type
Chunk Type 1
Chunk ID: 6
Data left: 4095, State=6
----------------------
Available data: 4095, State=6
Read header type 0
Timestamp=722, message_length=82638, message_type=9, message_stream_id=16777216
Data left: 4088, State=8
----------------------
Available data: 4088, State=8
Read data: 147984024, left: 82638
Finish read data: 128
Data left: 3960, State=4
----------------------
Available data: 3960, State=4
Read chunk type
Chunk Type 3
Chunk ID: 6
Data left: 3959, State=6
----------------------
Available data: 3959, State=6
Data left: 3959, State=8
----------------------
Available data: 3959, State=8
Read data: 147984024, left: 82510
Finish read data: 128
Data left: 3831, State=4
----------------------
Available data: 3831, State=4
Read chunk type
Chunk Type 3
Chunk ID: 6
Data left: 3830, State=6
----------------------
Available data: 3830, State=6
Data left: 3830, State=8
----------------------
Available data: 3830, State=8
Read data: 147984024, left: 82382
Finish read data: 128
Data left: 3702, State=4
----------------------
Available data: 3702, State=4
Read chunk type
Chunk Type 3
Chunk ID: 6
Data left: 3701, State=6
----------------------
Available data: 3701, State=6
Data left: 3701, State=8
----------------------
Available data: 3701, State=8
Read data: 147984024, left: 82254
Finish read data: 128
Data left: 3573, State=4
----------------------
Available data: 3573, State=4
Read chunk type
Chunk Type 3
Chunk ID: 6
Data left: 3572, State=6
----------------------
Available data: 3572, State=6
Data left: 3572, State=8
----------------------
Available data: 3572, State=8
Read data: 147984024, left: 82126
Finish read data: 128
Data left: 3444, State=4
----------------------
Available data: 3444, State=4
Read chunk type
Chunk Type 3
Chunk ID: 6
Data left: 3443, State=6
----------------------
Available data: 3443, State=6
Data left: 3443, State=8
----------------------
Available data: 3443, State=8
Read data: 147984024, left: 81998
Finish read data: 128
Data left: 3315, State=4
----------------------
Available data: 3315, State=4
Read chunk type
Chunk Type 3
Chunk ID: 6
Data left: 3314, State=6
----------------------
Available data: 3314, State=6
Data left: 3314, State=8
----------------------
Available data: 3314, State=8
Read data: 147984024, left: 81870
Finish read data: 128
Data left: 3186, State=4
----------------------
Available data: 3186, State=4
Read chunk type
Chunk Type 3
Chunk ID: 6
Data left: 3185, State=6
----------------------
Available data: 3185, State=6
Data left: 3185, State=8
----------------------
Available data: 3185, State=8
Read data: 147984024, left: 81742
Finish read data: 128
Data left: 3057, State=4
----------------------
Available data: 3057, State=4
Read chunk type
Chunk Type 3
Chunk ID: 6
Data left: 3056, State=6
----------------------
Available data: 3056, State=6
Data left: 3056, State=8
----------------------
Available data: 3056, State=8
Read data: 147984024, left: 81614
Finish read data: 128
Data left: 2928, State=4
----------------------
Available data: 2928, State=4
Read chunk type
Chunk Type 3
Chunk ID: 6
Data left: 2927, State=6
----------------------
Available data: 2927, State=6
Data left: 2927, State=8
----------------------
Available data: 2927, State=8
Read data: 147984024, left: 81486
Finish read data: 128
Data left: 2799, State=4
----------------------
Available data: 2799, State=4
Read chunk type
Chunk Type 3
Chunk ID: 6
Data left: 2798, State=6
----------------------
Available data: 2798, State=6
Data left: 2798, State=8
----------------------
Available data: 2798, State=8
Read data: 147984024, left: 81358
Finish read data: 128
Data left: 2670, State=4
----------------------
Available data: 2670, State=4
Read chunk type
Chunk Type 3
Chunk ID: 6
Data left: 2669, State=6
----------------------
Available data: 2669, State=6
Data left: 2669, State=8
----------------------
Available data: 2669, State=8
Read data: 147984024, left: 81230
Finish read data: 128
Data left: 2541, State=4
----------------------
Available data: 2541, State=4
Read chunk type
Chunk Type 3
Chunk ID: 6
Data left: 2540, State=6
----------------------
Available data: 2540, State=6
Data left: 2540, State=8
----------------------
Available data: 2540, State=8
Read data: 147984024, left: 81102
Finish read data: 128
Data left: 2412, State=4
----------------------
Available data: 2412, State=4
Read chunk type
Chunk Type 3
Chunk ID: 6
Data left: 2411, State=6
----------------------
Available data: 2411, State=6
Data left: 2411, State=8
----------------------
Available data: 2411, State=8
Read data: 147984024, left: 80974
Finish read data: 128
Data left: 2283, State=4
----------------------
Available data: 2283, State=4
Read chunk type
Chunk Type 3
Chunk ID: 6
Data left: 2282, State=6
----------------------
Available data: 2282, State=6
Data left: 2282, State=8
----------------------
Available data: 2282, State=8
Read data: 147984024, left: 80846
Finish read data: 128
Data left: 2154, State=4
----------------------
Available data: 2154, State=4
Read chunk type
Chunk Type 3
Chunk ID: 6
Data left: 2153, State=6
----------------------
Available data: 2153, State=6
Data left: 2153, State=8
----------------------
Available data: 2153, State=8
Read data: 147984024, left: 80718
Finish read data: 128
Data left: 2025, State=4
----------------------
Available data: 2025, State=4
Read chunk type
Chunk Type 3
Chunk ID: 6
Data left: 2024, State=6
----------------------
Available data: 2024, State=6
Data left: 2024, State=8
----------------------
Available data: 2024, State=8
Read data: 147984024, left: 80590
Finish read data: 128
Data left: 1896, State=4
----------------------
Available data: 1896, State=4
Read chunk type
Chunk Type 3
Chunk ID: 6
Data left: 1895, State=6
----------------------
Available data: 1895, State=6
Data left: 1895, State=8
----------------------
Available data: 1895, State=8
Read data: 147984024, left: 80462
Finish read data: 128
Data left: 1767, State=4
----------------------
Available data: 1767, State=4
Read chunk type
Chunk Type 3
Chunk ID: 6
Data left: 1766, State=6
----------------------
Available data: 1766, State=6
Data left: 1766, State=8
----------------------
Available data: 1766, State=8
Read data: 147984024, left: 80334
Finish read data: 128
Data left: 1638, State=4
----------------------
Available data: 1638, State=4
Read chunk type
Chunk Type 3
Chunk ID: 6
Data left: 1637, State=6
----------------------
Available data: 1637, State=6
Data left: 1637, State=8
----------------------
Available data: 1637, State=8
Read data: 147984024, left: 80206
Finish read data: 128
Data left: 1509, State=4
----------------------
Available data: 1509, State=4
Read chunk type
Chunk Type 3
Chunk ID: 6
Data left: 1508, State=6
----------------------
Available data: 1508, State=6
Data left: 1508, State=8
----------------------
Available data: 1508, State=8
Read data: 147984024, left: 80078
Finish read data: 128
Data left: 1380, State=4
----------------------
Available data: 1380, State=4
Read chunk type
Chunk Type 3
Chunk ID: 6
Data left: 1379, State=6
----------------------
Available data: 1379, State=6
Data left: 1379, State=8
----------------------
Available data: 1379, State=8
Read data: 147984024, left: 79950
Finish read data: 128
Data left: 1251, State=4
----------------------
Available data: 1251, State=4
Read chunk type
Chunk Type 3
Chunk ID: 6
Data left: 1250, State=6
----------------------
Available data: 1250, State=6
Data left: 1250, State=8
----------------------
Available data: 1250, State=8
Read data: 147984024, left: 79822
Finish read data: 128
Data left: 1122, State=4
----------------------
Available data: 1122, State=4
Read chunk type
Chunk Type 3
Chunk ID: 6
Data left: 1121, State=6
----------------------
Available data: 1121, State=6
Data left: 1121, State=8
----------------------
Available data: 1121, State=8
Read data: 147984024, left: 79694
Finish read data: 128
Data left: 993, State=4
----------------------
Available data: 993, State=4
Read chunk type
Chunk Type 3
Chunk ID: 6
Data left: 992, State=6
----------------------
Available data: 992, State=6
Data left: 992, State=8
----------------------
Available data: 992, State=8
Read data: 147984024, left: 79566
Finish read data: 128
Data left: 864, State=4
----------------------
Available data: 864, State=4
Read chunk type
Chunk Type 3
Chunk ID: 6
Data left: 863, State=6
----------------------
Available data: 863, State=6
Data left: 863, State=8
----------------------
Available data: 863, State=8
Read data: 147984024, left: 79438
Finish read data: 128
Data left: 735, State=4
----------------------
Available data: 735, State=4
Read chunk type
Chunk Type 3
Chunk ID: 6
Data left: 734, State=6
----------------------
Available data: 734, State=6
Data left: 734, State=8
----------------------
Available data: 734, State=8
Read data: 147984024, left: 79310
Finish read data: 128
Data left: 606, State=4
----------------------
Available data: 606, State=4
Read chunk type
Chunk Type 3
Chunk ID: 6
Data left: 605, State=6
----------------------
Available data: 605, State=6
Data left: 605, State=8
----------------------
Available data: 605, State=8
Read data: 147984024, left: 79182
Finish read data: 128
Data left: 477, State=4
----------------------
Available data: 477, State=4
Read chunk type
Chunk Type 3
Chunk ID: 6
Data left: 476, State=6
----------------------
Available data: 476, State=6
Data left: 476, State=8
----------------------
Available data: 476, State=8
Read data: 147984024, left: 79054
Finish read data: 128
Data left: 348, State=4
----------------------
Available data: 348, State=4
Read chunk type
Chunk Type 3
Chunk ID: 6
Data left: 347, State=6
----------------------
Available data: 347, State=6
Data left: 347, State=8
----------------------
Available data: 347, State=8
Read data: 147984024, left: 78926
Finish read data: 128
Data left: 219, State=4
----------------------
Available data: 219, State=4
Read chunk type
Chunk Type 3
Chunk ID: 6
Data left: 218, State=6
----------------------
Available data: 218, State=6
Data left: 218, State=8
----------------------
Available data: 218, State=8
Read data: 147984024, left: 78798
Finish read data: 128
Data left: 90, State=4
----------------------
Available data: 90, State=4
Read chunk type
Chunk Type 3
Chunk ID: 6
Data left: 89, State=6
----------------------
Available data: 89, State=6
Data left: 89, State=8
----------------------
Available data: 89, State=8
Data left: 89, State=8
Receiving: 4096 4007 8192 131073
----------------------
Available data: 4185, State=8
Read data: 147984024, left: 78670
Finish read data: 128
Data left: 4057, State=4
----------------------
Available data: 4057, State=4
Read chunk type
Chunk Type 3
Chunk ID: 6
Data left: 4056, State=6
----------------------
Available data: 4056, State=6
Data left: 4056, State=8
----------------------
Available data: 4056, State=8
Read data: 147984024, left: 78542
Finish read data: 128
Data left: 3928, State=4
----------------------
Available data: 3928, State=4
Read chunk type
Chunk Type 3
Chunk ID: 6
Data left: 3927, State=6
----------------------
Available data: 3927, State=6
Data left: 3927, State=8
----------------------
Available data: 3927, State=8
Read data: 147984024, left: 78414
Finish read data: 128
Data left: 3799, State=4
----------------------
Available data: 3799, State=4
Read chunk type
Chunk Type 3
Chunk ID: 6
Data left: 3798, State=6
----------------------
Available data: 3798, State=6
Data left: 3798, State=8
----------------------
Available data: 3798, State=8
Read data: 147984024, left: 78286
Finish read data: 128
Data left: 3670, State=4
----------------------
Available data: 3670, State=4
Read chunk type
Chunk Type 3
Chunk ID: 6
Data left: 3669, State=6
----------------------
Available data: 3669, State=6
Data left: 3669, State=8
----------------------
Available data: 3669, State=8
Read data: 147984024, left: 78158
Finish read data: 128
Data left: 3541, State=4
----------------------
Available data: 3541, State=4
Read chunk type
Chunk Type 3
Chunk ID: 6
Data left: 3540, State=6
----------------------
Available data: 3540, State=6
Data left: 3540, State=8
----------------------
Available data: 3540, State=8
Read data: 147984024, left: 78030
Finish read data: 128
Data left: 3412, State=4
----------------------
Available data: 3412, State=4
Read chunk type
Chunk Type 3
Chunk ID: 6
Data left: 3411, State=6
----------------------
Available data: 3411, State=6
Data left: 3411, State=8
----------------------
Available data: 3411, State=8
Read data: 147984024, left: 77902
Finish read data: 128
Data left: 3283, State=4
----------------------
Available data: 3283, State=4
Read chunk type
Chunk Type 3
Chunk ID: 6
Data left: 3282, State=6
----------------------
Available data: 3282, State=6
Data left: 3282, State=8
----------------------
Available data: 3282, State=8
Read data: 147984024, left: 77774
Finish read data: 128
Data left: 3154, State=4
----------------------
Available data: 3154, State=4
Read chunk type
Chunk Type 3
Chunk ID: 6
Data left: 3153, State=6
----------------------
Available data: 3153, State=6
Data left: 3153, State=8
----------------------
Available data: 3153, State=8
Read data: 147984024, left: 77646
Finish read data: 128
Data left: 3025, State=4
----------------------
Available data: 3025, State=4
Read chunk type
Chunk Type 3
Chunk ID: 6
Data left: 3024, State=6
----------------------
Available data: 3024, State=6
Data left: 3024, State=8
----------------------
Available data: 3024, State=8
Read data: 147984024, left: 77518
Finish read data: 128
Data left: 2896, State=4
----------------------
Available data: 2896, State=4
Read chunk type
Chunk Type 3
Chunk ID: 6
Data left: 2895, State=6
----------------------
Available data: 2895, State=6
Data left: 2895, State=8
----------------------
Available data: 2895, State=8
Read data: 147984024, left: 77390
Finish read data: 128
Data left: 2767, State=4
----------------------
Available data: 2767, State=4
Read chunk type
Chunk Type 3
Chunk ID: 6
Data left: 2766, State=6
----------------------
Available data: 2766, State=6
Data left: 2766, State=8
----------------------
Available data: 2766, State=8
Read data: 147984024, left: 77262
Finish read data: 128
Data left: 2638, State=4
----------------------
Available data: 2638, State=4
Read chunk type
Chunk Type 3
Chunk ID: 6
Data left: 2637, State=6
----------------------
Available data: 2637, State=6
Data left: 2637, State=8
----------------------
Available data: 2637, State=8
Read data: 147984024, left: 77134
Finish read data: 128
Data left: 2509, State=4
----------------------
Available data: 2509, State=4
Read chunk type
Chunk Type 3
Chunk ID: 6
Data left: 2508, State=6
----------------------
Available data: 2508, State=6
Data left: 2508, State=8
----------------------
Available data: 2508, State=8
Read data: 147984024, left: 77006
Finish read data: 128
Data left: 2380, State=4
----------------------
Available data: 2380, State=4
Read chunk type
Chunk Type 3
Chunk ID: 6
Data left: 2379, State=6
----------------------
Available data: 2379, State=6
Data left: 2379, State=8
----------------------
Available data: 2379, State=8
Read data: 147984024, left: 76878
Finish read data: 128
Data left: 2251, State=4
----------------------
Available data: 2251, State=4
Read chunk type
Chunk Type 3
Chunk ID: 6
Data left: 2250, State=6
----------------------
Available data: 2250, State=6
Data left: 2250, State=8
----------------------
Available data: 2250, State=8
Read data: 147984024, left: 76750
Finish read data: 128
Data left: 2122, State=4
----------------------
Available data: 2122, State=4
Read chunk type
Chunk Type 3
Chunk ID: 6
Data left: 2121, State=6
----------------------
Available data: 2121, State=6
Data left: 2121, State=8
----------------------
Available data: 2121, State=8
Read data: 147984024, left: 76622
Finish read data: 128
Data left: 1993, State=4
----------------------
Available data: 1993, State=4
Read chunk type
Chunk Type 3
Chunk ID: 6
Data left: 1992, State=6
----------------------
Available data: 1992, State=6
Data left: 1992, State=8
----------------------
Available data: 1992, State=8
Read data: 147984024, left: 76494
Finish read data: 128
Data left: 1864, State=4
----------------------
Available data: 1864, State=4
Read chunk type
Chunk Type 3
Chunk ID: 6
Data left: 1863, State=6
----------------------
Available data: 1863, State=6
Data left: 1863, State=8
----------------------
Available data: 1863, State=8
Read data: 147984024, left: 76366
Finish read data: 128
Data left: 1735, State=4
----------------------
Available data: 1735, State=4
Read chunk type
Chunk Type 3
Chunk ID: 6
Data left: 1734, State=6
----------------------
Available data: 1734, State=6
Data left: 1734, State=8
----------------------
Available data: 1734, State=8
Read data: 147984024, left: 76238
Finish read data: 128
Data left: 1606, State=4
----------------------
Available data: 1606, State=4
Read chunk type
Chunk Type 3
Chunk ID: 6
Data left: 1605, State=6
----------------------
Available data: 1605, State=6
Data left: 1605, State=8
----------------------
Available data: 1605, State=8
Read data: 147984024, left: 76110
Finish read data: 128
Data left: 1477, State=4
----------------------
Available data: 1477, State=4
Read chunk type
Chunk Type 3
Chunk ID: 6
Data left: 1476, State=6
----------------------
Available data: 1476, State=6
Data left: 1476, State=8
----------------------
Available data: 1476, State=8
Read data: 147984024, left: 75982
Finish read data: 128
Data left: 1348, State=4
----------------------
Available data: 1348, State=4
Read chunk type
Chunk Type 3
Chunk ID: 6
Data left: 1347, State=6
----------------------
Available data: 1347, State=6
Data left: 1347, State=8
----------------------
Available data: 1347, State=8
Read data: 147984024, left: 75854
Finish read data: 128
Data left: 1219, State=4
----------------------
Available data: 1219, State=4
Read chunk type
Chunk Type 3
Chunk ID: 6
Data left: 1218, State=6
----------------------
Available data: 1218, State=6
Data left: 1218, State=8
----------------------
Available data: 1218, State=8
Read data: 147984024, left: 75726
Finish read data: 128
Data left: 1090, State=4
----------------------
Available data: 1090, State=4
Read chunk type
Chunk Type 3
Chunk ID: 6
Data left: 1089, State=6
----------------------
Available data: 1089, State=6
Data left: 1089, State=8
----------------------
Available data: 1089, State=8
Read data: 147984024, left: 75598
Finish read data: 128
Data left: 961, State=4
----------------------
Available data: 961, State=4
Read chunk type
Chunk Type 3
Chunk ID: 6
Data left: 960, State=6
----------------------
Available data: 960, State=6
Data left: 960, State=8
----------------------
Available data: 960, State=8
Read data: 147984024, left: 75470
Finish read data: 128
Data left: 832, State=4
----------------------
Available data: 832, State=4
Read chunk type
Chunk Type 3
Chunk ID: 6
Data left: 831, State=6
----------------------
Available data: 831, State=6
Data left: 831, State=8
----------------------
Available data: 831, State=8
Read data: 147984024, left: 75342
Finish read data: 128
Data left: 703, State=4
----------------------
Available data: 703, State=4
Read chunk type
Chunk Type 3
Chunk ID: 6
Data left: 702, State=6
----------------------
Available data: 702, State=6
Data left: 702, State=8
----------------------
Available data: 702, State=8
Read data: 147984024, left: 75214
Finish read data: 128
Data left: 574, State=4
----------------------
Available data: 574, State=4
Read chunk type
Chunk Type 3
Chunk ID: 6
Data left: 573, State=6
----------------------
Available data: 573, State=6
Data left: 573, State=8
----------------------
Available data: 573, State=8
Read data: 147984024, left: 75086
Finish read data: 128
Data left: 445, State=4
----------------------
Available data: 445, State=4
Read chunk type
Chunk Type 3
Chunk ID: 6
Data left: 444, State=6
----------------------
Available data: 444, State=6
Data left: 444, State=8
----------------------
Available data: 444, State=8
Read data: 147984024, left: 74958
Finish read data: 128
Data left: 316, State=4
----------------------
Available data: 316, State=4
Read chunk type
Chunk Type 3
Chunk ID: 6
Data left: 315, State=6
----------------------
Available data: 315, State=6
Data left: 315, State=8
----------------------
Available data: 315, State=8
Read data: 147984024, left: 74830
Finish read data: 128
Data left: 187, State=4
----------------------
Available data: 187, State=4
Read chunk type
Chunk Type 3
Chunk ID: 6
Data left: 186, State=6
----------------------
Available data: 186, State=6
Data left: 186, State=8
----------------------
Available data: 186, State=8
Read data: 147984024, left: 74702
Finish read data: 128
Data left: 58, State=4
----------------------
Available data: 58, State=4
Read chunk type
Chunk Type 3
Chunk ID: 6
Data left: 57, State=6
----------------------
Available data: 57, State=6
Data left: 57, State=8
----------------------
Available data: 57, State=8
Data left: 57, State=8
Receiving: 4096 8135 12288 131073
----------------------
Available data: 4153, State=8
Read data: 147984024, left: 74574
Finish read data: 128
Data left: 4025, State=4
----------------------
Available data: 4025, State=4
Read chunk type
Chunk Type 3
Chunk ID: 6
Data left: 4024, State=6
----------------------
Available data: 4024, State=6
Data left: 4024, State=8
----------------------
Available data: 4024, State=8
Read data: 147984024, left: 74446
Finish read data: 128
Data left: 3896, State=4
----------------------
Available data: 3896, State=4
Read chunk type
Chunk Type 3
Chunk ID: 6
Data left: 3895, State=6
----------------------
Available data: 3895, State=6
Data left: 3895, State=8
----------------------
Available data: 3895, State=8
Read data: 147984024, left: 74318
Finish read data: 128
Data left: 3767, State=4
----------------------
Available data: 3767, State=4
Read chunk type
Chunk Type 3
Chunk ID: 6
Data left: 3766, State=6
----------------------
Available data: 3766, State=6
Data left: 3766, State=8
----------------------
Available data: 3766, State=8
Read data: 147984024, left: 74190
Finish read data: 128
Data left: 3638, State=4
----------------------
Available data: 3638, State=4
Read chunk type
Chunk Type 3
Chunk ID: 6
Data left: 3637, State=6
----------------------
Available data: 3637, State=6
Data left: 3637, State=8
----------------------
Available data: 3637, State=8
Read data: 147984024, left: 74062
Finish read data: 128
Data left: 3509, State=4
----------------------
Available data: 3509, State=4
Read chunk type
Chunk Type 3
Chunk ID: 6
Data left: 3508, State=6
----------------------
Available data: 3508, State=6
Data left: 3508, State=8
----------------------
Available data: 3508, State=8
Read data: 147984024, left: 73934
Finish read data: 128
Data left: 3380, State=4
----------------------
Available data: 3380, State=4
Read chunk type
Chunk Type 3
Chunk ID: 6
Data left: 3379, State=6
----------------------
Available data: 3379, State=6
Data left: 3379, State=8
----------------------
Available data: 3379, State=8
Read data: 147984024, left: 73806
Finish read data: 128
Data left: 3251, State=4
----------------------
Available data: 3251, State=4
Read chunk type
Chunk Type 3
Chunk ID: 6
Data left: 3250, State=6
----------------------
Available data: 3250, State=6
Data left: 3250, State=8
----------------------
Available data: 3250, State=8
Read data: 147984024, left: 73678
Finish read data: 128
Data left: 3122, State=4
----------------------
Available data: 3122, State=4
Read chunk type
Chunk Type 3
Chunk ID: 6
Data left: 3121, State=6
----------------------
Available data: 3121, State=6
Data left: 3121, State=8
----------------------
Available data: 3121, State=8
Read data: 147984024, left: 73550
Finish read data: 128
Data left: 2993, State=4
----------------------
Available data: 2993, State=4
Read chunk type
Chunk Type 3
Chunk ID: 6
Data left: 2992, State=6
----------------------
Available data: 2992, State=6
Data left: 2992, State=8
----------------------
Available data: 2992, State=8
Read data: 147984024, left: 73422
Finish read data: 128
Data left: 2864, State=4
----------------------
Available data: 2864, State=4
Read chunk type
Chunk Type 3
Chunk ID: 6
Data left: 2863, State=6
----------------------
Available data: 2863, State=6
Data left: 2863, State=8
----------------------
Available data: 2863, State=8
Read data: 147984024, left: 73294
Finish read data: 128
Data left: 2735, State=4
----------------------
Available data: 2735, State=4
Read chunk type
Chunk Type 3
Chunk ID: 6
Data left: 2734, State=6
----------------------
Available data: 2734, State=6
Data left: 2734, State=8
----------------------
Available data: 2734, State=8
Read data: 147984024, left: 73166
Finish read data: 128
Data left: 2606, State=4
----------------------
Available data: 2606, State=4
Read chunk type
Chunk Type 3
Chunk ID: 6
Data left: 2605, State=6
----------------------
Available data: 2605, State=6
Data left: 2605, State=8
----------------------
Available data: 2605, State=8
Read data: 147984024, left: 73038
Finish read data: 128
Data left: 2477, State=4
----------------------
Available data: 2477, State=4
Read chunk type
Chunk Type 3
Chunk ID: 6
Data left: 2476, State=6
----------------------
Available data: 2476, State=6
Data left: 2476, State=8
----------------------
Available data: 2476, State=8
Read data: 147984024, left: 72910
Finish read data: 128
Data left: 2348, State=4
----------------------
Available data: 2348, State=4
Read chunk type
Chunk Type 3
Chunk ID: 6
Data left: 2347, State=6
----------------------
Available data: 2347, State=6
Data left: 2347, State=8
----------------------
Available data: 2347, State=8
Read data: 147984024, left: 72782
Finish read data: 128
Data left: 2219, State=4
----------------------
Available data: 2219, State=4
Read chunk type
Chunk Type 3
Chunk ID: 6
Data left: 2218, State=6
----------------------
Available data: 2218, State=6
Data left: 2218, State=8
----------------------
Available data: 2218, State=8
Read data: 147984024, left: 72654
Finish read data: 128
Data left: 2090, State=4
----------------------
Available data: 2090, State=4
Read chunk type
Chunk Type 3
Chunk ID: 6
Data left: 2089, State=6
----------------------
Available data: 2089, State=6
Data left: 2089, State=8
----------------------
Available data: 2089, State=8
Read data: 147984024, left: 72526
Finish read data: 128
Data left: 1961, State=4
----------------------
Available data: 1961, State=4
Read chunk type
Chunk Type 3
Chunk ID: 6
Data left: 1960, State=6
----------------------
Available data: 1960, State=6
Data left: 1960, State=8
----------------------
Available data: 1960, State=8
Read data: 147984024, left: 72398
Finish read data: 128
Data left: 1832, State=4
----------------------
Available data: 1832, State=4
Read chunk type
Chunk Type 3
Chunk ID: 6
Data left: 1831, State=6
----------------------
Available data: 1831, State=6
Data left: 1831, State=8
----------------------
Available data: 1831, State=8
Read data: 147984024, left: 72270
Finish read data: 128
Data left: 1703, State=4
----------------------
Available data: 1703, State=4
Read chunk type
Chunk Type 3
Chunk ID: 6
Data left: 1702, State=6
----------------------
Available data: 1702, State=6
Data left: 1702, State=8
----------------------
Available data: 1702, State=8
Read data: 147984024, left: 72142
Finish read data: 128
Data left: 1574, State=4
----------------------
Available data: 1574, State=4
Read chunk type
Chunk Type 3
Chunk ID: 6
Data left: 1573, State=6
----------------------
Available data: 1573, State=6
Data left: 1573, State=8
----------------------
Available data: 1573, State=8
Read data: 147984024, left: 72014
Finish read data: 128
Data left: 1445, State=4
----------------------
Available data: 1445, State=4
Read chunk type
Chunk Type 3
Chunk ID: 6
Data left: 1444, State=6
----------------------
Available data: 1444, State=6
Data left: 1444, State=8
----------------------
Available data: 1444, State=8
Read data: 147984024, left: 71886
Finish read data: 128
Data left: 1316, State=4
----------------------
Available data: 1316, State=4
Read chunk type
Chunk Type 3
Chunk ID: 6
Data left: 1315, State=6
----------------------
Available data: 1315, State=6
Data left: 1315, State=8
----------------------
Available data: 1315, State=8
Read data: 147984024, left: 71758
Finish read data: 128
Data left: 1187, State=4
----------------------
Available data: 1187, State=4
Read chunk type
Chunk Type 3
Chunk ID: 6
Data left: 1186, State=6
----------------------
Available data: 1186, State=6
Data left: 1186, State=8
----------------------
Available data: 1186, State=8
Read data: 147984024, left: 71630
Finish read data: 128
Data left: 1058, State=4
----------------------
Available data: 1058, State=4
Read chunk type
Chunk Type 3
Chunk ID: 6
Data left: 1057, State=6
----------------------
Available data: 1057, State=6
Data left: 1057, State=8
----------------------
Available data: 1057, State=8
Read data: 147984024, left: 71502
Finish read data: 128
Data left: 929, State=4
----------------------
Available data: 929, State=4
Read chunk type
Chunk Type 3
Chunk ID: 6
Data left: 928, State=6
----------------------
Available data: 928, State=6
Data left: 928, State=8
----------------------
Available data: 928, State=8
Read data: 147984024, left: 71374
Finish read data: 128
Data left: 800, State=4
----------------------
Available data: 800, State=4
Read chunk type
Chunk Type 3
Chunk ID: 6
Data left: 799, State=6
----------------------
Available data: 799, State=6
Data left: 799, State=8
----------------------
Available data: 799, State=8
Read data: 147984024, left: 71246
Finish read data: 128
Data left: 671, State=4
----------------------
Available data: 671, State=4
Read chunk type
Chunk Type 3
Chunk ID: 6
Data left: 670, State=6
----------------------
Available data: 670, State=6
Data left: 670, State=8
----------------------
Available data: 670, State=8
Read data: 147984024, left: 71118
Finish read data: 128
Data left: 542, State=4
----------------------
Available data: 542, State=4
Read chunk type
Chunk Type 3
Chunk ID: 6
Data left: 541, State=6
----------------------
Available data: 541, State=6
Data left: 541, State=8
----------------------
Available data: 541, State=8
Read data: 147984024, left: 70990
Finish read data: 128
Data left: 413, State=4
----------------------
Available data: 413, State=4
Read chunk type
Chunk Type 3
Chunk ID: 6
Data left: 412, State=6
----------------------
Available data: 412, State=6
Data left: 412, State=8
----------------------
Available data: 412, State=8
Read data: 147984024, left: 70862
Finish read data: 128
Data left: 284, State=4
----------------------
Available data: 284, State=4
Read chunk type
Chunk Type 3
Chunk ID: 6
Data left: 283, State=6
----------------------
Available data: 283, State=6
Data left: 283, State=8
----------------------
Available data: 283, State=8
Read data: 147984024, left: 70734
Finish read data: 128
Data left: 155, State=4
----------------------
Available data: 155, State=4
Read chunk type
Chunk Type 3
Chunk ID: 6
Data left: 154, State=6
----------------------
Available data: 154, State=6
Data left: 154, State=8
----------------------
Available data: 154, State=8
Read data: 147984024, left: 70606
Finish read data: 128
Data left: 26, State=4
----------------------
Available data: 26, State=4
Read chunk type
Chunk Type 3
Chunk ID: 6
Data left: 25, State=6
----------------------
Available data: 25, State=6
Data left: 25, State=8
----------------------
Available data: 25, State=8
Data left: 25, State=8
Receiving: 877 12263 13165 131073
----------------------
Available data: 902, State=8
Read data: 147984024, left: 70478
Finish read data: 128
Data left: 774, State=4
----------------------
Available data: 774, State=4
Read chunk type
Chunk Type 3
Chunk ID: 6
Data left: 773, State=6
----------------------
Available data: 773, State=6
Data left: 773, State=8
----------------------
Available data: 773, State=8
Read data: 147984024, left: 70350
Finish read data: 128
Data left: 645, State=4
----------------------
Available data: 645, State=4
Read chunk type
Chunk Type 3
Chunk ID: 6
Data left: 644, State=6
----------------------
Available data: 644, State=6
Data left: 644, State=8
----------------------
Available data: 644, State=8
Read data: 147984024, left: 70222
Finish read data: 128
Data left: 516, State=4
----------------------
Available data: 516, State=4
Read chunk type
Chunk Type 3
Chunk ID: 6
Data left: 515, State=6
----------------------
Available data: 515, State=6
Data left: 515, State=8
----------------------
Available data: 515, State=8
Read data: 147984024, left: 70094
Finish read data: 128
Data left: 387, State=4
----------------------
Available data: 387, State=4
Read chunk type
Chunk Type 3
Chunk ID: 6
Data left: 386, State=6
----------------------
Available data: 386, State=6
Data left: 386, State=8
----------------------
Available data: 386, State=8
Read data: 147984024, left: 69966
Finish read data: 128
Data left: 258, State=4
----------------------
Available data: 258, State=4
Read chunk type
Chunk Type 3
Chunk ID: 6
Data left: 257, State=6
----------------------
Available data: 257, State=6
Data left: 257, State=8
----------------------
Available data: 257, State=8
Read data: 147984024, left: 69838
Finish read data: 128
Data left: 129, State=4
----------------------
Available data: 129, State=4
Read chunk type
Chunk Type 3
Chunk ID: 6
Data left: 128, State=6
----------------------
Available data: 128, State=6
Data left: 128, State=8
----------------------
Available data: 128, State=8
Read data: 147984024, left: 69710
Finish read data: 128
Data left: 0, State=4
Receiving: 4096 0 4096 131073
----------------------
Available data: 4096, State=4
Read chunk type
Chunk Type 3
Chunk ID: 6
Data left: 4095, State=6
----------------------
Available data: 4095, State=6
Data left: 4095, State=8
----------------------
Available data: 4095, State=8
Read data: 147984024, left: 69582
Finish read data: 128
Data left: 3967, State=4
----------------------
Available data: 3967, State=4
Read chunk type
Chunk Type 3
Chunk ID: 6
Data left: 3966, State=6
----------------------
Available data: 3966, State=6
Data left: 3966, State=8
----------------------
Available data: 3966, State=8
Read data: 147984024, left: 69454
Finish read data: 128
Data left: 3838, State=4
----------------------
Available data: 3838, State=4
Read chunk type
Chunk Type 3
Chunk ID: 6
Data left: 3837, State=6
----------------------
Available data: 3837, State=6
Data left: 3837, State=8
----------------------
Available data: 3837, State=8
Read data: 147984024, left: 69326
Finish read data: 128
Data left: 3709, State=4
----------------------
Available data: 3709, State=4
Read chunk type
Chunk Type 3
Chunk ID: 6
Data left: 3708, State=6
----------------------
Available data: 3708, State=6
Data left: 3708, State=8
----------------------
Available data: 3708, State=8
Read data: 147984024, left: 69198
Finish read data: 128
Data left: 3580, State=4
----------------------
Available data: 3580, State=4
Read chunk type
Chunk Type 3
Chunk ID: 6
Data left: 3579, State=6
----------------------
Available data: 3579, State=6
Data left: 3579, State=8
----------------------
Available data: 3579, State=8
Read data: 147984024, left: 69070
Finish read data: 128
Data left: 3451, State=4
----------------------
Available data: 3451, State=4
Read chunk type
Chunk Type 3
Chunk ID: 6
Data left: 3450, State=6
----------------------
Available data: 3450, State=6
Data left: 3450, State=8
----------------------
Available data: 3450, State=8
Read data: 147984024, left: 68942
Finish read data: 128
Data left: 3322, State=4
----------------------
Available data: 3322, State=4
Read chunk type
Chunk Type 3
Chunk ID: 6
Data left: 3321, State=6
----------------------
Available data: 3321, State=6
Data left: 3321, State=8
----------------------
Available data: 3321, State=8
Read data: 147984024, left: 68814
Finish read data: 128
Data left: 3193, State=4
----------------------
Available data: 3193, State=4
Read chunk type
Chunk Type 3
Chunk ID: 6
Data left: 3192, State=6
----------------------
Available data: 3192, State=6
Data left: 3192, State=8
----------------------
Available data: 3192, State=8
Read data: 147984024, left: 68686
Finish read data: 128
Data left: 3064, State=4
----------------------
Available data: 3064, State=4
Read chunk type
Chunk Type 3
Chunk ID: 6
Data left: 3063, State=6
----------------------
Available data: 3063, State=6
Data left: 3063, State=8
----------------------
Available data: 3063, State=8
Read data: 147984024, left: 68558
Finish read data: 128
Data left: 2935, State=4
----------------------
Available data: 2935, State=4
Read chunk type
Chunk Type 3
Chunk ID: 6
Data left: 2934, State=6
----------------------
Available data: 2934, State=6
Data left: 2934, State=8
----------------------
Available data: 2934, State=8
Read data: 147984024, left: 68430
Finish read data: 128
Data left: 2806, State=4
----------------------
Available data: 2806, State=4
Read chunk type
Chunk Type 3
Chunk ID: 6
Data left: 2805, State=6
----------------------
Available data: 2805, State=6
Data left: 2805, State=8
----------------------
Available data: 2805, State=8
Read data: 147984024, left: 68302
Finish read data: 128
Data left: 2677, State=4
----------------------
Available data: 2677, State=4
Read chunk type
Chunk Type 3
Chunk ID: 6
Data left: 2676, State=6
----------------------
Available data: 2676, State=6
Data left: 2676, State=8
----------------------
Available data: 2676, State=8
Read data: 147984024, left: 68174
Finish read data: 128
Data left: 2548, State=4
----------------------
Available data: 2548, State=4
Read chunk type
Chunk Type 3
Chunk ID: 6
Data left: 2547, State=6
----------------------
Available data: 2547, State=6
Data left: 2547, State=8
----------------------
Available data: 2547, State=8
Read data: 147984024, left: 68046
Finish read data: 128
Data left: 2419, State=4
----------------------
Available data: 2419, State=4
Read chunk type
Chunk Type 3
Chunk ID: 6
Data left: 2418, State=6
----------------------
Available data: 2418, State=6
Data left: 2418, State=8
----------------------
Available data: 2418, State=8
Read data: 147984024, left: 67918
Finish read data: 128
Data left: 2290, State=4
----------------------
Available data: 2290, State=4
Read chunk type
Chunk Type 3
Chunk ID: 6
Data left: 2289, State=6
----------------------
Available data: 2289, State=6
Data left: 2289, State=8
----------------------
Available data: 2289, State=8
Read data: 147984024, left: 67790
Finish read data: 128
Data left: 2161, State=4
----------------------
Available data: 2161, State=4
Read chunk type
Chunk Type 3
Chunk ID: 6
Data left: 2160, State=6
----------------------
Available data: 2160, State=6
Data left: 2160, State=8
----------------------
Available data: 2160, State=8
Read data: 147984024, left: 67662
Finish read data: 128
Data left: 2032, State=4
----------------------
Available data: 2032, State=4
Read chunk type
Chunk Type 3
Chunk ID: 6
Data left: 2031, State=6
----------------------
Available data: 2031, State=6
Data left: 2031, State=8
----------------------
Available data: 2031, State=8
Read data: 147984024, left: 67534
Finish read data: 128
Data left: 1903, State=4
----------------------
Available data: 1903, State=4
Read chunk type
Chunk Type 3
Chunk ID: 6
Data left: 1902, State=6
----------------------
Available data: 1902, State=6
Data left: 1902, State=8
----------------------
Available data: 1902, State=8
Read data: 147984024, left: 67406
Finish read data: 128
Data left: 1774, State=4
----------------------
Available data: 1774, State=4
Read chunk type
Chunk Type 3
Chunk ID: 6
Data left: 1773, State=6
----------------------
Available data: 1773, State=6
Data left: 1773, State=8
----------------------
Available data: 1773, State=8
Read data: 147984024, left: 67278
Finish read data: 128
Data left: 1645, State=4
----------------------
Available data: 1645, State=4
Read chunk type
Chunk Type 3
Chunk ID: 6
Data left: 1644, State=6
----------------------
Available data: 1644, State=6
Data left: 1644, State=8
----------------------
Available data: 1644, State=8
Read data: 147984024, left: 67150
Finish read data: 128
Data left: 1516, State=4
----------------------
Available data: 1516, State=4
Read chunk type
Chunk Type 3
Chunk ID: 6
Data left: 1515, State=6
----------------------
Available data: 1515, State=6
Data left: 1515, State=8
----------------------
Available data: 1515, State=8
Read data: 147984024, left: 67022
Finish read data: 128
Data left: 1387, State=4
----------------------
Available data: 1387, State=4
Read chunk type
Chunk Type 3
Chunk ID: 6
Data left: 1386, State=6
----------------------
Available data: 1386, State=6
Data left: 1386, State=8
----------------------
Available data: 1386, State=8
Read data: 147984024, left: 66894
Finish read data: 128
Data left: 1258, State=4
----------------------
Available data: 1258, State=4
Read chunk type
Chunk Type 3
Chunk ID: 6
Data left: 1257, State=6
----------------------
Available data: 1257, State=6
Data left: 1257, State=8
----------------------
Available data: 1257, State=8
Read data: 147984024, left: 66766
Finish read data: 128
Data left: 1129, State=4
----------------------
Available data: 1129, State=4
Read chunk type
Chunk Type 3
Chunk ID: 6
Data left: 1128, State=6
----------------------
Available data: 1128, State=6
Data left: 1128, State=8
----------------------
Available data: 1128, State=8
Read data: 147984024, left: 66638
Finish read data: 128
Data left: 1000, State=4
----------------------
Available data: 1000, State=4
Read chunk type
Chunk Type 3
Chunk ID: 6
Data left: 999, State=6
----------------------
Available data: 999, State=6
Data left: 999, State=8
----------------------
Available data: 999, State=8
Read data: 147984024, left: 66510
Finish read data: 128
Data left: 871, State=4
----------------------
Available data: 871, State=4
Read chunk type
Chunk Type 3
Chunk ID: 6
Data left: 870, State=6
----------------------
Available data: 870, State=6
Data left: 870, State=8
----------------------
Available data: 870, State=8
Read data: 147984024, left: 66382
Finish read data: 128
Data left: 742, State=4
----------------------
Available data: 742, State=4
Read chunk type
Chunk Type 3
Chunk ID: 6
Data left: 741, State=6
----------------------
Available data: 741, State=6
Data left: 741, State=8
----------------------
Available data: 741, State=8
Read data: 147984024, left: 66254
Finish read data: 128
Data left: 613, State=4
----------------------
Available data: 613, State=4
Read chunk type
Chunk Type 3
Chunk ID: 6
Data left: 612, State=6
----------------------
Available data: 612, State=6
Data left: 612, State=8
----------------------
Available data: 612, State=8
Read data: 147984024, left: 66126
Finish read data: 128
Data left: 484, State=4
----------------------
Available data: 484, State=4
Read chunk type
Chunk Type 3
Chunk ID: 6
Data left: 483, State=6
----------------------
Available data: 483, State=6
Data left: 483, State=8
----------------------
Available data: 483, State=8
Read data: 147984024, left: 65998
Finish read data: 128
Data left: 355, State=4
----------------------
Available data: 355, State=4
Read chunk type
Chunk Type 3
Chunk ID: 6
Data left: 354, State=6
----------------------
Available data: 354, State=6
Data left: 354, State=8
----------------------
Available data: 354, State=8
Read data: 147984024, left: 65870
Finish read data: 128
Data left: 226, State=4
----------------------
Available data: 226, State=4
Read chunk type
Chunk Type 3
Chunk ID: 6
Data left: 225, State=6
----------------------
Available data: 225, State=6
Data left: 225, State=8
----------------------
Available data: 225, State=8
Read data: 147984024, left: 65742
Finish read data: 128
Data left: 97, State=4
----------------------
Available data: 97, State=4
Read chunk type
Chunk Type 3
Chunk ID: 6
Data left: 96, State=6
----------------------
Available data: 96, State=6
Data left: 96, State=8
----------------------
Available data: 96, State=8
Data left: 96, State=8
Receiving: 2096 4000 6192 131073
----------------------
Available data: 2192, State=8
Read data: 147984024, left: 65614
Finish read data: 128
Data left: 2064, State=4
----------------------
Available data: 2064, State=4
Read chunk type
Chunk Type 3
Chunk ID: 6
Data left: 2063, State=6
----------------------
Available data: 2063, State=6
Data left: 2063, State=8
----------------------
Available data: 2063, State=8
Read data: 147984024, left: 65486
Finish read data: 128
Data left: 1935, State=4
----------------------
Available data: 1935, State=4
Read chunk type
Chunk Type 3
Chunk ID: 6
Data left: 1934, State=6
----------------------
Available data: 1934, State=6
Data left: 1934, State=8
----------------------
Available data: 1934, State=8
Read data: 147984024, left: 65358
Finish read data: 128
Data left: 1806, State=4
----------------------
Available data: 1806, State=4
Read chunk type
Chunk Type 3
Chunk ID: 6
Data left: 1805, State=6
----------------------
Available data: 1805, State=6
Data left: 1805, State=8
----------------------
Available data: 1805, State=8
Read data: 147984024, left: 65230
Finish read data: 128
Data left: 1677, State=4
----------------------
Available data: 1677, State=4
Read chunk type
Chunk Type 3
Chunk ID: 6
Data left: 1676, State=6
----------------------
Available data: 1676, State=6
Data left: 1676, State=8
----------------------
Available data: 1676, State=8
Read data: 147984024, left: 65102
Finish read data: 128
Data left: 1548, State=4
----------------------
Available data: 1548, State=4
Read chunk type
Chunk Type 3
Chunk ID: 6
Data left: 1547, State=6
----------------------
Available data: 1547, State=6
Data left: 1547, State=8
----------------------
Available data: 1547, State=8
Read data: 147984024, left: 64974
Finish read data: 128
Data left: 1419, State=4
----------------------
Available data: 1419, State=4
Read chunk type
Chunk Type 3
Chunk ID: 6
Data left: 1418, State=6
----------------------
Available data: 1418, State=6
Data left: 1418, State=8
----------------------
Available data: 1418, State=8
Read data: 147984024, left: 64846
Finish read data: 128
Data left: 1290, State=4
----------------------
Available data: 1290, State=4
Read chunk type
Chunk Type 3
Chunk ID: 6
Data left: 1289, State=6
----------------------
Available data: 1289, State=6
Data left: 1289, State=8
----------------------
Available data: 1289, State=8
Read data: 147984024, left: 64718
Finish read data: 128
Data left: 1161, State=4
----------------------
Available data: 1161, State=4
Read chunk type
Chunk Type 3
Chunk ID: 6
Data left: 1160, State=6
----------------------
Available data: 1160, State=6
Data left: 1160, State=8
----------------------
Available data: 1160, State=8
Read data: 147984024, left: 64590
Finish read data: 128
Data left: 1032, State=4
----------------------
Available data: 1032, State=4
Read chunk type
Chunk Type 3
Chunk ID: 6
Data left: 1031, State=6
----------------------
Available data: 1031, State=6
Data left: 1031, State=8
----------------------
Available data: 1031, State=8
Read data: 147984024, left: 64462
Finish read data: 128
Data left: 903, State=4
----------------------
Available data: 903, State=4
Read chunk type
Chunk Type 3
Chunk ID: 6
Data left: 902, State=6
----------------------
Available data: 902, State=6
Data left: 902, State=8
----------------------
Available data: 902, State=8
Read data: 147984024, left: 64334
Finish read data: 128
Data left: 774, State=4
----------------------
Available data: 774, State=4
Read chunk type
Chunk Type 3
Chunk ID: 6
Data left: 773, State=6
----------------------
Available data: 773, State=6
Data left: 773, State=8
----------------------
Available data: 773, State=8
Read data: 147984024, left: 64206
Finish read data: 128
Data left: 645, State=4
----------------------
Available data: 645, State=4
Read chunk type
Chunk Type 3
Chunk ID: 6
Data left: 644, State=6
----------------------
Available data: 644, State=6
Data left: 644, State=8
----------------------
Available data: 644, State=8
Read data: 147984024, left: 64078
Finish read data: 128
Data left: 516, State=4
----------------------
Available data: 516, State=4
Read chunk type
Chunk Type 3
Chunk ID: 6
Data left: 515, State=6
----------------------
Available data: 515, State=6
Data left: 515, State=8
----------------------
Available data: 515, State=8
Read data: 147984024, left: 63950
Finish read data: 128
Data left: 387, State=4
----------------------
Available data: 387, State=4
Read chunk type
Chunk Type 3
Chunk ID: 6
Data left: 386, State=6
----------------------
Available data: 386, State=6
Data left: 386, State=8
----------------------
Available data: 386, State=8
Read data: 147984024, left: 63822
Finish read data: 128
Data left: 258, State=4
----------------------
Available data: 258, State=4
Read chunk type
Chunk Type 3
Chunk ID: 6
Data left: 257, State=6
----------------------
Available data: 257, State=6
Data left: 257, State=8
----------------------
Available data: 257, State=8
Read data: 147984024, left: 63694
Finish read data: 128
Data left: 129, State=4
----------------------
Available data: 129, State=4
Read chunk type
Chunk Type 3
Chunk ID: 6
Data left: 128, State=6
----------------------
Available data: 128, State=6
Data left: 128, State=8
----------------------
Available data: 128, State=8
Read data: 147984024, left: 63566
Finish read data: 128
Data left: 0, State=4
Receiving: 4096 0 4096 131073
----------------------
Available data: 4096, State=4
Read chunk type
Chunk Type 3
Chunk ID: 6
Data left: 4095, State=6
----------------------
Available data: 4095, State=6
Data left: 4095, State=8
----------------------
Available data: 4095, State=8
Read data: 147984024, left: 63438
Finish read data: 128
Data left: 3967, State=4
----------------------
Available data: 3967, State=4
Read chunk type
Chunk Type 3
Chunk ID: 6
Data left: 3966, State=6
----------------------
Available data: 3966, State=6
Data left: 3966, State=8
----------------------
Available data: 3966, State=8
Read data: 147984024, left: 63310
Finish read data: 128
Data left: 3838, State=4
----------------------
Available data: 3838, State=4
Read chunk type
Chunk Type 3
Chunk ID: 6
Data left: 3837, State=6
----------------------
Available data: 3837, State=6
Data left: 3837, State=8
----------------------
Available data: 3837, State=8
Read data: 147984024, left: 63182
Finish read data: 128
Data left: 3709, State=4
----------------------
Available data: 3709, State=4
Read chunk type
Chunk Type 3
Chunk ID: 6
Data left: 3708, State=6
----------------------
Available data: 3708, State=6
Data left: 3708, State=8
----------------------
Available data: 3708, State=8
Read data: 147984024, left: 63054
Finish read data: 128
Data left: 3580, State=4
----------------------
Available data: 3580, State=4
Read chunk type
Chunk Type 3
Chunk ID: 6
Data left: 3579, State=6
----------------------
Available data: 3579, State=6
Data left: 3579, State=8
----------------------
Available data: 3579, State=8
Read data: 147984024, left: 62926
Finish read data: 128
Data left: 3451, State=4
----------------------
Available data: 3451, State=4
Read chunk type
Chunk Type 3
Chunk ID: 6
Data left: 3450, State=6
----------------------
Available data: 3450, State=6
Data left: 3450, State=8
----------------------
Available data: 3450, State=8
Read data: 147984024, left: 62798
Finish read data: 128
Data left: 3322, State=4
----------------------
Available data: 3322, State=4
Read chunk type
Chunk Type 3
Chunk ID: 6
Data left: 3321, State=6
----------------------
Available data: 3321, State=6
Data left: 3321, State=8
----------------------
Available data: 3321, State=8
Read data: 147984024, left: 62670
Finish read data: 128
Data left: 3193, State=4
----------------------
Available data: 3193, State=4
Read chunk type
Chunk Type 3
Chunk ID: 6
Data left: 3192, State=6
----------------------
Available data: 3192, State=6
Data left: 3192, State=8
----------------------
Available data: 3192, State=8
Read data: 147984024, left: 62542
Finish read data: 128
Data left: 3064, State=4
----------------------
Available data: 3064, State=4
Read chunk type
Chunk Type 3
Chunk ID: 6
Data left: 3063, State=6
----------------------
Available data: 3063, State=6
Data left: 3063, State=8
----------------------
Available data: 3063, State=8
Read data: 147984024, left: 62414
Finish read data: 128
Data left: 2935, State=4
----------------------
Available data: 2935, State=4
Read chunk type
Chunk Type 3
Chunk ID: 6
Data left: 2934, State=6
----------------------
Available data: 2934, State=6
Data left: 2934, State=8
----------------------
Available data: 2934, State=8
Read data: 147984024, left: 62286
Finish read data: 128
Data left: 2806, State=4
----------------------
Available data: 2806, State=4
Read chunk type
Chunk Type 3
Chunk ID: 6
Data left: 2805, State=6
----------------------
Available data: 2805, State=6
Data left: 2805, State=8
----------------------
Available data: 2805, State=8
Read data: 147984024, left: 62158
Finish read data: 128
Data left: 2677, State=4
----------------------
Available data: 2677, State=4
Read chunk type
Chunk Type 3
Chunk ID: 6
Data left: 2676, State=6
----------------------
Available data: 2676, State=6
Data left: 2676, State=8
----------------------
Available data: 2676, State=8
Read data: 147984024, left: 62030
Finish read data: 128
Data left: 2548, State=4
----------------------
Available data: 2548, State=4
Read chunk type
Chunk Type 3
Chunk ID: 6
Data left: 2547, State=6
----------------------
Available data: 2547, State=6
Data left: 2547, State=8
----------------------
Available data: 2547, State=8
Read data: 147984024, left: 61902
Finish read data: 128
Data left: 2419, State=4
----------------------
Available data: 2419, State=4
Read chunk type
Chunk Type 3
Chunk ID: 6
Data left: 2418, State=6
----------------------
Available data: 2418, State=6
Data left: 2418, State=8
----------------------
Available data: 2418, State=8
Read data: 147984024, left: 61774
Finish read data: 128
Data left: 2290, State=4
----------------------
Available data: 2290, State=4
Read chunk type
Chunk Type 3
Chunk ID: 6
Data left: 2289, State=6
----------------------
Available data: 2289, State=6
Data left: 2289, State=8
----------------------
Available data: 2289, State=8
Read data: 147984024, left: 61646
Finish read data: 128
Data left: 2161, State=4
----------------------
Available data: 2161, State=4
Read chunk type
Chunk Type 3
Chunk ID: 6
Data left: 2160, State=6
----------------------
Available data: 2160, State=6
Data left: 2160, State=8
----------------------
Available data: 2160, State=8
Read data: 147984024, left: 61518
Finish read data: 128
Data left: 2032, State=4
----------------------
Available data: 2032, State=4
Read chunk type
Chunk Type 3
Chunk ID: 6
Data left: 2031, State=6
----------------------
Available data: 2031, State=6
Data left: 2031, State=8
----------------------
Available data: 2031, State=8
Read data: 147984024, left: 61390
Finish read data: 128
Data left: 1903, State=4
----------------------
Available data: 1903, State=4
Read chunk type
Chunk Type 3
Chunk ID: 6
Data left: 1902, State=6
----------------------
Available data: 1902, State=6
Data left: 1902, State=8
----------------------
Available data: 1902, State=8
Read data: 147984024, left: 61262
Finish read data: 128
Data left: 1774, State=4
----------------------
Available data: 1774, State=4
Read chunk type
Chunk Type 3
Chunk ID: 6
Data left: 1773, State=6
----------------------
Available data: 1773, State=6
Data left: 1773, State=8
----------------------
Available data: 1773, State=8
Read data: 147984024, left: 61134
Finish read data: 128
Data left: 1645, State=4
----------------------
Available data: 1645, State=4
Read chunk type
Chunk Type 3
Chunk ID: 6
Data left: 1644, State=6
----------------------
Available data: 1644, State=6
Data left: 1644, State=8
----------------------
Available data: 1644, State=8
Read data: 147984024, left: 61006
Finish read data: 128
Data left: 1516, State=4
----------------------
Available data: 1516, State=4
Read chunk type
Chunk Type 3
Chunk ID: 6
Data left: 1515, State=6
----------------------
Available data: 1515, State=6
Data left: 1515, State=8
----------------------
Available data: 1515, State=8
Read data: 147984024, left: 60878
Finish read data: 128
Data left: 1387, State=4
----------------------
Available data: 1387, State=4
Read chunk type
Chunk Type 3
Chunk ID: 6
Data left: 1386, State=6
----------------------
Available data: 1386, State=6
Data left: 1386, State=8
----------------------
Available data: 1386, State=8
Read data: 147984024, left: 60750
Finish read data: 128
Data left: 1258, State=4
----------------------
Available data: 1258, State=4
Read chunk type
Chunk Type 3
Chunk ID: 6
Data left: 1257, State=6
----------------------
Available data: 1257, State=6
Data left: 1257, State=8
----------------------
Available data: 1257, State=8
Read data: 147984024, left: 60622
Finish read data: 128
Data left: 1129, State=4
----------------------
Available data: 1129, State=4
Read chunk type
Chunk Type 3
Chunk ID: 6
Data left: 1128, State=6
----------------------
Available data: 1128, State=6
Data left: 1128, State=8
----------------------
Available data: 1128, State=8
Read data: 147984024, left: 60494
Finish read data: 128
Data left: 1000, State=4
----------------------
Available data: 1000, State=4
Read chunk type
Chunk Type 3
Chunk ID: 6
Data left: 999, State=6
----------------------
Available data: 999, State=6
Data left: 999, State=8
----------------------
Available data: 999, State=8
Read data: 147984024, left: 60366
Finish read data: 128
Data left: 871, State=4
----------------------
Available data: 871, State=4
Read chunk type
Chunk Type 3
Chunk ID: 6
Data left: 870, State=6
----------------------
Available data: 870, State=6
Data left: 870, State=8
----------------------
Available data: 870, State=8
Read data: 147984024, left: 60238
Finish read data: 128
Data left: 742, State=4
----------------------
Available data: 742, State=4
Read chunk type
Chunk Type 3
Chunk ID: 6
Data left: 741, State=6
----------------------
Available data: 741, State=6
Data left: 741, State=8
----------------------
Available data: 741, State=8
Read data: 147984024, left: 60110
Finish read data: 128
Data left: 613, State=4
----------------------
Available data: 613, State=4
Read chunk type
Chunk Type 3
Chunk ID: 6
Data left: 612, State=6
----------------------
Available data: 612, State=6
Data left: 612, State=8
----------------------
Available data: 612, State=8
Read data: 147984024, left: 59982
Finish read data: 128
Data left: 484, State=4
----------------------
Available data: 484, State=4
Read chunk type
Chunk Type 3
Chunk ID: 6
Data left: 483, State=6
----------------------
Available data: 483, State=6
Data left: 483, State=8
----------------------
Available data: 483, State=8
Read data: 147984024, left: 59854
Finish read data: 128
Data left: 355, State=4
----------------------
Available data: 355, State=4
Read chunk type
Chunk Type 3
Chunk ID: 6
Data left: 354, State=6
----------------------
Available data: 354, State=6
Data left: 354, State=8
----------------------
Available data: 354, State=8
Read data: 147984024, left: 59726
Finish read data: 128
Data left: 226, State=4
----------------------
Available data: 226, State=4
Read chunk type
Chunk Type 3
Chunk ID: 6
Data left: 225, State=6
----------------------
Available data: 225, State=6
Data left: 225, State=8
----------------------
Available data: 225, State=8
Read data: 147984024, left: 59598
Finish read data: 128
Data left: 97, State=4
----------------------
Available data: 97, State=4
Read chunk type
Chunk Type 3
Chunk ID: 6
Data left: 96, State=6
----------------------
Available data: 96, State=6
Data left: 96, State=8
----------------------
Available data: 96, State=8
Data left: 96, State=8
Receiving: 4096 4000 8192 131073
----------------------
Available data: 4192, State=8
Read data: 147984024, left: 59470
Finish read data: 128
Data left: 4064, State=4
----------------------
Available data: 4064, State=4
Read chunk type
Chunk Type 3
Chunk ID: 6
Data left: 4063, State=6
----------------------
Available data: 4063, State=6
Data left: 4063, State=8
----------------------
Available data: 4063, State=8
Read data: 147984024, left: 59342
Finish read data: 128
Data left: 3935, State=4
----------------------
Available data: 3935, State=4
Read chunk type
Chunk Type 3
Chunk ID: 6
Data left: 3934, State=6
----------------------
Available data: 3934, State=6
Data left: 3934, State=8
----------------------
Available data: 3934, State=8
Read data: 147984024, left: 59214
Finish read data: 128
Data left: 3806, State=4
----------------------
Available data: 3806, State=4
Read chunk type
Chunk Type 3
Chunk ID: 6
Data left: 3805, State=6
----------------------
Available data: 3805, State=6
Data left: 3805, State=8
----------------------
Available data: 3805, State=8
Read data: 147984024, left: 59086
Finish read data: 128
Data left: 3677, State=4
----------------------
Available data: 3677, State=4
Read chunk type
Chunk Type 3
Chunk ID: 6
Data left: 3676, State=6
----------------------
Available data: 3676, State=6
Data left: 3676, State=8
----------------------
Available data: 3676, State=8
Read data: 147984024, left: 58958
Finish read data: 128
Data left: 3548, State=4
----------------------
Available data: 3548, State=4
Read chunk type
Chunk Type 3
Chunk ID: 6
Data left: 3547, State=6
----------------------
Available data: 3547, State=6
Data left: 3547, State=8
----------------------
Available data: 3547, State=8
Read data: 147984024, left: 58830
Finish read data: 128
Data left: 3419, State=4
----------------------
Available data: 3419, State=4
Read chunk type
Chunk Type 3
Chunk ID: 6
Data left: 3418, State=6
----------------------
Available data: 3418, State=6
Data left: 3418, State=8
----------------------
Available data: 3418, State=8
Read data: 147984024, left: 58702
Finish read data: 128
Data left: 3290, State=4
----------------------
Available data: 3290, State=4
Read chunk type
Chunk Type 3
Chunk ID: 6
Data left: 3289, State=6
----------------------
Available data: 3289, State=6
Data left: 3289, State=8
----------------------
Available data: 3289, State=8
Read data: 147984024, left: 58574
Finish read data: 128
Data left: 3161, State=4
----------------------
Available data: 3161, State=4
Read chunk type
Chunk Type 3
Chunk ID: 6
Data left: 3160, State=6
----------------------
Available data: 3160, State=6
Data left: 3160, State=8
----------------------
Available data: 3160, State=8
Read data: 147984024, left: 58446
Finish read data: 128
Data left: 3032, State=4
----------------------
Available data: 3032, State=4
Read chunk type
Chunk Type 3
Chunk ID: 6
Data left: 3031, State=6
----------------------
Available data: 3031, State=6
Data left: 3031, State=8
----------------------
Available data: 3031, State=8
Read data: 147984024, left: 58318
Finish read data: 128
Data left: 2903, State=4
----------------------
Available data: 2903, State=4
Read chunk type
Chunk Type 3
Chunk ID: 6
Data left: 2902, State=6
----------------------
Available data: 2902, State=6
Data left: 2902, State=8
----------------------
Available data: 2902, State=8
Read data: 147984024, left: 58190
Finish read data: 128
Data left: 2774, State=4
----------------------
Available data: 2774, State=4
Read chunk type
Chunk Type 3
Chunk ID: 6
Data left: 2773, State=6
----------------------
Available data: 2773, State=6
Data left: 2773, State=8
----------------------
Available data: 2773, State=8
Read data: 147984024, left: 58062
Finish read data: 128
Data left: 2645, State=4
----------------------
Available data: 2645, State=4
Read chunk type
Chunk Type 3
Chunk ID: 6
Data left: 2644, State=6
----------------------
Available data: 2644, State=6
Data left: 2644, State=8
----------------------
Available data: 2644, State=8
Read data: 147984024, left: 57934
Finish read data: 128
Data left: 2516, State=4
----------------------
Available data: 2516, State=4
Read chunk type
Chunk Type 3
Chunk ID: 6
Data left: 2515, State=6
----------------------
Available data: 2515, State=6
Data left: 2515, State=8
----------------------
Available data: 2515, State=8
Read data: 147984024, left: 57806
Finish read data: 128
Data left: 2387, State=4
----------------------
Available data: 2387, State=4
Read chunk type
Chunk Type 3
Chunk ID: 6
Data left: 2386, State=6
----------------------
Available data: 2386, State=6
Data left: 2386, State=8
----------------------
Available data: 2386, State=8
Read data: 147984024, left: 57678
Finish read data: 128
Data left: 2258, State=4
----------------------
Available data: 2258, State=4
Read chunk type
Chunk Type 3
Chunk ID: 6
Data left: 2257, State=6
----------------------
Available data: 2257, State=6
Data left: 2257, State=8
----------------------
Available data: 2257, State=8
Read data: 147984024, left: 57550
Finish read data: 128
Data left: 2129, State=4
----------------------
Available data: 2129, State=4
Read chunk type
Chunk Type 3
Chunk ID: 6
Data left: 2128, State=6
----------------------
Available data: 2128, State=6
Data left: 2128, State=8
----------------------
Available data: 2128, State=8
Read data: 147984024, left: 57422
Finish read data: 128
Data left: 2000, State=4
----------------------
Available data: 2000, State=4
Read chunk type
Chunk Type 3
Chunk ID: 6
Data left: 1999, State=6
----------------------
Available data: 1999, State=6
Data left: 1999, State=8
----------------------
Available data: 1999, State=8
Read data: 147984024, left: 57294
Finish read data: 128
Data left: 1871, State=4
----------------------
Available data: 1871, State=4
Read chunk type
Chunk Type 3
Chunk ID: 6
Data left: 1870, State=6
----------------------
Available data: 1870, State=6
Data left: 1870, State=8
----------------------
Available data: 1870, State=8
Read data: 147984024, left: 57166
Finish read data: 128
Data left: 1742, State=4
----------------------
Available data: 1742, State=4
Read chunk type
Chunk Type 3
Chunk ID: 6
Data left: 1741, State=6
----------------------
Available data: 1741, State=6
Data left: 1741, State=8
----------------------
Available data: 1741, State=8
Read data: 147984024, left: 57038
Finish read data: 128
Data left: 1613, State=4
----------------------
Available data: 1613, State=4
Read chunk type
Chunk Type 3
Chunk ID: 6
Data left: 1612, State=6
----------------------
Available data: 1612, State=6
Data left: 1612, State=8
----------------------
Available data: 1612, State=8
Read data: 147984024, left: 56910
Finish read data: 128
Data left: 1484, State=4
----------------------
Available data: 1484, State=4
Read chunk type
Chunk Type 3
Chunk ID: 6
Data left: 1483, State=6
----------------------
Available data: 1483, State=6
Data left: 1483, State=8
----------------------
Available data: 1483, State=8
Read data: 147984024, left: 56782
Finish read data: 128
Data left: 1355, State=4
----------------------
Available data: 1355, State=4
Read chunk type
Chunk Type 3
Chunk ID: 6
Data left: 1354, State=6
----------------------
Available data: 1354, State=6
Data left: 1354, State=8
----------------------
Available data: 1354, State=8
Read data: 147984024, left: 56654
Finish read data: 128
Data left: 1226, State=4
----------------------
Available data: 1226, State=4
Read chunk type
Chunk Type 3
Chunk ID: 6
Data left: 1225, State=6
----------------------
Available data: 1225, State=6
Data left: 1225, State=8
----------------------
Available data: 1225, State=8
Read data: 147984024, left: 56526
Finish read data: 128
Data left: 1097, State=4
----------------------
Available data: 1097, State=4
Read chunk type
Chunk Type 3
Chunk ID: 6
Data left: 1096, State=6
----------------------
Available data: 1096, State=6
Data left: 1096, State=8
----------------------
Available data: 1096, State=8
Read data: 147984024, left: 56398
Finish read data: 128
Data left: 968, State=4
----------------------
Available data: 968, State=4
Read chunk type
Chunk Type 3
Chunk ID: 6
Data left: 967, State=6
----------------------
Available data: 967, State=6
Data left: 967, State=8
----------------------
Available data: 967, State=8
Read data: 147984024, left: 56270
Finish read data: 128
Data left: 839, State=4
----------------------
Available data: 839, State=4
Read chunk type
Chunk Type 3
Chunk ID: 6
Data left: 838, State=6
----------------------
Available data: 838, State=6
Data left: 838, State=8
----------------------
Available data: 838, State=8
Read data: 147984024, left: 56142
Finish read data: 128
Data left: 710, State=4
----------------------
Available data: 710, State=4
Read chunk type
Chunk Type 3
Chunk ID: 6
Data left: 709, State=6
----------------------
Available data: 709, State=6
Data left: 709, State=8
----------------------
Available data: 709, State=8
Read data: 147984024, left: 56014
Finish read data: 128
Data left: 581, State=4
----------------------
Available data: 581, State=4
Read chunk type
Chunk Type 3
Chunk ID: 6
Data left: 580, State=6
----------------------
Available data: 580, State=6
Data left: 580, State=8
----------------------
Available data: 580, State=8
Read data: 147984024, left: 55886
Finish read data: 128
Data left: 452, State=4
----------------------
Available data: 452, State=4
Read chunk type
Chunk Type 3
Chunk ID: 6
Data left: 451, State=6
----------------------
Available data: 451, State=6
Data left: 451, State=8
----------------------
Available data: 451, State=8
Read data: 147984024, left: 55758
Finish read data: 128
Data left: 323, State=4
----------------------
Available data: 323, State=4
Read chunk type
Chunk Type 3
Chunk ID: 6
Data left: 322, State=6
----------------------
Available data: 322, State=6
Data left: 322, State=8
----------------------
Available data: 322, State=8
Read data: 147984024, left: 55630
Finish read data: 128
Data left: 194, State=4
----------------------
Available data: 194, State=4
Read chunk type
Chunk Type 3
Chunk ID: 6
Data left: 193, State=6
----------------------
Available data: 193, State=6
Data left: 193, State=8
----------------------
Available data: 193, State=8
Read data: 147984024, left: 55502
Finish read data: 128
Data left: 65, State=4
----------------------
Available data: 65, State=4
Read chunk type
Chunk Type 3
Chunk ID: 6
Data left: 64, State=6
----------------------
Available data: 64, State=6
Data left: 64, State=8
----------------------
Available data: 64, State=8
Data left: 64, State=8
Receiving: 4096 8128 12288 131073
----------------------
Available data: 4160, State=8
Read data: 147984024, left: 55374
Finish read data: 128
Data left: 4032, State=4
----------------------
Available data: 4032, State=4
Read chunk type
Chunk Type 3
Chunk ID: 6
Data left: 4031, State=6
----------------------
Available data: 4031, State=6
Data left: 4031, State=8
----------------------
Available data: 4031, State=8
Read data: 147984024, left: 55246
Finish read data: 128
Data left: 3903, State=4
----------------------
Available data: 3903, State=4
Read chunk type
Chunk Type 3
Chunk ID: 6
Data left: 3902, State=6
----------------------
Available data: 3902, State=6
Data left: 3902, State=8
----------------------
Available data: 3902, State=8
Read data: 147984024, left: 55118
Finish read data: 128
Data left: 3774, State=4
----------------------
Available data: 3774, State=4
Read chunk type
Chunk Type 3
Chunk ID: 6
Data left: 3773, State=6
----------------------
Available data: 3773, State=6
Data left: 3773, State=8
----------------------
Available data: 3773, State=8
Read data: 147984024, left: 54990
Finish read data: 128
Data left: 3645, State=4
----------------------
Available data: 3645, State=4
Read chunk type
Chunk Type 3
Chunk ID: 6
Data left: 3644, State=6
----------------------
Available data: 3644, State=6
Data left: 3644, State=8
----------------------
Available data: 3644, State=8
Read data: 147984024, left: 54862
Finish read data: 128
Data left: 3516, State=4
----------------------
Available data: 3516, State=4
Read chunk type
Chunk Type 3
Chunk ID: 6
Data left: 3515, State=6
----------------------
Available data: 3515, State=6
Data left: 3515, State=8
----------------------
Available data: 3515, State=8
Read data: 147984024, left: 54734
Finish read data: 128
Data left: 3387, State=4
----------------------
Available data: 3387, State=4
Read chunk type
Chunk Type 3
Chunk ID: 6
Data left: 3386, State=6
----------------------
Available data: 3386, State=6
Data left: 3386, State=8
----------------------
Available data: 3386, State=8
Read data: 147984024, left: 54606
Finish read data: 128
Data left: 3258, State=4
----------------------
Available data: 3258, State=4
Read chunk type
Chunk Type 3
Chunk ID: 6
Data left: 3257, State=6
----------------------
Available data: 3257, State=6
Data left: 3257, State=8
----------------------
Available data: 3257, State=8
Read data: 147984024, left: 54478
Finish read data: 128
Data left: 3129, State=4
----------------------
Available data: 3129, State=4
Read chunk type
Chunk Type 3
Chunk ID: 6
Data left: 3128, State=6
----------------------
Available data: 3128, State=6
Data left: 3128, State=8
----------------------
Available data: 3128, State=8
Read data: 147984024, left: 54350
Finish read data: 128
Data left: 3000, State=4
----------------------
Available data: 3000, State=4
Read chunk type
Chunk Type 3
Chunk ID: 6
Data left: 2999, State=6
----------------------
Available data: 2999, State=6
Data left: 2999, State=8
----------------------
Available data: 2999, State=8
Read data: 147984024, left: 54222
Finish read data: 128
Data left: 2871, State=4
----------------------
Available data: 2871, State=4
Read chunk type
Chunk Type 3
Chunk ID: 6
Data left: 2870, State=6
----------------------
Available data: 2870, State=6
Data left: 2870, State=8
----------------------
Available data: 2870, State=8
Read data: 147984024, left: 54094
Finish read data: 128
Data left: 2742, State=4
----------------------
Available data: 2742, State=4
Read chunk type
Chunk Type 3
Chunk ID: 6
Data left: 2741, State=6
----------------------
Available data: 2741, State=6
Data left: 2741, State=8
----------------------
Available data: 2741, State=8
Read data: 147984024, left: 53966
Finish read data: 128
Data left: 2613, State=4
----------------------
Available data: 2613, State=4
Read chunk type
Chunk Type 3
Chunk ID: 6
Data left: 2612, State=6
----------------------
Available data: 2612, State=6
Data left: 2612, State=8
----------------------
Available data: 2612, State=8
Read data: 147984024, left: 53838
Finish read data: 128
Data left: 2484, State=4
----------------------
Available data: 2484, State=4
Read chunk type
Chunk Type 3
Chunk ID: 6
Data left: 2483, State=6
----------------------
Available data: 2483, State=6
Data left: 2483, State=8
----------------------
Available data: 2483, State=8
Read data: 147984024, left: 53710
Finish read data: 128
Data left: 2355, State=4
----------------------
Available data: 2355, State=4
Read chunk type
Chunk Type 3
Chunk ID: 6
Data left: 2354, State=6
----------------------
Available data: 2354, State=6
Data left: 2354, State=8
----------------------
Available data: 2354, State=8
Read data: 147984024, left: 53582
Finish read data: 128
Data left: 2226, State=4
----------------------
Available data: 2226, State=4
Read chunk type
Chunk Type 3
Chunk ID: 6
Data left: 2225, State=6
----------------------
Available data: 2225, State=6
Data left: 2225, State=8
----------------------
Available data: 2225, State=8
Read data: 147984024, left: 53454
Finish read data: 128
Data left: 2097, State=4
----------------------
Available data: 2097, State=4
Read chunk type
Chunk Type 3
Chunk ID: 6
Data left: 2096, State=6
----------------------
Available data: 2096, State=6
Data left: 2096, State=8
----------------------
Available data: 2096, State=8
Read data: 147984024, left: 53326
Finish read data: 128
Data left: 1968, State=4
----------------------
Available data: 1968, State=4
Read chunk type
Chunk Type 3
Chunk ID: 6
Data left: 1967, State=6
----------------------
Available data: 1967, State=6
Data left: 1967, State=8
----------------------
Available data: 1967, State=8
Read data: 147984024, left: 53198
Finish read data: 128
Data left: 1839, State=4
----------------------
Available data: 1839, State=4
Read chunk type
Chunk Type 3
Chunk ID: 6
Data left: 1838, State=6
----------------------
Available data: 1838, State=6
Data left: 1838, State=8
----------------------
Available data: 1838, State=8
Read data: 147984024, left: 53070
Finish read data: 128
Data left: 1710, State=4
----------------------
Available data: 1710, State=4
Read chunk type
Chunk Type 3
Chunk ID: 6
Data left: 1709, State=6
----------------------
Available data: 1709, State=6
Data left: 1709, State=8
----------------------
Available data: 1709, State=8
Read data: 147984024, left: 52942
Finish read data: 128
Data left: 1581, State=4
----------------------
Available data: 1581, State=4
Read chunk type
Chunk Type 3
Chunk ID: 6
Data left: 1580, State=6
----------------------
Available data: 1580, State=6
Data left: 1580, State=8
----------------------
Available data: 1580, State=8
Read data: 147984024, left: 52814
Finish read data: 128
Data left: 1452, State=4
----------------------
Available data: 1452, State=4
Read chunk type
Chunk Type 3
Chunk ID: 6
Data left: 1451, State=6
----------------------
Available data: 1451, State=6
Data left: 1451, State=8
----------------------
Available data: 1451, State=8
Read data: 147984024, left: 52686
Finish read data: 128
Data left: 1323, State=4
----------------------
Available data: 1323, State=4
Read chunk type
Chunk Type 3
Chunk ID: 6
Data left: 1322, State=6
----------------------
Available data: 1322, State=6
Data left: 1322, State=8
----------------------
Available data: 1322, State=8
Read data: 147984024, left: 52558
Finish read data: 128
Data left: 1194, State=4
----------------------
Available data: 1194, State=4
Read chunk type
Chunk Type 3
Chunk ID: 6
Data left: 1193, State=6
----------------------
Available data: 1193, State=6
Data left: 1193, State=8
----------------------
Available data: 1193, State=8
Read data: 147984024, left: 52430
Finish read data: 128
Data left: 1065, State=4
----------------------
Available data: 1065, State=4
Read chunk type
Chunk Type 3
Chunk ID: 6
Data left: 1064, State=6
----------------------
Available data: 1064, State=6
Data left: 1064, State=8
----------------------
Available data: 1064, State=8
Read data: 147984024, left: 52302
Finish read data: 128
Data left: 936, State=4
----------------------
Available data: 936, State=4
Read chunk type
Chunk Type 3
Chunk ID: 6
Data left: 935, State=6
----------------------
Available data: 935, State=6
Data left: 935, State=8
----------------------
Available data: 935, State=8
Read data: 147984024, left: 52174
Finish read data: 128
Data left: 807, State=4
----------------------
Available data: 807, State=4
Read chunk type
Chunk Type 3
Chunk ID: 6
Data left: 806, State=6
----------------------
Available data: 806, State=6
Data left: 806, State=8
----------------------
Available data: 806, State=8
Read data: 147984024, left: 52046
Finish read data: 128
Data left: 678, State=4
----------------------
Available data: 678, State=4
Read chunk type
Chunk Type 3
Chunk ID: 6
Data left: 677, State=6
----------------------
Available data: 677, State=6
Data left: 677, State=8
----------------------
Available data: 677, State=8
Read data: 147984024, left: 51918
Finish read data: 128
Data left: 549, State=4
----------------------
Available data: 549, State=4
Read chunk type
Chunk Type 3
Chunk ID: 6
Data left: 548, State=6
----------------------
Available data: 548, State=6
Data left: 548, State=8
----------------------
Available data: 548, State=8
Read data: 147984024, left: 51790
Finish read data: 128
Data left: 420, State=4
----------------------
Available data: 420, State=4
Read chunk type
Chunk Type 3
Chunk ID: 6
Data left: 419, State=6
----------------------
Available data: 419, State=6
Data left: 419, State=8
----------------------
Available data: 419, State=8
Read data: 147984024, left: 51662
Finish read data: 128
Data left: 291, State=4
----------------------
Available data: 291, State=4
Read chunk type
Chunk Type 3
Chunk ID: 6
Data left: 290, State=6
----------------------
Available data: 290, State=6
Data left: 290, State=8
----------------------
Available data: 290, State=8
Read data: 147984024, left: 51534
Finish read data: 128
Data left: 162, State=4
----------------------
Available data: 162, State=4
Read chunk type
Chunk Type 3
Chunk ID: 6
Data left: 161, State=6
----------------------
Available data: 161, State=6
Data left: 161, State=8
----------------------
Available data: 161, State=8
Read data: 147984024, left: 51406
Finish read data: 128
Data left: 33, State=4
----------------------
Available data: 33, State=4
Read chunk type
Chunk Type 3
Chunk ID: 6
Data left: 32, State=6
----------------------
Available data: 32, State=6
Data left: 32, State=8
----------------------
Available data: 32, State=8
Data left: 32, State=8
Receiving: 4096 12256 16384 131073
----------------------
Available data: 4128, State=8
Read data: 147984024, left: 51278
Finish read data: 128
Data left: 4000, State=4
----------------------
Available data: 4000, State=4
Read chunk type
Chunk Type 3
Chunk ID: 6
Data left: 3999, State=6
----------------------
Available data: 3999, State=6
Data left: 3999, State=8
----------------------
Available data: 3999, State=8
Read data: 147984024, left: 51150
Finish read data: 128
Data left: 3871, State=4
----------------------
Available data: 3871, State=4
Read chunk type
Chunk Type 3
Chunk ID: 6
Data left: 3870, State=6
----------------------
Available data: 3870, State=6
Data left: 3870, State=8
----------------------
Available data: 3870, State=8
Read data: 147984024, left: 51022
Finish read data: 128
Data left: 3742, State=4
----------------------
Available data: 3742, State=4
Read chunk type
Chunk Type 3
Chunk ID: 6
Data left: 3741, State=6
----------------------
Available data: 3741, State=6
Data left: 3741, State=8
----------------------
Available data: 3741, State=8
Read data: 147984024, left: 50894
Finish read data: 128
Data left: 3613, State=4
----------------------
Available data: 3613, State=4
Read chunk type
Chunk Type 3
Chunk ID: 6
Data left: 3612, State=6
----------------------
Available data: 3612, State=6
Data left: 3612, State=8
----------------------
Available data: 3612, State=8
Read data: 147984024, left: 50766
Finish read data: 128
Data left: 3484, State=4
----------------------
Available data: 3484, State=4
Read chunk type
Chunk Type 3
Chunk ID: 6
Data left: 3483, State=6
----------------------
Available data: 3483, State=6
Data left: 3483, State=8
----------------------
Available data: 3483, State=8
Read data: 147984024, left: 50638
Finish read data: 128
Data left: 3355, State=4
----------------------
Available data: 3355, State=4
Read chunk type
Chunk Type 3
Chunk ID: 6
Data left: 3354, State=6
----------------------
Available data: 3354, State=6
Data left: 3354, State=8
----------------------
Available data: 3354, State=8
Read data: 147984024, left: 50510
Finish read data: 128
Data left: 3226, State=4
----------------------
Available data: 3226, State=4
Read chunk type
Chunk Type 3
Chunk ID: 6
Data left: 3225, State=6
----------------------
Available data: 3225, State=6
Data left: 3225, State=8
----------------------
Available data: 3225, State=8
Read data: 147984024, left: 50382
Finish read data: 128
Data left: 3097, State=4
----------------------
Available data: 3097, State=4
Read chunk type
Chunk Type 3
Chunk ID: 6
Data left: 3096, State=6
----------------------
Available data: 3096, State=6
Data left: 3096, State=8
----------------------
Available data: 3096, State=8
Read data: 147984024, left: 50254
Finish read data: 128
Data left: 2968, State=4
----------------------
Available data: 2968, State=4
Read chunk type
Chunk Type 3
Chunk ID: 6
Data left: 2967, State=6
----------------------
Available data: 2967, State=6
Data left: 2967, State=8
----------------------
Available data: 2967, State=8
Read data: 147984024, left: 50126
Finish read data: 128
Data left: 2839, State=4
----------------------
Available data: 2839, State=4
Read chunk type
Chunk Type 3
Chunk ID: 6
Data left: 2838, State=6
----------------------
Available data: 2838, State=6
Data left: 2838, State=8
----------------------
Available data: 2838, State=8
Read data: 147984024, left: 49998
Finish read data: 128
Data left: 2710, State=4
----------------------
Available data: 2710, State=4
Read chunk type
Chunk Type 3
Chunk ID: 6
Data left: 2709, State=6
----------------------
Available data: 2709, State=6
Data left: 2709, State=8
----------------------
Available data: 2709, State=8
Read data: 147984024, left: 49870
Finish read data: 128
Data left: 2581, State=4
----------------------
Available data: 2581, State=4
Read chunk type
Chunk Type 3
Chunk ID: 6
Data left: 2580, State=6
----------------------
Available data: 2580, State=6
Data left: 2580, State=8
----------------------
Available data: 2580, State=8
Read data: 147984024, left: 49742
Finish read data: 128
Data left: 2452, State=4
----------------------
Available data: 2452, State=4
Read chunk type
Chunk Type 3
Chunk ID: 6
Data left: 2451, State=6
----------------------
Available data: 2451, State=6
Data left: 2451, State=8
----------------------
Available data: 2451, State=8
Read data: 147984024, left: 49614
Finish read data: 128
Data left: 2323, State=4
----------------------
Available data: 2323, State=4
Read chunk type
Chunk Type 3
Chunk ID: 6
Data left: 2322, State=6
----------------------
Available data: 2322, State=6
Data left: 2322, State=8
----------------------
Available data: 2322, State=8
Read data: 147984024, left: 49486
Finish read data: 128
Data left: 2194, State=4
----------------------
Available data: 2194, State=4
Read chunk type
Chunk Type 3
Chunk ID: 6
Data left: 2193, State=6
----------------------
Available data: 2193, State=6
Data left: 2193, State=8
----------------------
Available data: 2193, State=8
Read data: 147984024, left: 49358
Finish read data: 128
Data left: 2065, State=4
----------------------
Available data: 2065, State=4
Read chunk type
Chunk Type 3
Chunk ID: 6
Data left: 2064, State=6
----------------------
Available data: 2064, State=6
Data left: 2064, State=8
----------------------
Available data: 2064, State=8
Read data: 147984024, left: 49230
Finish read data: 128
Data left: 1936, State=4
----------------------
Available data: 1936, State=4
Read chunk type
Chunk Type 3
Chunk ID: 6
Data left: 1935, State=6
----------------------
Available data: 1935, State=6
Data left: 1935, State=8
----------------------
Available data: 1935, State=8
Read data: 147984024, left: 49102
Finish read data: 128
Data left: 1807, State=4
----------------------
Available data: 1807, State=4
Read chunk type
Chunk Type 3
Chunk ID: 6
Data left: 1806, State=6
----------------------
Available data: 1806, State=6
Data left: 1806, State=8
----------------------
Available data: 1806, State=8
Read data: 147984024, left: 48974
Finish read data: 128
Data left: 1678, State=4
----------------------
Available data: 1678, State=4
Read chunk type
Chunk Type 3
Chunk ID: 6
Data left: 1677, State=6
----------------------
Available data: 1677, State=6
Data left: 1677, State=8
----------------------
Available data: 1677, State=8
Read data: 147984024, left: 48846
Finish read data: 128
Data left: 1549, State=4
----------------------
Available data: 1549, State=4
Read chunk type
Chunk Type 3
Chunk ID: 6
Data left: 1548, State=6
----------------------
Available data: 1548, State=6
Data left: 1548, State=8
----------------------
Available data: 1548, State=8
Read data: 147984024, left: 48718
Finish read data: 128
Data left: 1420, State=4
----------------------
Available data: 1420, State=4
Read chunk type
Chunk Type 3
Chunk ID: 6
Data left: 1419, State=6
----------------------
Available data: 1419, State=6
Data left: 1419, State=8
----------------------
Available data: 1419, State=8
Read data: 147984024, left: 48590
Finish read data: 128
Data left: 1291, State=4
----------------------
Available data: 1291, State=4
Read chunk type
Chunk Type 3
Chunk ID: 6
Data left: 1290, State=6
----------------------
Available data: 1290, State=6
Data left: 1290, State=8
----------------------
Available data: 1290, State=8
Read data: 147984024, left: 48462
Finish read data: 128
Data left: 1162, State=4
----------------------
Available data: 1162, State=4
Read chunk type
Chunk Type 3
Chunk ID: 6
Data left: 1161, State=6
----------------------
Available data: 1161, State=6
Data left: 1161, State=8
----------------------
Available data: 1161, State=8
Read data: 147984024, left: 48334
Finish read data: 128
Data left: 1033, State=4
----------------------
Available data: 1033, State=4
Read chunk type
Chunk Type 3
Chunk ID: 6
Data left: 1032, State=6
----------------------
Available data: 1032, State=6
Data left: 1032, State=8
----------------------
Available data: 1032, State=8
Read data: 147984024, left: 48206
Finish read data: 128
Data left: 904, State=4
----------------------
Available data: 904, State=4
Read chunk type
Chunk Type 3
Chunk ID: 6
Data left: 903, State=6
----------------------
Available data: 903, State=6
Data left: 903, State=8
----------------------
Available data: 903, State=8
Read data: 147984024, left: 48078
Finish read data: 128
Data left: 775, State=4
----------------------
Available data: 775, State=4
Read chunk type
Chunk Type 3
Chunk ID: 6
Data left: 774, State=6
----------------------
Available data: 774, State=6
Data left: 774, State=8
----------------------
Available data: 774, State=8
Read data: 147984024, left: 47950
Finish read data: 128
Data left: 646, State=4
----------------------
Available data: 646, State=4
Read chunk type
Chunk Type 3
Chunk ID: 6
Data left: 645, State=6
----------------------
Available data: 645, State=6
Data left: 645, State=8
----------------------
Available data: 645, State=8
Read data: 147984024, left: 47822
Finish read data: 128
Data left: 517, State=4
----------------------
Available data: 517, State=4
Read chunk type
Chunk Type 3
Chunk ID: 6
Data left: 516, State=6
----------------------
Available data: 516, State=6
Data left: 516, State=8
----------------------
Available data: 516, State=8
Read data: 147984024, left: 47694
Finish read data: 128
Data left: 388, State=4
----------------------
Available data: 388, State=4
Read chunk type
Chunk Type 3
Chunk ID: 6
Data left: 387, State=6
----------------------
Available data: 387, State=6
Data left: 387, State=8
----------------------
Available data: 387, State=8
Read data: 147984024, left: 47566
Finish read data: 128
Data left: 259, State=4
----------------------
Available data: 259, State=4
Read chunk type
Chunk Type 3
Chunk ID: 6
Data left: 258, State=6
----------------------
Available data: 258, State=6
Data left: 258, State=8
----------------------
Available data: 258, State=8
Read data: 147984024, left: 47438
Finish read data: 128
Data left: 130, State=4
----------------------
Available data: 130, State=4
Read chunk type
Chunk Type 3
Chunk ID: 6
Data left: 129, State=6
----------------------
Available data: 129, State=6
Data left: 129, State=8
----------------------
Available data: 129, State=8
Read data: 147984024, left: 47310
Finish read data: 128
Data left: 1, State=4
----------------------
Available data: 1, State=4
Read chunk type
Chunk Type 3
Chunk ID: 6
Data left: 0, State=6
Receiving: 773 0 773 131073
----------------------
Available data: 773, State=6
Data left: 773, State=8
----------------------
Available data: 773, State=8
Read data: 147984024, left: 47182
Finish read data: 128
Data left: 645, State=4
----------------------
Available data: 645, State=4
Read chunk type
Chunk Type 3
Chunk ID: 6
Data left: 644, State=6
----------------------
Available data: 644, State=6
Data left: 644, State=8
----------------------
Available data: 644, State=8
Read data: 147984024, left: 47054
Finish read data: 128
Data left: 516, State=4
----------------------
Available data: 516, State=4
Read chunk type
Chunk Type 3
Chunk ID: 6
Data left: 515, State=6
----------------------
Available data: 515, State=6
Data left: 515, State=8
----------------------
Available data: 515, State=8
Read data: 147984024, left: 46926
Finish read data: 128
Data left: 387, State=4
----------------------
Available data: 387, State=4
Read chunk type
Chunk Type 3
Chunk ID: 6
Data left: 386, State=6
----------------------
Available data: 386, State=6
Data left: 386, State=8
----------------------
Available data: 386, State=8
Read data: 147984024, left: 46798
Finish read data: 128
Data left: 258, State=4
----------------------
Available data: 258, State=4
Read chunk type
Chunk Type 3
Chunk ID: 6
Data left: 257, State=6
----------------------
Available data: 257, State=6
Data left: 257, State=8
----------------------
Available data: 257, State=8
Read data: 147984024, left: 46670
Finish read data: 128
Data left: 129, State=4
----------------------
Available data: 129, State=4
Read chunk type
Chunk Type 3
Chunk ID: 6
Data left: 128, State=6
----------------------
Available data: 128, State=6
Data left: 128, State=8
----------------------
Available data: 128, State=8
Read data: 147984024, left: 46542
Finish read data: 128
Data left: 0, State=4
Receiving: 4096 0 4096 131073
----------------------
Available data: 4096, State=4
Read chunk type
Chunk Type 3
Chunk ID: 6
Data left: 4095, State=6
----------------------
Available data: 4095, State=6
Data left: 4095, State=8
----------------------
Available data: 4095, State=8
Read data: 147984024, left: 46414
Finish read data: 128
Data left: 3967, State=4
----------------------
Available data: 3967, State=4
Read chunk type
Chunk Type 3
Chunk ID: 6
Data left: 3966, State=6
----------------------
Available data: 3966, State=6
Data left: 3966, State=8
----------------------
Available data: 3966, State=8
Read data: 147984024, left: 46286
Finish read data: 128
Data left: 3838, State=4
----------------------
Available data: 3838, State=4
Read chunk type
Chunk Type 3
Chunk ID: 6
Data left: 3837, State=6
----------------------
Available data: 3837, State=6
Data left: 3837, State=8
----------------------
Available data: 3837, State=8
Read data: 147984024, left: 46158
Finish read data: 128
Data left: 3709, State=4
----------------------
Available data: 3709, State=4
Read chunk type
Chunk Type 3
Chunk ID: 6
Data left: 3708, State=6
----------------------
Available data: 3708, State=6
Data left: 3708, State=8
----------------------
Available data: 3708, State=8
Read data: 147984024, left: 46030
Finish read data: 128
Data left: 3580, State=4
----------------------
Available data: 3580, State=4
Read chunk type
Chunk Type 3
Chunk ID: 6
Data left: 3579, State=6
----------------------
Available data: 3579, State=6
Data left: 3579, State=8
----------------------
Available data: 3579, State=8
Read data: 147984024, left: 45902
Finish read data: 128
Data left: 3451, State=4
----------------------
Available data: 3451, State=4
Read chunk type
Chunk Type 3
Chunk ID: 6
Data left: 3450, State=6
----------------------
Available data: 3450, State=6
Data left: 3450, State=8
----------------------
Available data: 3450, State=8
Read data: 147984024, left: 45774
Finish read data: 128
Data left: 3322, State=4
----------------------
Available data: 3322, State=4
Read chunk type
Chunk Type 3
Chunk ID: 6
Data left: 3321, State=6
----------------------
Available data: 3321, State=6
Data left: 3321, State=8
----------------------
Available data: 3321, State=8
Read data: 147984024, left: 45646
Finish read data: 128
Data left: 3193, State=4
----------------------
Available data: 3193, State=4
Read chunk type
Chunk Type 3
Chunk ID: 6
Data left: 3192, State=6
----------------------
Available data: 3192, State=6
Data left: 3192, State=8
----------------------
Available data: 3192, State=8
Read data: 147984024, left: 45518
Finish read data: 128
Data left: 3064, State=4
----------------------
Available data: 3064, State=4
Read chunk type
Chunk Type 3
Chunk ID: 6
Data left: 3063, State=6
----------------------
Available data: 3063, State=6
Data left: 3063, State=8
----------------------
Available data: 3063, State=8
Read data: 147984024, left: 45390
Finish read data: 128
Data left: 2935, State=4
----------------------
Available data: 2935, State=4
Read chunk type
Chunk Type 3
Chunk ID: 6
Data left: 2934, State=6
----------------------
Available data: 2934, State=6
Data left: 2934, State=8
----------------------
Available data: 2934, State=8
Read data: 147984024, left: 45262
Finish read data: 128
Data left: 2806, State=4
----------------------
Available data: 2806, State=4
Read chunk type
Chunk Type 3
Chunk ID: 6
Data left: 2805, State=6
----------------------
Available data: 2805, State=6
Data left: 2805, State=8
----------------------
Available data: 2805, State=8
Read data: 147984024, left: 45134
Finish read data: 128
Data left: 2677, State=4
----------------------
Available data: 2677, State=4
Read chunk type
Chunk Type 3
Chunk ID: 6
Data left: 2676, State=6
----------------------
Available data: 2676, State=6
Data left: 2676, State=8
----------------------
Available data: 2676, State=8
Read data: 147984024, left: 45006
Finish read data: 128
Data left: 2548, State=4
----------------------
Available data: 2548, State=4
Read chunk type
Chunk Type 3
Chunk ID: 6
Data left: 2547, State=6
----------------------
Available data: 2547, State=6
Data left: 2547, State=8
----------------------
Available data: 2547, State=8
Read data: 147984024, left: 44878
Finish read data: 128
Data left: 2419, State=4
----------------------
Available data: 2419, State=4
Read chunk type
Chunk Type 3
Chunk ID: 6
Data left: 2418, State=6
----------------------
Available data: 2418, State=6
Data left: 2418, State=8
----------------------
Available data: 2418, State=8
Read data: 147984024, left: 44750
Finish read data: 128
Data left: 2290, State=4
----------------------
Available data: 2290, State=4
Read chunk type
Chunk Type 3
Chunk ID: 6
Data left: 2289, State=6
----------------------
Available data: 2289, State=6
Data left: 2289, State=8
----------------------
Available data: 2289, State=8
Read data: 147984024, left: 44622
Finish read data: 128
Data left: 2161, State=4
----------------------
Available data: 2161, State=4
Read chunk type
Chunk Type 3
Chunk ID: 6
Data left: 2160, State=6
----------------------
Available data: 2160, State=6
Data left: 2160, State=8
----------------------
Available data: 2160, State=8
Read data: 147984024, left: 44494
Finish read data: 128
Data left: 2032, State=4
----------------------
Available data: 2032, State=4
Read chunk type
Chunk Type 3
Chunk ID: 6
Data left: 2031, State=6
----------------------
Available data: 2031, State=6
Data left: 2031, State=8
----------------------
Available data: 2031, State=8
Read data: 147984024, left: 44366
Finish read data: 128
Data left: 1903, State=4
----------------------
Available data: 1903, State=4
Read chunk type
Chunk Type 3
Chunk ID: 6
Data left: 1902, State=6
----------------------
Available data: 1902, State=6
Data left: 1902, State=8
----------------------
Available data: 1902, State=8
Read data: 147984024, left: 44238
Finish read data: 128
Data left: 1774, State=4
----------------------
Available data: 1774, State=4
Read chunk type
Chunk Type 3
Chunk ID: 6
Data left: 1773, State=6
----------------------
Available data: 1773, State=6
Data left: 1773, State=8
----------------------
Available data: 1773, State=8
Read data: 147984024, left: 44110
Finish read data: 128
Data left: 1645, State=4
----------------------
Available data: 1645, State=4
Read chunk type
Chunk Type 3
Chunk ID: 6
Data left: 1644, State=6
----------------------
Available data: 1644, State=6
Data left: 1644, State=8
----------------------
Available data: 1644, State=8
Read data: 147984024, left: 43982
Finish read data: 128
Data left: 1516, State=4
----------------------
Available data: 1516, State=4
Read chunk type
Chunk Type 3
Chunk ID: 6
Data left: 1515, State=6
----------------------
Available data: 1515, State=6
Data left: 1515, State=8
----------------------
Available data: 1515, State=8
Read data: 147984024, left: 43854
Finish read data: 128
Data left: 1387, State=4
----------------------
Available data: 1387, State=4
Read chunk type
Chunk Type 3
Chunk ID: 6
Data left: 1386, State=6
----------------------
Available data: 1386, State=6
Data left: 1386, State=8
----------------------
Available data: 1386, State=8
Read data: 147984024, left: 43726
Finish read data: 128
Data left: 1258, State=4
----------------------
Available data: 1258, State=4
Read chunk type
Chunk Type 3
Chunk ID: 6
Data left: 1257, State=6
----------------------
Available data: 1257, State=6
Data left: 1257, State=8
----------------------
Available data: 1257, State=8
Read data: 147984024, left: 43598
Finish read data: 128
Data left: 1129, State=4
----------------------
Available data: 1129, State=4
Read chunk type
Chunk Type 3
Chunk ID: 6
Data left: 1128, State=6
----------------------
Available data: 1128, State=6
Data left: 1128, State=8
----------------------
Available data: 1128, State=8
Read data: 147984024, left: 43470
Finish read data: 128
Data left: 1000, State=4
----------------------
Available data: 1000, State=4
Read chunk type
Chunk Type 3
Chunk ID: 6
Data left: 999, State=6
----------------------
Available data: 999, State=6
Data left: 999, State=8
----------------------
Available data: 999, State=8
Read data: 147984024, left: 43342
Finish read data: 128
Data left: 871, State=4
----------------------
Available data: 871, State=4
Read chunk type
Chunk Type 3
Chunk ID: 6
Data left: 870, State=6
----------------------
Available data: 870, State=6
Data left: 870, State=8
----------------------
Available data: 870, State=8
Read data: 147984024, left: 43214
Finish read data: 128
Data left: 742, State=4
----------------------
Available data: 742, State=4
Read chunk type
Chunk Type 3
Chunk ID: 6
Data left: 741, State=6
----------------------
Available data: 741, State=6
Data left: 741, State=8
----------------------
Available data: 741, State=8
Read data: 147984024, left: 43086
Finish read data: 128
Data left: 613, State=4
----------------------
Available data: 613, State=4
Read chunk type
Chunk Type 3
Chunk ID: 6
Data left: 612, State=6
----------------------
Available data: 612, State=6
Data left: 612, State=8
----------------------
Available data: 612, State=8
Read data: 147984024, left: 42958
Finish read data: 128
Data left: 484, State=4
----------------------
Available data: 484, State=4
Read chunk type
Chunk Type 3
Chunk ID: 6
Data left: 483, State=6
----------------------
Available data: 483, State=6
Data left: 483, State=8
----------------------
Available data: 483, State=8
Read data: 147984024, left: 42830
Finish read data: 128
Data left: 355, State=4
----------------------
Available data: 355, State=4
Read chunk type
Chunk Type 3
Chunk ID: 6
Data left: 354, State=6
----------------------
Available data: 354, State=6
Data left: 354, State=8
----------------------
Available data: 354, State=8
Read data: 147984024, left: 42702
Finish read data: 128
Data left: 226, State=4
----------------------
Available data: 226, State=4
Read chunk type
Chunk Type 3
Chunk ID: 6
Data left: 225, State=6
----------------------
Available data: 225, State=6
Data left: 225, State=8
----------------------
Available data: 225, State=8
Read data: 147984024, left: 42574
Finish read data: 128
Data left: 97, State=4
----------------------
Available data: 97, State=4
Read chunk type
Chunk Type 3
Chunk ID: 6
Data left: 96, State=6
----------------------
Available data: 96, State=6
Data left: 96, State=8
----------------------
Available data: 96, State=8
Data left: 96, State=8
Receiving: 8417 4000 12513 131073
----------------------
Available data: 8513, State=8
Read data: 147984024, left: 42446
Finish read data: 128
Data left: 8385, State=4
----------------------
Available data: 8385, State=4
Read chunk type
Chunk Type 3
Chunk ID: 6
Data left: 8384, State=6
----------------------
Available data: 8384, State=6
Data left: 8384, State=8
----------------------
Available data: 8384, State=8
Read data: 147984024, left: 42318
Finish read data: 128
Data left: 8256, State=4
----------------------
Available data: 8256, State=4
Read chunk type
Chunk Type 3
Chunk ID: 6
Data left: 8255, State=6
----------------------
Available data: 8255, State=6
Data left: 8255, State=8
----------------------
Available data: 8255, State=8
Read data: 147984024, left: 42190
Finish read data: 128
Data left: 8127, State=4
----------------------
Available data: 8127, State=4
Read chunk type
Chunk Type 3
Chunk ID: 6
Data left: 8126, State=6
----------------------
Available data: 8126, State=6
Data left: 8126, State=8
----------------------
Available data: 8126, State=8
Read data: 147984024, left: 42062
Finish read data: 128
Data left: 7998, State=4
----------------------
Available data: 7998, State=4
Read chunk type
Chunk Type 3
Chunk ID: 6
Data left: 7997, State=6
----------------------
Available data: 7997, State=6
Data left: 7997, State=8
----------------------
Available data: 7997, State=8
Read data: 147984024, left: 41934
Finish read data: 128
Data left: 7869, State=4
----------------------
Available data: 7869, State=4
Read chunk type
Chunk Type 3
Chunk ID: 6
Data left: 7868, State=6
----------------------
Available data: 7868, State=6
Data left: 7868, State=8
----------------------
Available data: 7868, State=8
Read data: 147984024, left: 41806
Finish read data: 128
Data left: 7740, State=4
----------------------
Available data: 7740, State=4
Read chunk type
Chunk Type 3
Chunk ID: 6
Data left: 7739, State=6
----------------------
Available data: 7739, State=6
Data left: 7739, State=8
----------------------
Available data: 7739, State=8
Read data: 147984024, left: 41678
Finish read data: 128
Data left: 7611, State=4
----------------------
Available data: 7611, State=4
Read chunk type
Chunk Type 3
Chunk ID: 6
Data left: 7610, State=6
----------------------
Available data: 7610, State=6
Data left: 7610, State=8
----------------------
Available data: 7610, State=8
Read data: 147984024, left: 41550
Finish read data: 128
Data left: 7482, State=4
----------------------
Available data: 7482, State=4
Read chunk type
Chunk Type 3
Chunk ID: 6
Data left: 7481, State=6
----------------------
Available data: 7481, State=6
Data left: 7481, State=8
----------------------
Available data: 7481, State=8
Read data: 147984024, left: 41422
Finish read data: 128
Data left: 7353, State=4
----------------------
Available data: 7353, State=4
Read chunk type
Chunk Type 3
Chunk ID: 6
Data left: 7352, State=6
----------------------
Available data: 7352, State=6
Data left: 7352, State=8
----------------------
Available data: 7352, State=8
Read data: 147984024, left: 41294
Finish read data: 128
Data left: 7224, State=4
----------------------
Available data: 7224, State=4
Read chunk type
Chunk Type 3
Chunk ID: 6
Data left: 7223, State=6
----------------------
Available data: 7223, State=6
Data left: 7223, State=8
----------------------
Available data: 7223, State=8
Read data: 147984024, left: 41166
Finish read data: 128
Data left: 7095, State=4
----------------------
Available data: 7095, State=4
Read chunk type
Chunk Type 3
Chunk ID: 6
Data left: 7094, State=6
----------------------
Available data: 7094, State=6
Data left: 7094, State=8
----------------------
Available data: 7094, State=8
Read data: 147984024, left: 41038
Finish read data: 128
Data left: 6966, State=4
----------------------
Available data: 6966, State=4
Read chunk type
Chunk Type 3
Chunk ID: 6
Data left: 6965, State=6
----------------------
Available data: 6965, State=6
Data left: 6965, State=8
----------------------
Available data: 6965, State=8
Read data: 147984024, left: 40910
Finish read data: 128
Data left: 6837, State=4
----------------------
Available data: 6837, State=4
Read chunk type
Chunk Type 3
Chunk ID: 6
Data left: 6836, State=6
----------------------
Available data: 6836, State=6
Data left: 6836, State=8
----------------------
Available data: 6836, State=8
Read data: 147984024, left: 40782
Finish read data: 128
Data left: 6708, State=4
----------------------
Available data: 6708, State=4
Read chunk type
Chunk Type 3
Chunk ID: 6
Data left: 6707, State=6
----------------------
Available data: 6707, State=6
Data left: 6707, State=8
----------------------
Available data: 6707, State=8
Read data: 147984024, left: 40654
Finish read data: 128
Data left: 6579, State=4
----------------------
Available data: 6579, State=4
Read chunk type
Chunk Type 3
Chunk ID: 6
Data left: 6578, State=6
----------------------
Available data: 6578, State=6
Data left: 6578, State=8
----------------------
Available data: 6578, State=8
Read data: 147984024, left: 40526
Finish read data: 128
Data left: 6450, State=4
----------------------
Available data: 6450, State=4
Read chunk type
Chunk Type 3
Chunk ID: 6
Data left: 6449, State=6
----------------------
Available data: 6449, State=6
Data left: 6449, State=8
----------------------
Available data: 6449, State=8
Read data: 147984024, left: 40398
Finish read data: 128
Data left: 6321, State=4
----------------------
Available data: 6321, State=4
Read chunk type
Chunk Type 3
Chunk ID: 6
Data left: 6320, State=6
----------------------
Available data: 6320, State=6
Data left: 6320, State=8
----------------------
Available data: 6320, State=8
Read data: 147984024, left: 40270
Finish read data: 128
Data left: 6192, State=4
----------------------
Available data: 6192, State=4
Read chunk type
Chunk Type 3
Chunk ID: 6
Data left: 6191, State=6
----------------------
Available data: 6191, State=6
Data left: 6191, State=8
----------------------
Available data: 6191, State=8
Read data: 147984024, left: 40142
Finish read data: 128
Data left: 6063, State=4
----------------------
Available data: 6063, State=4
Read chunk type
Chunk Type 3
Chunk ID: 6
Data left: 6062, State=6
----------------------
Available data: 6062, State=6
Data left: 6062, State=8
----------------------
Available data: 6062, State=8
Read data: 147984024, left: 40014
Finish read data: 128
Data left: 5934, State=4
----------------------
Available data: 5934, State=4
Read chunk type
Chunk Type 3
Chunk ID: 6
Data left: 5933, State=6
----------------------
Available data: 5933, State=6
Data left: 5933, State=8
----------------------
Available data: 5933, State=8
Read data: 147984024, left: 39886
Finish read data: 128
Data left: 5805, State=4
----------------------
Available data: 5805, State=4
Read chunk type
Chunk Type 3
Chunk ID: 6
Data left: 5804, State=6
----------------------
Available data: 5804, State=6
Data left: 5804, State=8
----------------------
Available data: 5804, State=8
Read data: 147984024, left: 39758
Finish read data: 128
Data left: 5676, State=4
----------------------
Available data: 5676, State=4
Read chunk type
Chunk Type 3
Chunk ID: 6
Data left: 5675, State=6
----------------------
Available data: 5675, State=6
Data left: 5675, State=8
----------------------
Available data: 5675, State=8
Read data: 147984024, left: 39630
Finish read data: 128
Data left: 5547, State=4
----------------------
Available data: 5547, State=4
Read chunk type
Chunk Type 3
Chunk ID: 6
Data left: 5546, State=6
----------------------
Available data: 5546, State=6
Data left: 5546, State=8
----------------------
Available data: 5546, State=8
Read data: 147984024, left: 39502
Finish read data: 128
Data left: 5418, State=4
----------------------
Available data: 5418, State=4
Read chunk type
Chunk Type 3
Chunk ID: 6
Data left: 5417, State=6
----------------------
Available data: 5417, State=6
Data left: 5417, State=8
----------------------
Available data: 5417, State=8
Read data: 147984024, left: 39374
Finish read data: 128
Data left: 5289, State=4
----------------------
Available data: 5289, State=4
Read chunk type
Chunk Type 3
Chunk ID: 6
Data left: 5288, State=6
----------------------
Available data: 5288, State=6
Data left: 5288, State=8
----------------------
Available data: 5288, State=8
Read data: 147984024, left: 39246
Finish read data: 128
Data left: 5160, State=4
----------------------
Available data: 5160, State=4
Read chunk type
Chunk Type 3
Chunk ID: 6
Data left: 5159, State=6
----------------------
Available data: 5159, State=6
Data left: 5159, State=8
----------------------
Available data: 5159, State=8
Read data: 147984024, left: 39118
Finish read data: 128
Data left: 5031, State=4
----------------------
Available data: 5031, State=4
Read chunk type
Chunk Type 3
Chunk ID: 6
Data left: 5030, State=6
----------------------
Available data: 5030, State=6
Data left: 5030, State=8
----------------------
Available data: 5030, State=8
Read data: 147984024, left: 38990
Finish read data: 128
Data left: 4902, State=4
----------------------
Available data: 4902, State=4
Read chunk type
Chunk Type 3
Chunk ID: 6
Data left: 4901, State=6
----------------------
Available data: 4901, State=6
Data left: 4901, State=8
----------------------
Available data: 4901, State=8
Read data: 147984024, left: 38862
Finish read data: 128
Data left: 4773, State=4
----------------------
Available data: 4773, State=4
Read chunk type
Chunk Type 3
Chunk ID: 6
Data left: 4772, State=6
----------------------
Available data: 4772, State=6
Data left: 4772, State=8
----------------------
Available data: 4772, State=8
Read data: 147984024, left: 38734
Finish read data: 128
Data left: 4644, State=4
----------------------
Available data: 4644, State=4
Read chunk type
Chunk Type 3
Chunk ID: 6
Data left: 4643, State=6
----------------------
Available data: 4643, State=6
Data left: 4643, State=8
----------------------
Available data: 4643, State=8
Read data: 147984024, left: 38606
Finish read data: 128
Data left: 4515, State=4
----------------------
Available data: 4515, State=4
Read chunk type
Chunk Type 3
Chunk ID: 6
Data left: 4514, State=6
----------------------
Available data: 4514, State=6
Data left: 4514, State=8
----------------------
Available data: 4514, State=8
Read data: 147984024, left: 38478
Finish read data: 128
Data left: 4386, State=4
----------------------
Available data: 4386, State=4
Read chunk type
Chunk Type 3
Chunk ID: 6
Data left: 4385, State=6
----------------------
Available data: 4385, State=6
Data left: 4385, State=8
----------------------
Available data: 4385, State=8
Read data: 147984024, left: 38350
Finish read data: 128
Data left: 4257, State=4
----------------------
Available data: 4257, State=4
Read chunk type
Chunk Type 3
Chunk ID: 6
Data left: 4256, State=6
----------------------
Available data: 4256, State=6
Data left: 4256, State=8
----------------------
Available data: 4256, State=8
Read data: 147984024, left: 38222
Finish read data: 128
Data left: 4128, State=4
----------------------
Available data: 4128, State=4
Read chunk type
Chunk Type 3
Chunk ID: 6
Data left: 4127, State=6
----------------------
Available data: 4127, State=6
Data left: 4127, State=8
----------------------
Available data: 4127, State=8
Read data: 147984024, left: 38094
Finish read data: 128
Data left: 3999, State=4
----------------------
Available data: 3999, State=4
Read chunk type
Chunk Type 3
Chunk ID: 6
Data left: 3998, State=6
----------------------
Available data: 3998, State=6
Data left: 3998, State=8
----------------------
Available data: 3998, State=8
Read data: 147984024, left: 37966
Finish read data: 128
Data left: 3870, State=4
----------------------
Available data: 3870, State=4
Read chunk type
Chunk Type 3
Chunk ID: 6
Data left: 3869, State=6
----------------------
Available data: 3869, State=6
Data left: 3869, State=8
----------------------
Available data: 3869, State=8
Read data: 147984024, left: 37838
Finish read data: 128
Data left: 3741, State=4
----------------------
Available data: 3741, State=4
Read chunk type
Chunk Type 3
Chunk ID: 6
Data left: 3740, State=6
----------------------
Available data: 3740, State=6
Data left: 3740, State=8
----------------------
Available data: 3740, State=8
Read data: 147984024, left: 37710
Finish read data: 128
Data left: 3612, State=4
----------------------
Available data: 3612, State=4
Read chunk type
Chunk Type 3
Chunk ID: 6
Data left: 3611, State=6
----------------------
Available data: 3611, State=6
Data left: 3611, State=8
----------------------
Available data: 3611, State=8
Read data: 147984024, left: 37582
Finish read data: 128
Data left: 3483, State=4
----------------------
Available data: 3483, State=4
Read chunk type
Chunk Type 3
Chunk ID: 6
Data left: 3482, State=6
----------------------
Available data: 3482, State=6
Data left: 3482, State=8
----------------------
Available data: 3482, State=8
Read data: 147984024, left: 37454
Finish read data: 128
Data left: 3354, State=4
----------------------
Available data: 3354, State=4
Read chunk type
Chunk Type 3
Chunk ID: 6
Data left: 3353, State=6
----------------------
Available data: 3353, State=6
Data left: 3353, State=8
----------------------
Available data: 3353, State=8
Read data: 147984024, left: 37326
Finish read data: 128
Data left: 3225, State=4
----------------------
Available data: 3225, State=4
Read chunk type
Chunk Type 3
Chunk ID: 6
Data left: 3224, State=6
----------------------
Available data: 3224, State=6
Data left: 3224, State=8
----------------------
Available data: 3224, State=8
Read data: 147984024, left: 37198
Finish read data: 128
Data left: 3096, State=4
----------------------
Available data: 3096, State=4
Read chunk type
Chunk Type 3
Chunk ID: 6
Data left: 3095, State=6
----------------------
Available data: 3095, State=6
Data left: 3095, State=8
----------------------
Available data: 3095, State=8
Read data: 147984024, left: 37070
Finish read data: 128
Data left: 2967, State=4
----------------------
Available data: 2967, State=4
Read chunk type
Chunk Type 3
Chunk ID: 6
Data left: 2966, State=6
----------------------
Available data: 2966, State=6
Data left: 2966, State=8
----------------------
Available data: 2966, State=8
Read data: 147984024, left: 36942
Finish read data: 128
Data left: 2838, State=4
----------------------
Available data: 2838, State=4
Read chunk type
Chunk Type 3
Chunk ID: 6
Data left: 2837, State=6
----------------------
Available data: 2837, State=6
Data left: 2837, State=8
----------------------
Available data: 2837, State=8
Read data: 147984024, left: 36814
Finish read data: 128
Data left: 2709, State=4
----------------------
Available data: 2709, State=4
Read chunk type
Chunk Type 3
Chunk ID: 6
Data left: 2708, State=6
----------------------
Available data: 2708, State=6
Data left: 2708, State=8
----------------------
Available data: 2708, State=8
Read data: 147984024, left: 36686
Finish read data: 128
Data left: 2580, State=4
----------------------
Available data: 2580, State=4
Read chunk type
Chunk Type 3
Chunk ID: 6
Data left: 2579, State=6
----------------------
Available data: 2579, State=6
Data left: 2579, State=8
----------------------
Available data: 2579, State=8
Read data: 147984024, left: 36558
Finish read data: 128
Data left: 2451, State=4
----------------------
Available data: 2451, State=4
Read chunk type
Chunk Type 3
Chunk ID: 6
Data left: 2450, State=6
----------------------
Available data: 2450, State=6
Data left: 2450, State=8
----------------------
Available data: 2450, State=8
Read data: 147984024, left: 36430
Finish read data: 128
Data left: 2322, State=4
----------------------
Available data: 2322, State=4
Read chunk type
Chunk Type 3
Chunk ID: 6
Data left: 2321, State=6
----------------------
Available data: 2321, State=6
Data left: 2321, State=8
----------------------
Available data: 2321, State=8
Read data: 147984024, left: 36302
Finish read data: 128
Data left: 2193, State=4
----------------------
Available data: 2193, State=4
Read chunk type
Chunk Type 3
Chunk ID: 6
Data left: 2192, State=6
----------------------
Available data: 2192, State=6
Data left: 2192, State=8
----------------------
Available data: 2192, State=8
Read data: 147984024, left: 36174
Finish read data: 128
Data left: 2064, State=4
----------------------
Available data: 2064, State=4
Read chunk type
Chunk Type 3
Chunk ID: 6
Data left: 2063, State=6
----------------------
Available data: 2063, State=6
Data left: 2063, State=8
----------------------
Available data: 2063, State=8
Read data: 147984024, left: 36046
Finish read data: 128
Data left: 1935, State=4
----------------------
Available data: 1935, State=4
Read chunk type
Chunk Type 3
Chunk ID: 6
Data left: 1934, State=6
----------------------
Available data: 1934, State=6
Data left: 1934, State=8
----------------------
Available data: 1934, State=8
Read data: 147984024, left: 35918
Finish read data: 128
Data left: 1806, State=4
----------------------
Available data: 1806, State=4
Read chunk type
Chunk Type 3
Chunk ID: 6
Data left: 1805, State=6
----------------------
Available data: 1805, State=6
Data left: 1805, State=8
----------------------
Available data: 1805, State=8
Read data: 147984024, left: 35790
Finish read data: 128
Data left: 1677, State=4
----------------------
Available data: 1677, State=4
Read chunk type
Chunk Type 3
Chunk ID: 6
Data left: 1676, State=6
----------------------
Available data: 1676, State=6
Data left: 1676, State=8
----------------------
Available data: 1676, State=8
Read data: 147984024, left: 35662
Finish read data: 128
Data left: 1548, State=4
----------------------
Available data: 1548, State=4
Read chunk type
Chunk Type 3
Chunk ID: 6
Data left: 1547, State=6
----------------------
Available data: 1547, State=6
Data left: 1547, State=8
----------------------
Available data: 1547, State=8
Read data: 147984024, left: 35534
Finish read data: 128
Data left: 1419, State=4
----------------------
Available data: 1419, State=4
Read chunk type
Chunk Type 3
Chunk ID: 6
Data left: 1418, State=6
----------------------
Available data: 1418, State=6
Data left: 1418, State=8
----------------------
Available data: 1418, State=8
Read data: 147984024, left: 35406
Finish read data: 128
Data left: 1290, State=4
----------------------
Available data: 1290, State=4
Read chunk type
Chunk Type 3
Chunk ID: 6
Data left: 1289, State=6
----------------------
Available data: 1289, State=6
Data left: 1289, State=8
----------------------
Available data: 1289, State=8
Read data: 147984024, left: 35278
Finish read data: 128
Data left: 1161, State=4
----------------------
Available data: 1161, State=4
Read chunk type
Chunk Type 3
Chunk ID: 6
Data left: 1160, State=6
----------------------
Available data: 1160, State=6
Data left: 1160, State=8
----------------------
Available data: 1160, State=8
Read data: 147984024, left: 35150
Finish read data: 128
Data left: 1032, State=4
----------------------
Available data: 1032, State=4
Read chunk type
Chunk Type 3
Chunk ID: 6
Data left: 1031, State=6
----------------------
Available data: 1031, State=6
Data left: 1031, State=8
----------------------
Available data: 1031, State=8
Read data: 147984024, left: 35022
Finish read data: 128
Data left: 903, State=4
----------------------
Available data: 903, State=4
Read chunk type
Chunk Type 3
Chunk ID: 6
Data left: 902, State=6
----------------------
Available data: 902, State=6
Data left: 902, State=8
----------------------
Available data: 902, State=8
Read data: 147984024, left: 34894
Finish read data: 128
Data left: 774, State=4
----------------------
Available data: 774, State=4
Read chunk type
Chunk Type 3
Chunk ID: 6
Data left: 773, State=6
----------------------
Available data: 773, State=6
Data left: 773, State=8
----------------------
Available data: 773, State=8
Read data: 147984024, left: 34766
Finish read data: 128
Data left: 645, State=4
----------------------
Available data: 645, State=4
Read chunk type
Chunk Type 3
Chunk ID: 6
Data left: 644, State=6
----------------------
Available data: 644, State=6
Data left: 644, State=8
----------------------
Available data: 644, State=8
Read data: 147984024, left: 34638
Finish read data: 128
Data left: 516, State=4
----------------------
Available data: 516, State=4
Read chunk type
Chunk Type 3
Chunk ID: 6
Data left: 515, State=6
----------------------
Available data: 515, State=6
Data left: 515, State=8
----------------------
Available data: 515, State=8
Read data: 147984024, left: 34510
Finish read data: 128
Data left: 387, State=4
----------------------
Available data: 387, State=4
Read chunk type
Chunk Type 3
Chunk ID: 6
Data left: 386, State=6
----------------------
Available data: 386, State=6
Data left: 386, State=8
----------------------
Available data: 386, State=8
Read data: 147984024, left: 34382
Finish read data: 128
Data left: 258, State=4
----------------------
Available data: 258, State=4
Read chunk type
Chunk Type 3
Chunk ID: 6
Data left: 257, State=6
----------------------
Available data: 257, State=6
Data left: 257, State=8
----------------------
Available data: 257, State=8
Read data: 147984024, left: 34254
Finish read data: 128
Data left: 129, State=4
----------------------
Available data: 129, State=4
Read chunk type
Chunk Type 3
Chunk ID: 6
Data left: 128, State=6
----------------------
Available data: 128, State=6
Data left: 128, State=8
----------------------
Available data: 128, State=8
Read data: 147984024, left: 34126
Finish read data: 128
Data left: 0, State=4
Receiving: 4096 0 4096 131073
----------------------
Available data: 4096, State=4
Read chunk type
Chunk Type 3
Chunk ID: 6
Data left: 4095, State=6
----------------------
Available data: 4095, State=6
Data left: 4095, State=8
----------------------
Available data: 4095, State=8
Read data: 147984024, left: 33998
Finish read data: 128
Data left: 3967, State=4
----------------------
Available data: 3967, State=4
Read chunk type
Chunk Type 3
Chunk ID: 6
Data left: 3966, State=6
----------------------
Available data: 3966, State=6
Data left: 3966, State=8
----------------------
Available data: 3966, State=8
Read data: 147984024, left: 33870
Finish read data: 128
Data left: 3838, State=4
----------------------
Available data: 3838, State=4
Read chunk type
Chunk Type 3
Chunk ID: 6
Data left: 3837, State=6
----------------------
Available data: 3837, State=6
Data left: 3837, State=8
----------------------
Available data: 3837, State=8
Read data: 147984024, left: 33742
Finish read data: 128
Data left: 3709, State=4
----------------------
Available data: 3709, State=4
Read chunk type
Chunk Type 3
Chunk ID: 6
Data left: 3708, State=6
----------------------
Available data: 3708, State=6
Data left: 3708, State=8
----------------------
Available data: 3708, State=8
Read data: 147984024, left: 33614
Finish read data: 128
Data left: 3580, State=4
----------------------
Available data: 3580, State=4
Read chunk type
Chunk Type 3
Chunk ID: 6
Data left: 3579, State=6
----------------------
Available data: 3579, State=6
Data left: 3579, State=8
----------------------
Available data: 3579, State=8
Read data: 147984024, left: 33486
Finish read data: 128
Data left: 3451, State=4
----------------------
Available data: 3451, State=4
Read chunk type
Chunk Type 3
Chunk ID: 6
Data left: 3450, State=6
----------------------
Available data: 3450, State=6
Data left: 3450, State=8
----------------------
Available data: 3450, State=8
Read data: 147984024, left: 33358
Finish read data: 128
Data left: 3322, State=4
----------------------
Available data: 3322, State=4
Read chunk type
Chunk Type 3
Chunk ID: 6
Data left: 3321, State=6
----------------------
Available data: 3321, State=6
Data left: 3321, State=8
----------------------
Available data: 3321, State=8
Read data: 147984024, left: 33230
Finish read data: 128
Data left: 3193, State=4
----------------------
Available data: 3193, State=4
Read chunk type
Chunk Type 3
Chunk ID: 6
Data left: 3192, State=6
----------------------
Available data: 3192, State=6
Data left: 3192, State=8
----------------------
Available data: 3192, State=8
Read data: 147984024, left: 33102
Finish read data: 128
Data left: 3064, State=4
----------------------
Available data: 3064, State=4
Read chunk type
Chunk Type 3
Chunk ID: 6
Data left: 3063, State=6
----------------------
Available data: 3063, State=6
Data left: 3063, State=8
----------------------
Available data: 3063, State=8
Read data: 147984024, left: 32974
Finish read data: 128
Data left: 2935, State=4
----------------------
Available data: 2935, State=4
Read chunk type
Chunk Type 3
Chunk ID: 6
Data left: 2934, State=6
----------------------
Available data: 2934, State=6
Data left: 2934, State=8
----------------------
Available data: 2934, State=8
Read data: 147984024, left: 32846
Finish read data: 128
Data left: 2806, State=4
----------------------
Available data: 2806, State=4
Read chunk type
Chunk Type 3
Chunk ID: 6
Data left: 2805, State=6
----------------------
Available data: 2805, State=6
Data left: 2805, State=8
----------------------
Available data: 2805, State=8
Read data: 147984024, left: 32718
Finish read data: 128
Data left: 2677, State=4
----------------------
Available data: 2677, State=4
Read chunk type
Chunk Type 3
Chunk ID: 6
Data left: 2676, State=6
----------------------
Available data: 2676, State=6
Data left: 2676, State=8
----------------------
Available data: 2676, State=8
Read data: 147984024, left: 32590
Finish read data: 128
Data left: 2548, State=4
----------------------
Available data: 2548, State=4
Read chunk type
Chunk Type 3
Chunk ID: 6
Data left: 2547, State=6
----------------------
Available data: 2547, State=6
Data left: 2547, State=8
----------------------
Available data: 2547, State=8
Read data: 147984024, left: 32462
Finish read data: 128
Data left: 2419, State=4
----------------------
Available data: 2419, State=4
Read chunk type
Chunk Type 3
Chunk ID: 6
Data left: 2418, State=6
----------------------
Available data: 2418, State=6
Data left: 2418, State=8
----------------------
Available data: 2418, State=8
Read data: 147984024, left: 32334
Finish read data: 128
Data left: 2290, State=4
----------------------
Available data: 2290, State=4
Read chunk type
Chunk Type 3
Chunk ID: 6
Data left: 2289, State=6
----------------------
Available data: 2289, State=6
Data left: 2289, State=8
----------------------
Available data: 2289, State=8
Read data: 147984024, left: 32206
Finish read data: 128
Data left: 2161, State=4
----------------------
Available data: 2161, State=4
Read chunk type
Chunk Type 3
Chunk ID: 6
Data left: 2160, State=6
----------------------
Available data: 2160, State=6
Data left: 2160, State=8
----------------------
Available data: 2160, State=8
Read data: 147984024, left: 32078
Finish read data: 128
Data left: 2032, State=4
----------------------
Available data: 2032, State=4
Read chunk type
Chunk Type 3
Chunk ID: 6
Data left: 2031, State=6
----------------------
Available data: 2031, State=6
Data left: 2031, State=8
----------------------
Available data: 2031, State=8
Read data: 147984024, left: 31950
Finish read data: 128
Data left: 1903, State=4
----------------------
Available data: 1903, State=4
Read chunk type
Chunk Type 3
Chunk ID: 6
Data left: 1902, State=6
----------------------
Available data: 1902, State=6
Data left: 1902, State=8
----------------------
Available data: 1902, State=8
Read data: 147984024, left: 31822
Finish read data: 128
Data left: 1774, State=4
----------------------
Available data: 1774, State=4
Read chunk type
Chunk Type 3
Chunk ID: 6
Data left: 1773, State=6
----------------------
Available data: 1773, State=6
Data left: 1773, State=8
----------------------
Available data: 1773, State=8
Read data: 147984024, left: 31694
Finish read data: 128
Data left: 1645, State=4
----------------------
Available data: 1645, State=4
Read chunk type
Chunk Type 3
Chunk ID: 6
Data left: 1644, State=6
----------------------
Available data: 1644, State=6
Data left: 1644, State=8
----------------------
Available data: 1644, State=8
Read data: 147984024, left: 31566
Finish read data: 128
Data left: 1516, State=4
----------------------
Available data: 1516, State=4
Read chunk type
Chunk Type 3
Chunk ID: 6
Data left: 1515, State=6
----------------------
Available data: 1515, State=6
Data left: 1515, State=8
----------------------
Available data: 1515, State=8
Read data: 147984024, left: 31438
Finish read data: 128
Data left: 1387, State=4
----------------------
Available data: 1387, State=4
Read chunk type
Chunk Type 3
Chunk ID: 6
Data left: 1386, State=6
----------------------
Available data: 1386, State=6
Data left: 1386, State=8
----------------------
Available data: 1386, State=8
Read data: 147984024, left: 31310
Finish read data: 128
Data left: 1258, State=4
----------------------
Available data: 1258, State=4
Read chunk type
Chunk Type 3
Chunk ID: 6
Data left: 1257, State=6
----------------------
Available data: 1257, State=6
Data left: 1257, State=8
----------------------
Available data: 1257, State=8
Read data: 147984024, left: 31182
Finish read data: 128
Data left: 1129, State=4
----------------------
Available data: 1129, State=4
Read chunk type
Chunk Type 3
Chunk ID: 6
Data left: 1128, State=6
----------------------
Available data: 1128, State=6
Data left: 1128, State=8
----------------------
Available data: 1128, State=8
Read data: 147984024, left: 31054
Finish read data: 128
Data left: 1000, State=4
----------------------
Available data: 1000, State=4
Read chunk type
Chunk Type 3
Chunk ID: 6
Data left: 999, State=6
----------------------
Available data: 999, State=6
Data left: 999, State=8
----------------------
Available data: 999, State=8
Read data: 147984024, left: 30926
Finish read data: 128
Data left: 871, State=4
----------------------
Available data: 871, State=4
Read chunk type
Chunk Type 3
Chunk ID: 6
Data left: 870, State=6
----------------------
Available data: 870, State=6
Data left: 870, State=8
----------------------
Available data: 870, State=8
Read data: 147984024, left: 30798
Finish read data: 128
Data left: 742, State=4
----------------------
Available data: 742, State=4
Read chunk type
Chunk Type 3
Chunk ID: 6
Data left: 741, State=6
----------------------
Available data: 741, State=6
Data left: 741, State=8
----------------------
Available data: 741, State=8
Read data: 147984024, left: 30670
Finish read data: 128
Data left: 613, State=4
----------------------
Available data: 613, State=4
Read chunk type
Chunk Type 3
Chunk ID: 6
Data left: 612, State=6
----------------------
Available data: 612, State=6
Data left: 612, State=8
----------------------
Available data: 612, State=8
Read data: 147984024, left: 30542
Finish read data: 128
Data left: 484, State=4
----------------------
Available data: 484, State=4
Read chunk type
Chunk Type 3
Chunk ID: 6
Data left: 483, State=6
----------------------
Available data: 483, State=6
Data left: 483, State=8
----------------------
Available data: 483, State=8
Read data: 147984024, left: 30414
Finish read data: 128
Data left: 355, State=4
----------------------
Available data: 355, State=4
Read chunk type
Chunk Type 3
Chunk ID: 6
Data left: 354, State=6
----------------------
Available data: 354, State=6
Data left: 354, State=8
----------------------
Available data: 354, State=8
Read data: 147984024, left: 30286
Finish read data: 128
Data left: 226, State=4
----------------------
Available data: 226, State=4
Read chunk type
Chunk Type 3
Chunk ID: 6
Data left: 225, State=6
----------------------
Available data: 225, State=6
Data left: 225, State=8
----------------------
Available data: 225, State=8
Read data: 147984024, left: 30158
Finish read data: 128
Data left: 97, State=4
----------------------
Available data: 97, State=4
Read chunk type
Chunk Type 3
Chunk ID: 6
Data left: 96, State=6
----------------------
Available data: 96, State=6
Data left: 96, State=8
----------------------
Available data: 96, State=8
Data left: 96, State=8
Receiving: 290 4000 4386 131073
----------------------
Available data: 386, State=8
Read data: 147984024, left: 30030
Finish read data: 128
Data left: 258, State=4
----------------------
Available data: 258, State=4
Read chunk type
Chunk Type 3
Chunk ID: 6
Data left: 257, State=6
----------------------
Available data: 257, State=6
Data left: 257, State=8
----------------------
Available data: 257, State=8
Read data: 147984024, left: 29902
Finish read data: 128
Data left: 129, State=4
----------------------
Available data: 129, State=4
Read chunk type
Chunk Type 3
Chunk ID: 6
Data left: 128, State=6
----------------------
Available data: 128, State=6
Data left: 128, State=8
----------------------
Available data: 128, State=8
Read data: 147984024, left: 29774
Finish read data: 128
Data left: 0, State=4
Receiving: 4096 0 4096 131073
----------------------
Available data: 4096, State=4
Read chunk type
Chunk Type 3
Chunk ID: 6
Data left: 4095, State=6
----------------------
Available data: 4095, State=6
Data left: 4095, State=8
----------------------
Available data: 4095, State=8
Read data: 147984024, left: 29646
Finish read data: 128
Data left: 3967, State=4
----------------------
Available data: 3967, State=4
Read chunk type
Chunk Type 3
Chunk ID: 6
Data left: 3966, State=6
----------------------
Available data: 3966, State=6
Data left: 3966, State=8
----------------------
Available data: 3966, State=8
Read data: 147984024, left: 29518
Finish read data: 128
Data left: 3838, State=4
----------------------
Available data: 3838, State=4
Read chunk type
Chunk Type 3
Chunk ID: 6
Data left: 3837, State=6
----------------------
Available data: 3837, State=6
Data left: 3837, State=8
----------------------
Available data: 3837, State=8
Read data: 147984024, left: 29390
Finish read data: 128
Data left: 3709, State=4
----------------------
Available data: 3709, State=4
Read chunk type
Chunk Type 3
Chunk ID: 6
Data left: 3708, State=6
----------------------
Available data: 3708, State=6
Data left: 3708, State=8
----------------------
Available data: 3708, State=8
Read data: 147984024, left: 29262
Finish read data: 128
Data left: 3580, State=4
----------------------
Available data: 3580, State=4
Read chunk type
Chunk Type 3
Chunk ID: 6
Data left: 3579, State=6
----------------------
Available data: 3579, State=6
Data left: 3579, State=8
----------------------
Available data: 3579, State=8
Read data: 147984024, left: 29134
Finish read data: 128
Data left: 3451, State=4
----------------------
Available data: 3451, State=4
Read chunk type
Chunk Type 3
Chunk ID: 6
Data left: 3450, State=6
----------------------
Available data: 3450, State=6
Data left: 3450, State=8
----------------------
Available data: 3450, State=8
Read data: 147984024, left: 29006
Finish read data: 128
Data left: 3322, State=4
----------------------
Available data: 3322, State=4
Read chunk type
Chunk Type 3
Chunk ID: 6
Data left: 3321, State=6
----------------------
Available data: 3321, State=6
Data left: 3321, State=8
----------------------
Available data: 3321, State=8
Read data: 147984024, left: 28878
Finish read data: 128
Data left: 3193, State=4
----------------------
Available data: 3193, State=4
Read chunk type
Chunk Type 3
Chunk ID: 6
Data left: 3192, State=6
----------------------
Available data: 3192, State=6
Data left: 3192, State=8
----------------------
Available data: 3192, State=8
Read data: 147984024, left: 28750
Finish read data: 128
Data left: 3064, State=4
----------------------
Available data: 3064, State=4
Read chunk type
Chunk Type 3
Chunk ID: 6
Data left: 3063, State=6
----------------------
Available data: 3063, State=6
Data left: 3063, State=8
----------------------
Available data: 3063, State=8
Read data: 147984024, left: 28622
Finish read data: 128
Data left: 2935, State=4
----------------------
Available data: 2935, State=4
Read chunk type
Chunk Type 3
Chunk ID: 6
Data left: 2934, State=6
----------------------
Available data: 2934, State=6
Data left: 2934, State=8
----------------------
Available data: 2934, State=8
Read data: 147984024, left: 28494
Finish read data: 128
Data left: 2806, State=4
----------------------
Available data: 2806, State=4
Read chunk type
Chunk Type 3
Chunk ID: 6
Data left: 2805, State=6
----------------------
Available data: 2805, State=6
Data left: 2805, State=8
----------------------
Available data: 2805, State=8
Read data: 147984024, left: 28366
Finish read data: 128
Data left: 2677, State=4
----------------------
Available data: 2677, State=4
Read chunk type
Chunk Type 3
Chunk ID: 6
Data left: 2676, State=6
----------------------
Available data: 2676, State=6
Data left: 2676, State=8
----------------------
Available data: 2676, State=8
Read data: 147984024, left: 28238
Finish read data: 128
Data left: 2548, State=4
----------------------
Available data: 2548, State=4
Read chunk type
Chunk Type 3
Chunk ID: 6
Data left: 2547, State=6
----------------------
Available data: 2547, State=6
Data left: 2547, State=8
----------------------
Available data: 2547, State=8
Read data: 147984024, left: 28110
Finish read data: 128
Data left: 2419, State=4
----------------------
Available data: 2419, State=4
Read chunk type
Chunk Type 3
Chunk ID: 6
Data left: 2418, State=6
----------------------
Available data: 2418, State=6
Data left: 2418, State=8
----------------------
Available data: 2418, State=8
Read data: 147984024, left: 27982
Finish read data: 128
Data left: 2290, State=4
----------------------
Available data: 2290, State=4
Read chunk type
Chunk Type 3
Chunk ID: 6
Data left: 2289, State=6
----------------------
Available data: 2289, State=6
Data left: 2289, State=8
----------------------
Available data: 2289, State=8
Read data: 147984024, left: 27854
Finish read data: 128
Data left: 2161, State=4
----------------------
Available data: 2161, State=4
Read chunk type
Chunk Type 3
Chunk ID: 6
Data left: 2160, State=6
----------------------
Available data: 2160, State=6
Data left: 2160, State=8
----------------------
Available data: 2160, State=8
Read data: 147984024, left: 27726
Finish read data: 128
Data left: 2032, State=4
----------------------
Available data: 2032, State=4
Read chunk type
Chunk Type 3
Chunk ID: 6
Data left: 2031, State=6
----------------------
Available data: 2031, State=6
Data left: 2031, State=8
----------------------
Available data: 2031, State=8
Read data: 147984024, left: 27598
Finish read data: 128
Data left: 1903, State=4
----------------------
Available data: 1903, State=4
Read chunk type
Chunk Type 3
Chunk ID: 6
Data left: 1902, State=6
----------------------
Available data: 1902, State=6
Data left: 1902, State=8
----------------------
Available data: 1902, State=8
Read data: 147984024, left: 27470
Finish read data: 128
Data left: 1774, State=4
----------------------
Available data: 1774, State=4
Read chunk type
Chunk Type 3
Chunk ID: 6
Data left: 1773, State=6
----------------------
Available data: 1773, State=6
Data left: 1773, State=8
----------------------
Available data: 1773, State=8
Read data: 147984024, left: 27342
Finish read data: 128
Data left: 1645, State=4
----------------------
Available data: 1645, State=4
Read chunk type
Chunk Type 3
Chunk ID: 6
Data left: 1644, State=6
----------------------
Available data: 1644, State=6
Data left: 1644, State=8
----------------------
Available data: 1644, State=8
Read data: 147984024, left: 27214
Finish read data: 128
Data left: 1516, State=4
----------------------
Available data: 1516, State=4
Read chunk type
Chunk Type 3
Chunk ID: 6
Data left: 1515, State=6
----------------------
Available data: 1515, State=6
Data left: 1515, State=8
----------------------
Available data: 1515, State=8
Read data: 147984024, left: 27086
Finish read data: 128
Data left: 1387, State=4
----------------------
Available data: 1387, State=4
Read chunk type
Chunk Type 3
Chunk ID: 6
Data left: 1386, State=6
----------------------
Available data: 1386, State=6
Data left: 1386, State=8
----------------------
Available data: 1386, State=8
Read data: 147984024, left: 26958
Finish read data: 128
Data left: 1258, State=4
----------------------
Available data: 1258, State=4
Read chunk type
Chunk Type 3
Chunk ID: 6
Data left: 1257, State=6
----------------------
Available data: 1257, State=6
Data left: 1257, State=8
----------------------
Available data: 1257, State=8
Read data: 147984024, left: 26830
Finish read data: 128
Data left: 1129, State=4
----------------------
Available data: 1129, State=4
Read chunk type
Chunk Type 3
Chunk ID: 6
Data left: 1128, State=6
----------------------
Available data: 1128, State=6
Data left: 1128, State=8
----------------------
Available data: 1128, State=8
Read data: 147984024, left: 26702
Finish read data: 128
Data left: 1000, State=4
----------------------
Available data: 1000, State=4
Read chunk type
Chunk Type 3
Chunk ID: 6
Data left: 999, State=6
----------------------
Available data: 999, State=6
Data left: 999, State=8
----------------------
Available data: 999, State=8
Read data: 147984024, left: 26574
Finish read data: 128
Data left: 871, State=4
----------------------
Available data: 871, State=4
Read chunk type
Chunk Type 3
Chunk ID: 6
Data left: 870, State=6
----------------------
Available data: 870, State=6
Data left: 870, State=8
----------------------
Available data: 870, State=8
Read data: 147984024, left: 26446
Finish read data: 128
Data left: 742, State=4
----------------------
Available data: 742, State=4
Read chunk type
Chunk Type 3
Chunk ID: 6
Data left: 741, State=6
----------------------
Available data: 741, State=6
Data left: 741, State=8
----------------------
Available data: 741, State=8
Read data: 147984024, left: 26318
Finish read data: 128
Data left: 613, State=4
----------------------
Available data: 613, State=4
Read chunk type
Chunk Type 3
Chunk ID: 6
Data left: 612, State=6
----------------------
Available data: 612, State=6
Data left: 612, State=8
----------------------
Available data: 612, State=8
Read data: 147984024, left: 26190
Finish read data: 128
Data left: 484, State=4
----------------------
Available data: 484, State=4
Read chunk type
Chunk Type 3
Chunk ID: 6
Data left: 483, State=6
----------------------
Available data: 483, State=6
Data left: 483, State=8
----------------------
Available data: 483, State=8
Read data: 147984024, left: 26062
Finish read data: 128
Data left: 355, State=4
----------------------
Available data: 355, State=4
Read chunk type
Chunk Type 3
Chunk ID: 6
Data left: 354, State=6
----------------------
Available data: 354, State=6
Data left: 354, State=8
----------------------
Available data: 354, State=8
Read data: 147984024, left: 25934
Finish read data: 128
Data left: 226, State=4
----------------------
Available data: 226, State=4
Read chunk type
Chunk Type 3
Chunk ID: 6
Data left: 225, State=6
----------------------
Available data: 225, State=6
Data left: 225, State=8
----------------------
Available data: 225, State=8
Read data: 147984024, left: 25806
Finish read data: 128
Data left: 97, State=4
----------------------
Available data: 97, State=4
Read chunk type
Chunk Type 3
Chunk ID: 6
Data left: 96, State=6
----------------------
Available data: 96, State=6
Data left: 96, State=8
----------------------
Available data: 96, State=8
Data left: 96, State=8
Receiving: 290 4000 4386 131073
----------------------
Available data: 386, State=8
Read data: 147984024, left: 25678
Finish read data: 128
Data left: 258, State=4
----------------------
Available data: 258, State=4
Read chunk type
Chunk Type 3
Chunk ID: 6
Data left: 257, State=6
----------------------
Available data: 257, State=6
Data left: 257, State=8
----------------------
Available data: 257, State=8
Read data: 147984024, left: 25550
Finish read data: 128
Data left: 129, State=4
----------------------
Available data: 129, State=4
Read chunk type
Chunk Type 3
Chunk ID: 6
Data left: 128, State=6
----------------------
Available data: 128, State=6
Data left: 128, State=8
----------------------
Available data: 128, State=8
Read data: 147984024, left: 25422
Finish read data: 128
Data left: 0, State=4
Receiving: 4096 0 4096 131073
----------------------
Available data: 4096, State=4
Read chunk type
Chunk Type 3
Chunk ID: 6
Data left: 4095, State=6
----------------------
Available data: 4095, State=6
Data left: 4095, State=8
----------------------
Available data: 4095, State=8
Read data: 147984024, left: 25294
Finish read data: 128
Data left: 3967, State=4
----------------------
Available data: 3967, State=4
Read chunk type
Chunk Type 3
Chunk ID: 6
Data left: 3966, State=6
----------------------
Available data: 3966, State=6
Data left: 3966, State=8
----------------------
Available data: 3966, State=8
Read data: 147984024, left: 25166
Finish read data: 128
Data left: 3838, State=4
----------------------
Available data: 3838, State=4
Read chunk type
Chunk Type 3
Chunk ID: 6
Data left: 3837, State=6
----------------------
Available data: 3837, State=6
Data left: 3837, State=8
----------------------
Available data: 3837, State=8
Read data: 147984024, left: 25038
Finish read data: 128
Data left: 3709, State=4
----------------------
Available data: 3709, State=4
Read chunk type
Chunk Type 3
Chunk ID: 6
Data left: 3708, State=6
----------------------
Available data: 3708, State=6
Data left: 3708, State=8
----------------------
Available data: 3708, State=8
Read data: 147984024, left: 24910
Finish read data: 128
Data left: 3580, State=4
----------------------
Available data: 3580, State=4
Read chunk type
Chunk Type 3
Chunk ID: 6
Data left: 3579, State=6
----------------------
Available data: 3579, State=6
Data left: 3579, State=8
----------------------
Available data: 3579, State=8
Read data: 147984024, left: 24782
Finish read data: 128
Data left: 3451, State=4
----------------------
Available data: 3451, State=4
Read chunk type
Chunk Type 3
Chunk ID: 6
Data left: 3450, State=6
----------------------
Available data: 3450, State=6
Data left: 3450, State=8
----------------------
Available data: 3450, State=8
Read data: 147984024, left: 24654
Finish read data: 128
Data left: 3322, State=4
----------------------
Available data: 3322, State=4
Read chunk type
Chunk Type 3
Chunk ID: 6
Data left: 3321, State=6
----------------------
Available data: 3321, State=6
Data left: 3321, State=8
----------------------
Available data: 3321, State=8
Read data: 147984024, left: 24526
Finish read data: 128
Data left: 3193, State=4
----------------------
Available data: 3193, State=4
Read chunk type
Chunk Type 3
Chunk ID: 6
Data left: 3192, State=6
----------------------
Available data: 3192, State=6
Data left: 3192, State=8
----------------------
Available data: 3192, State=8
Read data: 147984024, left: 24398
Finish read data: 128
Data left: 3064, State=4
----------------------
Available data: 3064, State=4
Read chunk type
Chunk Type 3
Chunk ID: 6
Data left: 3063, State=6
----------------------
Available data: 3063, State=6
Data left: 3063, State=8
----------------------
Available data: 3063, State=8
Read data: 147984024, left: 24270
Finish read data: 128
Data left: 2935, State=4
----------------------
Available data: 2935, State=4
Read chunk type
Chunk Type 3
Chunk ID: 6
Data left: 2934, State=6
----------------------
Available data: 2934, State=6
Data left: 2934, State=8
----------------------
Available data: 2934, State=8
Read data: 147984024, left: 24142
Finish read data: 128
Data left: 2806, State=4
----------------------
Available data: 2806, State=4
Read chunk type
Chunk Type 3
Chunk ID: 6
Data left: 2805, State=6
----------------------
Available data: 2805, State=6
Data left: 2805, State=8
----------------------
Available data: 2805, State=8
Read data: 147984024, left: 24014
Finish read data: 128
Data left: 2677, State=4
----------------------
Available data: 2677, State=4
Read chunk type
Chunk Type 3
Chunk ID: 6
Data left: 2676, State=6
----------------------
Available data: 2676, State=6
Data left: 2676, State=8
----------------------
Available data: 2676, State=8
Read data: 147984024, left: 23886
Finish read data: 128
Data left: 2548, State=4
----------------------
Available data: 2548, State=4
Read chunk type
Chunk Type 3
Chunk ID: 6
Data left: 2547, State=6
----------------------
Available data: 2547, State=6
Data left: 2547, State=8
----------------------
Available data: 2547, State=8
Read data: 147984024, left: 23758
Finish read data: 128
Data left: 2419, State=4
----------------------
Available data: 2419, State=4
Read chunk type
Chunk Type 3
Chunk ID: 6
Data left: 2418, State=6
----------------------
Available data: 2418, State=6
Data left: 2418, State=8
----------------------
Available data: 2418, State=8
Read data: 147984024, left: 23630
Finish read data: 128
Data left: 2290, State=4
----------------------
Available data: 2290, State=4
Read chunk type
Chunk Type 3
Chunk ID: 6
Data left: 2289, State=6
----------------------
Available data: 2289, State=6
Data left: 2289, State=8
----------------------
Available data: 2289, State=8
Read data: 147984024, left: 23502
Finish read data: 128
Data left: 2161, State=4
----------------------
Available data: 2161, State=4
Read chunk type
Chunk Type 3
Chunk ID: 6
Data left: 2160, State=6
----------------------
Available data: 2160, State=6
Data left: 2160, State=8
----------------------
Available data: 2160, State=8
Read data: 147984024, left: 23374
Finish read data: 128
Data left: 2032, State=4
----------------------
Available data: 2032, State=4
Read chunk type
Chunk Type 3
Chunk ID: 6
Data left: 2031, State=6
----------------------
Available data: 2031, State=6
Data left: 2031, State=8
----------------------
Available data: 2031, State=8
Read data: 147984024, left: 23246
Finish read data: 128
Data left: 1903, State=4
----------------------
Available data: 1903, State=4
Read chunk type
Chunk Type 3
Chunk ID: 6
Data left: 1902, State=6
----------------------
Available data: 1902, State=6
Data left: 1902, State=8
----------------------
Available data: 1902, State=8
Read data: 147984024, left: 23118
Finish read data: 128
Data left: 1774, State=4
----------------------
Available data: 1774, State=4
Read chunk type
Chunk Type 3
Chunk ID: 6
Data left: 1773, State=6
----------------------
Available data: 1773, State=6
Data left: 1773, State=8
----------------------
Available data: 1773, State=8
Read data: 147984024, left: 22990
Finish read data: 128
Data left: 1645, State=4
----------------------
Available data: 1645, State=4
Read chunk type
Chunk Type 3
Chunk ID: 6
Data left: 1644, State=6
----------------------
Available data: 1644, State=6
Data left: 1644, State=8
----------------------
Available data: 1644, State=8
Read data: 147984024, left: 22862
Finish read data: 128
Data left: 1516, State=4
----------------------
Available data: 1516, State=4
Read chunk type
Chunk Type 3
Chunk ID: 6
Data left: 1515, State=6
----------------------
Available data: 1515, State=6
Data left: 1515, State=8
----------------------
Available data: 1515, State=8
Read data: 147984024, left: 22734
Finish read data: 128
Data left: 1387, State=4
----------------------
Available data: 1387, State=4
Read chunk type
Chunk Type 3
Chunk ID: 6
Data left: 1386, State=6
----------------------
Available data: 1386, State=6
Data left: 1386, State=8
----------------------
Available data: 1386, State=8
Read data: 147984024, left: 22606
Finish read data: 128
Data left: 1258, State=4
----------------------
Available data: 1258, State=4
Read chunk type
Chunk Type 3
Chunk ID: 6
Data left: 1257, State=6
----------------------
Available data: 1257, State=6
Data left: 1257, State=8
----------------------
Available data: 1257, State=8
Read data: 147984024, left: 22478
Finish read data: 128
Data left: 1129, State=4
----------------------
Available data: 1129, State=4
Read chunk type
Chunk Type 3
Chunk ID: 6
Data left: 1128, State=6
----------------------
Available data: 1128, State=6
Data left: 1128, State=8
----------------------
Available data: 1128, State=8
Read data: 147984024, left: 22350
Finish read data: 128
Data left: 1000, State=4
----------------------
Available data: 1000, State=4
Read chunk type
Chunk Type 3
Chunk ID: 6
Data left: 999, State=6
----------------------
Available data: 999, State=6
Data left: 999, State=8
----------------------
Available data: 999, State=8
Read data: 147984024, left: 22222
Finish read data: 128
Data left: 871, State=4
----------------------
Available data: 871, State=4
Read chunk type
Chunk Type 3
Chunk ID: 6
Data left: 870, State=6
----------------------
Available data: 870, State=6
Data left: 870, State=8
----------------------
Available data: 870, State=8
Read data: 147984024, left: 22094
Finish read data: 128
Data left: 742, State=4
----------------------
Available data: 742, State=4
Read chunk type
Chunk Type 3
Chunk ID: 6
Data left: 741, State=6
----------------------
Available data: 741, State=6
Data left: 741, State=8
----------------------
Available data: 741, State=8
Read data: 147984024, left: 21966
Finish read data: 128
Data left: 613, State=4
----------------------
Available data: 613, State=4
Read chunk type
Chunk Type 3
Chunk ID: 6
Data left: 612, State=6
----------------------
Available data: 612, State=6
Data left: 612, State=8
----------------------
Available data: 612, State=8
Read data: 147984024, left: 21838
Finish read data: 128
Data left: 484, State=4
----------------------
Available data: 484, State=4
Read chunk type
Chunk Type 3
Chunk ID: 6
Data left: 483, State=6
----------------------
Available data: 483, State=6
Data left: 483, State=8
----------------------
Available data: 483, State=8
Read data: 147984024, left: 21710
Finish read data: 128
Data left: 355, State=4
----------------------
Available data: 355, State=4
Read chunk type
Chunk Type 3
Chunk ID: 6
Data left: 354, State=6
----------------------
Available data: 354, State=6
Data left: 354, State=8
----------------------
Available data: 354, State=8
Read data: 147984024, left: 21582
Finish read data: 128
Data left: 226, State=4
----------------------
Available data: 226, State=4
Read chunk type
Chunk Type 3
Chunk ID: 6
Data left: 225, State=6
----------------------
Available data: 225, State=6
Data left: 225, State=8
----------------------
Available data: 225, State=8
Read data: 147984024, left: 21454
Finish read data: 128
Data left: 97, State=4
----------------------
Available data: 97, State=4
Read chunk type
Chunk Type 3
Chunk ID: 6
Data left: 96, State=6
----------------------
Available data: 96, State=6
Data left: 96, State=8
----------------------
Available data: 96, State=8
Data left: 96, State=8
Receiving: 1838 4000 5934 131073
----------------------
Available data: 1934, State=8
Read data: 147984024, left: 21326
Finish read data: 128
Data left: 1806, State=4
----------------------
Available data: 1806, State=4
Read chunk type
Chunk Type 3
Chunk ID: 6
Data left: 1805, State=6
----------------------
Available data: 1805, State=6
Data left: 1805, State=8
----------------------
Available data: 1805, State=8
Read data: 147984024, left: 21198
Finish read data: 128
Data left: 1677, State=4
----------------------
Available data: 1677, State=4
Read chunk type
Chunk Type 3
Chunk ID: 6
Data left: 1676, State=6
----------------------
Available data: 1676, State=6
Data left: 1676, State=8
----------------------
Available data: 1676, State=8
Read data: 147984024, left: 21070
Finish read data: 128
Data left: 1548, State=4
----------------------
Available data: 1548, State=4
Read chunk type
Chunk Type 3
Chunk ID: 6
Data left: 1547, State=6
----------------------
Available data: 1547, State=6
Data left: 1547, State=8
----------------------
Available data: 1547, State=8
Read data: 147984024, left: 20942
Finish read data: 128
Data left: 1419, State=4
----------------------
Available data: 1419, State=4
Read chunk type
Chunk Type 3
Chunk ID: 6
Data left: 1418, State=6
----------------------
Available data: 1418, State=6
Data left: 1418, State=8
----------------------
Available data: 1418, State=8
Read data: 147984024, left: 20814
Finish read data: 128
Data left: 1290, State=4
----------------------
Available data: 1290, State=4
Read chunk type
Chunk Type 3
Chunk ID: 6
Data left: 1289, State=6
----------------------
Available data: 1289, State=6
Data left: 1289, State=8
----------------------
Available data: 1289, State=8
Read data: 147984024, left: 20686
Finish read data: 128
Data left: 1161, State=4
----------------------
Available data: 1161, State=4
Read chunk type
Chunk Type 3
Chunk ID: 6
Data left: 1160, State=6
----------------------
Available data: 1160, State=6
Data left: 1160, State=8
----------------------
Available data: 1160, State=8
Read data: 147984024, left: 20558
Finish read data: 128
Data left: 1032, State=4
----------------------
Available data: 1032, State=4
Read chunk type
Chunk Type 3
Chunk ID: 6
Data left: 1031, State=6
----------------------
Available data: 1031, State=6
Data left: 1031, State=8
----------------------
Available data: 1031, State=8
Read data: 147984024, left: 20430
Finish read data: 128
Data left: 903, State=4
----------------------
Available data: 903, State=4
Read chunk type
Chunk Type 3
Chunk ID: 6
Data left: 902, State=6
----------------------
Available data: 902, State=6
Data left: 902, State=8
----------------------
Available data: 902, State=8
Read data: 147984024, left: 20302
Finish read data: 128
Data left: 774, State=4
----------------------
Available data: 774, State=4
Read chunk type
Chunk Type 3
Chunk ID: 6
Data left: 773, State=6
----------------------
Available data: 773, State=6
Data left: 773, State=8
----------------------
Available data: 773, State=8
Read data: 147984024, left: 20174
Finish read data: 128
Data left: 645, State=4
----------------------
Available data: 645, State=4
Read chunk type
Chunk Type 3
Chunk ID: 6
Data left: 644, State=6
----------------------
Available data: 644, State=6
Data left: 644, State=8
----------------------
Available data: 644, State=8
Read data: 147984024, left: 20046
Finish read data: 128
Data left: 516, State=4
----------------------
Available data: 516, State=4
Read chunk type
Chunk Type 3
Chunk ID: 6
Data left: 515, State=6
----------------------
Available data: 515, State=6
Data left: 515, State=8
----------------------
Available data: 515, State=8
Read data: 147984024, left: 19918
Finish read data: 128
Data left: 387, State=4
----------------------
Available data: 387, State=4
Read chunk type
Chunk Type 3
Chunk ID: 6
Data left: 386, State=6
----------------------
Available data: 386, State=6
Data left: 386, State=8
----------------------
Available data: 386, State=8
Read data: 147984024, left: 19790
Finish read data: 128
Data left: 258, State=4
----------------------
Available data: 258, State=4
Read chunk type
Chunk Type 3
Chunk ID: 6
Data left: 257, State=6
----------------------
Available data: 257, State=6
Data left: 257, State=8
----------------------
Available data: 257, State=8
Read data: 147984024, left: 19662
Finish read data: 128
Data left: 129, State=4
----------------------
Available data: 129, State=4
Read chunk type
Chunk Type 3
Chunk ID: 6
Data left: 128, State=6
----------------------
Available data: 128, State=6
Data left: 128, State=8
----------------------
Available data: 128, State=8
Read data: 147984024, left: 19534
Finish read data: 128
Data left: 0, State=4
Receiving: 4096 0 4096 131073
----------------------
Available data: 4096, State=4
Read chunk type
Chunk Type 3
Chunk ID: 6
Data left: 4095, State=6
----------------------
Available data: 4095, State=6
Data left: 4095, State=8
----------------------
Available data: 4095, State=8
Read data: 147984024, left: 19406
Finish read data: 128
Data left: 3967, State=4
----------------------
Available data: 3967, State=4
Read chunk type
Chunk Type 3
Chunk ID: 6
Data left: 3966, State=6
----------------------
Available data: 3966, State=6
Data left: 3966, State=8
----------------------
Available data: 3966, State=8
Read data: 147984024, left: 19278
Finish read data: 128
Data left: 3838, State=4
----------------------
Available data: 3838, State=4
Read chunk type
Chunk Type 3
Chunk ID: 6
Data left: 3837, State=6
----------------------
Available data: 3837, State=6
Data left: 3837, State=8
----------------------
Available data: 3837, State=8
Read data: 147984024, left: 19150
Finish read data: 128
Data left: 3709, State=4
----------------------
Available data: 3709, State=4
Read chunk type
Chunk Type 3
Chunk ID: 6
Data left: 3708, State=6
----------------------
Available data: 3708, State=6
Data left: 3708, State=8
----------------------
Available data: 3708, State=8
Read data: 147984024, left: 19022
Finish read data: 128
Data left: 3580, State=4
----------------------
Available data: 3580, State=4
Read chunk type
Chunk Type 3
Chunk ID: 6
Data left: 3579, State=6
----------------------
Available data: 3579, State=6
Data left: 3579, State=8
----------------------
Available data: 3579, State=8
Read data: 147984024, left: 18894
Finish read data: 128
Data left: 3451, State=4
----------------------
Available data: 3451, State=4
Read chunk type
Chunk Type 3
Chunk ID: 6
Data left: 3450, State=6
----------------------
Available data: 3450, State=6
Data left: 3450, State=8
----------------------
Available data: 3450, State=8
Read data: 147984024, left: 18766
Finish read data: 128
Data left: 3322, State=4
----------------------
Available data: 3322, State=4
Read chunk type
Chunk Type 3
Chunk ID: 6
Data left: 3321, State=6
----------------------
Available data: 3321, State=6
Data left: 3321, State=8
----------------------
Available data: 3321, State=8
Read data: 147984024, left: 18638
Finish read data: 128
Data left: 3193, State=4
----------------------
Available data: 3193, State=4
Read chunk type
Chunk Type 3
Chunk ID: 6
Data left: 3192, State=6
----------------------
Available data: 3192, State=6
Data left: 3192, State=8
----------------------
Available data: 3192, State=8
Read data: 147984024, left: 18510
Finish read data: 128
Data left: 3064, State=4
----------------------
Available data: 3064, State=4
Read chunk type
Chunk Type 3
Chunk ID: 6
Data left: 3063, State=6
----------------------
Available data: 3063, State=6
Data left: 3063, State=8
----------------------
Available data: 3063, State=8
Read data: 147984024, left: 18382
Finish read data: 128
Data left: 2935, State=4
----------------------
Available data: 2935, State=4
Read chunk type
Chunk Type 3
Chunk ID: 6
Data left: 2934, State=6
----------------------
Available data: 2934, State=6
Data left: 2934, State=8
----------------------
Available data: 2934, State=8
Read data: 147984024, left: 18254
Finish read data: 128
Data left: 2806, State=4
----------------------
Available data: 2806, State=4
Read chunk type
Chunk Type 3
Chunk ID: 6
Data left: 2805, State=6
----------------------
Available data: 2805, State=6
Data left: 2805, State=8
----------------------
Available data: 2805, State=8
Read data: 147984024, left: 18126
Finish read data: 128
Data left: 2677, State=4
----------------------
Available data: 2677, State=4
Read chunk type
Chunk Type 3
Chunk ID: 6
Data left: 2676, State=6
----------------------
Available data: 2676, State=6
Data left: 2676, State=8
----------------------
Available data: 2676, State=8
Read data: 147984024, left: 17998
Finish read data: 128
Data left: 2548, State=4
----------------------
Available data: 2548, State=4
Read chunk type
Chunk Type 3
Chunk ID: 6
Data left: 2547, State=6
----------------------
Available data: 2547, State=6
Data left: 2547, State=8
----------------------
Available data: 2547, State=8
Read data: 147984024, left: 17870
Finish read data: 128
Data left: 2419, State=4
----------------------
Available data: 2419, State=4
Read chunk type
Chunk Type 3
Chunk ID: 6
Data left: 2418, State=6
----------------------
Available data: 2418, State=6
Data left: 2418, State=8
----------------------
Available data: 2418, State=8
Read data: 147984024, left: 17742
Finish read data: 128
Data left: 2290, State=4
----------------------
Available data: 2290, State=4
Read chunk type
Chunk Type 3
Chunk ID: 6
Data left: 2289, State=6
----------------------
Available data: 2289, State=6
Data left: 2289, State=8
----------------------
Available data: 2289, State=8
Read data: 147984024, left: 17614
Finish read data: 128
Data left: 2161, State=4
----------------------
Available data: 2161, State=4
Read chunk type
Chunk Type 3
Chunk ID: 6
Data left: 2160, State=6
----------------------
Available data: 2160, State=6
Data left: 2160, State=8
----------------------
Available data: 2160, State=8
Read data: 147984024, left: 17486
Finish read data: 128
Data left: 2032, State=4
----------------------
Available data: 2032, State=4
Read chunk type
Chunk Type 3
Chunk ID: 6
Data left: 2031, State=6
----------------------
Available data: 2031, State=6
Data left: 2031, State=8
----------------------
Available data: 2031, State=8
Read data: 147984024, left: 17358
Finish read data: 128
Data left: 1903, State=4
----------------------
Available data: 1903, State=4
Read chunk type
Chunk Type 3
Chunk ID: 6
Data left: 1902, State=6
----------------------
Available data: 1902, State=6
Data left: 1902, State=8
----------------------
Available data: 1902, State=8
Read data: 147984024, left: 17230
Finish read data: 128
Data left: 1774, State=4
----------------------
Available data: 1774, State=4
Read chunk type
Chunk Type 3
Chunk ID: 6
Data left: 1773, State=6
----------------------
Available data: 1773, State=6
Data left: 1773, State=8
----------------------
Available data: 1773, State=8
Read data: 147984024, left: 17102
Finish read data: 128
Data left: 1645, State=4
----------------------
Available data: 1645, State=4
Read chunk type
Chunk Type 3
Chunk ID: 6
Data left: 1644, State=6
----------------------
Available data: 1644, State=6
Data left: 1644, State=8
----------------------
Available data: 1644, State=8
Read data: 147984024, left: 16974
Finish read data: 128
Data left: 1516, State=4
----------------------
Available data: 1516, State=4
Read chunk type
Chunk Type 3
Chunk ID: 6
Data left: 1515, State=6
----------------------
Available data: 1515, State=6
Data left: 1515, State=8
----------------------
Available data: 1515, State=8
Read data: 147984024, left: 16846
Finish read data: 128
Data left: 1387, State=4
----------------------
Available data: 1387, State=4
Read chunk type
Chunk Type 3
Chunk ID: 6
Data left: 1386, State=6
----------------------
Available data: 1386, State=6
Data left: 1386, State=8
----------------------
Available data: 1386, State=8
Read data: 147984024, left: 16718
Finish read data: 128
Data left: 1258, State=4
----------------------
Available data: 1258, State=4
Read chunk type
Chunk Type 3
Chunk ID: 6
Data left: 1257, State=6
----------------------
Available data: 1257, State=6
Data left: 1257, State=8
----------------------
Available data: 1257, State=8
Read data: 147984024, left: 16590
Finish read data: 128
Data left: 1129, State=4
----------------------
Available data: 1129, State=4
Read chunk type
Chunk Type 3
Chunk ID: 6
Data left: 1128, State=6
----------------------
Available data: 1128, State=6
Data left: 1128, State=8
----------------------
Available data: 1128, State=8
Read data: 147984024, left: 16462
Finish read data: 128
Data left: 1000, State=4
----------------------
Available data: 1000, State=4
Read chunk type
Chunk Type 3
Chunk ID: 6
Data left: 999, State=6
----------------------
Available data: 999, State=6
Data left: 999, State=8
----------------------
Available data: 999, State=8
Read data: 147984024, left: 16334
Finish read data: 128
Data left: 871, State=4
----------------------
Available data: 871, State=4
Read chunk type
Chunk Type 3
Chunk ID: 6
Data left: 870, State=6
----------------------
Available data: 870, State=6
Data left: 870, State=8
----------------------
Available data: 870, State=8
Read data: 147984024, left: 16206
Finish read data: 128
Data left: 742, State=4
----------------------
Available data: 742, State=4
Read chunk type
Chunk Type 3
Chunk ID: 6
Data left: 741, State=6
----------------------
Available data: 741, State=6
Data left: 741, State=8
----------------------
Available data: 741, State=8
Read data: 147984024, left: 16078
Finish read data: 128
Data left: 613, State=4
----------------------
Available data: 613, State=4
Read chunk type
Chunk Type 3
Chunk ID: 6
Data left: 612, State=6
----------------------
Available data: 612, State=6
Data left: 612, State=8
----------------------
Available data: 612, State=8
Read data: 147984024, left: 15950
Finish read data: 128
Data left: 484, State=4
----------------------
Available data: 484, State=4
Read chunk type
Chunk Type 3
Chunk ID: 6
Data left: 483, State=6
----------------------
Available data: 483, State=6
Data left: 483, State=8
----------------------
Available data: 483, State=8
Read data: 147984024, left: 15822
Finish read data: 128
Data left: 355, State=4
----------------------
Available data: 355, State=4
Read chunk type
Chunk Type 3
Chunk ID: 6
Data left: 354, State=6
----------------------
Available data: 354, State=6
Data left: 354, State=8
----------------------
Available data: 354, State=8
Read data: 147984024, left: 15694
Finish read data: 128
Data left: 226, State=4
----------------------
Available data: 226, State=4
Read chunk type
Chunk Type 3
Chunk ID: 6
Data left: 225, State=6
----------------------
Available data: 225, State=6
Data left: 225, State=8
----------------------
Available data: 225, State=8
Read data: 147984024, left: 15566
Finish read data: 128
Data left: 97, State=4
----------------------
Available data: 97, State=4
Read chunk type
Chunk Type 3
Chunk ID: 6
Data left: 96, State=6
----------------------
Available data: 96, State=6
Data left: 96, State=8
----------------------
Available data: 96, State=8
Data left: 96, State=8
Receiving: 8417 4000 12513 131073
----------------------
Available data: 8513, State=8
Read data: 147984024, left: 15438
Finish read data: 128
Data left: 8385, State=4
----------------------
Available data: 8385, State=4
Read chunk type
Chunk Type 3
Chunk ID: 6
Data left: 8384, State=6
----------------------
Available data: 8384, State=6
Data left: 8384, State=8
----------------------
Available data: 8384, State=8
Read data: 147984024, left: 15310
Finish read data: 128
Data left: 8256, State=4
----------------------
Available data: 8256, State=4
Read chunk type
Chunk Type 3
Chunk ID: 6
Data left: 8255, State=6
----------------------
Available data: 8255, State=6
Data left: 8255, State=8
----------------------
Available data: 8255, State=8
Read data: 147984024, left: 15182
Finish read data: 128
Data left: 8127, State=4
----------------------
Available data: 8127, State=4
Read chunk type
Chunk Type 3
Chunk ID: 6
Data left: 8126, State=6
----------------------
Available data: 8126, State=6
Data left: 8126, State=8
----------------------
Available data: 8126, State=8
Read data: 147984024, left: 15054
Finish read data: 128
Data left: 7998, State=4
----------------------
Available data: 7998, State=4
Read chunk type
Chunk Type 3
Chunk ID: 6
Data left: 7997, State=6
----------------------
Available data: 7997, State=6
Data left: 7997, State=8
----------------------
Available data: 7997, State=8
Read data: 147984024, left: 14926
Finish read data: 128
Data left: 7869, State=4
----------------------
Available data: 7869, State=4
Read chunk type
Chunk Type 3
Chunk ID: 6
Data left: 7868, State=6
----------------------
Available data: 7868, State=6
Data left: 7868, State=8
----------------------
Available data: 7868, State=8
Read data: 147984024, left: 14798
Finish read data: 128
Data left: 7740, State=4
----------------------
Available data: 7740, State=4
Read chunk type
Chunk Type 3
Chunk ID: 6
Data left: 7739, State=6
----------------------
Available data: 7739, State=6
Data left: 7739, State=8
----------------------
Available data: 7739, State=8
Read data: 147984024, left: 14670
Finish read data: 128
Data left: 7611, State=4
----------------------
Available data: 7611, State=4
Read chunk type
Chunk Type 3
Chunk ID: 6
Data left: 7610, State=6
----------------------
Available data: 7610, State=6
Data left: 7610, State=8
----------------------
Available data: 7610, State=8
Read data: 147984024, left: 14542
Finish read data: 128
Data left: 7482, State=4
----------------------
Available data: 7482, State=4
Read chunk type
Chunk Type 3
Chunk ID: 6
Data left: 7481, State=6
----------------------
Available data: 7481, State=6
Data left: 7481, State=8
----------------------
Available data: 7481, State=8
Read data: 147984024, left: 14414
Finish read data: 128
Data left: 7353, State=4
----------------------
Available data: 7353, State=4
Read chunk type
Chunk Type 3
Chunk ID: 6
Data left: 7352, State=6
----------------------
Available data: 7352, State=6
Data left: 7352, State=8
----------------------
Available data: 7352, State=8
Read data: 147984024, left: 14286
Finish read data: 128
Data left: 7224, State=4
----------------------
Available data: 7224, State=4
Read chunk type
Chunk Type 3
Chunk ID: 6
Data left: 7223, State=6
----------------------
Available data: 7223, State=6
Data left: 7223, State=8
----------------------
Available data: 7223, State=8
Read data: 147984024, left: 14158
Finish read data: 128
Data left: 7095, State=4
----------------------
Available data: 7095, State=4
Read chunk type
Chunk Type 3
Chunk ID: 6
Data left: 7094, State=6
----------------------
Available data: 7094, State=6
Data left: 7094, State=8
----------------------
Available data: 7094, State=8
Read data: 147984024, left: 14030
Finish read data: 128
Data left: 6966, State=4
----------------------
Available data: 6966, State=4
Read chunk type
Chunk Type 3
Chunk ID: 6
Data left: 6965, State=6
----------------------
Available data: 6965, State=6
Data left: 6965, State=8
----------------------
Available data: 6965, State=8
Read data: 147984024, left: 13902
Finish read data: 128
Data left: 6837, State=4
----------------------
Available data: 6837, State=4
Read chunk type
Chunk Type 3
Chunk ID: 6
Data left: 6836, State=6
----------------------
Available data: 6836, State=6
Data left: 6836, State=8
----------------------
Available data: 6836, State=8
Read data: 147984024, left: 13774
Finish read data: 128
Data left: 6708, State=4
----------------------
Available data: 6708, State=4
Read chunk type
Chunk Type 3
Chunk ID: 6
Data left: 6707, State=6
----------------------
Available data: 6707, State=6
Data left: 6707, State=8
----------------------
Available data: 6707, State=8
Read data: 147984024, left: 13646
Finish read data: 128
Data left: 6579, State=4
----------------------
Available data: 6579, State=4
Read chunk type
Chunk Type 3
Chunk ID: 6
Data left: 6578, State=6
----------------------
Available data: 6578, State=6
Data left: 6578, State=8
----------------------
Available data: 6578, State=8
Read data: 147984024, left: 13518
Finish read data: 128
Data left: 6450, State=4
----------------------
Available data: 6450, State=4
Read chunk type
Chunk Type 3
Chunk ID: 6
Data left: 6449, State=6
----------------------
Available data: 6449, State=6
Data left: 6449, State=8
----------------------
Available data: 6449, State=8
Read data: 147984024, left: 13390
Finish read data: 128
Data left: 6321, State=4
----------------------
Available data: 6321, State=4
Read chunk type
Chunk Type 3
Chunk ID: 6
Data left: 6320, State=6
----------------------
Available data: 6320, State=6
Data left: 6320, State=8
----------------------
Available data: 6320, State=8
Read data: 147984024, left: 13262
Finish read data: 128
Data left: 6192, State=4
----------------------
Available data: 6192, State=4
Read chunk type
Chunk Type 3
Chunk ID: 6
Data left: 6191, State=6
----------------------
Available data: 6191, State=6
Data left: 6191, State=8
----------------------
Available data: 6191, State=8
Read data: 147984024, left: 13134
Finish read data: 128
Data left: 6063, State=4
----------------------
Available data: 6063, State=4
Read chunk type
Chunk Type 3
Chunk ID: 6
Data left: 6062, State=6
----------------------
Available data: 6062, State=6
Data left: 6062, State=8
----------------------
Available data: 6062, State=8
Read data: 147984024, left: 13006
Finish read data: 128
Data left: 5934, State=4
----------------------
Available data: 5934, State=4
Read chunk type
Chunk Type 3
Chunk ID: 6
Data left: 5933, State=6
----------------------
Available data: 5933, State=6
Data left: 5933, State=8
----------------------
Available data: 5933, State=8
Read data: 147984024, left: 12878
Finish read data: 128
Data left: 5805, State=4
----------------------
Available data: 5805, State=4
Read chunk type
Chunk Type 3
Chunk ID: 6
Data left: 5804, State=6
----------------------
Available data: 5804, State=6
Data left: 5804, State=8
----------------------
Available data: 5804, State=8
Read data: 147984024, left: 12750
Finish read data: 128
Data left: 5676, State=4
----------------------
Available data: 5676, State=4
Read chunk type
Chunk Type 3
Chunk ID: 6
Data left: 5675, State=6
----------------------
Available data: 5675, State=6
Data left: 5675, State=8
----------------------
Available data: 5675, State=8
Read data: 147984024, left: 12622
Finish read data: 128
Data left: 5547, State=4
----------------------
Available data: 5547, State=4
Read chunk type
Chunk Type 3
Chunk ID: 6
Data left: 5546, State=6
----------------------
Available data: 5546, State=6
Data left: 5546, State=8
----------------------
Available data: 5546, State=8
Read data: 147984024, left: 12494
Finish read data: 128
Data left: 5418, State=4
----------------------
Available data: 5418, State=4
Read chunk type
Chunk Type 3
Chunk ID: 6
Data left: 5417, State=6
----------------------
Available data: 5417, State=6
Data left: 5417, State=8
----------------------
Available data: 5417, State=8
Read data: 147984024, left: 12366
Finish read data: 128
Data left: 5289, State=4
----------------------
Available data: 5289, State=4
Read chunk type
Chunk Type 3
Chunk ID: 6
Data left: 5288, State=6
----------------------
Available data: 5288, State=6
Data left: 5288, State=8
----------------------
Available data: 5288, State=8
Read data: 147984024, left: 12238
Finish read data: 128
Data left: 5160, State=4
----------------------
Available data: 5160, State=4
Read chunk type
Chunk Type 3
Chunk ID: 6
Data left: 5159, State=6
----------------------
Available data: 5159, State=6
Data left: 5159, State=8
----------------------
Available data: 5159, State=8
Read data: 147984024, left: 12110
Finish read data: 128
Data left: 5031, State=4
----------------------
Available data: 5031, State=4
Read chunk type
Chunk Type 3
Chunk ID: 6
Data left: 5030, State=6
----------------------
Available data: 5030, State=6
Data left: 5030, State=8
----------------------
Available data: 5030, State=8
Read data: 147984024, left: 11982
Finish read data: 128
Data left: 4902, State=4
----------------------
Available data: 4902, State=4
Read chunk type
Chunk Type 3
Chunk ID: 6
Data left: 4901, State=6
----------------------
Available data: 4901, State=6
Data left: 4901, State=8
----------------------
Available data: 4901, State=8
Read data: 147984024, left: 11854
Finish read data: 128
Data left: 4773, State=4
----------------------
Available data: 4773, State=4
Read chunk type
Chunk Type 3
Chunk ID: 6
Data left: 4772, State=6
----------------------
Available data: 4772, State=6
Data left: 4772, State=8
----------------------
Available data: 4772, State=8
Read data: 147984024, left: 11726
Finish read data: 128
Data left: 4644, State=4
----------------------
Available data: 4644, State=4
Read chunk type
Chunk Type 3
Chunk ID: 6
Data left: 4643, State=6
----------------------
Available data: 4643, State=6
Data left: 4643, State=8
----------------------
Available data: 4643, State=8
Read data: 147984024, left: 11598
Finish read data: 128
Data left: 4515, State=4
----------------------
Available data: 4515, State=4
Read chunk type
Chunk Type 3
Chunk ID: 6
Data left: 4514, State=6
----------------------
Available data: 4514, State=6
Data left: 4514, State=8
----------------------
Available data: 4514, State=8
Read data: 147984024, left: 11470
Finish read data: 128
Data left: 4386, State=4
----------------------
Available data: 4386, State=4
Read chunk type
Chunk Type 3
Chunk ID: 6
Data left: 4385, State=6
----------------------
Available data: 4385, State=6
Data left: 4385, State=8
----------------------
Available data: 4385, State=8
Read data: 147984024, left: 11342
Finish read data: 128
Data left: 4257, State=4
----------------------
Available data: 4257, State=4
Read chunk type
Chunk Type 3
Chunk ID: 6
Data left: 4256, State=6
----------------------
Available data: 4256, State=6
Data left: 4256, State=8
----------------------
Available data: 4256, State=8
Read data: 147984024, left: 11214
Finish read data: 128
Data left: 4128, State=4
----------------------
Available data: 4128, State=4
Read chunk type
Chunk Type 3
Chunk ID: 6
Data left: 4127, State=6
----------------------
Available data: 4127, State=6
Data left: 4127, State=8
----------------------
Available data: 4127, State=8
Read data: 147984024, left: 11086
Finish read data: 128
Data left: 3999, State=4
----------------------
Available data: 3999, State=4
Read chunk type
Chunk Type 3
Chunk ID: 6
Data left: 3998, State=6
----------------------
Available data: 3998, State=6
Data left: 3998, State=8
----------------------
Available data: 3998, State=8
Read data: 147984024, left: 10958
Finish read data: 128
Data left: 3870, State=4
----------------------
Available data: 3870, State=4
Read chunk type
Chunk Type 3
Chunk ID: 6
Data left: 3869, State=6
----------------------
Available data: 3869, State=6
Data left: 3869, State=8
----------------------
Available data: 3869, State=8
Read data: 147984024, left: 10830
Finish read data: 128
Data left: 3741, State=4
----------------------
Available data: 3741, State=4
Read chunk type
Chunk Type 3
Chunk ID: 6
Data left: 3740, State=6
----------------------
Available data: 3740, State=6
Data left: 3740, State=8
----------------------
Available data: 3740, State=8
Read data: 147984024, left: 10702
Finish read data: 128
Data left: 3612, State=4
----------------------
Available data: 3612, State=4
Read chunk type
Chunk Type 3
Chunk ID: 6
Data left: 3611, State=6
----------------------
Available data: 3611, State=6
Data left: 3611, State=8
----------------------
Available data: 3611, State=8
Read data: 147984024, left: 10574
Finish read data: 128
Data left: 3483, State=4
----------------------
Available data: 3483, State=4
Read chunk type
Chunk Type 3
Chunk ID: 6
Data left: 3482, State=6
----------------------
Available data: 3482, State=6
Data left: 3482, State=8
----------------------
Available data: 3482, State=8
Read data: 147984024, left: 10446
Finish read data: 128
Data left: 3354, State=4
----------------------
Available data: 3354, State=4
Read chunk type
Chunk Type 3
Chunk ID: 6
Data left: 3353, State=6
----------------------
Available data: 3353, State=6
Data left: 3353, State=8
----------------------
Available data: 3353, State=8
Read data: 147984024, left: 10318
Finish read data: 128
Data left: 3225, State=4
----------------------
Available data: 3225, State=4
Read chunk type
Chunk Type 3
Chunk ID: 6
Data left: 3224, State=6
----------------------
Available data: 3224, State=6
Data left: 3224, State=8
----------------------
Available data: 3224, State=8
Read data: 147984024, left: 10190
Finish read data: 128
Data left: 3096, State=4
----------------------
Available data: 3096, State=4
Read chunk type
Chunk Type 3
Chunk ID: 6
Data left: 3095, State=6
----------------------
Available data: 3095, State=6
Data left: 3095, State=8
----------------------
Available data: 3095, State=8
Read data: 147984024, left: 10062
Finish read data: 128
Data left: 2967, State=4
----------------------
Available data: 2967, State=4
Read chunk type
Chunk Type 3
Chunk ID: 6
Data left: 2966, State=6
----------------------
Available data: 2966, State=6
Data left: 2966, State=8
----------------------
Available data: 2966, State=8
Read data: 147984024, left: 9934
Finish read data: 128
Data left: 2838, State=4
----------------------
Available data: 2838, State=4
Read chunk type
Chunk Type 3
Chunk ID: 6
Data left: 2837, State=6
----------------------
Available data: 2837, State=6
Data left: 2837, State=8
----------------------
Available data: 2837, State=8
Read data: 147984024, left: 9806
Finish read data: 128
Data left: 2709, State=4
----------------------
Available data: 2709, State=4
Read chunk type
Chunk Type 3
Chunk ID: 6
Data left: 2708, State=6
----------------------
Available data: 2708, State=6
Data left: 2708, State=8
----------------------
Available data: 2708, State=8
Read data: 147984024, left: 9678
Finish read data: 128
Data left: 2580, State=4
----------------------
Available data: 2580, State=4
Read chunk type
Chunk Type 3
Chunk ID: 6
Data left: 2579, State=6
----------------------
Available data: 2579, State=6
Data left: 2579, State=8
----------------------
Available data: 2579, State=8
Read data: 147984024, left: 9550
Finish read data: 128
Data left: 2451, State=4
----------------------
Available data: 2451, State=4
Read chunk type
Chunk Type 3
Chunk ID: 6
Data left: 2450, State=6
----------------------
Available data: 2450, State=6
Data left: 2450, State=8
----------------------
Available data: 2450, State=8
Read data: 147984024, left: 9422
Finish read data: 128
Data left: 2322, State=4
----------------------
Available data: 2322, State=4
Read chunk type
Chunk Type 3
Chunk ID: 6
Data left: 2321, State=6
----------------------
Available data: 2321, State=6
Data left: 2321, State=8
----------------------
Available data: 2321, State=8
Read data: 147984024, left: 9294
Finish read data: 128
Data left: 2193, State=4
----------------------
Available data: 2193, State=4
Read chunk type
Chunk Type 3
Chunk ID: 6
Data left: 2192, State=6
----------------------
Available data: 2192, State=6
Data left: 2192, State=8
----------------------
Available data: 2192, State=8
Read data: 147984024, left: 9166
Finish read data: 128
Data left: 2064, State=4
----------------------
Available data: 2064, State=4
Read chunk type
Chunk Type 3
Chunk ID: 6
Data left: 2063, State=6
----------------------
Available data: 2063, State=6
Data left: 2063, State=8
----------------------
Available data: 2063, State=8
Read data: 147984024, left: 9038
Finish read data: 128
Data left: 1935, State=4
----------------------
Available data: 1935, State=4
Read chunk type
Chunk Type 3
Chunk ID: 6
Data left: 1934, State=6
----------------------
Available data: 1934, State=6
Data left: 1934, State=8
----------------------
Available data: 1934, State=8
Read data: 147984024, left: 8910
Finish read data: 128
Data left: 1806, State=4
----------------------
Available data: 1806, State=4
Read chunk type
Chunk Type 3
Chunk ID: 6
Data left: 1805, State=6
----------------------
Available data: 1805, State=6
Data left: 1805, State=8
----------------------
Available data: 1805, State=8
Read data: 147984024, left: 8782
Finish read data: 128
Data left: 1677, State=4
----------------------
Available data: 1677, State=4
Read chunk type
Chunk Type 3
Chunk ID: 6
Data left: 1676, State=6
----------------------
Available data: 1676, State=6
Data left: 1676, State=8
----------------------
Available data: 1676, State=8
Read data: 147984024, left: 8654
Finish read data: 128
Data left: 1548, State=4
----------------------
Available data: 1548, State=4
Read chunk type
Chunk Type 3
Chunk ID: 6
Data left: 1547, State=6
----------------------
Available data: 1547, State=6
Data left: 1547, State=8
----------------------
Available data: 1547, State=8
Read data: 147984024, left: 8526
Finish read data: 128
Data left: 1419, State=4
----------------------
Available data: 1419, State=4
Read chunk type
Chunk Type 3
Chunk ID: 6
Data left: 1418, State=6
----------------------
Available data: 1418, State=6
Data left: 1418, State=8
----------------------
Available data: 1418, State=8
Read data: 147984024, left: 8398
Finish read data: 128
Data left: 1290, State=4
----------------------
Available data: 1290, State=4
Read chunk type
Chunk Type 3
Chunk ID: 6
Data left: 1289, State=6
----------------------
Available data: 1289, State=6
Data left: 1289, State=8
----------------------
Available data: 1289, State=8
Read data: 147984024, left: 8270
Finish read data: 128
Data left: 1161, State=4
----------------------
Available data: 1161, State=4
Read chunk type
Chunk Type 3
Chunk ID: 6
Data left: 1160, State=6
----------------------
Available data: 1160, State=6
Data left: 1160, State=8
----------------------
Available data: 1160, State=8
Read data: 147984024, left: 8142
Finish read data: 128
Data left: 1032, State=4
----------------------
Available data: 1032, State=4
Read chunk type
Chunk Type 3
Chunk ID: 6
Data left: 1031, State=6
----------------------
Available data: 1031, State=6
Data left: 1031, State=8
----------------------
Available data: 1031, State=8
Read data: 147984024, left: 8014
Finish read data: 128
Data left: 903, State=4
----------------------
Available data: 903, State=4
Read chunk type
Chunk Type 3
Chunk ID: 6
Data left: 902, State=6
----------------------
Available data: 902, State=6
Data left: 902, State=8
----------------------
Available data: 902, State=8
Read data: 147984024, left: 7886
Finish read data: 128
Data left: 774, State=4
----------------------
Available data: 774, State=4
Read chunk type
Chunk Type 3
Chunk ID: 6
Data left: 773, State=6
----------------------
Available data: 773, State=6
Data left: 773, State=8
----------------------
Available data: 773, State=8
Read data: 147984024, left: 7758
Finish read data: 128
Data left: 645, State=4
----------------------
Available data: 645, State=4
Read chunk type
Chunk Type 3
Chunk ID: 6
Data left: 644, State=6
----------------------
Available data: 644, State=6
Data left: 644, State=8
----------------------
Available data: 644, State=8
Read data: 147984024, left: 7630
Finish read data: 128
Data left: 516, State=4
----------------------
Available data: 516, State=4
Read chunk type
Chunk Type 3
Chunk ID: 6
Data left: 515, State=6
----------------------
Available data: 515, State=6
Data left: 515, State=8
----------------------
Available data: 515, State=8
Read data: 147984024, left: 7502
Finish read data: 128
Data left: 387, State=4
----------------------
Available data: 387, State=4
Read chunk type
Chunk Type 3
Chunk ID: 6
Data left: 386, State=6
----------------------
Available data: 386, State=6
Data left: 386, State=8
----------------------
Available data: 386, State=8
Read data: 147984024, left: 7374
Finish read data: 128
Data left: 258, State=4
----------------------
Available data: 258, State=4
Read chunk type
Chunk Type 3
Chunk ID: 6
Data left: 257, State=6
----------------------
Available data: 257, State=6
Data left: 257, State=8
----------------------
Available data: 257, State=8
Read data: 147984024, left: 7246
Finish read data: 128
Data left: 129, State=4
----------------------
Available data: 129, State=4
Read chunk type
Chunk Type 3
Chunk ID: 6
Data left: 128, State=6
----------------------
Available data: 128, State=6
Data left: 128, State=8
----------------------
Available data: 128, State=8
Read data: 147984024, left: 7118
Finish read data: 128
Data left: 0, State=4
Receiving: 4096 0 4096 131073
----------------------
Available data: 4096, State=4
Read chunk type
Chunk Type 3
Chunk ID: 6
Data left: 4095, State=6
----------------------
Available data: 4095, State=6
Data left: 4095, State=8
----------------------
Available data: 4095, State=8
Read data: 147984024, left: 6990
Finish read data: 128
Data left: 3967, State=4
----------------------
Available data: 3967, State=4
Read chunk type
Chunk Type 3
Chunk ID: 6
Data left: 3966, State=6
----------------------
Available data: 3966, State=6
Data left: 3966, State=8
----------------------
Available data: 3966, State=8
Read data: 147984024, left: 6862
Finish read data: 128
Data left: 3838, State=4
----------------------
Available data: 3838, State=4
Read chunk type
Chunk Type 3
Chunk ID: 6
Data left: 3837, State=6
----------------------
Available data: 3837, State=6
Data left: 3837, State=8
----------------------
Available data: 3837, State=8
Read data: 147984024, left: 6734
Finish read data: 128
Data left: 3709, State=4
----------------------
Available data: 3709, State=4
Read chunk type
Chunk Type 3
Chunk ID: 6
Data left: 3708, State=6
----------------------
Available data: 3708, State=6
Data left: 3708, State=8
----------------------
Available data: 3708, State=8
Read data: 147984024, left: 6606
Finish read data: 128
Data left: 3580, State=4
----------------------
Available data: 3580, State=4
Read chunk type
Chunk Type 3
Chunk ID: 6
Data left: 3579, State=6
----------------------
Available data: 3579, State=6
Data left: 3579, State=8
----------------------
Available data: 3579, State=8
Read data: 147984024, left: 6478
Finish read data: 128
Data left: 3451, State=4
----------------------
Available data: 3451, State=4
Read chunk type
Chunk Type 3
Chunk ID: 6
Data left: 3450, State=6
----------------------
Available data: 3450, State=6
Data left: 3450, State=8
----------------------
Available data: 3450, State=8
Read data: 147984024, left: 6350
Finish read data: 128
Data left: 3322, State=4
----------------------
Available data: 3322, State=4
Read chunk type
Chunk Type 3
Chunk ID: 6
Data left: 3321, State=6
----------------------
Available data: 3321, State=6
Data left: 3321, State=8
----------------------
Available data: 3321, State=8
Read data: 147984024, left: 6222
Finish read data: 128
Data left: 3193, State=4
----------------------
Available data: 3193, State=4
Read chunk type
Chunk Type 3
Chunk ID: 6
Data left: 3192, State=6
----------------------
Available data: 3192, State=6
Data left: 3192, State=8
----------------------
Available data: 3192, State=8
Read data: 147984024, left: 6094
Finish read data: 128
Data left: 3064, State=4
----------------------
Available data: 3064, State=4
Read chunk type
Chunk Type 3
Chunk ID: 6
Data left: 3063, State=6
----------------------
Available data: 3063, State=6
Data left: 3063, State=8
----------------------
Available data: 3063, State=8
Read data: 147984024, left: 5966
Finish read data: 128
Data left: 2935, State=4
----------------------
Available data: 2935, State=4
Read chunk type
Chunk Type 3
Chunk ID: 6
Data left: 2934, State=6
----------------------
Available data: 2934, State=6
Data left: 2934, State=8
----------------------
Available data: 2934, State=8
Read data: 147984024, left: 5838
Finish read data: 128
Data left: 2806, State=4
----------------------
Available data: 2806, State=4
Read chunk type
Chunk Type 3
Chunk ID: 6
Data left: 2805, State=6
----------------------
Available data: 2805, State=6
Data left: 2805, State=8
----------------------
Available data: 2805, State=8
Read data: 147984024, left: 5710
Finish read data: 128
Data left: 2677, State=4
----------------------
Available data: 2677, State=4
Read chunk type
Chunk Type 3
Chunk ID: 6
Data left: 2676, State=6
----------------------
Available data: 2676, State=6
Data left: 2676, State=8
----------------------
Available data: 2676, State=8
Read data: 147984024, left: 5582
Finish read data: 128
Data left: 2548, State=4
----------------------
Available data: 2548, State=4
Read chunk type
Chunk Type 3
Chunk ID: 6
Data left: 2547, State=6
----------------------
Available data: 2547, State=6
Data left: 2547, State=8
----------------------
Available data: 2547, State=8
Read data: 147984024, left: 5454
Finish read data: 128
Data left: 2419, State=4
----------------------
Available data: 2419, State=4
Read chunk type
Chunk Type 3
Chunk ID: 6
Data left: 2418, State=6
----------------------
Available data: 2418, State=6
Data left: 2418, State=8
----------------------
Available data: 2418, State=8
Read data: 147984024, left: 5326
Finish read data: 128
Data left: 2290, State=4
----------------------
Available data: 2290, State=4
Read chunk type
Chunk Type 3
Chunk ID: 6
Data left: 2289, State=6
----------------------
Available data: 2289, State=6
Data left: 2289, State=8
----------------------
Available data: 2289, State=8
Read data: 147984024, left: 5198
Finish read data: 128
Data left: 2161, State=4
----------------------
Available data: 2161, State=4
Read chunk type
Chunk Type 3
Chunk ID: 6
Data left: 2160, State=6
----------------------
Available data: 2160, State=6
Data left: 2160, State=8
----------------------
Available data: 2160, State=8
Read data: 147984024, left: 5070
Finish read data: 128
Data left: 2032, State=4
----------------------
Available data: 2032, State=4
Read chunk type
Chunk Type 3
Chunk ID: 6
Data left: 2031, State=6
----------------------
Available data: 2031, State=6
Data left: 2031, State=8
----------------------
Available data: 2031, State=8
Read data: 147984024, left: 4942
Finish read data: 128
Data left: 1903, State=4
----------------------
Available data: 1903, State=4
Read chunk type
Chunk Type 3
Chunk ID: 6
Data left: 1902, State=6
----------------------
Available data: 1902, State=6
Data left: 1902, State=8
----------------------
Available data: 1902, State=8
Read data: 147984024, left: 4814
Finish read data: 128
Data left: 1774, State=4
----------------------
Available data: 1774, State=4
Read chunk type
Chunk Type 3
Chunk ID: 6
Data left: 1773, State=6
----------------------
Available data: 1773, State=6
Data left: 1773, State=8
----------------------
Available data: 1773, State=8
Read data: 147984024, left: 4686
Finish read data: 128
Data left: 1645, State=4
----------------------
Available data: 1645, State=4
Read chunk type
Chunk Type 3
Chunk ID: 6
Data left: 1644, State=6
----------------------
Available data: 1644, State=6
Data left: 1644, State=8
----------------------
Available data: 1644, State=8
Read data: 147984024, left: 4558
Finish read data: 128
Data left: 1516, State=4
----------------------
Available data: 1516, State=4
Read chunk type
Chunk Type 3
Chunk ID: 6
Data left: 1515, State=6
----------------------
Available data: 1515, State=6
Data left: 1515, State=8
----------------------
Available data: 1515, State=8
Read data: 147984024, left: 4430
Finish read data: 128
Data left: 1387, State=4
----------------------
Available data: 1387, State=4
Read chunk type
Chunk Type 3
Chunk ID: 6
Data left: 1386, State=6
----------------------
Available data: 1386, State=6
Data left: 1386, State=8
----------------------
Available data: 1386, State=8
Read data: 147984024, left: 4302
Finish read data: 128
Data left: 1258, State=4
----------------------
Available data: 1258, State=4
Read chunk type
Chunk Type 3
Chunk ID: 6
Data left: 1257, State=6
----------------------
Available data: 1257, State=6
Data left: 1257, State=8
----------------------
Available data: 1257, State=8
Read data: 147984024, left: 4174
Finish read data: 128
Data left: 1129, State=4
----------------------
Available data: 1129, State=4
Read chunk type
Chunk Type 3
Chunk ID: 6
Data left: 1128, State=6
----------------------
Available data: 1128, State=6
Data left: 1128, State=8
----------------------
Available data: 1128, State=8
Read data: 147984024, left: 4046
Finish read data: 128
Data left: 1000, State=4
----------------------
Available data: 1000, State=4
Read chunk type
Chunk Type 3
Chunk ID: 6
Data left: 999, State=6
----------------------
Available data: 999, State=6
Data left: 999, State=8
----------------------
Available data: 999, State=8
Read data: 147984024, left: 3918
Finish read data: 128
Data left: 871, State=4
----------------------
Available data: 871, State=4
Read chunk type
Chunk Type 3
Chunk ID: 6
Data left: 870, State=6
----------------------
Available data: 870, State=6
Data left: 870, State=8
----------------------
Available data: 870, State=8
Read data: 147984024, left: 3790
Finish read data: 128
Data left: 742, State=4
----------------------
Available data: 742, State=4
Read chunk type
Chunk Type 3
Chunk ID: 6
Data left: 741, State=6
----------------------
Available data: 741, State=6
Data left: 741, State=8
----------------------
Available data: 741, State=8
Read data: 147984024, left: 3662
Finish read data: 128
Data left: 613, State=4
----------------------
Available data: 613, State=4
Read chunk type
Chunk Type 3
Chunk ID: 6
Data left: 612, State=6
----------------------
Available data: 612, State=6
Data left: 612, State=8
----------------------
Available data: 612, State=8
Read data: 147984024, left: 3534
Finish read data: 128
Data left: 484, State=4
----------------------
Available data: 484, State=4
Read chunk type
Chunk Type 3
Chunk ID: 6
Data left: 483, State=6
----------------------
Available data: 483, State=6
Data left: 483, State=8
----------------------
Available data: 483, State=8
Read data: 147984024, left: 3406
Finish read data: 128
Data left: 355, State=4
----------------------
Available data: 355, State=4
Read chunk type
Chunk Type 3
Chunk ID: 6
Data left: 354, State=6
----------------------
Available data: 354, State=6
Data left: 354, State=8
----------------------
Available data: 354, State=8
Read data: 147984024, left: 3278
Finish read data: 128
Data left: 226, State=4
----------------------
Available data: 226, State=4
Read chunk type
Chunk Type 3
Chunk ID: 6
Data left: 225, State=6
----------------------
Available data: 225, State=6
Data left: 225, State=8
----------------------
Available data: 225, State=8
Read data: 147984024, left: 3150
Finish read data: 128
Data left: 97, State=4
----------------------
Available data: 97, State=4
Read chunk type
Chunk Type 3
Chunk ID: 6
Data left: 96, State=6
----------------------
Available data: 96, State=6
Data left: 96, State=8
----------------------
Available data: 96, State=8
Data left: 96, State=8
Receiving: 290 4000 4386 131073
----------------------
Available data: 386, State=8
Read data: 147984024, left: 3022
Finish read data: 128
Data left: 258, State=4
----------------------
Available data: 258, State=4
Read chunk type
Chunk Type 3
Chunk ID: 6
Data left: 257, State=6
----------------------
Available data: 257, State=6
Data left: 257, State=8
----------------------
Available data: 257, State=8
Read data: 147984024, left: 2894
Finish read data: 128
Data left: 129, State=4
----------------------
Available data: 129, State=4
Read chunk type
Chunk Type 3
Chunk ID: 6
Data left: 128, State=6
----------------------
Available data: 128, State=6
Data left: 128, State=8
----------------------
Available data: 128, State=8
Read data: 147984024, left: 2766
Finish read data: 128
Data left: 0, State=4
Receiving: 2659 0 2659 131073
----------------------
Available data: 2659, State=4
Read chunk type
Chunk Type 3
Chunk ID: 6
Data left: 2658, State=6
----------------------
Available data: 2658, State=6
Data left: 2658, State=8
----------------------
Available data: 2658, State=8
Read data: 147984024, left: 2638
Finish read data: 128
Data left: 2530, State=4
----------------------
Available data: 2530, State=4
Read chunk type
Chunk Type 3
Chunk ID: 6
Data left: 2529, State=6
----------------------
Available data: 2529, State=6
Data left: 2529, State=8
----------------------
Available data: 2529, State=8
Read data: 147984024, left: 2510
Finish read data: 128
Data left: 2401, State=4
----------------------
Available data: 2401, State=4
Read chunk type
Chunk Type 3
Chunk ID: 6
Data left: 2400, State=6
----------------------
Available data: 2400, State=6
Data left: 2400, State=8
----------------------
Available data: 2400, State=8
Read data: 147984024, left: 2382
Finish read data: 128
Data left: 2272, State=4
----------------------
Available data: 2272, State=4
Read chunk type
Chunk Type 3
Chunk ID: 6
Data left: 2271, State=6
----------------------
Available data: 2271, State=6
Data left: 2271, State=8
----------------------
Available data: 2271, State=8
Read data: 147984024, left: 2254
Finish read data: 128
Data left: 2143, State=4
----------------------
Available data: 2143, State=4
Read chunk type
Chunk Type 3
Chunk ID: 6
Data left: 2142, State=6
----------------------
Available data: 2142, State=6
Data left: 2142, State=8
----------------------
Available data: 2142, State=8
Read data: 147984024, left: 2126
Finish read data: 128
Data left: 2014, State=4
----------------------
Available data: 2014, State=4
Read chunk type
Chunk Type 3
Chunk ID: 6
Data left: 2013, State=6
----------------------
Available data: 2013, State=6
Data left: 2013, State=8
----------------------
Available data: 2013, State=8
Read data: 147984024, left: 1998
Finish read data: 128
Data left: 1885, State=4
----------------------
Available data: 1885, State=4
Read chunk type
Chunk Type 3
Chunk ID: 6
Data left: 1884, State=6
----------------------
Available data: 1884, State=6
Data left: 1884, State=8
----------------------
Available data: 1884, State=8
Read data: 147984024, left: 1870
Finish read data: 128
Data left: 1756, State=4
----------------------
Available data: 1756, State=4
Read chunk type
Chunk Type 3
Chunk ID: 6
Data left: 1755, State=6
----------------------
Available data: 1755, State=6
Data left: 1755, State=8
----------------------
Available data: 1755, State=8
Read data: 147984024, left: 1742
Finish read data: 128
Data left: 1627, State=4
----------------------
Available data: 1627, State=4
Read chunk type
Chunk Type 3
Chunk ID: 6
Data left: 1626, State=6
----------------------
Available data: 1626, State=6
Data left: 1626, State=8
----------------------
Available data: 1626, State=8
Read data: 147984024, left: 1614
Finish read data: 128
Data left: 1498, State=4
----------------------
Available data: 1498, State=4
Read chunk type
Chunk Type 3
Chunk ID: 6
Data left: 1497, State=6
----------------------
Available data: 1497, State=6
Data left: 1497, State=8
----------------------
Available data: 1497, State=8
Read data: 147984024, left: 1486
Finish read data: 128
Data left: 1369, State=4
----------------------
Available data: 1369, State=4
Read chunk type
Chunk Type 3
Chunk ID: 6
Data left: 1368, State=6
----------------------
Available data: 1368, State=6
Data left: 1368, State=8
----------------------
Available data: 1368, State=8
Read data: 147984024, left: 1358
Finish read data: 128
Data left: 1240, State=4
----------------------
Available data: 1240, State=4
Read chunk type
Chunk Type 3
Chunk ID: 6
Data left: 1239, State=6
----------------------
Available data: 1239, State=6
Data left: 1239, State=8
----------------------
Available data: 1239, State=8
Read data: 147984024, left: 1230
Finish read data: 128
Data left: 1111, State=4
----------------------
Available data: 1111, State=4
Read chunk type
Chunk Type 3
Chunk ID: 6
Data left: 1110, State=6
----------------------
Available data: 1110, State=6
Data left: 1110, State=8
----------------------
Available data: 1110, State=8
Read data: 147984024, left: 1102
Finish read data: 128
Data left: 982, State=4
----------------------
Available data: 982, State=4
Read chunk type
Chunk Type 3
Chunk ID: 6
Data left: 981, State=6
----------------------
Available data: 981, State=6
Data left: 981, State=8
----------------------
Available data: 981, State=8
Read data: 147984024, left: 974
Finish read data: 128
Data left: 853, State=4
----------------------
Available data: 853, State=4
Read chunk type
Chunk Type 3
Chunk ID: 6
Data left: 852, State=6
----------------------
Available data: 852, State=6
Data left: 852, State=8
----------------------
Available data: 852, State=8
Read data: 147984024, left: 846
Finish read data: 128
Data left: 724, State=4
----------------------
Available data: 724, State=4
Read chunk type
Chunk Type 3
Chunk ID: 6
Data left: 723, State=6
----------------------
Available data: 723, State=6
Data left: 723, State=8
----------------------
Available data: 723, State=8
Read data: 147984024, left: 718
Finish read data: 128
Data left: 595, State=4
----------------------
Available data: 595, State=4
Read chunk type
Chunk Type 3
Chunk ID: 6
Data left: 594, State=6
----------------------
Available data: 594, State=6
Data left: 594, State=8
----------------------
Available data: 594, State=8
Read data: 147984024, left: 590
Finish read data: 128
Data left: 466, State=4
----------------------
Available data: 466, State=4
Read chunk type
Chunk Type 3
Chunk ID: 6
Data left: 465, State=6
----------------------
Available data: 465, State=6
Data left: 465, State=8
----------------------
Available data: 465, State=8
Read data: 147984024, left: 462
Finish read data: 128
Data left: 337, State=4
----------------------
Available data: 337, State=4
Read chunk type
Chunk Type 3
Chunk ID: 6
Data left: 336, State=6
----------------------
Available data: 336, State=6
Data left: 336, State=8
----------------------
Available data: 336, State=8
Read data: 147984024, left: 334
Finish read data: 128
Data left: 208, State=4
----------------------
Available data: 208, State=4
Read chunk type
Chunk Type 3
Chunk ID: 6
Data left: 207, State=6
----------------------
Available data: 207, State=6
Data left: 207, State=8
----------------------
Available data: 207, State=8
Read data: 147984024, left: 206
Finish read data: 128
Data left: 79, State=4
----------------------
Available data: 79, State=4
Read chunk type
Chunk Type 3
Chunk ID: 6
Data left: 78, State=6
----------------------
Available data: 78, State=6
Data left: 78, State=8
----------------------
Available data: 78, State=8
Read data: 147984024, left: 78
Finish read data: 78

Data left: 0, State=4
Receiving: 4096 0 4096 131073
----------------------
Available data: 4096, State=4
Read chunk type
Chunk Type 1
Chunk ID: 6
Data left: 4095, State=6
----------------------
Available data: 4095, State=6
Read header type 0
Timestamp=633, message_length=90906, message_type=9, message_stream_id=16777216
Data left: 4088, State=8
----------------------
Available data: 4088, State=8
Read data: 147984024, left: 90906
Finish read data: 128
Data left: 3960, State=4
----------------------
Available data: 3960, State=4
Read chunk type
Chunk Type 3
Chunk ID: 6
Data left: 3959, State=6
----------------------
Available data: 3959, State=6
Data left: 3959, State=8
----------------------
Available data: 3959, State=8
Read data: 147984024, left: 90778
Finish read data: 128
Data left: 3831, State=4
----------------------
Available data: 3831, State=4
Read chunk type
Chunk Type 3
Chunk ID: 6
Data left: 3830, State=6
----------------------
Available data: 3830, State=6
Data left: 3830, State=8
----------------------
Available data: 3830, State=8
Read data: 147984024, left: 90650
Finish read data: 128
Data left: 3702, State=4
----------------------
Available data: 3702, State=4
Read chunk type
Chunk Type 3
Chunk ID: 6
Data left: 3701, State=6
----------------------
Available data: 3701, State=6
Data left: 3701, State=8
----------------------
Available data: 3701, State=8
Read data: 147984024, left: 90522
Finish read data: 128
Data left: 3573, State=4
----------------------
Available data: 3573, State=4
Read chunk type
Chunk Type 3
Chunk ID: 6
Data left: 3572, State=6
----------------------
Available data: 3572, State=6
Data left: 3572, State=8
----------------------
Available data: 3572, State=8
Read data: 147984024, left: 90394
Finish read data: 128
Data left: 3444, State=4
----------------------
Available data: 3444, State=4
Read chunk type
Chunk Type 3
Chunk ID: 6
Data left: 3443, State=6
----------------------
Available data: 3443, State=6
Data left: 3443, State=8
----------------------
Available data: 3443, State=8
Read data: 147984024, left: 90266
Finish read data: 128
Data left: 3315, State=4
----------------------
Available data: 3315, State=4
Read chunk type
Chunk Type 3
Chunk ID: 6
Data left: 3314, State=6
----------------------
Available data: 3314, State=6
Data left: 3314, State=8
----------------------
Available data: 3314, State=8
Read data: 147984024, left: 90138
Finish read data: 128
Data left: 3186, State=4
----------------------
Available data: 3186, State=4
Read chunk type
Chunk Type 3
Chunk ID: 6
Data left: 3185, State=6
----------------------
Available data: 3185, State=6
Data left: 3185, State=8
----------------------
Available data: 3185, State=8
Read data: 147984024, left: 90010
Finish read data: 128
Data left: 3057, State=4
----------------------
Available data: 3057, State=4
Read chunk type
Chunk Type 3
Chunk ID: 6
Data left: 3056, State=6
----------------------
Available data: 3056, State=6
Data left: 3056, State=8
----------------------
Available data: 3056, State=8
Read data: 147984024, left: 89882
Finish read data: 128
Data left: 2928, State=4
----------------------
Available data: 2928, State=4
Read chunk type
Chunk Type 3
Chunk ID: 6
Data left: 2927, State=6
----------------------
Available data: 2927, State=6
Data left: 2927, State=8
----------------------
Available data: 2927, State=8
Read data: 147984024, left: 89754
Finish read data: 128
Data left: 2799, State=4
----------------------
Available data: 2799, State=4
Read chunk type
Chunk Type 3
Chunk ID: 6
Data left: 2798, State=6
----------------------
Available data: 2798, State=6
Data left: 2798, State=8
----------------------
Available data: 2798, State=8
Read data: 147984024, left: 89626
Finish read data: 128
Data left: 2670, State=4
----------------------
Available data: 2670, State=4
Read chunk type
Chunk Type 3
Chunk ID: 6
Data left: 2669, State=6
----------------------
Available data: 2669, State=6
Data left: 2669, State=8
----------------------
Available data: 2669, State=8
Read data: 147984024, left: 89498
Finish read data: 128
Data left: 2541, State=4
----------------------
Available data: 2541, State=4
Read chunk type
Chunk Type 3
Chunk ID: 6
Data left: 2540, State=6
----------------------
Available data: 2540, State=6
Data left: 2540, State=8
----------------------
Available data: 2540, State=8
Read data: 147984024, left: 89370
Finish read data: 128
Data left: 2412, State=4
----------------------
Available data: 2412, State=4
Read chunk type
Chunk Type 3
Chunk ID: 6
Data left: 2411, State=6
----------------------
Available data: 2411, State=6
Data left: 2411, State=8
----------------------
Available data: 2411, State=8
Read data: 147984024, left: 89242
Finish read data: 128
Data left: 2283, State=4
----------------------
Available data: 2283, State=4
Read chunk type
Chunk Type 3
Chunk ID: 6
Data left: 2282, State=6
----------------------
Available data: 2282, State=6
Data left: 2282, State=8
----------------------
Available data: 2282, State=8
Read data: 147984024, left: 89114
Finish read data: 128
Data left: 2154, State=4
----------------------
Available data: 2154, State=4
Read chunk type
Chunk Type 3
Chunk ID: 6
Data left: 2153, State=6
----------------------
Available data: 2153, State=6
Data left: 2153, State=8
----------------------
Available data: 2153, State=8
Read data: 147984024, left: 88986
Finish read data: 128
Data left: 2025, State=4
----------------------
Available data: 2025, State=4
Read chunk type
Chunk Type 3
Chunk ID: 6
Data left: 2024, State=6
----------------------
Available data: 2024, State=6
Data left: 2024, State=8
----------------------
Available data: 2024, State=8
Read data: 147984024, left: 88858
Finish read data: 128
Data left: 1896, State=4
----------------------
Available data: 1896, State=4
Read chunk type
Chunk Type 3
Chunk ID: 6
Data left: 1895, State=6
----------------------
Available data: 1895, State=6
Data left: 1895, State=8
----------------------
Available data: 1895, State=8
Read data: 147984024, left: 88730
Finish read data: 128
Data left: 1767, State=4
----------------------
Available data: 1767, State=4
Read chunk type
Chunk Type 3
Chunk ID: 6
Data left: 1766, State=6
----------------------
Available data: 1766, State=6
Data left: 1766, State=8
----------------------
Available data: 1766, State=8
Read data: 147984024, left: 88602
Finish read data: 128
Data left: 1638, State=4
----------------------
Available data: 1638, State=4
Read chunk type
Chunk Type 3
Chunk ID: 6
Data left: 1637, State=6
----------------------
Available data: 1637, State=6
Data left: 1637, State=8
----------------------
Available data: 1637, State=8
Read data: 147984024, left: 88474
Finish read data: 128
Data left: 1509, State=4
----------------------
Available data: 1509, State=4
Read chunk type
Chunk Type 3
Chunk ID: 6
Data left: 1508, State=6
----------------------
Available data: 1508, State=6
Data left: 1508, State=8
----------------------
Available data: 1508, State=8
Read data: 147984024, left: 88346
Finish read data: 128
Data left: 1380, State=4
----------------------
Available data: 1380, State=4
Read chunk type
Chunk Type 3
Chunk ID: 6
Data left: 1379, State=6
----------------------
Available data: 1379, State=6
Data left: 1379, State=8
----------------------
Available data: 1379, State=8
Read data: 147984024, left: 88218
Finish read data: 128
Data left: 1251, State=4
----------------------
Available data: 1251, State=4
Read chunk type
Chunk Type 3
Chunk ID: 6
Data left: 1250, State=6
----------------------
Available data: 1250, State=6
Data left: 1250, State=8
----------------------
Available data: 1250, State=8
Read data: 147984024, left: 88090
Finish read data: 128
Data left: 1122, State=4
----------------------
Available data: 1122, State=4
Read chunk type
Chunk Type 3
Chunk ID: 6
Data left: 1121, State=6
----------------------
Available data: 1121, State=6
Data left: 1121, State=8
----------------------
Available data: 1121, State=8
Read data: 147984024, left: 87962
Finish read data: 128
Data left: 993, State=4
----------------------
Available data: 993, State=4
Read chunk type
Chunk Type 3
Chunk ID: 6
Data left: 992, State=6
----------------------
Available data: 992, State=6
Data left: 992, State=8
----------------------
Available data: 992, State=8
Read data: 147984024, left: 87834
Finish read data: 128
Data left: 864, State=4
----------------------
Available data: 864, State=4
Read chunk type
Chunk Type 3
Chunk ID: 6
Data left: 863, State=6
----------------------
Available data: 863, State=6
Data left: 863, State=8
----------------------
Available data: 863, State=8
Read data: 147984024, left: 87706
Finish read data: 128
Data left: 735, State=4
----------------------
Available data: 735, State=4
Read chunk type
Chunk Type 3
Chunk ID: 6
Data left: 734, State=6
----------------------
Available data: 734, State=6
Data left: 734, State=8
----------------------
Available data: 734, State=8
Read data: 147984024, left: 87578
Finish read data: 128
Data left: 606, State=4
----------------------
Available data: 606, State=4
Read chunk type
Chunk Type 3
Chunk ID: 6
Data left: 605, State=6
----------------------
Available data: 605, State=6
Data left: 605, State=8
----------------------
Available data: 605, State=8
Read data: 147984024, left: 87450
Finish read data: 128
Data left: 477, State=4
----------------------
Available data: 477, State=4
Read chunk type
Chunk Type 3
Chunk ID: 6
Data left: 476, State=6
----------------------
Available data: 476, State=6
Data left: 476, State=8
----------------------
Available data: 476, State=8
Read data: 147984024, left: 87322
Finish read data: 128
Data left: 348, State=4
----------------------
Available data: 348, State=4
Read chunk type
Chunk Type 3
Chunk ID: 6
Data left: 347, State=6
----------------------
Available data: 347, State=6
Data left: 347, State=8
----------------------
Available data: 347, State=8
Read data: 147984024, left: 87194
Finish read data: 128
Data left: 219, State=4
----------------------
Available data: 219, State=4
Read chunk type
Chunk Type 3
Chunk ID: 6
Data left: 218, State=6
----------------------
Available data: 218, State=6
Data left: 218, State=8
----------------------
Available data: 218, State=8
Read data: 147984024, left: 87066
Finish read data: 128
Data left: 90, State=4
----------------------
Available data: 90, State=4
Read chunk type
Chunk Type 3
Chunk ID: 6
Data left: 89, State=6
----------------------
Available data: 89, State=6
Data left: 89, State=8
----------------------
Available data: 89, State=8
Data left: 89, State=8
Receiving: 4096 4007 8192 131073
----------------------
Available data: 4185, State=8
Read data: 147984024, left: 86938
Finish read data: 128
Data left: 4057, State=4
----------------------
Available data: 4057, State=4
Read chunk type
Chunk Type 3
Chunk ID: 6
Data left: 4056, State=6
----------------------
Available data: 4056, State=6
Data left: 4056, State=8
----------------------
Available data: 4056, State=8
Read data: 147984024, left: 86810
Finish read data: 128
Data left: 3928, State=4
----------------------
Available data: 3928, State=4
Read chunk type
Chunk Type 3
Chunk ID: 6
Data left: 3927, State=6
----------------------
Available data: 3927, State=6
Data left: 3927, State=8
----------------------
Available data: 3927, State=8
Read data: 147984024, left: 86682
Finish read data: 128
Data left: 3799, State=4
----------------------
Available data: 3799, State=4
Read chunk type
Chunk Type 3
Chunk ID: 6
Data left: 3798, State=6
----------------------
Available data: 3798, State=6
Data left: 3798, State=8
----------------------
Available data: 3798, State=8
Read data: 147984024, left: 86554
Finish read data: 128
Data left: 3670, State=4
----------------------
Available data: 3670, State=4
Read chunk type
Chunk Type 3
Chunk ID: 6
Data left: 3669, State=6
----------------------
Available data: 3669, State=6
Data left: 3669, State=8
----------------------
Available data: 3669, State=8
Read data: 147984024, left: 86426
Finish read data: 128
Data left: 3541, State=4
----------------------
Available data: 3541, State=4
Read chunk type
Chunk Type 3
Chunk ID: 6
Data left: 3540, State=6
----------------------
Available data: 3540, State=6
Data left: 3540, State=8
----------------------
Available data: 3540, State=8
Read data: 147984024, left: 86298
Finish read data: 128
Data left: 3412, State=4
----------------------
Available data: 3412, State=4
Read chunk type
Chunk Type 3
Chunk ID: 6
Data left: 3411, State=6
----------------------
Available data: 3411, State=6
Data left: 3411, State=8
----------------------
Available data: 3411, State=8
Read data: 147984024, left: 86170
Finish read data: 128
Data left: 3283, State=4
----------------------
Available data: 3283, State=4
Read chunk type
Chunk Type 3
Chunk ID: 6
Data left: 3282, State=6
----------------------
Available data: 3282, State=6
Data left: 3282, State=8
----------------------
Available data: 3282, State=8
Read data: 147984024, left: 86042
Finish read data: 128
Data left: 3154, State=4
----------------------
Available data: 3154, State=4
Read chunk type
Chunk Type 3
Chunk ID: 6
Data left: 3153, State=6
----------------------
Available data: 3153, State=6
Data left: 3153, State=8
----------------------
Available data: 3153, State=8
Read data: 147984024, left: 85914
Finish read data: 128
Data left: 3025, State=4
----------------------
Available data: 3025, State=4
Read chunk type
Chunk Type 3
Chunk ID: 6
Data left: 3024, State=6
----------------------
Available data: 3024, State=6
Data left: 3024, State=8
----------------------
Available data: 3024, State=8
Read data: 147984024, left: 85786
Finish read data: 128
Data left: 2896, State=4
----------------------
Available data: 2896, State=4
Read chunk type
Chunk Type 3
Chunk ID: 6
Data left: 2895, State=6
----------------------
Available data: 2895, State=6
Data left: 2895, State=8
----------------------
Available data: 2895, State=8
Read data: 147984024, left: 85658
Finish read data: 128
Data left: 2767, State=4
----------------------
Available data: 2767, State=4
Read chunk type
Chunk Type 3
Chunk ID: 6
Data left: 2766, State=6
----------------------
Available data: 2766, State=6
Data left: 2766, State=8
----------------------
Available data: 2766, State=8
Read data: 147984024, left: 85530
Finish read data: 128
Data left: 2638, State=4
----------------------
Available data: 2638, State=4
Read chunk type
Chunk Type 3
Chunk ID: 6
Data left: 2637, State=6
----------------------
Available data: 2637, State=6
Data left: 2637, State=8
----------------------
Available data: 2637, State=8
Read data: 147984024, left: 85402
Finish read data: 128
Data left: 2509, State=4
----------------------
Available data: 2509, State=4
Read chunk type
Chunk Type 3
Chunk ID: 6
Data left: 2508, State=6
----------------------
Available data: 2508, State=6
Data left: 2508, State=8
----------------------
Available data: 2508, State=8
Read data: 147984024, left: 85274
Finish read data: 128
Data left: 2380, State=4
----------------------
Available data: 2380, State=4
Read chunk type
Chunk Type 3
Chunk ID: 6
Data left: 2379, State=6
----------------------
Available data: 2379, State=6
Data left: 2379, State=8
----------------------
Available data: 2379, State=8
Read data: 147984024, left: 85146
Finish read data: 128
Data left: 2251, State=4
----------------------
Available data: 2251, State=4
Read chunk type
Chunk Type 3
Chunk ID: 6
Data left: 2250, State=6
----------------------
Available data: 2250, State=6
Data left: 2250, State=8
----------------------
Available data: 2250, State=8
Read data: 147984024, left: 85018
Finish read data: 128
Data left: 2122, State=4
----------------------
Available data: 2122, State=4
Read chunk type
Chunk Type 3
Chunk ID: 6
Data left: 2121, State=6
----------------------
Available data: 2121, State=6
Data left: 2121, State=8
----------------------
Available data: 2121, State=8
Read data: 147984024, left: 84890
Finish read data: 128
Data left: 1993, State=4
----------------------
Available data: 1993, State=4
Read chunk type
Chunk Type 3
Chunk ID: 6
Data left: 1992, State=6
----------------------
Available data: 1992, State=6
Data left: 1992, State=8
----------------------
Available data: 1992, State=8
Read data: 147984024, left: 84762
Finish read data: 128
Data left: 1864, State=4
----------------------
Available data: 1864, State=4
Read chunk type
Chunk Type 3
Chunk ID: 6
Data left: 1863, State=6
----------------------
Available data: 1863, State=6
Data left: 1863, State=8
----------------------
Available data: 1863, State=8
Read data: 147984024, left: 84634
Finish read data: 128
Data left: 1735, State=4
----------------------
Available data: 1735, State=4
Read chunk type
Chunk Type 3
Chunk ID: 6
Data left: 1734, State=6
----------------------
Available data: 1734, State=6
Data left: 1734, State=8
----------------------
Available data: 1734, State=8
Read data: 147984024, left: 84506
Finish read data: 128
Data left: 1606, State=4
----------------------
Available data: 1606, State=4
Read chunk type
Chunk Type 3
Chunk ID: 6
Data left: 1605, State=6
----------------------
Available data: 1605, State=6
Data left: 1605, State=8
----------------------
Available data: 1605, State=8
Read data: 147984024, left: 84378
Finish read data: 128
Data left: 1477, State=4
----------------------
Available data: 1477, State=4
Read chunk type
Chunk Type 3
Chunk ID: 6
Data left: 1476, State=6
----------------------
Available data: 1476, State=6
Data left: 1476, State=8
----------------------
Available data: 1476, State=8
Read data: 147984024, left: 84250
Finish read data: 128
Data left: 1348, State=4
----------------------
Available data: 1348, State=4
Read chunk type
Chunk Type 3
Chunk ID: 6
Data left: 1347, State=6
----------------------
Available data: 1347, State=6
Data left: 1347, State=8
----------------------
Available data: 1347, State=8
Read data: 147984024, left: 84122
Finish read data: 128
Data left: 1219, State=4
----------------------
Available data: 1219, State=4
Read chunk type
Chunk Type 3
Chunk ID: 6
Data left: 1218, State=6
----------------------
Available data: 1218, State=6
Data left: 1218, State=8
----------------------
Available data: 1218, State=8
Read data: 147984024, left: 83994
Finish read data: 128
Data left: 1090, State=4
----------------------
Available data: 1090, State=4
Read chunk type
Chunk Type 3
Chunk ID: 6
Data left: 1089, State=6
----------------------
Available data: 1089, State=6
Data left: 1089, State=8
----------------------
Available data: 1089, State=8
Read data: 147984024, left: 83866
Finish read data: 128
Data left: 961, State=4
----------------------
Available data: 961, State=4
Read chunk type
Chunk Type 3
Chunk ID: 6
Data left: 960, State=6
----------------------
Available data: 960, State=6
Data left: 960, State=8
----------------------
Available data: 960, State=8
Read data: 147984024, left: 83738
Finish read data: 128
Data left: 832, State=4
----------------------
Available data: 832, State=4
Read chunk type
Chunk Type 3
Chunk ID: 6
Data left: 831, State=6
----------------------
Available data: 831, State=6
Data left: 831, State=8
----------------------
Available data: 831, State=8
Read data: 147984024, left: 83610
Finish read data: 128
Data left: 703, State=4
----------------------
Available data: 703, State=4
Read chunk type
Chunk Type 3
Chunk ID: 6
Data left: 702, State=6
----------------------
Available data: 702, State=6
Data left: 702, State=8
----------------------
Available data: 702, State=8
Read data: 147984024, left: 83482
Finish read data: 128
Data left: 574, State=4
----------------------
Available data: 574, State=4
Read chunk type
Chunk Type 3
Chunk ID: 6
Data left: 573, State=6
----------------------
Available data: 573, State=6
Data left: 573, State=8
----------------------
Available data: 573, State=8
Read data: 147984024, left: 83354
Finish read data: 128
Data left: 445, State=4
----------------------
Available data: 445, State=4
Read chunk type
Chunk Type 3
Chunk ID: 6
Data left: 444, State=6
----------------------
Available data: 444, State=6
Data left: 444, State=8
----------------------
Available data: 444, State=8
Read data: 147984024, left: 83226
Finish read data: 128
Data left: 316, State=4
----------------------
Available data: 316, State=4
Read chunk type
Chunk Type 3
Chunk ID: 6
Data left: 315, State=6
----------------------
Available data: 315, State=6
Data left: 315, State=8
----------------------
Available data: 315, State=8
Read data: 147984024, left: 83098
Finish read data: 128
Data left: 187, State=4
----------------------
Available data: 187, State=4
Read chunk type
Chunk Type 3
Chunk ID: 6
Data left: 186, State=6
----------------------
Available data: 186, State=6
Data left: 186, State=8
----------------------
Available data: 186, State=8
Read data: 147984024, left: 82970
Finish read data: 128
Data left: 58, State=4
----------------------
Available data: 58, State=4
Read chunk type
Chunk Type 3
Chunk ID: 6
Data left: 57, State=6
----------------------
Available data: 57, State=6
Data left: 57, State=8
----------------------
Available data: 57, State=8
Data left: 57, State=8
Receiving: 4096 8135 12288 131073
----------------------
Available data: 4153, State=8
Read data: 147984024, left: 82842
Finish read data: 128
Data left: 4025, State=4
----------------------
Available data: 4025, State=4
Read chunk type
Chunk Type 3
Chunk ID: 6
Data left: 4024, State=6
----------------------
Available data: 4024, State=6
Data left: 4024, State=8
----------------------
Available data: 4024, State=8
Read data: 147984024, left: 82714
Finish read data: 128
Data left: 3896, State=4
----------------------
Available data: 3896, State=4
Read chunk type
Chunk Type 3
Chunk ID: 6
Data left: 3895, State=6
----------------------
Available data: 3895, State=6
Data left: 3895, State=8
----------------------
Available data: 3895, State=8
Read data: 147984024, left: 82586
Finish read data: 128
Data left: 3767, State=4
----------------------
Available data: 3767, State=4
Read chunk type
Chunk Type 3
Chunk ID: 6
Data left: 3766, State=6
----------------------
Available data: 3766, State=6
Data left: 3766, State=8
----------------------
Available data: 3766, State=8
Read data: 147984024, left: 82458
Finish read data: 128
Data left: 3638, State=4
----------------------
Available data: 3638, State=4
Read chunk type
Chunk Type 3
Chunk ID: 6
Data left: 3637, State=6
----------------------
Available data: 3637, State=6
Data left: 3637, State=8
----------------------
Available data: 3637, State=8
Read data: 147984024, left: 82330
Finish read data: 128
Data left: 3509, State=4
----------------------
Available data: 3509, State=4
Read chunk type
Chunk Type 3
Chunk ID: 6
Data left: 3508, State=6
----------------------
Available data: 3508, State=6
Data left: 3508, State=8
----------------------
Available data: 3508, State=8
Read data: 147984024, left: 82202
Finish read data: 128
Data left: 3380, State=4
----------------------
Available data: 3380, State=4
Read chunk type
Chunk Type 3
Chunk ID: 6
Data left: 3379, State=6
----------------------
Available data: 3379, State=6
Data left: 3379, State=8
----------------------
Available data: 3379, State=8
Read data: 147984024, left: 82074
Finish read data: 128
Data left: 3251, State=4
----------------------
Available data: 3251, State=4
Read chunk type
Chunk Type 3
Chunk ID: 6
Data left: 3250, State=6
----------------------
Available data: 3250, State=6
Data left: 3250, State=8
----------------------
Available data: 3250, State=8
Read data: 147984024, left: 81946
Finish read data: 128
Data left: 3122, State=4
----------------------
Available data: 3122, State=4
Read chunk type
Chunk Type 3
Chunk ID: 6
Data left: 3121, State=6
----------------------
Available data: 3121, State=6
Data left: 3121, State=8
----------------------
Available data: 3121, State=8
Read data: 147984024, left: 81818
Finish read data: 128
Data left: 2993, State=4
----------------------
Available data: 2993, State=4
Read chunk type
Chunk Type 3
Chunk ID: 6
Data left: 2992, State=6
----------------------
Available data: 2992, State=6
Data left: 2992, State=8
----------------------
Available data: 2992, State=8
Read data: 147984024, left: 81690
Finish read data: 128
Data left: 2864, State=4
----------------------
Available data: 2864, State=4
Read chunk type
Chunk Type 3
Chunk ID: 6
Data left: 2863, State=6
----------------------
Available data: 2863, State=6
Data left: 2863, State=8
----------------------
Available data: 2863, State=8
Read data: 147984024, left: 81562
Finish read data: 128
Data left: 2735, State=4
----------------------
Available data: 2735, State=4
Read chunk type
Chunk Type 3
Chunk ID: 6
Data left: 2734, State=6
----------------------
Available data: 2734, State=6
Data left: 2734, State=8
----------------------
Available data: 2734, State=8
Read data: 147984024, left: 81434
Finish read data: 128
Data left: 2606, State=4
----------------------
Available data: 2606, State=4
Read chunk type
Chunk Type 3
Chunk ID: 6
Data left: 2605, State=6
----------------------
Available data: 2605, State=6
Data left: 2605, State=8
----------------------
Available data: 2605, State=8
Read data: 147984024, left: 81306
Finish read data: 128
Data left: 2477, State=4
----------------------
Available data: 2477, State=4
Read chunk type
Chunk Type 3
Chunk ID: 6
Data left: 2476, State=6
----------------------
Available data: 2476, State=6
Data left: 2476, State=8
----------------------
Available data: 2476, State=8
Read data: 147984024, left: 81178
Finish read data: 128
Data left: 2348, State=4
----------------------
Available data: 2348, State=4
Read chunk type
Chunk Type 3
Chunk ID: 6
Data left: 2347, State=6
----------------------
Available data: 2347, State=6
Data left: 2347, State=8
----------------------
Available data: 2347, State=8
Read data: 147984024, left: 81050
Finish read data: 128
Data left: 2219, State=4
----------------------
Available data: 2219, State=4
Read chunk type
Chunk Type 3
Chunk ID: 6
Data left: 2218, State=6
----------------------
Available data: 2218, State=6
Data left: 2218, State=8
----------------------
Available data: 2218, State=8
Read data: 147984024, left: 80922
Finish read data: 128
Data left: 2090, State=4
----------------------
Available data: 2090, State=4
Read chunk type
Chunk Type 3
Chunk ID: 6
Data left: 2089, State=6
----------------------
Available data: 2089, State=6
Data left: 2089, State=8
----------------------
Available data: 2089, State=8
Read data: 147984024, left: 80794
Finish read data: 128
Data left: 1961, State=4
----------------------
Available data: 1961, State=4
Read chunk type
Chunk Type 3
Chunk ID: 6
Data left: 1960, State=6
----------------------
Available data: 1960, State=6
Data left: 1960, State=8
----------------------
Available data: 1960, State=8
Read data: 147984024, left: 80666
Finish read data: 128
Data left: 1832, State=4
----------------------
Available data: 1832, State=4
Read chunk type
Chunk Type 3
Chunk ID: 6
Data left: 1831, State=6
----------------------
Available data: 1831, State=6
Data left: 1831, State=8
----------------------
Available data: 1831, State=8
Read data: 147984024, left: 80538
Finish read data: 128
Data left: 1703, State=4
----------------------
Available data: 1703, State=4
Read chunk type
Chunk Type 3
Chunk ID: 6
Data left: 1702, State=6
----------------------
Available data: 1702, State=6
Data left: 1702, State=8
----------------------
Available data: 1702, State=8
Read data: 147984024, left: 80410
Finish read data: 128
Data left: 1574, State=4
----------------------
Available data: 1574, State=4
Read chunk type
Chunk Type 3
Chunk ID: 6
Data left: 1573, State=6
----------------------
Available data: 1573, State=6
Data left: 1573, State=8
----------------------
Available data: 1573, State=8
Read data: 147984024, left: 80282
Finish read data: 128
Data left: 1445, State=4
----------------------
Available data: 1445, State=4
Read chunk type
Chunk Type 3
Chunk ID: 6
Data left: 1444, State=6
----------------------
Available data: 1444, State=6
Data left: 1444, State=8
----------------------
Available data: 1444, State=8
Read data: 147984024, left: 80154
Finish read data: 128
Data left: 1316, State=4
----------------------
Available data: 1316, State=4
Read chunk type
Chunk Type 3
Chunk ID: 6
Data left: 1315, State=6
----------------------
Available data: 1315, State=6
Data left: 1315, State=8
----------------------
Available data: 1315, State=8
Read data: 147984024, left: 80026
Finish read data: 128
Data left: 1187, State=4
----------------------
Available data: 1187, State=4
Read chunk type
Chunk Type 3
Chunk ID: 6
Data left: 1186, State=6
----------------------
Available data: 1186, State=6
Data left: 1186, State=8
----------------------
Available data: 1186, State=8
Read data: 147984024, left: 79898
Finish read data: 128
Data left: 1058, State=4
----------------------
Available data: 1058, State=4
Read chunk type
Chunk Type 3
Chunk ID: 6
Data left: 1057, State=6
----------------------
Available data: 1057, State=6
Data left: 1057, State=8
----------------------
Available data: 1057, State=8
Read data: 147984024, left: 79770
Finish read data: 128
Data left: 929, State=4
----------------------
Available data: 929, State=4
Read chunk type
Chunk Type 3
Chunk ID: 6
Data left: 928, State=6
----------------------
Available data: 928, State=6
Data left: 928, State=8
----------------------
Available data: 928, State=8
Read data: 147984024, left: 79642
Finish read data: 128
Data left: 800, State=4
----------------------
Available data: 800, State=4
Read chunk type
Chunk Type 3
Chunk ID: 6
Data left: 799, State=6
----------------------
Available data: 799, State=6
Data left: 799, State=8
----------------------
Available data: 799, State=8
Read data: 147984024, left: 79514
Finish read data: 128
Data left: 671, State=4
----------------------
Available data: 671, State=4
Read chunk type
Chunk Type 3
Chunk ID: 6
Data left: 670, State=6
----------------------
Available data: 670, State=6
Data left: 670, State=8
----------------------
Available data: 670, State=8
Read data: 147984024, left: 79386
Finish read data: 128
Data left: 542, State=4
----------------------
Available data: 542, State=4
Read chunk type
Chunk Type 3
Chunk ID: 6
Data left: 541, State=6
----------------------
Available data: 541, State=6
Data left: 541, State=8
----------------------
Available data: 541, State=8
Read data: 147984024, left: 79258
Finish read data: 128
Data left: 413, State=4
----------------------
Available data: 413, State=4
Read chunk type
Chunk Type 3
Chunk ID: 6
Data left: 412, State=6
----------------------
Available data: 412, State=6
Data left: 412, State=8
----------------------
Available data: 412, State=8
Read data: 147984024, left: 79130
Finish read data: 128
Data left: 284, State=4
----------------------
Available data: 284, State=4
Read chunk type
Chunk Type 3
Chunk ID: 6
Data left: 283, State=6
----------------------
Available data: 283, State=6
Data left: 283, State=8
----------------------
Available data: 283, State=8
Read data: 147984024, left: 79002
Finish read data: 128
Data left: 155, State=4
----------------------
Available data: 155, State=4
Read chunk type
Chunk Type 3
Chunk ID: 6
Data left: 154, State=6
----------------------
Available data: 154, State=6
Data left: 154, State=8
----------------------
Available data: 154, State=8
Read data: 147984024, left: 78874
Finish read data: 128
Data left: 26, State=4
----------------------
Available data: 26, State=4
Read chunk type
Chunk Type 3
Chunk ID: 6
Data left: 25, State=6
----------------------
Available data: 25, State=6
Data left: 25, State=8
----------------------
Available data: 25, State=8
Data left: 25, State=8
Receiving: 1264 12263 13552 131073
----------------------
Available data: 1289, State=8
Read data: 147984024, left: 78746
Finish read data: 128
Data left: 1161, State=4
----------------------
Available data: 1161, State=4
Read chunk type
Chunk Type 3
Chunk ID: 6
Data left: 1160, State=6
----------------------
Available data: 1160, State=6
Data left: 1160, State=8
----------------------
Available data: 1160, State=8
Read data: 147984024, left: 78618
Finish read data: 128
Data left: 1032, State=4
----------------------
Available data: 1032, State=4
Read chunk type
Chunk Type 3
Chunk ID: 6
Data left: 1031, State=6
----------------------
Available data: 1031, State=6
Data left: 1031, State=8
----------------------
Available data: 1031, State=8
Read data: 147984024, left: 78490
Finish read data: 128
Data left: 903, State=4
----------------------
Available data: 903, State=4
Read chunk type
Chunk Type 3
Chunk ID: 6
Data left: 902, State=6
----------------------
Available data: 902, State=6
Data left: 902, State=8
----------------------
Available data: 902, State=8
Read data: 147984024, left: 78362
Finish read data: 128
Data left: 774, State=4
----------------------
Available data: 774, State=4
Read chunk type
Chunk Type 3
Chunk ID: 6
Data left: 773, State=6
----------------------
Available data: 773, State=6
Data left: 773, State=8
----------------------
Available data: 773, State=8
Read data: 147984024, left: 78234
Finish read data: 128
Data left: 645, State=4
----------------------
Available data: 645, State=4
Read chunk type
Chunk Type 3
Chunk ID: 6
Data left: 644, State=6
----------------------
Available data: 644, State=6
Data left: 644, State=8
----------------------
Available data: 644, State=8
Read data: 147984024, left: 78106
Finish read data: 128
Data left: 516, State=4
----------------------
Available data: 516, State=4
Read chunk type
Chunk Type 3
Chunk ID: 6
Data left: 515, State=6
----------------------
Available data: 515, State=6
Data left: 515, State=8
----------------------
Available data: 515, State=8
Read data: 147984024, left: 77978
Finish read data: 128
Data left: 387, State=4
----------------------
Available data: 387, State=4
Read chunk type
Chunk Type 3
Chunk ID: 6
Data left: 386, State=6
----------------------
Available data: 386, State=6
Data left: 386, State=8
----------------------
Available data: 386, State=8
Read data: 147984024, left: 77850
Finish read data: 128
Data left: 258, State=4
----------------------
Available data: 258, State=4
Read chunk type
Chunk Type 3
Chunk ID: 6
Data left: 257, State=6
----------------------
Available data: 257, State=6
Data left: 257, State=8
----------------------
Available data: 257, State=8
Read data: 147984024, left: 77722
Finish read data: 128
Data left: 129, State=4
----------------------
Available data: 129, State=4
Read chunk type
Chunk Type 3
Chunk ID: 6
Data left: 128, State=6
----------------------
Available data: 128, State=6
Data left: 128, State=8
----------------------
Available data: 128, State=8
Read data: 147984024, left: 77594
Finish read data: 128
Data left: 0, State=4
Receiving: 4096 0 4096 131073
----------------------
Available data: 4096, State=4
Read chunk type
Chunk Type 3
Chunk ID: 6
Data left: 4095, State=6
----------------------
Available data: 4095, State=6
Data left: 4095, State=8
----------------------
Available data: 4095, State=8
Read data: 147984024, left: 77466
Finish read data: 128
Data left: 3967, State=4
----------------------
Available data: 3967, State=4
Read chunk type
Chunk Type 3
Chunk ID: 6
Data left: 3966, State=6
----------------------
Available data: 3966, State=6
Data left: 3966, State=8
----------------------
Available data: 3966, State=8
Read data: 147984024, left: 77338
Finish read data: 128
Data left: 3838, State=4
----------------------
Available data: 3838, State=4
Read chunk type
Chunk Type 3
Chunk ID: 6
Data left: 3837, State=6
----------------------
Available data: 3837, State=6
Data left: 3837, State=8
----------------------
Available data: 3837, State=8
Read data: 147984024, left: 77210
Finish read data: 128
Data left: 3709, State=4
----------------------
Available data: 3709, State=4
Read chunk type
Chunk Type 3
Chunk ID: 6
Data left: 3708, State=6
----------------------
Available data: 3708, State=6
Data left: 3708, State=8
----------------------
Available data: 3708, State=8
Read data: 147984024, left: 77082
Finish read data: 128
Data left: 3580, State=4
----------------------
Available data: 3580, State=4
Read chunk type
Chunk Type 3
Chunk ID: 6
Data left: 3579, State=6
----------------------
Available data: 3579, State=6
Data left: 3579, State=8
----------------------
Available data: 3579, State=8
Read data: 147984024, left: 76954
Finish read data: 128
Data left: 3451, State=4
----------------------
Available data: 3451, State=4
Read chunk type
Chunk Type 3
Chunk ID: 6
Data left: 3450, State=6
----------------------
Available data: 3450, State=6
Data left: 3450, State=8
----------------------
Available data: 3450, State=8
Read data: 147984024, left: 76826
Finish read data: 128
Data left: 3322, State=4
----------------------
Available data: 3322, State=4
Read chunk type
Chunk Type 3
Chunk ID: 6
Data left: 3321, State=6
----------------------
Available data: 3321, State=6
Data left: 3321, State=8
----------------------
Available data: 3321, State=8
Read data: 147984024, left: 76698
Finish read data: 128
Data left: 3193, State=4
----------------------
Available data: 3193, State=4
Read chunk type
Chunk Type 3
Chunk ID: 6
Data left: 3192, State=6
----------------------
Available data: 3192, State=6
Data left: 3192, State=8
----------------------
Available data: 3192, State=8
Read data: 147984024, left: 76570
Finish read data: 128
Data left: 3064, State=4
----------------------
Available data: 3064, State=4
Read chunk type
Chunk Type 3
Chunk ID: 6
Data left: 3063, State=6
----------------------
Available data: 3063, State=6
Data left: 3063, State=8
----------------------
Available data: 3063, State=8
Read data: 147984024, left: 76442
Finish read data: 128
Data left: 2935, State=4
----------------------
Available data: 2935, State=4
Read chunk type
Chunk Type 3
Chunk ID: 6
Data left: 2934, State=6
----------------------
Available data: 2934, State=6
Data left: 2934, State=8
----------------------
Available data: 2934, State=8
Read data: 147984024, left: 76314
Finish read data: 128
Data left: 2806, State=4
----------------------
Available data: 2806, State=4
Read chunk type
Chunk Type 3
Chunk ID: 6
Data left: 2805, State=6
----------------------
Available data: 2805, State=6
Data left: 2805, State=8
----------------------
Available data: 2805, State=8
Read data: 147984024, left: 76186
Finish read data: 128
Data left: 2677, State=4
----------------------
Available data: 2677, State=4
Read chunk type
Chunk Type 3
Chunk ID: 6
Data left: 2676, State=6
----------------------
Available data: 2676, State=6
Data left: 2676, State=8
----------------------
Available data: 2676, State=8
Read data: 147984024, left: 76058
Finish read data: 128
Data left: 2548, State=4
----------------------
Available data: 2548, State=4
Read chunk type
Chunk Type 3
Chunk ID: 6
Data left: 2547, State=6
----------------------
Available data: 2547, State=6
Data left: 2547, State=8
----------------------
Available data: 2547, State=8
Read data: 147984024, left: 75930
Finish read data: 128
Data left: 2419, State=4
----------------------
Available data: 2419, State=4
Read chunk type
Chunk Type 3
Chunk ID: 6
Data left: 2418, State=6
----------------------
Available data: 2418, State=6
Data left: 2418, State=8
----------------------
Available data: 2418, State=8
Read data: 147984024, left: 75802
Finish read data: 128
Data left: 2290, State=4
----------------------
Available data: 2290, State=4
Read chunk type
Chunk Type 3
Chunk ID: 6
Data left: 2289, State=6
----------------------
Available data: 2289, State=6
Data left: 2289, State=8
----------------------
Available data: 2289, State=8
Read data: 147984024, left: 75674
Finish read data: 128
Data left: 2161, State=4
----------------------
Available data: 2161, State=4
Read chunk type
Chunk Type 3
Chunk ID: 6
Data left: 2160, State=6
----------------------
Available data: 2160, State=6
Data left: 2160, State=8
----------------------
Available data: 2160, State=8
Read data: 147984024, left: 75546
Finish read data: 128
Data left: 2032, State=4
----------------------
Available data: 2032, State=4
Read chunk type
Chunk Type 3
Chunk ID: 6
Data left: 2031, State=6
----------------------
Available data: 2031, State=6
Data left: 2031, State=8
----------------------
Available data: 2031, State=8
Read data: 147984024, left: 75418
Finish read data: 128
Data left: 1903, State=4
----------------------
Available data: 1903, State=4
Read chunk type
Chunk Type 3
Chunk ID: 6
Data left: 1902, State=6
----------------------
Available data: 1902, State=6
Data left: 1902, State=8
----------------------
Available data: 1902, State=8
Read data: 147984024, left: 75290
Finish read data: 128
Data left: 1774, State=4
----------------------
Available data: 1774, State=4
Read chunk type
Chunk Type 3
Chunk ID: 6
Data left: 1773, State=6
----------------------
Available data: 1773, State=6
Data left: 1773, State=8
----------------------
Available data: 1773, State=8
Read data: 147984024, left: 75162
Finish read data: 128
Data left: 1645, State=4
----------------------
Available data: 1645, State=4
Read chunk type
Chunk Type 3
Chunk ID: 6
Data left: 1644, State=6
----------------------
Available data: 1644, State=6
Data left: 1644, State=8
----------------------
Available data: 1644, State=8
Read data: 147984024, left: 75034
Finish read data: 128
Data left: 1516, State=4
----------------------
Available data: 1516, State=4
Read chunk type
Chunk Type 3
Chunk ID: 6
Data left: 1515, State=6
----------------------
Available data: 1515, State=6
Data left: 1515, State=8
----------------------
Available data: 1515, State=8
Read data: 147984024, left: 74906
Finish read data: 128
Data left: 1387, State=4
----------------------
Available data: 1387, State=4
Read chunk type
Chunk Type 3
Chunk ID: 6
Data left: 1386, State=6
----------------------
Available data: 1386, State=6
Data left: 1386, State=8
----------------------
Available data: 1386, State=8
Read data: 147984024, left: 74778
Finish read data: 128
Data left: 1258, State=4
----------------------
Available data: 1258, State=4
Read chunk type
Chunk Type 3
Chunk ID: 6
Data left: 1257, State=6
----------------------
Available data: 1257, State=6
Data left: 1257, State=8
----------------------
Available data: 1257, State=8
Read data: 147984024, left: 74650
Finish read data: 128
Data left: 1129, State=4
----------------------
Available data: 1129, State=4
Read chunk type
Chunk Type 3
Chunk ID: 6
Data left: 1128, State=6
----------------------
Available data: 1128, State=6
Data left: 1128, State=8
----------------------
Available data: 1128, State=8
Read data: 147984024, left: 74522
Finish read data: 128
Data left: 1000, State=4
----------------------
Available data: 1000, State=4
Read chunk type
Chunk Type 3
Chunk ID: 6
Data left: 999, State=6
----------------------
Available data: 999, State=6
Data left: 999, State=8
----------------------
Available data: 999, State=8
Read data: 147984024, left: 74394
Finish read data: 128
Data left: 871, State=4
----------------------
Available data: 871, State=4
Read chunk type
Chunk Type 3
Chunk ID: 6
Data left: 870, State=6
----------------------
Available data: 870, State=6
Data left: 870, State=8
----------------------
Available data: 870, State=8
Read data: 147984024, left: 74266
Finish read data: 128
Data left: 742, State=4
----------------------
Available data: 742, State=4
Read chunk type
Chunk Type 3
Chunk ID: 6
Data left: 741, State=6
----------------------
Available data: 741, State=6
Data left: 741, State=8
----------------------
Available data: 741, State=8
Read data: 147984024, left: 74138
Finish read data: 128
Data left: 613, State=4
----------------------
Available data: 613, State=4
Read chunk type
Chunk Type 3
Chunk ID: 6
Data left: 612, State=6
----------------------
Available data: 612, State=6
Data left: 612, State=8
----------------------
Available data: 612, State=8
Read data: 147984024, left: 74010
Finish read data: 128
Data left: 484, State=4
----------------------
Available data: 484, State=4
Read chunk type
Chunk Type 3
Chunk ID: 6
Data left: 483, State=6
----------------------
Available data: 483, State=6
Data left: 483, State=8
----------------------
Available data: 483, State=8
Read data: 147984024, left: 73882
Finish read data: 128
Data left: 355, State=4
----------------------
Available data: 355, State=4
Read chunk type
Chunk Type 3
Chunk ID: 6
Data left: 354, State=6
----------------------
Available data: 354, State=6
Data left: 354, State=8
----------------------
Available data: 354, State=8
Read data: 147984024, left: 73754
Finish read data: 128
Data left: 226, State=4
----------------------
Available data: 226, State=4
Read chunk type
Chunk Type 3
Chunk ID: 6
Data left: 225, State=6
----------------------
Available data: 225, State=6
Data left: 225, State=8
----------------------
Available data: 225, State=8
Read data: 147984024, left: 73626
Finish read data: 128
Data left: 97, State=4
----------------------
Available data: 97, State=4
Read chunk type
Chunk Type 3
Chunk ID: 6
Data left: 96, State=6
----------------------
Available data: 96, State=6
Data left: 96, State=8
----------------------
Available data: 96, State=8
Data left: 96, State=8
Receiving: 290 4000 4386 131073
----------------------
Available data: 386, State=8
Read data: 147984024, left: 73498
Finish read data: 128
Data left: 258, State=4
----------------------
Available data: 258, State=4
Read chunk type
Chunk Type 3
Chunk ID: 6
Data left: 257, State=6
----------------------
Available data: 257, State=6
Data left: 257, State=8
----------------------
Available data: 257, State=8
Read data: 147984024, left: 73370
Finish read data: 128
Data left: 129, State=4
----------------------
Available data: 129, State=4
Read chunk type
Chunk Type 3
Chunk ID: 6
Data left: 128, State=6
----------------------
Available data: 128, State=6
Data left: 128, State=8
----------------------
Available data: 128, State=8
Read data: 147984024, left: 73242
Finish read data: 128
Data left: 0, State=4
Receiving: 4096 0 4096 131073
----------------------
Available data: 4096, State=4
Read chunk type
Chunk Type 3
Chunk ID: 6
Data left: 4095, State=6
----------------------
Available data: 4095, State=6
Data left: 4095, State=8
----------------------
Available data: 4095, State=8
Read data: 147984024, left: 73114
Finish read data: 128
Data left: 3967, State=4
----------------------
Available data: 3967, State=4
Read chunk type
Chunk Type 3
Chunk ID: 6
Data left: 3966, State=6
----------------------
Available data: 3966, State=6
Data left: 3966, State=8
----------------------
Available data: 3966, State=8
Read data: 147984024, left: 72986
Finish read data: 128
Data left: 3838, State=4
----------------------
Available data: 3838, State=4
Read chunk type
Chunk Type 3
Chunk ID: 6
Data left: 3837, State=6
----------------------
Available data: 3837, State=6
Data left: 3837, State=8
----------------------
Available data: 3837, State=8
Read data: 147984024, left: 72858
Finish read data: 128
Data left: 3709, State=4
----------------------
Available data: 3709, State=4
Read chunk type
Chunk Type 3
Chunk ID: 6
Data left: 3708, State=6
----------------------
Available data: 3708, State=6
Data left: 3708, State=8
----------------------
Available data: 3708, State=8
Read data: 147984024, left: 72730
Finish read data: 128
Data left: 3580, State=4
----------------------
Available data: 3580, State=4
Read chunk type
Chunk Type 3
Chunk ID: 6
Data left: 3579, State=6
----------------------
Available data: 3579, State=6
Data left: 3579, State=8
----------------------
Available data: 3579, State=8
Read data: 147984024, left: 72602
Finish read data: 128
Data left: 3451, State=4
----------------------
Available data: 3451, State=4
Read chunk type
Chunk Type 3
Chunk ID: 6
Data left: 3450, State=6
----------------------
Available data: 3450, State=6
Data left: 3450, State=8
----------------------
Available data: 3450, State=8
Read data: 147984024, left: 72474
Finish read data: 128
Data left: 3322, State=4
----------------------
Available data: 3322, State=4
Read chunk type
Chunk Type 3
Chunk ID: 6
Data left: 3321, State=6
----------------------
Available data: 3321, State=6
Data left: 3321, State=8
----------------------
Available data: 3321, State=8
Read data: 147984024, left: 72346
Finish read data: 128
Data left: 3193, State=4
----------------------
Available data: 3193, State=4
Read chunk type
Chunk Type 3
Chunk ID: 6
Data left: 3192, State=6
----------------------
Available data: 3192, State=6
Data left: 3192, State=8
----------------------
Available data: 3192, State=8
Read data: 147984024, left: 72218
Finish read data: 128
Data left: 3064, State=4
----------------------
Available data: 3064, State=4
Read chunk type
Chunk Type 3
Chunk ID: 6
Data left: 3063, State=6
----------------------
Available data: 3063, State=6
Data left: 3063, State=8
----------------------
Available data: 3063, State=8
Read data: 147984024, left: 72090
Finish read data: 128
Data left: 2935, State=4
----------------------
Available data: 2935, State=4
Read chunk type
Chunk Type 3
Chunk ID: 6
Data left: 2934, State=6
----------------------
Available data: 2934, State=6
Data left: 2934, State=8
----------------------
Available data: 2934, State=8
Read data: 147984024, left: 71962
Finish read data: 128
Data left: 2806, State=4
----------------------
Available data: 2806, State=4
Read chunk type
Chunk Type 3
Chunk ID: 6
Data left: 2805, State=6
----------------------
Available data: 2805, State=6
Data left: 2805, State=8
----------------------
Available data: 2805, State=8
Read data: 147984024, left: 71834
Finish read data: 128
Data left: 2677, State=4
----------------------
Available data: 2677, State=4
Read chunk type
Chunk Type 3
Chunk ID: 6
Data left: 2676, State=6
----------------------
Available data: 2676, State=6
Data left: 2676, State=8
----------------------
Available data: 2676, State=8
Read data: 147984024, left: 71706
Finish read data: 128
Data left: 2548, State=4
----------------------
Available data: 2548, State=4
Read chunk type
Chunk Type 3
Chunk ID: 6
Data left: 2547, State=6
----------------------
Available data: 2547, State=6
Data left: 2547, State=8
----------------------
Available data: 2547, State=8
Read data: 147984024, left: 71578
Finish read data: 128
Data left: 2419, State=4
----------------------
Available data: 2419, State=4
Read chunk type
Chunk Type 3
Chunk ID: 6
Data left: 2418, State=6
----------------------
Available data: 2418, State=6
Data left: 2418, State=8
----------------------
Available data: 2418, State=8
Read data: 147984024, left: 71450
Finish read data: 128
Data left: 2290, State=4
----------------------
Available data: 2290, State=4
Read chunk type
Chunk Type 3
Chunk ID: 6
Data left: 2289, State=6
----------------------
Available data: 2289, State=6
Data left: 2289, State=8
----------------------
Available data: 2289, State=8
Read data: 147984024, left: 71322
Finish read data: 128
Data left: 2161, State=4
----------------------
Available data: 2161, State=4
Read chunk type
Chunk Type 3
Chunk ID: 6
Data left: 2160, State=6
----------------------
Available data: 2160, State=6
Data left: 2160, State=8
----------------------
Available data: 2160, State=8
Read data: 147984024, left: 71194
Finish read data: 128
Data left: 2032, State=4
----------------------
Available data: 2032, State=4
Read chunk type
Chunk Type 3
Chunk ID: 6
Data left: 2031, State=6
----------------------
Available data: 2031, State=6
Data left: 2031, State=8
----------------------
Available data: 2031, State=8
Read data: 147984024, left: 71066
Finish read data: 128
Data left: 1903, State=4
----------------------
Available data: 1903, State=4
Read chunk type
Chunk Type 3
Chunk ID: 6
Data left: 1902, State=6
----------------------
Available data: 1902, State=6
Data left: 1902, State=8
----------------------
Available data: 1902, State=8
Read data: 147984024, left: 70938
Finish read data: 128
Data left: 1774, State=4
----------------------
Available data: 1774, State=4
Read chunk type
Chunk Type 3
Chunk ID: 6
Data left: 1773, State=6
----------------------
Available data: 1773, State=6
Data left: 1773, State=8
----------------------
Available data: 1773, State=8
Read data: 147984024, left: 70810
Finish read data: 128
Data left: 1645, State=4
----------------------
Available data: 1645, State=4
Read chunk type
Chunk Type 3
Chunk ID: 6
Data left: 1644, State=6
----------------------
Available data: 1644, State=6
Data left: 1644, State=8
----------------------
Available data: 1644, State=8
Read data: 147984024, left: 70682
Finish read data: 128
Data left: 1516, State=4
----------------------
Available data: 1516, State=4
Read chunk type
Chunk Type 3
Chunk ID: 6
Data left: 1515, State=6
----------------------
Available data: 1515, State=6
Data left: 1515, State=8
----------------------
Available data: 1515, State=8
Read data: 147984024, left: 70554
Finish read data: 128
Data left: 1387, State=4
----------------------
Available data: 1387, State=4
Read chunk type
Chunk Type 3
Chunk ID: 6
Data left: 1386, State=6
----------------------
Available data: 1386, State=6
Data left: 1386, State=8
----------------------
Available data: 1386, State=8
Read data: 147984024, left: 70426
Finish read data: 128
Data left: 1258, State=4
----------------------
Available data: 1258, State=4
Read chunk type
Chunk Type 3
Chunk ID: 6
Data left: 1257, State=6
----------------------
Available data: 1257, State=6
Data left: 1257, State=8
----------------------
Available data: 1257, State=8
Read data: 147984024, left: 70298
Finish read data: 128
Data left: 1129, State=4
----------------------
Available data: 1129, State=4
Read chunk type
Chunk Type 3
Chunk ID: 6
Data left: 1128, State=6
----------------------
Available data: 1128, State=6
Data left: 1128, State=8
----------------------
Available data: 1128, State=8
Read data: 147984024, left: 70170
Finish read data: 128
Data left: 1000, State=4
----------------------
Available data: 1000, State=4
Read chunk type
Chunk Type 3
Chunk ID: 6
Data left: 999, State=6
----------------------
Available data: 999, State=6
Data left: 999, State=8
----------------------
Available data: 999, State=8
Read data: 147984024, left: 70042
Finish read data: 128
Data left: 871, State=4
----------------------
Available data: 871, State=4
Read chunk type
Chunk Type 3
Chunk ID: 6
Data left: 870, State=6
----------------------
Available data: 870, State=6
Data left: 870, State=8
----------------------
Available data: 870, State=8
Read data: 147984024, left: 69914
Finish read data: 128
Data left: 742, State=4
----------------------
Available data: 742, State=4
Read chunk type
Chunk Type 3
Chunk ID: 6
Data left: 741, State=6
----------------------
Available data: 741, State=6
Data left: 741, State=8
----------------------
Available data: 741, State=8
Read data: 147984024, left: 69786
Finish read data: 128
Data left: 613, State=4
----------------------
Available data: 613, State=4
Read chunk type
Chunk Type 3
Chunk ID: 6
Data left: 612, State=6
----------------------
Available data: 612, State=6
Data left: 612, State=8
----------------------
Available data: 612, State=8
Read data: 147984024, left: 69658
Finish read data: 128
Data left: 484, State=4
----------------------
Available data: 484, State=4
Read chunk type
Chunk Type 3
Chunk ID: 6
Data left: 483, State=6
----------------------
Available data: 483, State=6
Data left: 483, State=8
----------------------
Available data: 483, State=8
Read data: 147984024, left: 69530
Finish read data: 128
Data left: 355, State=4
----------------------
Available data: 355, State=4
Read chunk type
Chunk Type 3
Chunk ID: 6
Data left: 354, State=6
----------------------
Available data: 354, State=6
Data left: 354, State=8
----------------------
Available data: 354, State=8
Read data: 147984024, left: 69402
Finish read data: 128
Data left: 226, State=4
----------------------
Available data: 226, State=4
Read chunk type
Chunk Type 3
Chunk ID: 6
Data left: 225, State=6
----------------------
Available data: 225, State=6
Data left: 225, State=8
----------------------
Available data: 225, State=8
Read data: 147984024, left: 69274
Finish read data: 128
Data left: 97, State=4
----------------------
Available data: 97, State=4
Read chunk type
Chunk Type 3
Chunk ID: 6
Data left: 96, State=6
----------------------
Available data: 96, State=6
Data left: 96, State=8
----------------------
Available data: 96, State=8
Data left: 96, State=8
Receiving: 2096 4000 6192 131073
----------------------
Available data: 2192, State=8
Read data: 147984024, left: 69146
Finish read data: 128
Data left: 2064, State=4
----------------------
Available data: 2064, State=4
Read chunk type
Chunk Type 3
Chunk ID: 6
Data left: 2063, State=6
----------------------
Available data: 2063, State=6
Data left: 2063, State=8
----------------------
Available data: 2063, State=8
Read data: 147984024, left: 69018
Finish read data: 128
Data left: 1935, State=4
----------------------
Available data: 1935, State=4
Read chunk type
Chunk Type 3
Chunk ID: 6
Data left: 1934, State=6
----------------------
Available data: 1934, State=6
Data left: 1934, State=8
----------------------
Available data: 1934, State=8
Read data: 147984024, left: 68890
Finish read data: 128
Data left: 1806, State=4
----------------------
Available data: 1806, State=4
Read chunk type
Chunk Type 3
Chunk ID: 6
Data left: 1805, State=6
----------------------
Available data: 1805, State=6
Data left: 1805, State=8
----------------------
Available data: 1805, State=8
Read data: 147984024, left: 68762
Finish read data: 128
Data left: 1677, State=4
----------------------
Available data: 1677, State=4
Read chunk type
Chunk Type 3
Chunk ID: 6
Data left: 1676, State=6
----------------------
Available data: 1676, State=6
Data left: 1676, State=8
----------------------
Available data: 1676, State=8
Read data: 147984024, left: 68634
Finish read data: 128
Data left: 1548, State=4
----------------------
Available data: 1548, State=4
Read chunk type
Chunk Type 3
Chunk ID: 6
Data left: 1547, State=6
----------------------
Available data: 1547, State=6
Data left: 1547, State=8
----------------------
Available data: 1547, State=8
Read data: 147984024, left: 68506
Finish read data: 128
Data left: 1419, State=4
----------------------
Available data: 1419, State=4
Read chunk type
Chunk Type 3
Chunk ID: 6
Data left: 1418, State=6
----------------------
Available data: 1418, State=6
Data left: 1418, State=8
----------------------
Available data: 1418, State=8
Read data: 147984024, left: 68378
Finish read data: 128
Data left: 1290, State=4
----------------------
Available data: 1290, State=4
Read chunk type
Chunk Type 3
Chunk ID: 6
Data left: 1289, State=6
----------------------
Available data: 1289, State=6
Data left: 1289, State=8
----------------------
Available data: 1289, State=8
Read data: 147984024, left: 68250
Finish read data: 128
Data left: 1161, State=4
----------------------
Available data: 1161, State=4
Read chunk type
Chunk Type 3
Chunk ID: 6
Data left: 1160, State=6
----------------------
Available data: 1160, State=6
Data left: 1160, State=8
----------------------
Available data: 1160, State=8
Read data: 147984024, left: 68122
Finish read data: 128
Data left: 1032, State=4
----------------------
Available data: 1032, State=4
Read chunk type
Chunk Type 3
Chunk ID: 6
Data left: 1031, State=6
----------------------
Available data: 1031, State=6
Data left: 1031, State=8
----------------------
Available data: 1031, State=8
Read data: 147984024, left: 67994
Finish read data: 128
Data left: 903, State=4
----------------------
Available data: 903, State=4
Read chunk type
Chunk Type 3
Chunk ID: 6
Data left: 902, State=6
----------------------
Available data: 902, State=6
Data left: 902, State=8
----------------------
Available data: 902, State=8
Read data: 147984024, left: 67866
Finish read data: 128
Data left: 774, State=4
----------------------
Available data: 774, State=4
Read chunk type
Chunk Type 3
Chunk ID: 6
Data left: 773, State=6
----------------------
Available data: 773, State=6
Data left: 773, State=8
----------------------
Available data: 773, State=8
Read data: 147984024, left: 67738
Finish read data: 128
Data left: 645, State=4
----------------------
Available data: 645, State=4
Read chunk type
Chunk Type 3
Chunk ID: 6
Data left: 644, State=6
----------------------
Available data: 644, State=6
Data left: 644, State=8
----------------------
Available data: 644, State=8
Read data: 147984024, left: 67610
Finish read data: 128
Data left: 516, State=4
----------------------
Available data: 516, State=4
Read chunk type
Chunk Type 3
Chunk ID: 6
Data left: 515, State=6
----------------------
Available data: 515, State=6
Data left: 515, State=8
----------------------
Available data: 515, State=8
Read data: 147984024, left: 67482
Finish read data: 128
Data left: 387, State=4
----------------------
Available data: 387, State=4
Read chunk type
Chunk Type 3
Chunk ID: 6
Data left: 386, State=6
----------------------
Available data: 386, State=6
Data left: 386, State=8
----------------------
Available data: 386, State=8
Read data: 147984024, left: 67354
Finish read data: 128
Data left: 258, State=4
----------------------
Available data: 258, State=4
Read chunk type
Chunk Type 3
Chunk ID: 6
Data left: 257, State=6
----------------------
Available data: 257, State=6
Data left: 257, State=8
----------------------
Available data: 257, State=8
Read data: 147984024, left: 67226
Finish read data: 128
Data left: 129, State=4
----------------------
Available data: 129, State=4
Read chunk type
Chunk Type 3
Chunk ID: 6
Data left: 128, State=6
----------------------
Available data: 128, State=6
Data left: 128, State=8
----------------------
Available data: 128, State=8
Read data: 147984024, left: 67098
Finish read data: 128
Data left: 0, State=4
Receiving: 4096 0 4096 131073
----------------------
Available data: 4096, State=4
Read chunk type
Chunk Type 3
Chunk ID: 6
Data left: 4095, State=6
----------------------
Available data: 4095, State=6
Data left: 4095, State=8
----------------------
Available data: 4095, State=8
Read data: 147984024, left: 66970
Finish read data: 128
Data left: 3967, State=4
----------------------
Available data: 3967, State=4
Read chunk type
Chunk Type 3
Chunk ID: 6
Data left: 3966, State=6
----------------------
Available data: 3966, State=6
Data left: 3966, State=8
----------------------
Available data: 3966, State=8
Read data: 147984024, left: 66842
Finish read data: 128
Data left: 3838, State=4
----------------------
Available data: 3838, State=4
Read chunk type
Chunk Type 3
Chunk ID: 6
Data left: 3837, State=6
----------------------
Available data: 3837, State=6
Data left: 3837, State=8
----------------------
Available data: 3837, State=8
Read data: 147984024, left: 66714
Finish read data: 128
Data left: 3709, State=4
----------------------
Available data: 3709, State=4
Read chunk type
Chunk Type 3
Chunk ID: 6
Data left: 3708, State=6
----------------------
Available data: 3708, State=6
Data left: 3708, State=8
----------------------
Available data: 3708, State=8
Read data: 147984024, left: 66586
Finish read data: 128
Data left: 3580, State=4
----------------------
Available data: 3580, State=4
Read chunk type
Chunk Type 3
Chunk ID: 6
Data left: 3579, State=6
----------------------
Available data: 3579, State=6
Data left: 3579, State=8
----------------------
Available data: 3579, State=8
Read data: 147984024, left: 66458
Finish read data: 128
Data left: 3451, State=4
----------------------
Available data: 3451, State=4
Read chunk type
Chunk Type 3
Chunk ID: 6
Data left: 3450, State=6
----------------------
Available data: 3450, State=6
Data left: 3450, State=8
----------------------
Available data: 3450, State=8
Read data: 147984024, left: 66330
Finish read data: 128
Data left: 3322, State=4
----------------------
Available data: 3322, State=4
Read chunk type
Chunk Type 3
Chunk ID: 6
Data left: 3321, State=6
----------------------
Available data: 3321, State=6
Data left: 3321, State=8
----------------------
Available data: 3321, State=8
Read data: 147984024, left: 66202
Finish read data: 128
Data left: 3193, State=4
----------------------
Available data: 3193, State=4
Read chunk type
Chunk Type 3
Chunk ID: 6
Data left: 3192, State=6
----------------------
Available data: 3192, State=6
Data left: 3192, State=8
----------------------
Available data: 3192, State=8
Read data: 147984024, left: 66074
Finish read data: 128
Data left: 3064, State=4
----------------------
Available data: 3064, State=4
Read chunk type
Chunk Type 3
Chunk ID: 6
Data left: 3063, State=6
----------------------
Available data: 3063, State=6
Data left: 3063, State=8
----------------------
Available data: 3063, State=8
Read data: 147984024, left: 65946
Finish read data: 128
Data left: 2935, State=4
----------------------
Available data: 2935, State=4
Read chunk type
Chunk Type 3
Chunk ID: 6
Data left: 2934, State=6
----------------------
Available data: 2934, State=6
Data left: 2934, State=8
----------------------
Available data: 2934, State=8
Read data: 147984024, left: 65818
Finish read data: 128
Data left: 2806, State=4
----------------------
Available data: 2806, State=4
Read chunk type
Chunk Type 3
Chunk ID: 6
Data left: 2805, State=6
----------------------
Available data: 2805, State=6
Data left: 2805, State=8
----------------------
Available data: 2805, State=8
Read data: 147984024, left: 65690
Finish read data: 128
Data left: 2677, State=4
----------------------
Available data: 2677, State=4
Read chunk type
Chunk Type 3
Chunk ID: 6
Data left: 2676, State=6
----------------------
Available data: 2676, State=6
Data left: 2676, State=8
----------------------
Available data: 2676, State=8
Read data: 147984024, left: 65562
Finish read data: 128
Data left: 2548, State=4
----------------------
Available data: 2548, State=4
Read chunk type
Chunk Type 3
Chunk ID: 6
Data left: 2547, State=6
----------------------
Available data: 2547, State=6
Data left: 2547, State=8
----------------------
Available data: 2547, State=8
Read data: 147984024, left: 65434
Finish read data: 128
Data left: 2419, State=4
----------------------
Available data: 2419, State=4
Read chunk type
Chunk Type 3
Chunk ID: 6
Data left: 2418, State=6
----------------------
Available data: 2418, State=6
Data left: 2418, State=8
----------------------
Available data: 2418, State=8
Read data: 147984024, left: 65306
Finish read data: 128
Data left: 2290, State=4
----------------------
Available data: 2290, State=4
Read chunk type
Chunk Type 3
Chunk ID: 6
Data left: 2289, State=6
----------------------
Available data: 2289, State=6
Data left: 2289, State=8
----------------------
Available data: 2289, State=8
Read data: 147984024, left: 65178
Finish read data: 128
Data left: 2161, State=4
----------------------
Available data: 2161, State=4
Read chunk type
Chunk Type 3
Chunk ID: 6
Data left: 2160, State=6
----------------------
Available data: 2160, State=6
Data left: 2160, State=8
----------------------
Available data: 2160, State=8
Read data: 147984024, left: 65050
Finish read data: 128
Data left: 2032, State=4
----------------------
Available data: 2032, State=4
Read chunk type
Chunk Type 3
Chunk ID: 6
Data left: 2031, State=6
----------------------
Available data: 2031, State=6
Data left: 2031, State=8
----------------------
Available data: 2031, State=8
Read data: 147984024, left: 64922
Finish read data: 128
Data left: 1903, State=4
----------------------
Available data: 1903, State=4
Read chunk type
Chunk Type 3
Chunk ID: 6
Data left: 1902, State=6
----------------------
Available data: 1902, State=6
Data left: 1902, State=8
----------------------
Available data: 1902, State=8
Read data: 147984024, left: 64794
Finish read data: 128
Data left: 1774, State=4
----------------------
Available data: 1774, State=4
Read chunk type
Chunk Type 3
Chunk ID: 6
Data left: 1773, State=6
----------------------
Available data: 1773, State=6
Data left: 1773, State=8
----------------------
Available data: 1773, State=8
Read data: 147984024, left: 64666
Finish read data: 128
Data left: 1645, State=4
----------------------
Available data: 1645, State=4
Read chunk type
Chunk Type 3
Chunk ID: 6
Data left: 1644, State=6
----------------------
Available data: 1644, State=6
Data left: 1644, State=8
----------------------
Available data: 1644, State=8
Read data: 147984024, left: 64538
Finish read data: 128
Data left: 1516, State=4
----------------------
Available data: 1516, State=4
Read chunk type
Chunk Type 3
Chunk ID: 6
Data left: 1515, State=6
----------------------
Available data: 1515, State=6
Data left: 1515, State=8
----------------------
Available data: 1515, State=8
Read data: 147984024, left: 64410
Finish read data: 128
Data left: 1387, State=4
----------------------
Available data: 1387, State=4
Read chunk type
Chunk Type 3
Chunk ID: 6
Data left: 1386, State=6
----------------------
Available data: 1386, State=6
Data left: 1386, State=8
----------------------
Available data: 1386, State=8
Read data: 147984024, left: 64282
Finish read data: 128
Data left: 1258, State=4
----------------------
Available data: 1258, State=4
Read chunk type
Chunk Type 3
Chunk ID: 6
Data left: 1257, State=6
----------------------
Available data: 1257, State=6
Data left: 1257, State=8
----------------------
Available data: 1257, State=8
Read data: 147984024, left: 64154
Finish read data: 128
Data left: 1129, State=4
----------------------
Available data: 1129, State=4
Read chunk type
Chunk Type 3
Chunk ID: 6
Data left: 1128, State=6
----------------------
Available data: 1128, State=6
Data left: 1128, State=8
----------------------
Available data: 1128, State=8
Read data: 147984024, left: 64026
Finish read data: 128
Data left: 1000, State=4
----------------------
Available data: 1000, State=4
Read chunk type
Chunk Type 3
Chunk ID: 6
Data left: 999, State=6
----------------------
Available data: 999, State=6
Data left: 999, State=8
----------------------
Available data: 999, State=8
Read data: 147984024, left: 63898
Finish read data: 128
Data left: 871, State=4
----------------------
Available data: 871, State=4
Read chunk type
Chunk Type 3
Chunk ID: 6
Data left: 870, State=6
----------------------
Available data: 870, State=6
Data left: 870, State=8
----------------------
Available data: 870, State=8
Read data: 147984024, left: 63770
Finish read data: 128
Data left: 742, State=4
----------------------
Available data: 742, State=4
Read chunk type
Chunk Type 3
Chunk ID: 6
Data left: 741, State=6
----------------------
Available data: 741, State=6
Data left: 741, State=8
----------------------
Available data: 741, State=8
Read data: 147984024, left: 63642
Finish read data: 128
Data left: 613, State=4
----------------------
Available data: 613, State=4
Read chunk type
Chunk Type 3
Chunk ID: 6
Data left: 612, State=6
----------------------
Available data: 612, State=6
Data left: 612, State=8
----------------------
Available data: 612, State=8
Read data: 147984024, left: 63514
Finish read data: 128
Data left: 484, State=4
----------------------
Available data: 484, State=4
Read chunk type
Chunk Type 3
Chunk ID: 6
Data left: 483, State=6
----------------------
Available data: 483, State=6
Data left: 483, State=8
----------------------
Available data: 483, State=8
Read data: 147984024, left: 63386
Finish read data: 128
Data left: 355, State=4
----------------------
Available data: 355, State=4
Read chunk type
Chunk Type 3
Chunk ID: 6
Data left: 354, State=6
----------------------
Available data: 354, State=6
Data left: 354, State=8
----------------------
Available data: 354, State=8
Read data: 147984024, left: 63258
Finish read data: 128
Data left: 226, State=4
----------------------
Available data: 226, State=4
Read chunk type
Chunk Type 3
Chunk ID: 6
Data left: 225, State=6
----------------------
Available data: 225, State=6
Data left: 225, State=8
----------------------
Available data: 225, State=8
Read data: 147984024, left: 63130
Finish read data: 128
Data left: 97, State=4
----------------------
Available data: 97, State=4
Read chunk type
Chunk Type 3
Chunk ID: 6
Data left: 96, State=6
----------------------
Available data: 96, State=6
Data left: 96, State=8
----------------------
Available data: 96, State=8
Data left: 96, State=8
Receiving: 4096 4000 8192 131073
----------------------
Available data: 4192, State=8
Read data: 147984024, left: 63002
Finish read data: 128
Data left: 4064, State=4
----------------------
Available data: 4064, State=4
Read chunk type
Chunk Type 3
Chunk ID: 6
Data left: 4063, State=6
----------------------
Available data: 4063, State=6
Data left: 4063, State=8
----------------------
Available data: 4063, State=8
Read data: 147984024, left: 62874
Finish read data: 128
Data left: 3935, State=4
----------------------
Available data: 3935, State=4
Read chunk type
Chunk Type 3
Chunk ID: 6
Data left: 3934, State=6
----------------------
Available data: 3934, State=6
Data left: 3934, State=8
----------------------
Available data: 3934, State=8
Read data: 147984024, left: 62746
Finish read data: 128
Data left: 3806, State=4
----------------------
Available data: 3806, State=4
Read chunk type
Chunk Type 3
Chunk ID: 6
Data left: 3805, State=6
----------------------
Available data: 3805, State=6
Data left: 3805, State=8
----------------------
Available data: 3805, State=8
Read data: 147984024, left: 62618
Finish read data: 128
Data left: 3677, State=4
----------------------
Available data: 3677, State=4
Read chunk type
Chunk Type 3
Chunk ID: 6
Data left: 3676, State=6
----------------------
Available data: 3676, State=6
Data left: 3676, State=8
----------------------
Available data: 3676, State=8
Read data: 147984024, left: 62490
Finish read data: 128
Data left: 3548, State=4
----------------------
Available data: 3548, State=4
Read chunk type
Chunk Type 3
Chunk ID: 6
Data left: 3547, State=6
----------------------
Available data: 3547, State=6
Data left: 3547, State=8
----------------------
Available data: 3547, State=8
Read data: 147984024, left: 62362
Finish read data: 128
Data left: 3419, State=4
----------------------
Available data: 3419, State=4
Read chunk type
Chunk Type 3
Chunk ID: 6
Data left: 3418, State=6
----------------------
Available data: 3418, State=6
Data left: 3418, State=8
----------------------
Available data: 3418, State=8
Read data: 147984024, left: 62234
Finish read data: 128
Data left: 3290, State=4
----------------------
Available data: 3290, State=4
Read chunk type
Chunk Type 3
Chunk ID: 6
Data left: 3289, State=6
----------------------
Available data: 3289, State=6
Data left: 3289, State=8
----------------------
Available data: 3289, State=8
Read data: 147984024, left: 62106
Finish read data: 128
Data left: 3161, State=4
----------------------
Available data: 3161, State=4
Read chunk type
Chunk Type 3
Chunk ID: 6
Data left: 3160, State=6
----------------------
Available data: 3160, State=6
Data left: 3160, State=8
----------------------
Available data: 3160, State=8
Read data: 147984024, left: 61978
Finish read data: 128
Data left: 3032, State=4
----------------------
Available data: 3032, State=4
Read chunk type
Chunk Type 3
Chunk ID: 6
Data left: 3031, State=6
----------------------
Available data: 3031, State=6
Data left: 3031, State=8
----------------------
Available data: 3031, State=8
Read data: 147984024, left: 61850
Finish read data: 128
Data left: 2903, State=4
----------------------
Available data: 2903, State=4
Read chunk type
Chunk Type 3
Chunk ID: 6
Data left: 2902, State=6
----------------------
Available data: 2902, State=6
Data left: 2902, State=8
----------------------
Available data: 2902, State=8
Read data: 147984024, left: 61722
Finish read data: 128
Data left: 2774, State=4
----------------------
Available data: 2774, State=4
Read chunk type
Chunk Type 3
Chunk ID: 6
Data left: 2773, State=6
----------------------
Available data: 2773, State=6
Data left: 2773, State=8
----------------------
Available data: 2773, State=8
Read data: 147984024, left: 61594
Finish read data: 128
Data left: 2645, State=4
----------------------
Available data: 2645, State=4
Read chunk type
Chunk Type 3
Chunk ID: 6
Data left: 2644, State=6
----------------------
Available data: 2644, State=6
Data left: 2644, State=8
----------------------
Available data: 2644, State=8
Read data: 147984024, left: 61466
Finish read data: 128
Data left: 2516, State=4
----------------------
Available data: 2516, State=4
Read chunk type
Chunk Type 3
Chunk ID: 6
Data left: 2515, State=6
----------------------
Available data: 2515, State=6
Data left: 2515, State=8
----------------------
Available data: 2515, State=8
Read data: 147984024, left: 61338
Finish read data: 128
Data left: 2387, State=4
----------------------
Available data: 2387, State=4
Read chunk type
Chunk Type 3
Chunk ID: 6
Data left: 2386, State=6
----------------------
Available data: 2386, State=6
Data left: 2386, State=8
----------------------
Available data: 2386, State=8
Read data: 147984024, left: 61210
Finish read data: 128
Data left: 2258, State=4
----------------------
Available data: 2258, State=4
Read chunk type
Chunk Type 3
Chunk ID: 6
Data left: 2257, State=6
----------------------
Available data: 2257, State=6
Data left: 2257, State=8
----------------------
Available data: 2257, State=8
Read data: 147984024, left: 61082
Finish read data: 128
Data left: 2129, State=4
----------------------
Available data: 2129, State=4
Read chunk type
Chunk Type 3
Chunk ID: 6
Data left: 2128, State=6
----------------------
Available data: 2128, State=6
Data left: 2128, State=8
----------------------
Available data: 2128, State=8
Read data: 147984024, left: 60954
Finish read data: 128
Data left: 2000, State=4
----------------------
Available data: 2000, State=4
Read chunk type
Chunk Type 3
Chunk ID: 6
Data left: 1999, State=6
----------------------
Available data: 1999, State=6
Data left: 1999, State=8
----------------------
Available data: 1999, State=8
Read data: 147984024, left: 60826
Finish read data: 128
Data left: 1871, State=4
----------------------
Available data: 1871, State=4
Read chunk type
Chunk Type 3
Chunk ID: 6
Data left: 1870, State=6
----------------------
Available data: 1870, State=6
Data left: 1870, State=8
----------------------
Available data: 1870, State=8
Read data: 147984024, left: 60698
Finish read data: 128
Data left: 1742, State=4
----------------------
Available data: 1742, State=4
Read chunk type
Chunk Type 3
Chunk ID: 6
Data left: 1741, State=6
----------------------
Available data: 1741, State=6
Data left: 1741, State=8
----------------------
Available data: 1741, State=8
Read data: 147984024, left: 60570
Finish read data: 128
Data left: 1613, State=4
----------------------
Available data: 1613, State=4
Read chunk type
Chunk Type 3
Chunk ID: 6
Data left: 1612, State=6
----------------------
Available data: 1612, State=6
Data left: 1612, State=8
----------------------
Available data: 1612, State=8
Read data: 147984024, left: 60442
Finish read data: 128
Data left: 1484, State=4
----------------------
Available data: 1484, State=4
Read chunk type
Chunk Type 3
Chunk ID: 6
Data left: 1483, State=6
----------------------
Available data: 1483, State=6
Data left: 1483, State=8
----------------------
Available data: 1483, State=8
Read data: 147984024, left: 60314
Finish read data: 128
Data left: 1355, State=4
----------------------
Available data: 1355, State=4
Read chunk type
Chunk Type 3
Chunk ID: 6
Data left: 1354, State=6
----------------------
Available data: 1354, State=6
Data left: 1354, State=8
----------------------
Available data: 1354, State=8
Read data: 147984024, left: 60186
Finish read data: 128
Data left: 1226, State=4
----------------------
Available data: 1226, State=4
Read chunk type
Chunk Type 3
Chunk ID: 6
Data left: 1225, State=6
----------------------
Available data: 1225, State=6
Data left: 1225, State=8
----------------------
Available data: 1225, State=8
Read data: 147984024, left: 60058
Finish read data: 128
Data left: 1097, State=4
----------------------
Available data: 1097, State=4
Read chunk type
Chunk Type 3
Chunk ID: 6
Data left: 1096, State=6
----------------------
Available data: 1096, State=6
Data left: 1096, State=8
----------------------
Available data: 1096, State=8
Read data: 147984024, left: 59930
Finish read data: 128
Data left: 968, State=4
----------------------
Available data: 968, State=4
Read chunk type
Chunk Type 3
Chunk ID: 6
Data left: 967, State=6
----------------------
Available data: 967, State=6
Data left: 967, State=8
----------------------
Available data: 967, State=8
Read data: 147984024, left: 59802
Finish read data: 128
Data left: 839, State=4
----------------------
Available data: 839, State=4
Read chunk type
Chunk Type 3
Chunk ID: 6
Data left: 838, State=6
----------------------
Available data: 838, State=6
Data left: 838, State=8
----------------------
Available data: 838, State=8
Read data: 147984024, left: 59674
Finish read data: 128
Data left: 710, State=4
----------------------
Available data: 710, State=4
Read chunk type
Chunk Type 3
Chunk ID: 6
Data left: 709, State=6
----------------------
Available data: 709, State=6
Data left: 709, State=8
----------------------
Available data: 709, State=8
Read data: 147984024, left: 59546
Finish read data: 128
Data left: 581, State=4
----------------------
Available data: 581, State=4
Read chunk type
Chunk Type 3
Chunk ID: 6
Data left: 580, State=6
----------------------
Available data: 580, State=6
Data left: 580, State=8
----------------------
Available data: 580, State=8
Read data: 147984024, left: 59418
Finish read data: 128
Data left: 452, State=4
----------------------
Available data: 452, State=4
Read chunk type
Chunk Type 3
Chunk ID: 6
Data left: 451, State=6
----------------------
Available data: 451, State=6
Data left: 451, State=8
----------------------
Available data: 451, State=8
Read data: 147984024, left: 59290
Finish read data: 128
Data left: 323, State=4
----------------------
Available data: 323, State=4
Read chunk type
Chunk Type 3
Chunk ID: 6
Data left: 322, State=6
----------------------
Available data: 322, State=6
Data left: 322, State=8
----------------------
Available data: 322, State=8
Read data: 147984024, left: 59162
Finish read data: 128
Data left: 194, State=4
----------------------
Available data: 194, State=4
Read chunk type
Chunk Type 3
Chunk ID: 6
Data left: 193, State=6
----------------------
Available data: 193, State=6
Data left: 193, State=8
----------------------
Available data: 193, State=8
Read data: 147984024, left: 59034
Finish read data: 128
Data left: 65, State=4
----------------------
Available data: 65, State=4
Read chunk type
Chunk Type 3
Chunk ID: 6
Data left: 64, State=6
----------------------
Available data: 64, State=6
Data left: 64, State=8
----------------------
Available data: 64, State=8
Data left: 64, State=8
Receiving: 4096 8128 12288 131073
----------------------
Available data: 4160, State=8
Read data: 147984024, left: 58906
Finish read data: 128
Data left: 4032, State=4
----------------------
Available data: 4032, State=4
Read chunk type
Chunk Type 3
Chunk ID: 6
Data left: 4031, State=6
----------------------
Available data: 4031, State=6
Data left: 4031, State=8
----------------------
Available data: 4031, State=8
Read data: 147984024, left: 58778
Finish read data: 128
Data left: 3903, State=4
----------------------
Available data: 3903, State=4
Read chunk type
Chunk Type 3
Chunk ID: 6
Data left: 3902, State=6
----------------------
Available data: 3902, State=6
Data left: 3902, State=8
----------------------
Available data: 3902, State=8
Read data: 147984024, left: 58650
Finish read data: 128
Data left: 3774, State=4
----------------------
Available data: 3774, State=4
Read chunk type
Chunk Type 3
Chunk ID: 6
Data left: 3773, State=6
----------------------
Available data: 3773, State=6
Data left: 3773, State=8
----------------------
Available data: 3773, State=8
Read data: 147984024, left: 58522
Finish read data: 128
Data left: 3645, State=4
----------------------
Available data: 3645, State=4
Read chunk type
Chunk Type 3
Chunk ID: 6
Data left: 3644, State=6
----------------------
Available data: 3644, State=6
Data left: 3644, State=8
----------------------
Available data: 3644, State=8
Read data: 147984024, left: 58394
Finish read data: 128
Data left: 3516, State=4
----------------------
Available data: 3516, State=4
Read chunk type
Chunk Type 3
Chunk ID: 6
Data left: 3515, State=6
----------------------
Available data: 3515, State=6
Data left: 3515, State=8
----------------------
Available data: 3515, State=8
Read data: 147984024, left: 58266
Finish read data: 128
Data left: 3387, State=4
----------------------
Available data: 3387, State=4
Read chunk type
Chunk Type 3
Chunk ID: 6
Data left: 3386, State=6
----------------------
Available data: 3386, State=6
Data left: 3386, State=8
----------------------
Available data: 3386, State=8
Read data: 147984024, left: 58138
Finish read data: 128
Data left: 3258, State=4
----------------------
Available data: 3258, State=4
Read chunk type
Chunk Type 3
Chunk ID: 6
Data left: 3257, State=6
----------------------
Available data: 3257, State=6
Data left: 3257, State=8
----------------------
Available data: 3257, State=8
Read data: 147984024, left: 58010
Finish read data: 128
Data left: 3129, State=4
----------------------
Available data: 3129, State=4
Read chunk type
Chunk Type 3
Chunk ID: 6
Data left: 3128, State=6
----------------------
Available data: 3128, State=6
Data left: 3128, State=8
----------------------
Available data: 3128, State=8
Read data: 147984024, left: 57882
Finish read data: 128
Data left: 3000, State=4
----------------------
Available data: 3000, State=4
Read chunk type
Chunk Type 3
Chunk ID: 6
Data left: 2999, State=6
----------------------
Available data: 2999, State=6
Data left: 2999, State=8
----------------------
Available data: 2999, State=8
Read data: 147984024, left: 57754
Finish read data: 128
Data left: 2871, State=4
----------------------
Available data: 2871, State=4
Read chunk type
Chunk Type 3
Chunk ID: 6
Data left: 2870, State=6
----------------------
Available data: 2870, State=6
Data left: 2870, State=8
----------------------
Available data: 2870, State=8
Read data: 147984024, left: 57626
Finish read data: 128
Data left: 2742, State=4
----------------------
Available data: 2742, State=4
Read chunk type
Chunk Type 3
Chunk ID: 6
Data left: 2741, State=6
----------------------
Available data: 2741, State=6
Data left: 2741, State=8
----------------------
Available data: 2741, State=8
Read data: 147984024, left: 57498
Finish read data: 128
Data left: 2613, State=4
----------------------
Available data: 2613, State=4
Read chunk type
Chunk Type 3
Chunk ID: 6
Data left: 2612, State=6
----------------------
Available data: 2612, State=6
Data left: 2612, State=8
----------------------
Available data: 2612, State=8
Read data: 147984024, left: 57370
Finish read data: 128
Data left: 2484, State=4
----------------------
Available data: 2484, State=4
Read chunk type
Chunk Type 3
Chunk ID: 6
Data left: 2483, State=6
----------------------
Available data: 2483, State=6
Data left: 2483, State=8
----------------------
Available data: 2483, State=8
Read data: 147984024, left: 57242
Finish read data: 128
Data left: 2355, State=4
----------------------
Available data: 2355, State=4
Read chunk type
Chunk Type 3
Chunk ID: 6
Data left: 2354, State=6
----------------------
Available data: 2354, State=6
Data left: 2354, State=8
----------------------
Available data: 2354, State=8
Read data: 147984024, left: 57114
Finish read data: 128
Data left: 2226, State=4
----------------------
Available data: 2226, State=4
Read chunk type
Chunk Type 3
Chunk ID: 6
Data left: 2225, State=6
----------------------
Available data: 2225, State=6
Data left: 2225, State=8
----------------------
Available data: 2225, State=8
Read data: 147984024, left: 56986
Finish read data: 128
Data left: 2097, State=4
----------------------
Available data: 2097, State=4
Read chunk type
Chunk Type 3
Chunk ID: 6
Data left: 2096, State=6
----------------------
Available data: 2096, State=6
Data left: 2096, State=8
----------------------
Available data: 2096, State=8
Read data: 147984024, left: 56858
Finish read data: 128
Data left: 1968, State=4
----------------------
Available data: 1968, State=4
Read chunk type
Chunk Type 3
Chunk ID: 6
Data left: 1967, State=6
----------------------
Available data: 1967, State=6
Data left: 1967, State=8
----------------------
Available data: 1967, State=8
Read data: 147984024, left: 56730
Finish read data: 128
Data left: 1839, State=4
----------------------
Available data: 1839, State=4
Read chunk type
Chunk Type 3
Chunk ID: 6
Data left: 1838, State=6
----------------------
Available data: 1838, State=6
Data left: 1838, State=8
----------------------
Available data: 1838, State=8
Read data: 147984024, left: 56602
Finish read data: 128
Data left: 1710, State=4
----------------------
Available data: 1710, State=4
Read chunk type
Chunk Type 3
Chunk ID: 6
Data left: 1709, State=6
----------------------
Available data: 1709, State=6
Data left: 1709, State=8
----------------------
Available data: 1709, State=8
Read data: 147984024, left: 56474
Finish read data: 128
Data left: 1581, State=4
----------------------
Available data: 1581, State=4
Read chunk type
Chunk Type 3
Chunk ID: 6
Data left: 1580, State=6
----------------------
Available data: 1580, State=6
Data left: 1580, State=8
----------------------
Available data: 1580, State=8
Read data: 147984024, left: 56346
Finish read data: 128
Data left: 1452, State=4
----------------------
Available data: 1452, State=4
Read chunk type
Chunk Type 3
Chunk ID: 6
Data left: 1451, State=6
----------------------
Available data: 1451, State=6
Data left: 1451, State=8
----------------------
Available data: 1451, State=8
Read data: 147984024, left: 56218
Finish read data: 128
Data left: 1323, State=4
----------------------
Available data: 1323, State=4
Read chunk type
Chunk Type 3
Chunk ID: 6
Data left: 1322, State=6
----------------------
Available data: 1322, State=6
Data left: 1322, State=8
----------------------
Available data: 1322, State=8
Read data: 147984024, left: 56090
Finish read data: 128
Data left: 1194, State=4
----------------------
Available data: 1194, State=4
Read chunk type
Chunk Type 3
Chunk ID: 6
Data left: 1193, State=6
----------------------
Available data: 1193, State=6
Data left: 1193, State=8
----------------------
Available data: 1193, State=8
Read data: 147984024, left: 55962
Finish read data: 128
Data left: 1065, State=4
----------------------
Available data: 1065, State=4
Read chunk type
Chunk Type 3
Chunk ID: 6
Data left: 1064, State=6
----------------------
Available data: 1064, State=6
Data left: 1064, State=8
----------------------
Available data: 1064, State=8
Read data: 147984024, left: 55834
Finish read data: 128
Data left: 936, State=4
----------------------
Available data: 936, State=4
Read chunk type
Chunk Type 3
Chunk ID: 6
Data left: 935, State=6
----------------------
Available data: 935, State=6
Data left: 935, State=8
----------------------
Available data: 935, State=8
Read data: 147984024, left: 55706
Finish read data: 128
Data left: 807, State=4
----------------------
Available data: 807, State=4
Read chunk type
Chunk Type 3
Chunk ID: 6
Data left: 806, State=6
----------------------
Available data: 806, State=6
Data left: 806, State=8
----------------------
Available data: 806, State=8
Read data: 147984024, left: 55578
Finish read data: 128
Data left: 678, State=4
----------------------
Available data: 678, State=4
Read chunk type
Chunk Type 3
Chunk ID: 6
Data left: 677, State=6
----------------------
Available data: 677, State=6
Data left: 677, State=8
----------------------
Available data: 677, State=8
Read data: 147984024, left: 55450
Finish read data: 128
Data left: 549, State=4
----------------------
Available data: 549, State=4
Read chunk type
Chunk Type 3
Chunk ID: 6
Data left: 548, State=6
----------------------
Available data: 548, State=6
Data left: 548, State=8
----------------------
Available data: 548, State=8
Read data: 147984024, left: 55322
Finish read data: 128
Data left: 420, State=4
----------------------
Available data: 420, State=4
Read chunk type
Chunk Type 3
Chunk ID: 6
Data left: 419, State=6
----------------------
Available data: 419, State=6
Data left: 419, State=8
----------------------
Available data: 419, State=8
Read data: 147984024, left: 55194
Finish read data: 128
Data left: 291, State=4
----------------------
Available data: 291, State=4
Read chunk type
Chunk Type 3
Chunk ID: 6
Data left: 290, State=6
----------------------
Available data: 290, State=6
Data left: 290, State=8
----------------------
Available data: 290, State=8
Read data: 147984024, left: 55066
Finish read data: 128
Data left: 162, State=4
----------------------
Available data: 162, State=4
Read chunk type
Chunk Type 3
Chunk ID: 6
Data left: 161, State=6
----------------------
Available data: 161, State=6
Data left: 161, State=8
----------------------
Available data: 161, State=8
Read data: 147984024, left: 54938
Finish read data: 128
Data left: 33, State=4
----------------------
Available data: 33, State=4
Read chunk type
Chunk Type 3
Chunk ID: 6
Data left: 32, State=6
----------------------
Available data: 32, State=6
Data left: 32, State=8
----------------------
Available data: 32, State=8
Data left: 32, State=8
Receiving: 612 12256 12900 131073
----------------------
Available data: 644, State=8
Read data: 147984024, left: 54810
Finish read data: 128
Data left: 516, State=4
----------------------
Available data: 516, State=4
Read chunk type
Chunk Type 3
Chunk ID: 6
Data left: 515, State=6
----------------------
Available data: 515, State=6
Data left: 515, State=8
----------------------
Available data: 515, State=8
Read data: 147984024, left: 54682
Finish read data: 128
Data left: 387, State=4
----------------------
Available data: 387, State=4
Read chunk type
Chunk Type 3
Chunk ID: 6
Data left: 386, State=6
----------------------
Available data: 386, State=6
Data left: 386, State=8
----------------------
Available data: 386, State=8
Read data: 147984024, left: 54554
Finish read data: 128
Data left: 258, State=4
----------------------
Available data: 258, State=4
Read chunk type
Chunk Type 3
Chunk ID: 6
Data left: 257, State=6
----------------------
Available data: 257, State=6
Data left: 257, State=8
----------------------
Available data: 257, State=8
Read data: 147984024, left: 54426
Finish read data: 128
Data left: 129, State=4
----------------------
Available data: 129, State=4
Read chunk type
Chunk Type 3
Chunk ID: 6
Data left: 128, State=6
----------------------
Available data: 128, State=6
Data left: 128, State=8
----------------------
Available data: 128, State=8
Read data: 147984024, left: 54298
Finish read data: 128
Data left: 0, State=4
Receiving: 4096 0 4096 131073
----------------------
Available data: 4096, State=4
Read chunk type
Chunk Type 3
Chunk ID: 6
Data left: 4095, State=6
----------------------
Available data: 4095, State=6
Data left: 4095, State=8
----------------------
Available data: 4095, State=8
Read data: 147984024, left: 54170
Finish read data: 128
Data left: 3967, State=4
----------------------
Available data: 3967, State=4
Read chunk type
Chunk Type 3
Chunk ID: 6
Data left: 3966, State=6
----------------------
Available data: 3966, State=6
Data left: 3966, State=8
----------------------
Available data: 3966, State=8
Read data: 147984024, left: 54042
Finish read data: 128
Data left: 3838, State=4
----------------------
Available data: 3838, State=4
Read chunk type
Chunk Type 3
Chunk ID: 6
Data left: 3837, State=6
----------------------
Available data: 3837, State=6
Data left: 3837, State=8
----------------------
Available data: 3837, State=8
Read data: 147984024, left: 53914
Finish read data: 128
Data left: 3709, State=4
----------------------
Available data: 3709, State=4
Read chunk type
Chunk Type 3
Chunk ID: 6
Data left: 3708, State=6
----------------------
Available data: 3708, State=6
Data left: 3708, State=8
----------------------
Available data: 3708, State=8
Read data: 147984024, left: 53786
Finish read data: 128
Data left: 3580, State=4
----------------------
Available data: 3580, State=4
Read chunk type
Chunk Type 3
Chunk ID: 6
Data left: 3579, State=6
----------------------
Available data: 3579, State=6
Data left: 3579, State=8
----------------------
Available data: 3579, State=8
Read data: 147984024, left: 53658
Finish read data: 128
Data left: 3451, State=4
----------------------
Available data: 3451, State=4
Read chunk type
Chunk Type 3
Chunk ID: 6
Data left: 3450, State=6
----------------------
Available data: 3450, State=6
Data left: 3450, State=8
----------------------
Available data: 3450, State=8
Read data: 147984024, left: 53530
Finish read data: 128
Data left: 3322, State=4
----------------------
Available data: 3322, State=4
Read chunk type
Chunk Type 3
Chunk ID: 6
Data left: 3321, State=6
----------------------
Available data: 3321, State=6
Data left: 3321, State=8
----------------------
Available data: 3321, State=8
Read data: 147984024, left: 53402
Finish read data: 128
Data left: 3193, State=4
----------------------
Available data: 3193, State=4
Read chunk type
Chunk Type 3
Chunk ID: 6
Data left: 3192, State=6
----------------------
Available data: 3192, State=6
Data left: 3192, State=8
----------------------
Available data: 3192, State=8
Read data: 147984024, left: 53274
Finish read data: 128
Data left: 3064, State=4
----------------------
Available data: 3064, State=4
Read chunk type
Chunk Type 3
Chunk ID: 6
Data left: 3063, State=6
----------------------
Available data: 3063, State=6
Data left: 3063, State=8
----------------------
Available data: 3063, State=8
Read data: 147984024, left: 53146
Finish read data: 128
Data left: 2935, State=4
----------------------
Available data: 2935, State=4
Read chunk type
Chunk Type 3
Chunk ID: 6
Data left: 2934, State=6
----------------------
Available data: 2934, State=6
Data left: 2934, State=8
----------------------
Available data: 2934, State=8
Read data: 147984024, left: 53018
Finish read data: 128
Data left: 2806, State=4
----------------------
Available data: 2806, State=4
Read chunk type
Chunk Type 3
Chunk ID: 6
Data left: 2805, State=6
----------------------
Available data: 2805, State=6
Data left: 2805, State=8
----------------------
Available data: 2805, State=8
Read data: 147984024, left: 52890
Finish read data: 128
Data left: 2677, State=4
----------------------
Available data: 2677, State=4
Read chunk type
Chunk Type 3
Chunk ID: 6
Data left: 2676, State=6
----------------------
Available data: 2676, State=6
Data left: 2676, State=8
----------------------
Available data: 2676, State=8
Read data: 147984024, left: 52762
Finish read data: 128
Data left: 2548, State=4
----------------------
Available data: 2548, State=4
Read chunk type
Chunk Type 3
Chunk ID: 6
Data left: 2547, State=6
----------------------
Available data: 2547, State=6
Data left: 2547, State=8
----------------------
Available data: 2547, State=8
Read data: 147984024, left: 52634
Finish read data: 128
Data left: 2419, State=4
----------------------
Available data: 2419, State=4
Read chunk type
Chunk Type 3
Chunk ID: 6
Data left: 2418, State=6
----------------------
Available data: 2418, State=6
Data left: 2418, State=8
----------------------
Available data: 2418, State=8
Read data: 147984024, left: 52506
Finish read data: 128
Data left: 2290, State=4
----------------------
Available data: 2290, State=4
Read chunk type
Chunk Type 3
Chunk ID: 6
Data left: 2289, State=6
----------------------
Available data: 2289, State=6
Data left: 2289, State=8
----------------------
Available data: 2289, State=8
Read data: 147984024, left: 52378
Finish read data: 128
Data left: 2161, State=4
----------------------
Available data: 2161, State=4
Read chunk type
Chunk Type 3
Chunk ID: 6
Data left: 2160, State=6
----------------------
Available data: 2160, State=6
Data left: 2160, State=8
----------------------
Available data: 2160, State=8
Read data: 147984024, left: 52250
Finish read data: 128
Data left: 2032, State=4
----------------------
Available data: 2032, State=4
Read chunk type
Chunk Type 3
Chunk ID: 6
Data left: 2031, State=6
----------------------
Available data: 2031, State=6
Data left: 2031, State=8
----------------------
Available data: 2031, State=8
Read data: 147984024, left: 52122
Finish read data: 128
Data left: 1903, State=4
----------------------
Available data: 1903, State=4
Read chunk type
Chunk Type 3
Chunk ID: 6
Data left: 1902, State=6
----------------------
Available data: 1902, State=6
Data left: 1902, State=8
----------------------
Available data: 1902, State=8
Read data: 147984024, left: 51994
Finish read data: 128
Data left: 1774, State=4
----------------------
Available data: 1774, State=4
Read chunk type
Chunk Type 3
Chunk ID: 6
Data left: 1773, State=6
----------------------
Available data: 1773, State=6
Data left: 1773, State=8
----------------------
Available data: 1773, State=8
Read data: 147984024, left: 51866
Finish read data: 128
Data left: 1645, State=4
----------------------
Available data: 1645, State=4
Read chunk type
Chunk Type 3
Chunk ID: 6
Data left: 1644, State=6
----------------------
Available data: 1644, State=6
Data left: 1644, State=8
----------------------
Available data: 1644, State=8
Read data: 147984024, left: 51738
Finish read data: 128
Data left: 1516, State=4
----------------------
Available data: 1516, State=4
Read chunk type
Chunk Type 3
Chunk ID: 6
Data left: 1515, State=6
----------------------
Available data: 1515, State=6
Data left: 1515, State=8
----------------------
Available data: 1515, State=8
Read data: 147984024, left: 51610
Finish read data: 128
Data left: 1387, State=4
----------------------
Available data: 1387, State=4
Read chunk type
Chunk Type 3
Chunk ID: 6
Data left: 1386, State=6
----------------------
Available data: 1386, State=6
Data left: 1386, State=8
----------------------
Available data: 1386, State=8
Read data: 147984024, left: 51482
Finish read data: 128
Data left: 1258, State=4
----------------------
Available data: 1258, State=4
Read chunk type
Chunk Type 3
Chunk ID: 6
Data left: 1257, State=6
----------------------
Available data: 1257, State=6
Data left: 1257, State=8
----------------------
Available data: 1257, State=8
Read data: 147984024, left: 51354
Finish read data: 128
Data left: 1129, State=4
----------------------
Available data: 1129, State=4
Read chunk type
Chunk Type 3
Chunk ID: 6
Data left: 1128, State=6
----------------------
Available data: 1128, State=6
Data left: 1128, State=8
----------------------
Available data: 1128, State=8
Read data: 147984024, left: 51226
Finish read data: 128
Data left: 1000, State=4
----------------------
Available data: 1000, State=4
Read chunk type
Chunk Type 3
Chunk ID: 6
Data left: 999, State=6
----------------------
Available data: 999, State=6
Data left: 999, State=8
----------------------
Available data: 999, State=8
Read data: 147984024, left: 51098
Finish read data: 128
Data left: 871, State=4
----------------------
Available data: 871, State=4
Read chunk type
Chunk Type 3
Chunk ID: 6
Data left: 870, State=6
----------------------
Available data: 870, State=6
Data left: 870, State=8
----------------------
Available data: 870, State=8
Read data: 147984024, left: 50970
Finish read data: 128
Data left: 742, State=4
----------------------
Available data: 742, State=4
Read chunk type
Chunk Type 3
Chunk ID: 6
Data left: 741, State=6
----------------------
Available data: 741, State=6
Data left: 741, State=8
----------------------
Available data: 741, State=8
Read data: 147984024, left: 50842
Finish read data: 128
Data left: 613, State=4
----------------------
Available data: 613, State=4
Read chunk type
Chunk Type 3
Chunk ID: 6
Data left: 612, State=6
----------------------
Available data: 612, State=6
Data left: 612, State=8
----------------------
Available data: 612, State=8
Read data: 147984024, left: 50714
Finish read data: 128
Data left: 484, State=4
----------------------
Available data: 484, State=4
Read chunk type
Chunk Type 3
Chunk ID: 6
Data left: 483, State=6
----------------------
Available data: 483, State=6
Data left: 483, State=8
----------------------
Available data: 483, State=8
Read data: 147984024, left: 50586
Finish read data: 128
Data left: 355, State=4
----------------------
Available data: 355, State=4
Read chunk type
Chunk Type 3
Chunk ID: 6
Data left: 354, State=6
----------------------
Available data: 354, State=6
Data left: 354, State=8
----------------------
Available data: 354, State=8
Read data: 147984024, left: 50458
Finish read data: 128
Data left: 226, State=4
----------------------
Available data: 226, State=4
Read chunk type
Chunk Type 3
Chunk ID: 6
Data left: 225, State=6
----------------------
Available data: 225, State=6
Data left: 225, State=8
----------------------
Available data: 225, State=8
Read data: 147984024, left: 50330
Finish read data: 128
Data left: 97, State=4
----------------------
Available data: 97, State=4
Read chunk type
Chunk Type 3
Chunk ID: 6
Data left: 96, State=6
----------------------
Available data: 96, State=6
Data left: 96, State=8
----------------------
Available data: 96, State=8
Data left: 96, State=8
Receiving: 290 4000 4386 131073
----------------------
Available data: 386, State=8
Read data: 147984024, left: 50202
Finish read data: 128
Data left: 258, State=4
----------------------
Available data: 258, State=4
Read chunk type
Chunk Type 3
Chunk ID: 6
Data left: 257, State=6
----------------------
Available data: 257, State=6
Data left: 257, State=8
----------------------
Available data: 257, State=8
Read data: 147984024, left: 50074
Finish read data: 128
Data left: 129, State=4
----------------------
Available data: 129, State=4
Read chunk type
Chunk Type 3
Chunk ID: 6
Data left: 128, State=6
----------------------
Available data: 128, State=6
Data left: 128, State=8
----------------------
Available data: 128, State=8
Read data: 147984024, left: 49946
Finish read data: 128
Data left: 0, State=4
Receiving: 4096 0 4096 131073
----------------------
Available data: 4096, State=4
Read chunk type
Chunk Type 3
Chunk ID: 6
Data left: 4095, State=6
----------------------
Available data: 4095, State=6
Data left: 4095, State=8
----------------------
Available data: 4095, State=8
Read data: 147984024, left: 49818
Finish read data: 128
Data left: 3967, State=4
----------------------
Available data: 3967, State=4
Read chunk type
Chunk Type 3
Chunk ID: 6
Data left: 3966, State=6
----------------------
Available data: 3966, State=6
Data left: 3966, State=8
----------------------
Available data: 3966, State=8
Read data: 147984024, left: 49690
Finish read data: 128
Data left: 3838, State=4
----------------------
Available data: 3838, State=4
Read chunk type
Chunk Type 3
Chunk ID: 6
Data left: 3837, State=6
----------------------
Available data: 3837, State=6
Data left: 3837, State=8
----------------------
Available data: 3837, State=8
Read data: 147984024, left: 49562
Finish read data: 128
Data left: 3709, State=4
----------------------
Available data: 3709, State=4
Read chunk type
Chunk Type 3
Chunk ID: 6
Data left: 3708, State=6
----------------------
Available data: 3708, State=6
Data left: 3708, State=8
----------------------
Available data: 3708, State=8
Read data: 147984024, left: 49434
Finish read data: 128
Data left: 3580, State=4
----------------------
Available data: 3580, State=4
Read chunk type
Chunk Type 3
Chunk ID: 6
Data left: 3579, State=6
----------------------
Available data: 3579, State=6
Data left: 3579, State=8
----------------------
Available data: 3579, State=8
Read data: 147984024, left: 49306
Finish read data: 128
Data left: 3451, State=4
----------------------
Available data: 3451, State=4
Read chunk type
Chunk Type 3
Chunk ID: 6
Data left: 3450, State=6
----------------------
Available data: 3450, State=6
Data left: 3450, State=8
----------------------
Available data: 3450, State=8
Read data: 147984024, left: 49178
Finish read data: 128
Data left: 3322, State=4
----------------------
Available data: 3322, State=4
Read chunk type
Chunk Type 3
Chunk ID: 6
Data left: 3321, State=6
----------------------
Available data: 3321, State=6
Data left: 3321, State=8
----------------------
Available data: 3321, State=8
Read data: 147984024, left: 49050
Finish read data: 128
Data left: 3193, State=4
----------------------
Available data: 3193, State=4
Read chunk type
Chunk Type 3
Chunk ID: 6
Data left: 3192, State=6
----------------------
Available data: 3192, State=6
Data left: 3192, State=8
----------------------
Available data: 3192, State=8
Read data: 147984024, left: 48922
Finish read data: 128
Data left: 3064, State=4
----------------------
Available data: 3064, State=4
Read chunk type
Chunk Type 3
Chunk ID: 6
Data left: 3063, State=6
----------------------
Available data: 3063, State=6
Data left: 3063, State=8
----------------------
Available data: 3063, State=8
Read data: 147984024, left: 48794
Finish read data: 128
Data left: 2935, State=4
----------------------
Available data: 2935, State=4
Read chunk type
Chunk Type 3
Chunk ID: 6
Data left: 2934, State=6
----------------------
Available data: 2934, State=6
Data left: 2934, State=8
----------------------
Available data: 2934, State=8
Read data: 147984024, left: 48666
Finish read data: 128
Data left: 2806, State=4
----------------------
Available data: 2806, State=4
Read chunk type
Chunk Type 3
Chunk ID: 6
Data left: 2805, State=6
----------------------
Available data: 2805, State=6
Data left: 2805, State=8
----------------------
Available data: 2805, State=8
Read data: 147984024, left: 48538
Finish read data: 128
Data left: 2677, State=4
----------------------
Available data: 2677, State=4
Read chunk type
Chunk Type 3
Chunk ID: 6
Data left: 2676, State=6
----------------------
Available data: 2676, State=6
Data left: 2676, State=8
----------------------
Available data: 2676, State=8
Read data: 147984024, left: 48410
Finish read data: 128
Data left: 2548, State=4
----------------------
Available data: 2548, State=4
Read chunk type
Chunk Type 3
Chunk ID: 6
Data left: 2547, State=6
----------------------
Available data: 2547, State=6
Data left: 2547, State=8
----------------------
Available data: 2547, State=8
Read data: 147984024, left: 48282
Finish read data: 128
Data left: 2419, State=4
----------------------
Available data: 2419, State=4
Read chunk type
Chunk Type 3
Chunk ID: 6
Data left: 2418, State=6
----------------------
Available data: 2418, State=6
Data left: 2418, State=8
----------------------
Available data: 2418, State=8
Read data: 147984024, left: 48154
Finish read data: 128
Data left: 2290, State=4
----------------------
Available data: 2290, State=4
Read chunk type
Chunk Type 3
Chunk ID: 6
Data left: 2289, State=6
----------------------
Available data: 2289, State=6
Data left: 2289, State=8
----------------------
Available data: 2289, State=8
Read data: 147984024, left: 48026
Finish read data: 128
Data left: 2161, State=4
----------------------
Available data: 2161, State=4
Read chunk type
Chunk Type 3
Chunk ID: 6
Data left: 2160, State=6
----------------------
Available data: 2160, State=6
Data left: 2160, State=8
----------------------
Available data: 2160, State=8
Read data: 147984024, left: 47898
Finish read data: 128
Data left: 2032, State=4
----------------------
Available data: 2032, State=4
Read chunk type
Chunk Type 3
Chunk ID: 6
Data left: 2031, State=6
----------------------
Available data: 2031, State=6
Data left: 2031, State=8
----------------------
Available data: 2031, State=8
Read data: 147984024, left: 47770
Finish read data: 128
Data left: 1903, State=4
----------------------
Available data: 1903, State=4
Read chunk type
Chunk Type 3
Chunk ID: 6
Data left: 1902, State=6
----------------------
Available data: 1902, State=6
Data left: 1902, State=8
----------------------
Available data: 1902, State=8
Read data: 147984024, left: 47642
Finish read data: 128
Data left: 1774, State=4
----------------------
Available data: 1774, State=4
Read chunk type
Chunk Type 3
Chunk ID: 6
Data left: 1773, State=6
----------------------
Available data: 1773, State=6
Data left: 1773, State=8
----------------------
Available data: 1773, State=8
Read data: 147984024, left: 47514
Finish read data: 128
Data left: 1645, State=4
----------------------
Available data: 1645, State=4
Read chunk type
Chunk Type 3
Chunk ID: 6
Data left: 1644, State=6
----------------------
Available data: 1644, State=6
Data left: 1644, State=8
----------------------
Available data: 1644, State=8
Read data: 147984024, left: 47386
Finish read data: 128
Data left: 1516, State=4
----------------------
Available data: 1516, State=4
Read chunk type
Chunk Type 3
Chunk ID: 6
Data left: 1515, State=6
----------------------
Available data: 1515, State=6
Data left: 1515, State=8
----------------------
Available data: 1515, State=8
Read data: 147984024, left: 47258
Finish read data: 128
Data left: 1387, State=4
----------------------
Available data: 1387, State=4
Read chunk type
Chunk Type 3
Chunk ID: 6
Data left: 1386, State=6
----------------------
Available data: 1386, State=6
Data left: 1386, State=8
----------------------
Available data: 1386, State=8
Read data: 147984024, left: 47130
Finish read data: 128
Data left: 1258, State=4
----------------------
Available data: 1258, State=4
Read chunk type
Chunk Type 3
Chunk ID: 6
Data left: 1257, State=6
----------------------
Available data: 1257, State=6
Data left: 1257, State=8
----------------------
Available data: 1257, State=8
Read data: 147984024, left: 47002
Finish read data: 128
Data left: 1129, State=4
----------------------
Available data: 1129, State=4
Read chunk type
Chunk Type 3
Chunk ID: 6
Data left: 1128, State=6
----------------------
Available data: 1128, State=6
Data left: 1128, State=8
----------------------
Available data: 1128, State=8
Read data: 147984024, left: 46874
Finish read data: 128
Data left: 1000, State=4
----------------------
Available data: 1000, State=4
Read chunk type
Chunk Type 3
Chunk ID: 6
Data left: 999, State=6
----------------------
Available data: 999, State=6
Data left: 999, State=8
----------------------
Available data: 999, State=8
Read data: 147984024, left: 46746
Finish read data: 128
Data left: 871, State=4
----------------------
Available data: 871, State=4
Read chunk type
Chunk Type 3
Chunk ID: 6
Data left: 870, State=6
----------------------
Available data: 870, State=6
Data left: 870, State=8
----------------------
Available data: 870, State=8
Read data: 147984024, left: 46618
Finish read data: 128
Data left: 742, State=4
----------------------
Available data: 742, State=4
Read chunk type
Chunk Type 3
Chunk ID: 6
Data left: 741, State=6
----------------------
Available data: 741, State=6
Data left: 741, State=8
----------------------
Available data: 741, State=8
Read data: 147984024, left: 46490
Finish read data: 128
Data left: 613, State=4
----------------------
Available data: 613, State=4
Read chunk type
Chunk Type 3
Chunk ID: 6
Data left: 612, State=6
----------------------
Available data: 612, State=6
Data left: 612, State=8
----------------------
Available data: 612, State=8
Read data: 147984024, left: 46362
Finish read data: 128
Data left: 484, State=4
----------------------
Available data: 484, State=4
Read chunk type
Chunk Type 3
Chunk ID: 6
Data left: 483, State=6
----------------------
Available data: 483, State=6
Data left: 483, State=8
----------------------
Available data: 483, State=8
Read data: 147984024, left: 46234
Finish read data: 128
Data left: 355, State=4
----------------------
Available data: 355, State=4
Read chunk type
Chunk Type 3
Chunk ID: 6
Data left: 354, State=6
----------------------
Available data: 354, State=6
Data left: 354, State=8
----------------------
Available data: 354, State=8
Read data: 147984024, left: 46106
Finish read data: 128
Data left: 226, State=4
----------------------
Available data: 226, State=4
Read chunk type
Chunk Type 3
Chunk ID: 6
Data left: 225, State=6
----------------------
Available data: 225, State=6
Data left: 225, State=8
----------------------
Available data: 225, State=8
Read data: 147984024, left: 45978
Finish read data: 128
Data left: 97, State=4
----------------------
Available data: 97, State=4
Read chunk type
Chunk Type 3
Chunk ID: 6
Data left: 96, State=6
----------------------
Available data: 96, State=6
Data left: 96, State=8
----------------------
Available data: 96, State=8
Data left: 96, State=8
Receiving: 4096 4000 8192 131073
----------------------
Available data: 4192, State=8
Read data: 147984024, left: 45850
Finish read data: 128
Data left: 4064, State=4
----------------------
Available data: 4064, State=4
Read chunk type
Chunk Type 3
Chunk ID: 6
Data left: 4063, State=6
----------------------
Available data: 4063, State=6
Data left: 4063, State=8
----------------------
Available data: 4063, State=8
Read data: 147984024, left: 45722
Finish read data: 128
Data left: 3935, State=4
----------------------
Available data: 3935, State=4
Read chunk type
Chunk Type 3
Chunk ID: 6
Data left: 3934, State=6
----------------------
Available data: 3934, State=6
Data left: 3934, State=8
----------------------
Available data: 3934, State=8
Read data: 147984024, left: 45594
Finish read data: 128
Data left: 3806, State=4
----------------------
Available data: 3806, State=4
Read chunk type
Chunk Type 3
Chunk ID: 6
Data left: 3805, State=6
----------------------
Available data: 3805, State=6
Data left: 3805, State=8
----------------------
Available data: 3805, State=8
Read data: 147984024, left: 45466
Finish read data: 128
Data left: 3677, State=4
----------------------
Available data: 3677, State=4
Read chunk type
Chunk Type 3
Chunk ID: 6
Data left: 3676, State=6
----------------------
Available data: 3676, State=6
Data left: 3676, State=8
----------------------
Available data: 3676, State=8
Read data: 147984024, left: 45338
Finish read data: 128
Data left: 3548, State=4
----------------------
Available data: 3548, State=4
Read chunk type
Chunk Type 3
Chunk ID: 6
Data left: 3547, State=6
----------------------
Available data: 3547, State=6
Data left: 3547, State=8
----------------------
Available data: 3547, State=8
Read data: 147984024, left: 45210
Finish read data: 128
Data left: 3419, State=4
----------------------
Available data: 3419, State=4
Read chunk type
Chunk Type 3
Chunk ID: 6
Data left: 3418, State=6
----------------------
Available data: 3418, State=6
Data left: 3418, State=8
----------------------
Available data: 3418, State=8
Read data: 147984024, left: 45082
Finish read data: 128
Data left: 3290, State=4
----------------------
Available data: 3290, State=4
Read chunk type
Chunk Type 3
Chunk ID: 6
Data left: 3289, State=6
----------------------
Available data: 3289, State=6
Data left: 3289, State=8
----------------------
Available data: 3289, State=8
Read data: 147984024, left: 44954
Finish read data: 128
Data left: 3161, State=4
----------------------
Available data: 3161, State=4
Read chunk type
Chunk Type 3
Chunk ID: 6
Data left: 3160, State=6
----------------------
Available data: 3160, State=6
Data left: 3160, State=8
----------------------
Available data: 3160, State=8
Read data: 147984024, left: 44826
Finish read data: 128
Data left: 3032, State=4
----------------------
Available data: 3032, State=4
Read chunk type
Chunk Type 3
Chunk ID: 6
Data left: 3031, State=6
----------------------
Available data: 3031, State=6
Data left: 3031, State=8
----------------------
Available data: 3031, State=8
Read data: 147984024, left: 44698
Finish read data: 128
Data left: 2903, State=4
----------------------
Available data: 2903, State=4
Read chunk type
Chunk Type 3
Chunk ID: 6
Data left: 2902, State=6
----------------------
Available data: 2902, State=6
Data left: 2902, State=8
----------------------
Available data: 2902, State=8
Read data: 147984024, left: 44570
Finish read data: 128
Data left: 2774, State=4
----------------------
Available data: 2774, State=4
Read chunk type
Chunk Type 3
Chunk ID: 6
Data left: 2773, State=6
----------------------
Available data: 2773, State=6
Data left: 2773, State=8
----------------------
Available data: 2773, State=8
Read data: 147984024, left: 44442
Finish read data: 128
Data left: 2645, State=4
----------------------
Available data: 2645, State=4
Read chunk type
Chunk Type 3
Chunk ID: 6
Data left: 2644, State=6
----------------------
Available data: 2644, State=6
Data left: 2644, State=8
----------------------
Available data: 2644, State=8
Read data: 147984024, left: 44314
Finish read data: 128
Data left: 2516, State=4
----------------------
Available data: 2516, State=4
Read chunk type
Chunk Type 3
Chunk ID: 6
Data left: 2515, State=6
----------------------
Available data: 2515, State=6
Data left: 2515, State=8
----------------------
Available data: 2515, State=8
Read data: 147984024, left: 44186
Finish read data: 128
Data left: 2387, State=4
----------------------
Available data: 2387, State=4
Read chunk type
Chunk Type 3
Chunk ID: 6
Data left: 2386, State=6
----------------------
Available data: 2386, State=6
Data left: 2386, State=8
----------------------
Available data: 2386, State=8
Read data: 147984024, left: 44058
Finish read data: 128
Data left: 2258, State=4
----------------------
Available data: 2258, State=4
Read chunk type
Chunk Type 3
Chunk ID: 6
Data left: 2257, State=6
----------------------
Available data: 2257, State=6
Data left: 2257, State=8
----------------------
Available data: 2257, State=8
Read data: 147984024, left: 43930
Finish read data: 128
Data left: 2129, State=4
----------------------
Available data: 2129, State=4
Read chunk type
Chunk Type 3
Chunk ID: 6
Data left: 2128, State=6
----------------------
Available data: 2128, State=6
Data left: 2128, State=8
----------------------
Available data: 2128, State=8
Read data: 147984024, left: 43802
Finish read data: 128
Data left: 2000, State=4
----------------------
Available data: 2000, State=4
Read chunk type
Chunk Type 3
Chunk ID: 6
Data left: 1999, State=6
----------------------
Available data: 1999, State=6
Data left: 1999, State=8
----------------------
Available data: 1999, State=8
Read data: 147984024, left: 43674
Finish read data: 128
Data left: 1871, State=4
----------------------
Available data: 1871, State=4
Read chunk type
Chunk Type 3
Chunk ID: 6
Data left: 1870, State=6
----------------------
Available data: 1870, State=6
Data left: 1870, State=8
----------------------
Available data: 1870, State=8
Read data: 147984024, left: 43546
Finish read data: 128
Data left: 1742, State=4
----------------------
Available data: 1742, State=4
Read chunk type
Chunk Type 3
Chunk ID: 6
Data left: 1741, State=6
----------------------
Available data: 1741, State=6
Data left: 1741, State=8
----------------------
Available data: 1741, State=8
Read data: 147984024, left: 43418
Finish read data: 128
Data left: 1613, State=4
----------------------
Available data: 1613, State=4
Read chunk type
Chunk Type 3
Chunk ID: 6
Data left: 1612, State=6
----------------------
Available data: 1612, State=6
Data left: 1612, State=8
----------------------
Available data: 1612, State=8
Read data: 147984024, left: 43290
Finish read data: 128
Data left: 1484, State=4
----------------------
Available data: 1484, State=4
Read chunk type
Chunk Type 3
Chunk ID: 6
Data left: 1483, State=6
----------------------
Available data: 1483, State=6
Data left: 1483, State=8
----------------------
Available data: 1483, State=8
Read data: 147984024, left: 43162
Finish read data: 128
Data left: 1355, State=4
----------------------
Available data: 1355, State=4
Read chunk type
Chunk Type 3
Chunk ID: 6
Data left: 1354, State=6
----------------------
Available data: 1354, State=6
Data left: 1354, State=8
----------------------
Available data: 1354, State=8
Read data: 147984024, left: 43034
Finish read data: 128
Data left: 1226, State=4
----------------------
Available data: 1226, State=4
Read chunk type
Chunk Type 3
Chunk ID: 6
Data left: 1225, State=6
----------------------
Available data: 1225, State=6
Data left: 1225, State=8
----------------------
Available data: 1225, State=8
Read data: 147984024, left: 42906
Finish read data: 128
Data left: 1097, State=4
----------------------
Available data: 1097, State=4
Read chunk type
Chunk Type 3
Chunk ID: 6
Data left: 1096, State=6
----------------------
Available data: 1096, State=6
Data left: 1096, State=8
----------------------
Available data: 1096, State=8
Read data: 147984024, left: 42778
Finish read data: 128
Data left: 968, State=4
----------------------
Available data: 968, State=4
Read chunk type
Chunk Type 3
Chunk ID: 6
Data left: 967, State=6
----------------------
Available data: 967, State=6
Data left: 967, State=8
----------------------
Available data: 967, State=8
Read data: 147984024, left: 42650
Finish read data: 128
Data left: 839, State=4
----------------------
Available data: 839, State=4
Read chunk type
Chunk Type 3
Chunk ID: 6
Data left: 838, State=6
----------------------
Available data: 838, State=6
Data left: 838, State=8
----------------------
Available data: 838, State=8
Read data: 147984024, left: 42522
Finish read data: 128
Data left: 710, State=4
----------------------
Available data: 710, State=4
Read chunk type
Chunk Type 3
Chunk ID: 6
Data left: 709, State=6
----------------------
Available data: 709, State=6
Data left: 709, State=8
----------------------
Available data: 709, State=8
Read data: 147984024, left: 42394
Finish read data: 128
Data left: 581, State=4
----------------------
Available data: 581, State=4
Read chunk type
Chunk Type 3
Chunk ID: 6
Data left: 580, State=6
----------------------
Available data: 580, State=6
Data left: 580, State=8
----------------------
Available data: 580, State=8
Read data: 147984024, left: 42266
Finish read data: 128
Data left: 452, State=4
----------------------
Available data: 452, State=4
Read chunk type
Chunk Type 3
Chunk ID: 6
Data left: 451, State=6
----------------------
Available data: 451, State=6
Data left: 451, State=8
----------------------
Available data: 451, State=8
Read data: 147984024, left: 42138
Finish read data: 128
Data left: 323, State=4
----------------------
Available data: 323, State=4
Read chunk type
Chunk Type 3
Chunk ID: 6
Data left: 322, State=6
----------------------
Available data: 322, State=6
Data left: 322, State=8
----------------------
Available data: 322, State=8
Read data: 147984024, left: 42010
Finish read data: 128
Data left: 194, State=4
----------------------
Available data: 194, State=4
Read chunk type
Chunk Type 3
Chunk ID: 6
Data left: 193, State=6
----------------------
Available data: 193, State=6
Data left: 193, State=8
----------------------
Available data: 193, State=8
Read data: 147984024, left: 41882
Finish read data: 128
Data left: 65, State=4
----------------------
Available data: 65, State=4
Read chunk type
Chunk Type 3
Chunk ID: 6
Data left: 64, State=6
----------------------
Available data: 64, State=6
Data left: 64, State=8
----------------------
Available data: 64, State=8
Data left: 64, State=8
Receiving: 322 8128 8514 131073
----------------------
Available data: 386, State=8
Read data: 147984024, left: 41754
Finish read data: 128
Data left: 258, State=4
----------------------
Available data: 258, State=4
Read chunk type
Chunk Type 3
Chunk ID: 6
Data left: 257, State=6
----------------------
Available data: 257, State=6
Data left: 257, State=8
----------------------
Available data: 257, State=8
Read data: 147984024, left: 41626
Finish read data: 128
Data left: 129, State=4
----------------------
Available data: 129, State=4
Read chunk type
Chunk Type 3
Chunk ID: 6
Data left: 128, State=6
----------------------
Available data: 128, State=6
Data left: 128, State=8
----------------------
Available data: 128, State=8
Read data: 147984024, left: 41498
Finish read data: 128
Data left: 0, State=4
Receiving: 4096 0 4096 131073
----------------------
Available data: 4096, State=4
Read chunk type
Chunk Type 3
Chunk ID: 6
Data left: 4095, State=6
----------------------
Available data: 4095, State=6
Data left: 4095, State=8
----------------------
Available data: 4095, State=8
Read data: 147984024, left: 41370
Finish read data: 128
Data left: 3967, State=4
----------------------
Available data: 3967, State=4
Read chunk type
Chunk Type 3
Chunk ID: 6
Data left: 3966, State=6
----------------------
Available data: 3966, State=6
Data left: 3966, State=8
----------------------
Available data: 3966, State=8
Read data: 147984024, left: 41242
Finish read data: 128
Data left: 3838, State=4
----------------------
Available data: 3838, State=4
Read chunk type
Chunk Type 3
Chunk ID: 6
Data left: 3837, State=6
----------------------
Available data: 3837, State=6
Data left: 3837, State=8
----------------------
Available data: 3837, State=8
Read data: 147984024, left: 41114
Finish read data: 128
Data left: 3709, State=4
----------------------
Available data: 3709, State=4
Read chunk type
Chunk Type 3
Chunk ID: 6
Data left: 3708, State=6
----------------------
Available data: 3708, State=6
Data left: 3708, State=8
----------------------
Available data: 3708, State=8
Read data: 147984024, left: 40986
Finish read data: 128
Data left: 3580, State=4
----------------------
Available data: 3580, State=4
Read chunk type
Chunk Type 3
Chunk ID: 6
Data left: 3579, State=6
----------------------
Available data: 3579, State=6
Data left: 3579, State=8
----------------------
Available data: 3579, State=8
Read data: 147984024, left: 40858
Finish read data: 128
Data left: 3451, State=4
----------------------
Available data: 3451, State=4
Read chunk type
Chunk Type 3
Chunk ID: 6
Data left: 3450, State=6
----------------------
Available data: 3450, State=6
Data left: 3450, State=8
----------------------
Available data: 3450, State=8
Read data: 147984024, left: 40730
Finish read data: 128
Data left: 3322, State=4
----------------------
Available data: 3322, State=4
Read chunk type
Chunk Type 3
Chunk ID: 6
Data left: 3321, State=6
----------------------
Available data: 3321, State=6
Data left: 3321, State=8
----------------------
Available data: 3321, State=8
Read data: 147984024, left: 40602
Finish read data: 128
Data left: 3193, State=4
----------------------
Available data: 3193, State=4
Read chunk type
Chunk Type 3
Chunk ID: 6
Data left: 3192, State=6
----------------------
Available data: 3192, State=6
Data left: 3192, State=8
----------------------
Available data: 3192, State=8
Read data: 147984024, left: 40474
Finish read data: 128
Data left: 3064, State=4
----------------------
Available data: 3064, State=4
Read chunk type
Chunk Type 3
Chunk ID: 6
Data left: 3063, State=6
----------------------
Available data: 3063, State=6
Data left: 3063, State=8
----------------------
Available data: 3063, State=8
Read data: 147984024, left: 40346
Finish read data: 128
Data left: 2935, State=4
----------------------
Available data: 2935, State=4
Read chunk type
Chunk Type 3
Chunk ID: 6
Data left: 2934, State=6
----------------------
Available data: 2934, State=6
Data left: 2934, State=8
----------------------
Available data: 2934, State=8
Read data: 147984024, left: 40218
Finish read data: 128
Data left: 2806, State=4
----------------------
Available data: 2806, State=4
Read chunk type
Chunk Type 3
Chunk ID: 6
Data left: 2805, State=6
----------------------
Available data: 2805, State=6
Data left: 2805, State=8
----------------------
Available data: 2805, State=8
Read data: 147984024, left: 40090
Finish read data: 128
Data left: 2677, State=4
----------------------
Available data: 2677, State=4
Read chunk type
Chunk Type 3
Chunk ID: 6
Data left: 2676, State=6
----------------------
Available data: 2676, State=6
Data left: 2676, State=8
----------------------
Available data: 2676, State=8
Read data: 147984024, left: 39962
Finish read data: 128
Data left: 2548, State=4
----------------------
Available data: 2548, State=4
Read chunk type
Chunk Type 3
Chunk ID: 6
Data left: 2547, State=6
----------------------
Available data: 2547, State=6
Data left: 2547, State=8
----------------------
Available data: 2547, State=8
Read data: 147984024, left: 39834
Finish read data: 128
Data left: 2419, State=4
----------------------
Available data: 2419, State=4
Read chunk type
Chunk Type 3
Chunk ID: 6
Data left: 2418, State=6
----------------------
Available data: 2418, State=6
Data left: 2418, State=8
----------------------
Available data: 2418, State=8
Read data: 147984024, left: 39706
Finish read data: 128
Data left: 2290, State=4
----------------------
Available data: 2290, State=4
Read chunk type
Chunk Type 3
Chunk ID: 6
Data left: 2289, State=6
----------------------
Available data: 2289, State=6
Data left: 2289, State=8
----------------------
Available data: 2289, State=8
Read data: 147984024, left: 39578
Finish read data: 128
Data left: 2161, State=4
----------------------
Available data: 2161, State=4
Read chunk type
Chunk Type 3
Chunk ID: 6
Data left: 2160, State=6
----------------------
Available data: 2160, State=6
Data left: 2160, State=8
----------------------
Available data: 2160, State=8
Read data: 147984024, left: 39450
Finish read data: 128
Data left: 2032, State=4
----------------------
Available data: 2032, State=4
Read chunk type
Chunk Type 3
Chunk ID: 6
Data left: 2031, State=6
----------------------
Available data: 2031, State=6
Data left: 2031, State=8
----------------------
Available data: 2031, State=8
Read data: 147984024, left: 39322
Finish read data: 128
Data left: 1903, State=4
----------------------
Available data: 1903, State=4
Read chunk type
Chunk Type 3
Chunk ID: 6
Data left: 1902, State=6
----------------------
Available data: 1902, State=6
Data left: 1902, State=8
----------------------
Available data: 1902, State=8
Read data: 147984024, left: 39194
Finish read data: 128
Data left: 1774, State=4
----------------------
Available data: 1774, State=4
Read chunk type
Chunk Type 3
Chunk ID: 6
Data left: 1773, State=6
----------------------
Available data: 1773, State=6
Data left: 1773, State=8
----------------------
Available data: 1773, State=8
Read data: 147984024, left: 39066
Finish read data: 128
Data left: 1645, State=4
----------------------
Available data: 1645, State=4
Read chunk type
Chunk Type 3
Chunk ID: 6
Data left: 1644, State=6
----------------------
Available data: 1644, State=6
Data left: 1644, State=8
----------------------
Available data: 1644, State=8
Read data: 147984024, left: 38938
Finish read data: 128
Data left: 1516, State=4
----------------------
Available data: 1516, State=4
Read chunk type
Chunk Type 3
Chunk ID: 6
Data left: 1515, State=6
----------------------
Available data: 1515, State=6
Data left: 1515, State=8
----------------------
Available data: 1515, State=8
Read data: 147984024, left: 38810
Finish read data: 128
Data left: 1387, State=4
----------------------
Available data: 1387, State=4
Read chunk type
Chunk Type 3
Chunk ID: 6
Data left: 1386, State=6
----------------------
Available data: 1386, State=6
Data left: 1386, State=8
----------------------
Available data: 1386, State=8
Read data: 147984024, left: 38682
Finish read data: 128
Data left: 1258, State=4
----------------------
Available data: 1258, State=4
Read chunk type
Chunk Type 3
Chunk ID: 6
Data left: 1257, State=6
----------------------
Available data: 1257, State=6
Data left: 1257, State=8
----------------------
Available data: 1257, State=8
Read data: 147984024, left: 38554
Finish read data: 128
Data left: 1129, State=4
----------------------
Available data: 1129, State=4
Read chunk type
Chunk Type 3
Chunk ID: 6
Data left: 1128, State=6
----------------------
Available data: 1128, State=6
Data left: 1128, State=8
----------------------
Available data: 1128, State=8
Read data: 147984024, left: 38426
Finish read data: 128
Data left: 1000, State=4
----------------------
Available data: 1000, State=4
Read chunk type
Chunk Type 3
Chunk ID: 6
Data left: 999, State=6
----------------------
Available data: 999, State=6
Data left: 999, State=8
----------------------
Available data: 999, State=8
Read data: 147984024, left: 38298
Finish read data: 128
Data left: 871, State=4
----------------------
Available data: 871, State=4
Read chunk type
Chunk Type 3
Chunk ID: 6
Data left: 870, State=6
----------------------
Available data: 870, State=6
Data left: 870, State=8
----------------------
Available data: 870, State=8
Read data: 147984024, left: 38170
Finish read data: 128
Data left: 742, State=4
----------------------
Available data: 742, State=4
Read chunk type
Chunk Type 3
Chunk ID: 6
Data left: 741, State=6
----------------------
Available data: 741, State=6
Data left: 741, State=8
----------------------
Available data: 741, State=8
Read data: 147984024, left: 38042
Finish read data: 128
Data left: 613, State=4
----------------------
Available data: 613, State=4
Read chunk type
Chunk Type 3
Chunk ID: 6
Data left: 612, State=6
----------------------
Available data: 612, State=6
Data left: 612, State=8
----------------------
Available data: 612, State=8
Read data: 147984024, left: 37914
Finish read data: 128
Data left: 484, State=4
----------------------
Available data: 484, State=4
Read chunk type
Chunk Type 3
Chunk ID: 6
Data left: 483, State=6
----------------------
Available data: 483, State=6
Data left: 483, State=8
----------------------
Available data: 483, State=8
Read data: 147984024, left: 37786
Finish read data: 128
Data left: 355, State=4
----------------------
Available data: 355, State=4
Read chunk type
Chunk Type 3
Chunk ID: 6
Data left: 354, State=6
----------------------
Available data: 354, State=6
Data left: 354, State=8
----------------------
Available data: 354, State=8
Read data: 147984024, left: 37658
Finish read data: 128
Data left: 226, State=4
----------------------
Available data: 226, State=4
Read chunk type
Chunk Type 3
Chunk ID: 6
Data left: 225, State=6
----------------------
Available data: 225, State=6
Data left: 225, State=8
----------------------
Available data: 225, State=8
Read data: 147984024, left: 37530
Finish read data: 128
Data left: 97, State=4
----------------------
Available data: 97, State=4
Read chunk type
Chunk Type 3
Chunk ID: 6
Data left: 96, State=6
----------------------
Available data: 96, State=6
Data left: 96, State=8
----------------------
Available data: 96, State=8
Data left: 96, State=8
Receiving: 1064 4000 5160 131073
----------------------
Available data: 1160, State=8
Read data: 147984024, left: 37402
Finish read data: 128
Data left: 1032, State=4
----------------------
Available data: 1032, State=4
Read chunk type
Chunk Type 3
Chunk ID: 6
Data left: 1031, State=6
----------------------
Available data: 1031, State=6
Data left: 1031, State=8
----------------------
Available data: 1031, State=8
Read data: 147984024, left: 37274
Finish read data: 128
Data left: 903, State=4
----------------------
Available data: 903, State=4
Read chunk type
Chunk Type 3
Chunk ID: 6
Data left: 902, State=6
----------------------
Available data: 902, State=6
Data left: 902, State=8
----------------------
Available data: 902, State=8
Read data: 147984024, left: 37146
Finish read data: 128
Data left: 774, State=4
----------------------
Available data: 774, State=4
Read chunk type
Chunk Type 3
Chunk ID: 6
Data left: 773, State=6
----------------------
Available data: 773, State=6
Data left: 773, State=8
----------------------
Available data: 773, State=8
Read data: 147984024, left: 37018
Finish read data: 128
Data left: 645, State=4
----------------------
Available data: 645, State=4
Read chunk type
Chunk Type 3
Chunk ID: 6
Data left: 644, State=6
----------------------
Available data: 644, State=6
Data left: 644, State=8
----------------------
Available data: 644, State=8
Read data: 147984024, left: 36890
Finish read data: 128
Data left: 516, State=4
----------------------
Available data: 516, State=4
Read chunk type
Chunk Type 3
Chunk ID: 6
Data left: 515, State=6
----------------------
Available data: 515, State=6
Data left: 515, State=8
----------------------
Available data: 515, State=8
Read data: 147984024, left: 36762
Finish read data: 128
Data left: 387, State=4
----------------------
Available data: 387, State=4
Read chunk type
Chunk Type 3
Chunk ID: 6
Data left: 386, State=6
----------------------
Available data: 386, State=6
Data left: 386, State=8
----------------------
Available data: 386, State=8
Read data: 147984024, left: 36634
Finish read data: 128
Data left: 258, State=4
----------------------
Available data: 258, State=4
Read chunk type
Chunk Type 3
Chunk ID: 6
Data left: 257, State=6
----------------------
Available data: 257, State=6
Data left: 257, State=8
----------------------
Available data: 257, State=8
Read data: 147984024, left: 36506
Finish read data: 128
Data left: 129, State=4
----------------------
Available data: 129, State=4
Read chunk type
Chunk Type 3
Chunk ID: 6
Data left: 128, State=6
----------------------
Available data: 128, State=6
Data left: 128, State=8
----------------------
Available data: 128, State=8
Read data: 147984024, left: 36378
Finish read data: 128
Data left: 0, State=4
Receiving: 4096 0 4096 131073
----------------------
Available data: 4096, State=4
Read chunk type
Chunk Type 3
Chunk ID: 6
Data left: 4095, State=6
----------------------
Available data: 4095, State=6
Data left: 4095, State=8
----------------------
Available data: 4095, State=8
Read data: 147984024, left: 36250
Finish read data: 128
Data left: 3967, State=4
----------------------
Available data: 3967, State=4
Read chunk type
Chunk Type 3
Chunk ID: 6
Data left: 3966, State=6
----------------------
Available data: 3966, State=6
Data left: 3966, State=8
----------------------
Available data: 3966, State=8
Read data: 147984024, left: 36122
Finish read data: 128
Data left: 3838, State=4
----------------------
Available data: 3838, State=4
Read chunk type
Chunk Type 3
Chunk ID: 6
Data left: 3837, State=6
----------------------
Available data: 3837, State=6
Data left: 3837, State=8
----------------------
Available data: 3837, State=8
Read data: 147984024, left: 35994
Finish read data: 128
Data left: 3709, State=4
----------------------
Available data: 3709, State=4
Read chunk type
Chunk Type 3
Chunk ID: 6
Data left: 3708, State=6
----------------------
Available data: 3708, State=6
Data left: 3708, State=8
----------------------
Available data: 3708, State=8
Read data: 147984024, left: 35866
Finish read data: 128
Data left: 3580, State=4
----------------------
Available data: 3580, State=4
Read chunk type
Chunk Type 3
Chunk ID: 6
Data left: 3579, State=6
----------------------
Available data: 3579, State=6
Data left: 3579, State=8
----------------------
Available data: 3579, State=8
Read data: 147984024, left: 35738
Finish read data: 128
Data left: 3451, State=4
----------------------
Available data: 3451, State=4
Read chunk type
Chunk Type 3
Chunk ID: 6
Data left: 3450, State=6
----------------------
Available data: 3450, State=6
Data left: 3450, State=8
----------------------
Available data: 3450, State=8
Read data: 147984024, left: 35610
Finish read data: 128
Data left: 3322, State=4
----------------------
Available data: 3322, State=4
Read chunk type
Chunk Type 3
Chunk ID: 6
Data left: 3321, State=6
----------------------
Available data: 3321, State=6
Data left: 3321, State=8
----------------------
Available data: 3321, State=8
Read data: 147984024, left: 35482
Finish read data: 128
Data left: 3193, State=4
----------------------
Available data: 3193, State=4
Read chunk type
Chunk Type 3
Chunk ID: 6
Data left: 3192, State=6
----------------------
Available data: 3192, State=6
Data left: 3192, State=8
----------------------
Available data: 3192, State=8
Read data: 147984024, left: 35354
Finish read data: 128
Data left: 3064, State=4
----------------------
Available data: 3064, State=4
Read chunk type
Chunk Type 3
Chunk ID: 6
Data left: 3063, State=6
----------------------
Available data: 3063, State=6
Data left: 3063, State=8
----------------------
Available data: 3063, State=8
Read data: 147984024, left: 35226
Finish read data: 128
Data left: 2935, State=4
----------------------
Available data: 2935, State=4
Read chunk type
Chunk Type 3
Chunk ID: 6
Data left: 2934, State=6
----------------------
Available data: 2934, State=6
Data left: 2934, State=8
----------------------
Available data: 2934, State=8
Read data: 147984024, left: 35098
Finish read data: 128
Data left: 2806, State=4
----------------------
Available data: 2806, State=4
Read chunk type
Chunk Type 3
Chunk ID: 6
Data left: 2805, State=6
----------------------
Available data: 2805, State=6
Data left: 2805, State=8
----------------------
Available data: 2805, State=8
Read data: 147984024, left: 34970
Finish read data: 128
Data left: 2677, State=4
----------------------
Available data: 2677, State=4
Read chunk type
Chunk Type 3
Chunk ID: 6
Data left: 2676, State=6
----------------------
Available data: 2676, State=6
Data left: 2676, State=8
----------------------
Available data: 2676, State=8
Read data: 147984024, left: 34842
Finish read data: 128
Data left: 2548, State=4
----------------------
Available data: 2548, State=4
Read chunk type
Chunk Type 3
Chunk ID: 6
Data left: 2547, State=6
----------------------
Available data: 2547, State=6
Data left: 2547, State=8
----------------------
Available data: 2547, State=8
Read data: 147984024, left: 34714
Finish read data: 128
Data left: 2419, State=4
----------------------
Available data: 2419, State=4
Read chunk type
Chunk Type 3
Chunk ID: 6
Data left: 2418, State=6
----------------------
Available data: 2418, State=6
Data left: 2418, State=8
----------------------
Available data: 2418, State=8
Read data: 147984024, left: 34586
Finish read data: 128
Data left: 2290, State=4
----------------------
Available data: 2290, State=4
Read chunk type
Chunk Type 3
Chunk ID: 6
Data left: 2289, State=6
----------------------
Available data: 2289, State=6
Data left: 2289, State=8
----------------------
Available data: 2289, State=8
Read data: 147984024, left: 34458
Finish read data: 128
Data left: 2161, State=4
----------------------
Available data: 2161, State=4
Read chunk type
Chunk Type 3
Chunk ID: 6
Data left: 2160, State=6
----------------------
Available data: 2160, State=6
Data left: 2160, State=8
----------------------
Available data: 2160, State=8
Read data: 147984024, left: 34330
Finish read data: 128
Data left: 2032, State=4
----------------------
Available data: 2032, State=4
Read chunk type
Chunk Type 3
Chunk ID: 6
Data left: 2031, State=6
----------------------
Available data: 2031, State=6
Data left: 2031, State=8
----------------------
Available data: 2031, State=8
Read data: 147984024, left: 34202
Finish read data: 128
Data left: 1903, State=4
----------------------
Available data: 1903, State=4
Read chunk type
Chunk Type 3
Chunk ID: 6
Data left: 1902, State=6
----------------------
Available data: 1902, State=6
Data left: 1902, State=8
----------------------
Available data: 1902, State=8
Read data: 147984024, left: 34074
Finish read data: 128
Data left: 1774, State=4
----------------------
Available data: 1774, State=4
Read chunk type
Chunk Type 3
Chunk ID: 6
Data left: 1773, State=6
----------------------
Available data: 1773, State=6
Data left: 1773, State=8
----------------------
Available data: 1773, State=8
Read data: 147984024, left: 33946
Finish read data: 128
Data left: 1645, State=4
----------------------
Available data: 1645, State=4
Read chunk type
Chunk Type 3
Chunk ID: 6
Data left: 1644, State=6
----------------------
Available data: 1644, State=6
Data left: 1644, State=8
----------------------
Available data: 1644, State=8
Read data: 147984024, left: 33818
Finish read data: 128
Data left: 1516, State=4
----------------------
Available data: 1516, State=4
Read chunk type
Chunk Type 3
Chunk ID: 6
Data left: 1515, State=6
----------------------
Available data: 1515, State=6
Data left: 1515, State=8
----------------------
Available data: 1515, State=8
Read data: 147984024, left: 33690
Finish read data: 128
Data left: 1387, State=4
----------------------
Available data: 1387, State=4
Read chunk type
Chunk Type 3
Chunk ID: 6
Data left: 1386, State=6
----------------------
Available data: 1386, State=6
Data left: 1386, State=8
----------------------
Available data: 1386, State=8
Read data: 147984024, left: 33562
Finish read data: 128
Data left: 1258, State=4
----------------------
Available data: 1258, State=4
Read chunk type
Chunk Type 3
Chunk ID: 6
Data left: 1257, State=6
----------------------
Available data: 1257, State=6
Data left: 1257, State=8
----------------------
Available data: 1257, State=8
Read data: 147984024, left: 33434
Finish read data: 128
Data left: 1129, State=4
----------------------
Available data: 1129, State=4
Read chunk type
Chunk Type 3
Chunk ID: 6
Data left: 1128, State=6
----------------------
Available data: 1128, State=6
Data left: 1128, State=8
----------------------
Available data: 1128, State=8
Read data: 147984024, left: 33306
Finish read data: 128
Data left: 1000, State=4
----------------------
Available data: 1000, State=4
Read chunk type
Chunk Type 3
Chunk ID: 6
Data left: 999, State=6
----------------------
Available data: 999, State=6
Data left: 999, State=8
----------------------
Available data: 999, State=8
Read data: 147984024, left: 33178
Finish read data: 128
Data left: 871, State=4
----------------------
Available data: 871, State=4
Read chunk type
Chunk Type 3
Chunk ID: 6
Data left: 870, State=6
----------------------
Available data: 870, State=6
Data left: 870, State=8
----------------------
Available data: 870, State=8
Read data: 147984024, left: 33050
Finish read data: 128
Data left: 742, State=4
----------------------
Available data: 742, State=4
Read chunk type
Chunk Type 3
Chunk ID: 6
Data left: 741, State=6
----------------------
Available data: 741, State=6
Data left: 741, State=8
----------------------
Available data: 741, State=8
Read data: 147984024, left: 32922
Finish read data: 128
Data left: 613, State=4
----------------------
Available data: 613, State=4
Read chunk type
Chunk Type 3
Chunk ID: 6
Data left: 612, State=6
----------------------
Available data: 612, State=6
Data left: 612, State=8
----------------------
Available data: 612, State=8
Read data: 147984024, left: 32794
Finish read data: 128
Data left: 484, State=4
----------------------
Available data: 484, State=4
Read chunk type
Chunk Type 3
Chunk ID: 6
Data left: 483, State=6
----------------------
Available data: 483, State=6
Data left: 483, State=8
----------------------
Available data: 483, State=8
Read data: 147984024, left: 32666
Finish read data: 128
Data left: 355, State=4
----------------------
Available data: 355, State=4
Read chunk type
Chunk Type 3
Chunk ID: 6
Data left: 354, State=6
----------------------
Available data: 354, State=6
Data left: 354, State=8
----------------------
Available data: 354, State=8
Read data: 147984024, left: 32538
Finish read data: 128
Data left: 226, State=4
----------------------
Available data: 226, State=4
Read chunk type
Chunk Type 3
Chunk ID: 6
Data left: 225, State=6
----------------------
Available data: 225, State=6
Data left: 225, State=8
----------------------
Available data: 225, State=8
Read data: 147984024, left: 32410
Finish read data: 128
Data left: 97, State=4
----------------------
Available data: 97, State=4
Read chunk type
Chunk Type 3
Chunk ID: 6
Data left: 96, State=6
----------------------
Available data: 96, State=6
Data left: 96, State=8
----------------------
Available data: 96, State=8
Data left: 96, State=8
Receiving: 4096 4000 8192 131073
----------------------
Available data: 4192, State=8
Read data: 147984024, left: 32282
Finish read data: 128
Data left: 4064, State=4
----------------------
Available data: 4064, State=4
Read chunk type
Chunk Type 3
Chunk ID: 6
Data left: 4063, State=6
----------------------
Available data: 4063, State=6
Data left: 4063, State=8
----------------------
Available data: 4063, State=8
Read data: 147984024, left: 32154
Finish read data: 128
Data left: 3935, State=4
----------------------
Available data: 3935, State=4
Read chunk type
Chunk Type 3
Chunk ID: 6
Data left: 3934, State=6
----------------------
Available data: 3934, State=6
Data left: 3934, State=8
----------------------
Available data: 3934, State=8
Read data: 147984024, left: 32026
Finish read data: 128
Data left: 3806, State=4
----------------------
Available data: 3806, State=4
Read chunk type
Chunk Type 3
Chunk ID: 6
Data left: 3805, State=6
----------------------
Available data: 3805, State=6
Data left: 3805, State=8
----------------------
Available data: 3805, State=8
Read data: 147984024, left: 31898
Finish read data: 128
Data left: 3677, State=4
----------------------
Available data: 3677, State=4
Read chunk type
Chunk Type 3
Chunk ID: 6
Data left: 3676, State=6
----------------------
Available data: 3676, State=6
Data left: 3676, State=8
----------------------
Available data: 3676, State=8
Read data: 147984024, left: 31770
Finish read data: 128
Data left: 3548, State=4
----------------------
Available data: 3548, State=4
Read chunk type
Chunk Type 3
Chunk ID: 6
Data left: 3547, State=6
----------------------
Available data: 3547, State=6
Data left: 3547, State=8
----------------------
Available data: 3547, State=8
Read data: 147984024, left: 31642
Finish read data: 128
Data left: 3419, State=4
----------------------
Available data: 3419, State=4
Read chunk type
Chunk Type 3
Chunk ID: 6
Data left: 3418, State=6
----------------------
Available data: 3418, State=6
Data left: 3418, State=8
----------------------
Available data: 3418, State=8
Read data: 147984024, left: 31514
Finish read data: 128
Data left: 3290, State=4
----------------------
Available data: 3290, State=4
Read chunk type
Chunk Type 3
Chunk ID: 6
Data left: 3289, State=6
----------------------
Available data: 3289, State=6
Data left: 3289, State=8
----------------------
Available data: 3289, State=8
Read data: 147984024, left: 31386
Finish read data: 128
Data left: 3161, State=4
----------------------
Available data: 3161, State=4
Read chunk type
Chunk Type 3
Chunk ID: 6
Data left: 3160, State=6
----------------------
Available data: 3160, State=6
Data left: 3160, State=8
----------------------
Available data: 3160, State=8
Read data: 147984024, left: 31258
Finish read data: 128
Data left: 3032, State=4
----------------------
Available data: 3032, State=4
Read chunk type
Chunk Type 3
Chunk ID: 6
Data left: 3031, State=6
----------------------
Available data: 3031, State=6
Data left: 3031, State=8
----------------------
Available data: 3031, State=8
Read data: 147984024, left: 31130
Finish read data: 128
Data left: 2903, State=4
----------------------
Available data: 2903, State=4
Read chunk type
Chunk Type 3
Chunk ID: 6
Data left: 2902, State=6
----------------------
Available data: 2902, State=6
Data left: 2902, State=8
----------------------
Available data: 2902, State=8
Read data: 147984024, left: 31002
Finish read data: 128
Data left: 2774, State=4
----------------------
Available data: 2774, State=4
Read chunk type
Chunk Type 3
Chunk ID: 6
Data left: 2773, State=6
----------------------
Available data: 2773, State=6
Data left: 2773, State=8
----------------------
Available data: 2773, State=8
Read data: 147984024, left: 30874
Finish read data: 128
Data left: 2645, State=4
----------------------
Available data: 2645, State=4
Read chunk type
Chunk Type 3
Chunk ID: 6
Data left: 2644, State=6
----------------------
Available data: 2644, State=6
Data left: 2644, State=8
----------------------
Available data: 2644, State=8
Read data: 147984024, left: 30746
Finish read data: 128
Data left: 2516, State=4
----------------------
Available data: 2516, State=4
Read chunk type
Chunk Type 3
Chunk ID: 6
Data left: 2515, State=6
----------------------
Available data: 2515, State=6
Data left: 2515, State=8
----------------------
Available data: 2515, State=8
Read data: 147984024, left: 30618
Finish read data: 128
Data left: 2387, State=4
----------------------
Available data: 2387, State=4
Read chunk type
Chunk Type 3
Chunk ID: 6
Data left: 2386, State=6
----------------------
Available data: 2386, State=6
Data left: 2386, State=8
----------------------
Available data: 2386, State=8
Read data: 147984024, left: 30490
Finish read data: 128
Data left: 2258, State=4
----------------------
Available data: 2258, State=4
Read chunk type
Chunk Type 3
Chunk ID: 6
Data left: 2257, State=6
----------------------
Available data: 2257, State=6
Data left: 2257, State=8
----------------------
Available data: 2257, State=8
Read data: 147984024, left: 30362
Finish read data: 128
Data left: 2129, State=4
----------------------
Available data: 2129, State=4
Read chunk type
Chunk Type 3
Chunk ID: 6
Data left: 2128, State=6
----------------------
Available data: 2128, State=6
Data left: 2128, State=8
----------------------
Available data: 2128, State=8
Read data: 147984024, left: 30234
Finish read data: 128
Data left: 2000, State=4
----------------------
Available data: 2000, State=4
Read chunk type
Chunk Type 3
Chunk ID: 6
Data left: 1999, State=6
----------------------
Available data: 1999, State=6
Data left: 1999, State=8
----------------------
Available data: 1999, State=8
Read data: 147984024, left: 30106
Finish read data: 128
Data left: 1871, State=4
----------------------
Available data: 1871, State=4
Read chunk type
Chunk Type 3
Chunk ID: 6
Data left: 1870, State=6
----------------------
Available data: 1870, State=6
Data left: 1870, State=8
----------------------
Available data: 1870, State=8
Read data: 147984024, left: 29978
Finish read data: 128
Data left: 1742, State=4
----------------------
Available data: 1742, State=4
Read chunk type
Chunk Type 3
Chunk ID: 6
Data left: 1741, State=6
----------------------
Available data: 1741, State=6
Data left: 1741, State=8
----------------------
Available data: 1741, State=8
Read data: 147984024, left: 29850
Finish read data: 128
Data left: 1613, State=4
----------------------
Available data: 1613, State=4
Read chunk type
Chunk Type 3
Chunk ID: 6
Data left: 1612, State=6
----------------------
Available data: 1612, State=6
Data left: 1612, State=8
----------------------
Available data: 1612, State=8
Read data: 147984024, left: 29722
Finish read data: 128
Data left: 1484, State=4
----------------------
Available data: 1484, State=4
Read chunk type
Chunk Type 3
Chunk ID: 6
Data left: 1483, State=6
----------------------
Available data: 1483, State=6
Data left: 1483, State=8
----------------------
Available data: 1483, State=8
Read data: 147984024, left: 29594
Finish read data: 128
Data left: 1355, State=4
----------------------
Available data: 1355, State=4
Read chunk type
Chunk Type 3
Chunk ID: 6
Data left: 1354, State=6
----------------------
Available data: 1354, State=6
Data left: 1354, State=8
----------------------
Available data: 1354, State=8
Read data: 147984024, left: 29466
Finish read data: 128
Data left: 1226, State=4
----------------------
Available data: 1226, State=4
Read chunk type
Chunk Type 3
Chunk ID: 6
Data left: 1225, State=6
----------------------
Available data: 1225, State=6
Data left: 1225, State=8
----------------------
Available data: 1225, State=8
Read data: 147984024, left: 29338
Finish read data: 128
Data left: 1097, State=4
----------------------
Available data: 1097, State=4
Read chunk type
Chunk Type 3
Chunk ID: 6
Data left: 1096, State=6
----------------------
Available data: 1096, State=6
Data left: 1096, State=8
----------------------
Available data: 1096, State=8
Read data: 147984024, left: 29210
Finish read data: 128
Data left: 968, State=4
----------------------
Available data: 968, State=4
Read chunk type
Chunk Type 3
Chunk ID: 6
Data left: 967, State=6
----------------------
Available data: 967, State=6
Data left: 967, State=8
----------------------
Available data: 967, State=8
Read data: 147984024, left: 29082
Finish read data: 128
Data left: 839, State=4
----------------------
Available data: 839, State=4
Read chunk type
Chunk Type 3
Chunk ID: 6
Data left: 838, State=6
----------------------
Available data: 838, State=6
Data left: 838, State=8
----------------------
Available data: 838, State=8
Read data: 147984024, left: 28954
Finish read data: 128
Data left: 710, State=4
----------------------
Available data: 710, State=4
Read chunk type
Chunk Type 3
Chunk ID: 6
Data left: 709, State=6
----------------------
Available data: 709, State=6
Data left: 709, State=8
----------------------
Available data: 709, State=8
Read data: 147984024, left: 28826
Finish read data: 128
Data left: 581, State=4
----------------------
Available data: 581, State=4
Read chunk type
Chunk Type 3
Chunk ID: 6
Data left: 580, State=6
----------------------
Available data: 580, State=6
Data left: 580, State=8
----------------------
Available data: 580, State=8
Read data: 147984024, left: 28698
Finish read data: 128
Data left: 452, State=4
----------------------
Available data: 452, State=4
Read chunk type
Chunk Type 3
Chunk ID: 6
Data left: 451, State=6
----------------------
Available data: 451, State=6
Data left: 451, State=8
----------------------
Available data: 451, State=8
Read data: 147984024, left: 28570
Finish read data: 128
Data left: 323, State=4
----------------------
Available data: 323, State=4
Read chunk type
Chunk Type 3
Chunk ID: 6
Data left: 322, State=6
----------------------
Available data: 322, State=6
Data left: 322, State=8
----------------------
Available data: 322, State=8
Read data: 147984024, left: 28442
Finish read data: 128
Data left: 194, State=4
----------------------
Available data: 194, State=4
Read chunk type
Chunk Type 3
Chunk ID: 6
Data left: 193, State=6
----------------------
Available data: 193, State=6
Data left: 193, State=8
----------------------
Available data: 193, State=8
Read data: 147984024, left: 28314
Finish read data: 128
Data left: 65, State=4
----------------------
Available data: 65, State=4
Read chunk type
Chunk Type 3
Chunk ID: 6
Data left: 64, State=6
----------------------
Available data: 64, State=6
Data left: 64, State=8
----------------------
Available data: 64, State=8
Data left: 64, State=8
Receiving: 8449 8128 16641 131073
----------------------
Available data: 8513, State=8
Read data: 147984024, left: 28186
Finish read data: 128
Data left: 8385, State=4
----------------------
Available data: 8385, State=4
Read chunk type
Chunk Type 3
Chunk ID: 6
Data left: 8384, State=6
----------------------
Available data: 8384, State=6
Data left: 8384, State=8
----------------------
Available data: 8384, State=8
Read data: 147984024, left: 28058
Finish read data: 128
Data left: 8256, State=4
----------------------
Available data: 8256, State=4
Read chunk type
Chunk Type 3
Chunk ID: 6
Data left: 8255, State=6
----------------------
Available data: 8255, State=6
Data left: 8255, State=8
----------------------
Available data: 8255, State=8
Read data: 147984024, left: 27930
Finish read data: 128
Data left: 8127, State=4
----------------------
Available data: 8127, State=4
Read chunk type
Chunk Type 3
Chunk ID: 6
Data left: 8126, State=6
----------------------
Available data: 8126, State=6
Data left: 8126, State=8
----------------------
Available data: 8126, State=8
Read data: 147984024, left: 27802
Finish read data: 128
Data left: 7998, State=4
----------------------
Available data: 7998, State=4
Read chunk type
Chunk Type 3
Chunk ID: 6
Data left: 7997, State=6
----------------------
Available data: 7997, State=6
Data left: 7997, State=8
----------------------
Available data: 7997, State=8
Read data: 147984024, left: 27674
Finish read data: 128
Data left: 7869, State=4
----------------------
Available data: 7869, State=4
Read chunk type
Chunk Type 3
Chunk ID: 6
Data left: 7868, State=6
----------------------
Available data: 7868, State=6
Data left: 7868, State=8
----------------------
Available data: 7868, State=8
Read data: 147984024, left: 27546
Finish read data: 128
Data left: 7740, State=4
----------------------
Available data: 7740, State=4
Read chunk type
Chunk Type 3
Chunk ID: 6
Data left: 7739, State=6
----------------------
Available data: 7739, State=6
Data left: 7739, State=8
----------------------
Available data: 7739, State=8
Read data: 147984024, left: 27418
Finish read data: 128
Data left: 7611, State=4
----------------------
Available data: 7611, State=4
Read chunk type
Chunk Type 3
Chunk ID: 6
Data left: 7610, State=6
----------------------
Available data: 7610, State=6
Data left: 7610, State=8
----------------------
Available data: 7610, State=8
Read data: 147984024, left: 27290
Finish read data: 128
Data left: 7482, State=4
----------------------
Available data: 7482, State=4
Read chunk type
Chunk Type 3
Chunk ID: 6
Data left: 7481, State=6
----------------------
Available data: 7481, State=6
Data left: 7481, State=8
----------------------
Available data: 7481, State=8
Read data: 147984024, left: 27162
Finish read data: 128
Data left: 7353, State=4
----------------------
Available data: 7353, State=4
Read chunk type
Chunk Type 3
Chunk ID: 6
Data left: 7352, State=6
----------------------
Available data: 7352, State=6
Data left: 7352, State=8
----------------------
Available data: 7352, State=8
Read data: 147984024, left: 27034
Finish read data: 128
Data left: 7224, State=4
----------------------
Available data: 7224, State=4
Read chunk type
Chunk Type 3
Chunk ID: 6
Data left: 7223, State=6
----------------------
Available data: 7223, State=6
Data left: 7223, State=8
----------------------
Available data: 7223, State=8
Read data: 147984024, left: 26906
Finish read data: 128
Data left: 7095, State=4
----------------------
Available data: 7095, State=4
Read chunk type
Chunk Type 3
Chunk ID: 6
Data left: 7094, State=6
----------------------
Available data: 7094, State=6
Data left: 7094, State=8
----------------------
Available data: 7094, State=8
Read data: 147984024, left: 26778
Finish read data: 128
Data left: 6966, State=4
----------------------
Available data: 6966, State=4
Read chunk type
Chunk Type 3
Chunk ID: 6
Data left: 6965, State=6
----------------------
Available data: 6965, State=6
Data left: 6965, State=8
----------------------
Available data: 6965, State=8
Read data: 147984024, left: 26650
Finish read data: 128
Data left: 6837, State=4
----------------------
Available data: 6837, State=4
Read chunk type
Chunk Type 3
Chunk ID: 6
Data left: 6836, State=6
----------------------
Available data: 6836, State=6
Data left: 6836, State=8
----------------------
Available data: 6836, State=8
Read data: 147984024, left: 26522
Finish read data: 128
Data left: 6708, State=4
----------------------
Available data: 6708, State=4
Read chunk type
Chunk Type 3
Chunk ID: 6
Data left: 6707, State=6
----------------------
Available data: 6707, State=6
Data left: 6707, State=8
----------------------
Available data: 6707, State=8
Read data: 147984024, left: 26394
Finish read data: 128
Data left: 6579, State=4
----------------------
Available data: 6579, State=4
Read chunk type
Chunk Type 3
Chunk ID: 6
Data left: 6578, State=6
----------------------
Available data: 6578, State=6
Data left: 6578, State=8
----------------------
Available data: 6578, State=8
Read data: 147984024, left: 26266
Finish read data: 128
Data left: 6450, State=4
----------------------
Available data: 6450, State=4
Read chunk type
Chunk Type 3
Chunk ID: 6
Data left: 6449, State=6
----------------------
Available data: 6449, State=6
Data left: 6449, State=8
----------------------
Available data: 6449, State=8
Read data: 147984024, left: 26138
Finish read data: 128
Data left: 6321, State=4
----------------------
Available data: 6321, State=4
Read chunk type
Chunk Type 3
Chunk ID: 6
Data left: 6320, State=6
----------------------
Available data: 6320, State=6
Data left: 6320, State=8
----------------------
Available data: 6320, State=8
Read data: 147984024, left: 26010
Finish read data: 128
Data left: 6192, State=4
----------------------
Available data: 6192, State=4
Read chunk type
Chunk Type 3
Chunk ID: 6
Data left: 6191, State=6
----------------------
Available data: 6191, State=6
Data left: 6191, State=8
----------------------
Available data: 6191, State=8
Read data: 147984024, left: 25882
Finish read data: 128
Data left: 6063, State=4
----------------------
Available data: 6063, State=4
Read chunk type
Chunk Type 3
Chunk ID: 6
Data left: 6062, State=6
----------------------
Available data: 6062, State=6
Data left: 6062, State=8
----------------------
Available data: 6062, State=8
Read data: 147984024, left: 25754
Finish read data: 128
Data left: 5934, State=4
----------------------
Available data: 5934, State=4
Read chunk type
Chunk Type 3
Chunk ID: 6
Data left: 5933, State=6
----------------------
Available data: 5933, State=6
Data left: 5933, State=8
----------------------
Available data: 5933, State=8
Read data: 147984024, left: 25626
Finish read data: 128
Data left: 5805, State=4
----------------------
Available data: 5805, State=4
Read chunk type
Chunk Type 3
Chunk ID: 6
Data left: 5804, State=6
----------------------
Available data: 5804, State=6
Data left: 5804, State=8
----------------------
Available data: 5804, State=8
Read data: 147984024, left: 25498
Finish read data: 128
Data left: 5676, State=4
----------------------
Available data: 5676, State=4
Read chunk type
Chunk Type 3
Chunk ID: 6
Data left: 5675, State=6
----------------------
Available data: 5675, State=6
Data left: 5675, State=8
----------------------
Available data: 5675, State=8
Read data: 147984024, left: 25370
Finish read data: 128
Data left: 5547, State=4
----------------------
Available data: 5547, State=4
Read chunk type
Chunk Type 3
Chunk ID: 6
Data left: 5546, State=6
----------------------
Available data: 5546, State=6
Data left: 5546, State=8
----------------------
Available data: 5546, State=8
Read data: 147984024, left: 25242
Finish read data: 128
Data left: 5418, State=4
----------------------
Available data: 5418, State=4
Read chunk type
Chunk Type 3
Chunk ID: 6
Data left: 5417, State=6
----------------------
Available data: 5417, State=6
Data left: 5417, State=8
----------------------
Available data: 5417, State=8
Read data: 147984024, left: 25114
Finish read data: 128
Data left: 5289, State=4
----------------------
Available data: 5289, State=4
Read chunk type
Chunk Type 3
Chunk ID: 6
Data left: 5288, State=6
----------------------
Available data: 5288, State=6
Data left: 5288, State=8
----------------------
Available data: 5288, State=8
Read data: 147984024, left: 24986
Finish read data: 128
Data left: 5160, State=4
----------------------
Available data: 5160, State=4
Read chunk type
Chunk Type 3
Chunk ID: 6
Data left: 5159, State=6
----------------------
Available data: 5159, State=6
Data left: 5159, State=8
----------------------
Available data: 5159, State=8
Read data: 147984024, left: 24858
Finish read data: 128
Data left: 5031, State=4
----------------------
Available data: 5031, State=4
Read chunk type
Chunk Type 3
Chunk ID: 6
Data left: 5030, State=6
----------------------
Available data: 5030, State=6
Data left: 5030, State=8
----------------------
Available data: 5030, State=8
Read data: 147984024, left: 24730
Finish read data: 128
Data left: 4902, State=4
----------------------
Available data: 4902, State=4
Read chunk type
Chunk Type 3
Chunk ID: 6
Data left: 4901, State=6
----------------------
Available data: 4901, State=6
Data left: 4901, State=8
----------------------
Available data: 4901, State=8
Read data: 147984024, left: 24602
Finish read data: 128
Data left: 4773, State=4
----------------------
Available data: 4773, State=4
Read chunk type
Chunk Type 3
Chunk ID: 6
Data left: 4772, State=6
----------------------
Available data: 4772, State=6
Data left: 4772, State=8
----------------------
Available data: 4772, State=8
Read data: 147984024, left: 24474
Finish read data: 128
Data left: 4644, State=4
----------------------
Available data: 4644, State=4
Read chunk type
Chunk Type 3
Chunk ID: 6
Data left: 4643, State=6
----------------------
Available data: 4643, State=6
Data left: 4643, State=8
----------------------
Available data: 4643, State=8
Read data: 147984024, left: 24346
Finish read data: 128
Data left: 4515, State=4
----------------------
Available data: 4515, State=4
Read chunk type
Chunk Type 3
Chunk ID: 6
Data left: 4514, State=6
----------------------
Available data: 4514, State=6
Data left: 4514, State=8
----------------------
Available data: 4514, State=8
Read data: 147984024, left: 24218
Finish read data: 128
Data left: 4386, State=4
----------------------
Available data: 4386, State=4
Read chunk type
Chunk Type 3
Chunk ID: 6
Data left: 4385, State=6
----------------------
Available data: 4385, State=6
Data left: 4385, State=8
----------------------
Available data: 4385, State=8
Read data: 147984024, left: 24090
Finish read data: 128
Data left: 4257, State=4
----------------------
Available data: 4257, State=4
Read chunk type
Chunk Type 3
Chunk ID: 6
Data left: 4256, State=6
----------------------
Available data: 4256, State=6
Data left: 4256, State=8
----------------------
Available data: 4256, State=8
Read data: 147984024, left: 23962
Finish read data: 128
Data left: 4128, State=4
----------------------
Available data: 4128, State=4
Read chunk type
Chunk Type 3
Chunk ID: 6
Data left: 4127, State=6
----------------------
Available data: 4127, State=6
Data left: 4127, State=8
----------------------
Available data: 4127, State=8
Read data: 147984024, left: 23834
Finish read data: 128
Data left: 3999, State=4
----------------------
Available data: 3999, State=4
Read chunk type
Chunk Type 3
Chunk ID: 6
Data left: 3998, State=6
----------------------
Available data: 3998, State=6
Data left: 3998, State=8
----------------------
Available data: 3998, State=8
Read data: 147984024, left: 23706
Finish read data: 128
Data left: 3870, State=4
----------------------
Available data: 3870, State=4
Read chunk type
Chunk Type 3
Chunk ID: 6
Data left: 3869, State=6
----------------------
Available data: 3869, State=6
Data left: 3869, State=8
----------------------
Available data: 3869, State=8
Read data: 147984024, left: 23578
Finish read data: 128
Data left: 3741, State=4
----------------------
Available data: 3741, State=4
Read chunk type
Chunk Type 3
Chunk ID: 6
Data left: 3740, State=6
----------------------
Available data: 3740, State=6
Data left: 3740, State=8
----------------------
Available data: 3740, State=8
Read data: 147984024, left: 23450
Finish read data: 128
Data left: 3612, State=4
----------------------
Available data: 3612, State=4
Read chunk type
Chunk Type 3
Chunk ID: 6
Data left: 3611, State=6
----------------------
Available data: 3611, State=6
Data left: 3611, State=8
----------------------
Available data: 3611, State=8
Read data: 147984024, left: 23322
Finish read data: 128
Data left: 3483, State=4
----------------------
Available data: 3483, State=4
Read chunk type
Chunk Type 3
Chunk ID: 6
Data left: 3482, State=6
----------------------
Available data: 3482, State=6
Data left: 3482, State=8
----------------------
Available data: 3482, State=8
Read data: 147984024, left: 23194
Finish read data: 128
Data left: 3354, State=4
----------------------
Available data: 3354, State=4
Read chunk type
Chunk Type 3
Chunk ID: 6
Data left: 3353, State=6
----------------------
Available data: 3353, State=6
Data left: 3353, State=8
----------------------
Available data: 3353, State=8
Read data: 147984024, left: 23066
Finish read data: 128
Data left: 3225, State=4
----------------------
Available data: 3225, State=4
Read chunk type
Chunk Type 3
Chunk ID: 6
Data left: 3224, State=6
----------------------
Available data: 3224, State=6
Data left: 3224, State=8
----------------------
Available data: 3224, State=8
Read data: 147984024, left: 22938
Finish read data: 128
Data left: 3096, State=4
----------------------
Available data: 3096, State=4
Read chunk type
Chunk Type 3
Chunk ID: 6
Data left: 3095, State=6
----------------------
Available data: 3095, State=6
Data left: 3095, State=8
----------------------
Available data: 3095, State=8
Read data: 147984024, left: 22810
Finish read data: 128
Data left: 2967, State=4
----------------------
Available data: 2967, State=4
Read chunk type
Chunk Type 3
Chunk ID: 6
Data left: 2966, State=6
----------------------
Available data: 2966, State=6
Data left: 2966, State=8
----------------------
Available data: 2966, State=8
Read data: 147984024, left: 22682
Finish read data: 128
Data left: 2838, State=4
----------------------
Available data: 2838, State=4
Read chunk type
Chunk Type 3
Chunk ID: 6
Data left: 2837, State=6
----------------------
Available data: 2837, State=6
Data left: 2837, State=8
----------------------
Available data: 2837, State=8
Read data: 147984024, left: 22554
Finish read data: 128
Data left: 2709, State=4
----------------------
Available data: 2709, State=4
Read chunk type
Chunk Type 3
Chunk ID: 6
Data left: 2708, State=6
----------------------
Available data: 2708, State=6
Data left: 2708, State=8
----------------------
Available data: 2708, State=8
Read data: 147984024, left: 22426
Finish read data: 128
Data left: 2580, State=4
----------------------
Available data: 2580, State=4
Read chunk type
Chunk Type 3
Chunk ID: 6
Data left: 2579, State=6
----------------------
Available data: 2579, State=6
Data left: 2579, State=8
----------------------
Available data: 2579, State=8
Read data: 147984024, left: 22298
Finish read data: 128
Data left: 2451, State=4
----------------------
Available data: 2451, State=4
Read chunk type
Chunk Type 3
Chunk ID: 6
Data left: 2450, State=6
----------------------
Available data: 2450, State=6
Data left: 2450, State=8
----------------------
Available data: 2450, State=8
Read data: 147984024, left: 22170
Finish read data: 128
Data left: 2322, State=4
----------------------
Available data: 2322, State=4
Read chunk type
Chunk Type 3
Chunk ID: 6
Data left: 2321, State=6
----------------------
Available data: 2321, State=6
Data left: 2321, State=8
----------------------
Available data: 2321, State=8
Read data: 147984024, left: 22042
Finish read data: 128
Data left: 2193, State=4
----------------------
Available data: 2193, State=4
Read chunk type
Chunk Type 3
Chunk ID: 6
Data left: 2192, State=6
----------------------
Available data: 2192, State=6
Data left: 2192, State=8
----------------------
Available data: 2192, State=8
Read data: 147984024, left: 21914
Finish read data: 128
Data left: 2064, State=4
----------------------
Available data: 2064, State=4
Read chunk type
Chunk Type 3
Chunk ID: 6
Data left: 2063, State=6
----------------------
Available data: 2063, State=6
Data left: 2063, State=8
----------------------
Available data: 2063, State=8
Read data: 147984024, left: 21786
Finish read data: 128
Data left: 1935, State=4
----------------------
Available data: 1935, State=4
Read chunk type
Chunk Type 3
Chunk ID: 6
Data left: 1934, State=6
----------------------
Available data: 1934, State=6
Data left: 1934, State=8
----------------------
Available data: 1934, State=8
Read data: 147984024, left: 21658
Finish read data: 128
Data left: 1806, State=4
----------------------
Available data: 1806, State=4
Read chunk type
Chunk Type 3
Chunk ID: 6
Data left: 1805, State=6
----------------------
Available data: 1805, State=6
Data left: 1805, State=8
----------------------
Available data: 1805, State=8
Read data: 147984024, left: 21530
Finish read data: 128
Data left: 1677, State=4
----------------------
Available data: 1677, State=4
Read chunk type
Chunk Type 3
Chunk ID: 6
Data left: 1676, State=6
----------------------
Available data: 1676, State=6
Data left: 1676, State=8
----------------------
Available data: 1676, State=8
Read data: 147984024, left: 21402
Finish read data: 128
Data left: 1548, State=4
----------------------
Available data: 1548, State=4
Read chunk type
Chunk Type 3
Chunk ID: 6
Data left: 1547, State=6
----------------------
Available data: 1547, State=6
Data left: 1547, State=8
----------------------
Available data: 1547, State=8
Read data: 147984024, left: 21274
Finish read data: 128
Data left: 1419, State=4
----------------------
Available data: 1419, State=4
Read chunk type
Chunk Type 3
Chunk ID: 6
Data left: 1418, State=6
----------------------
Available data: 1418, State=6
Data left: 1418, State=8
----------------------
Available data: 1418, State=8
Read data: 147984024, left: 21146
Finish read data: 128
Data left: 1290, State=4
----------------------
Available data: 1290, State=4
Read chunk type
Chunk Type 3
Chunk ID: 6
Data left: 1289, State=6
----------------------
Available data: 1289, State=6
Data left: 1289, State=8
----------------------
Available data: 1289, State=8
Read data: 147984024, left: 21018
Finish read data: 128
Data left: 1161, State=4
----------------------
Available data: 1161, State=4
Read chunk type
Chunk Type 3
Chunk ID: 6
Data left: 1160, State=6
----------------------
Available data: 1160, State=6
Data left: 1160, State=8
----------------------
Available data: 1160, State=8
Read data: 147984024, left: 20890
Finish read data: 128
Data left: 1032, State=4
----------------------
Available data: 1032, State=4
Read chunk type
Chunk Type 3
Chunk ID: 6
Data left: 1031, State=6
----------------------
Available data: 1031, State=6
Data left: 1031, State=8
----------------------
Available data: 1031, State=8
Read data: 147984024, left: 20762
Finish read data: 128
Data left: 903, State=4
----------------------
Available data: 903, State=4
Read chunk type
Chunk Type 3
Chunk ID: 6
Data left: 902, State=6
----------------------
Available data: 902, State=6
Data left: 902, State=8
----------------------
Available data: 902, State=8
Read data: 147984024, left: 20634
Finish read data: 128
Data left: 774, State=4
----------------------
Available data: 774, State=4
Read chunk type
Chunk Type 3
Chunk ID: 6
Data left: 773, State=6
----------------------
Available data: 773, State=6
Data left: 773, State=8
----------------------
Available data: 773, State=8
Read data: 147984024, left: 20506
Finish read data: 128
Data left: 645, State=4
----------------------
Available data: 645, State=4
Read chunk type
Chunk Type 3
Chunk ID: 6
Data left: 644, State=6
----------------------
Available data: 644, State=6
Data left: 644, State=8
----------------------
Available data: 644, State=8
Read data: 147984024, left: 20378
Finish read data: 128
Data left: 516, State=4
----------------------
Available data: 516, State=4
Read chunk type
Chunk Type 3
Chunk ID: 6
Data left: 515, State=6
----------------------
Available data: 515, State=6
Data left: 515, State=8
----------------------
Available data: 515, State=8
Read data: 147984024, left: 20250
Finish read data: 128
Data left: 387, State=4
----------------------
Available data: 387, State=4
Read chunk type
Chunk Type 3
Chunk ID: 6
Data left: 386, State=6
----------------------
Available data: 386, State=6
Data left: 386, State=8
----------------------
Available data: 386, State=8
Read data: 147984024, left: 20122
Finish read data: 128
Data left: 258, State=4
----------------------
Available data: 258, State=4
Read chunk type
Chunk Type 3
Chunk ID: 6
Data left: 257, State=6
----------------------
Available data: 257, State=6
Data left: 257, State=8
----------------------
Available data: 257, State=8
Read data: 147984024, left: 19994
Finish read data: 128
Data left: 129, State=4
----------------------
Available data: 129, State=4
Read chunk type
Chunk Type 3
Chunk ID: 6
Data left: 128, State=6
----------------------
Available data: 128, State=6
Data left: 128, State=8
----------------------
Available data: 128, State=8
Read data: 147984024, left: 19866
Finish read data: 128
Data left: 0, State=4
Receiving: 4096 0 4096 131073
----------------------
Available data: 4096, State=4
Read chunk type
Chunk Type 3
Chunk ID: 6
Data left: 4095, State=6
----------------------
Available data: 4095, State=6
Data left: 4095, State=8
----------------------
Available data: 4095, State=8
Read data: 147984024, left: 19738
Finish read data: 128
Data left: 3967, State=4
----------------------
Available data: 3967, State=4
Read chunk type
Chunk Type 3
Chunk ID: 6
Data left: 3966, State=6
----------------------
Available data: 3966, State=6
Data left: 3966, State=8
----------------------
Available data: 3966, State=8
Read data: 147984024, left: 19610
Finish read data: 128
Data left: 3838, State=4
----------------------
Available data: 3838, State=4
Read chunk type
Chunk Type 3
Chunk ID: 6
Data left: 3837, State=6
----------------------
Available data: 3837, State=6
Data left: 3837, State=8
----------------------
Available data: 3837, State=8
Read data: 147984024, left: 19482
Finish read data: 128
Data left: 3709, State=4
----------------------
Available data: 3709, State=4
Read chunk type
Chunk Type 3
Chunk ID: 6
Data left: 3708, State=6
----------------------
Available data: 3708, State=6
Data left: 3708, State=8
----------------------
Available data: 3708, State=8
Read data: 147984024, left: 19354
Finish read data: 128
Data left: 3580, State=4
----------------------
Available data: 3580, State=4
Read chunk type
Chunk Type 3
Chunk ID: 6
Data left: 3579, State=6
----------------------
Available data: 3579, State=6
Data left: 3579, State=8
----------------------
Available data: 3579, State=8
Read data: 147984024, left: 19226
Finish read data: 128
Data left: 3451, State=4
----------------------
Available data: 3451, State=4
Read chunk type
Chunk Type 3
Chunk ID: 6
Data left: 3450, State=6
----------------------
Available data: 3450, State=6
Data left: 3450, State=8
----------------------
Available data: 3450, State=8
Read data: 147984024, left: 19098
Finish read data: 128
Data left: 3322, State=4
----------------------
Available data: 3322, State=4
Read chunk type
Chunk Type 3
Chunk ID: 6
Data left: 3321, State=6
----------------------
Available data: 3321, State=6
Data left: 3321, State=8
----------------------
Available data: 3321, State=8
Read data: 147984024, left: 18970
Finish read data: 128
Data left: 3193, State=4
----------------------
Available data: 3193, State=4
Read chunk type
Chunk Type 3
Chunk ID: 6
Data left: 3192, State=6
----------------------
Available data: 3192, State=6
Data left: 3192, State=8
----------------------
Available data: 3192, State=8
Read data: 147984024, left: 18842
Finish read data: 128
Data left: 3064, State=4
----------------------
Available data: 3064, State=4
Read chunk type
Chunk Type 3
Chunk ID: 6
Data left: 3063, State=6
----------------------
Available data: 3063, State=6
Data left: 3063, State=8
----------------------
Available data: 3063, State=8
Read data: 147984024, left: 18714
Finish read data: 128
Data left: 2935, State=4
----------------------
Available data: 2935, State=4
Read chunk type
Chunk Type 3
Chunk ID: 6
Data left: 2934, State=6
----------------------
Available data: 2934, State=6
Data left: 2934, State=8
----------------------
Available data: 2934, State=8
Read data: 147984024, left: 18586
Finish read data: 128
Data left: 2806, State=4
----------------------
Available data: 2806, State=4
Read chunk type
Chunk Type 3
Chunk ID: 6
Data left: 2805, State=6
----------------------
Available data: 2805, State=6
Data left: 2805, State=8
----------------------
Available data: 2805, State=8
Read data: 147984024, left: 18458
Finish read data: 128
Data left: 2677, State=4
----------------------
Available data: 2677, State=4
Read chunk type
Chunk Type 3
Chunk ID: 6
Data left: 2676, State=6
----------------------
Available data: 2676, State=6
Data left: 2676, State=8
----------------------
Available data: 2676, State=8
Read data: 147984024, left: 18330
Finish read data: 128
Data left: 2548, State=4
----------------------
Available data: 2548, State=4
Read chunk type
Chunk Type 3
Chunk ID: 6
Data left: 2547, State=6
----------------------
Available data: 2547, State=6
Data left: 2547, State=8
----------------------
Available data: 2547, State=8
Read data: 147984024, left: 18202
Finish read data: 128
Data left: 2419, State=4
----------------------
Available data: 2419, State=4
Read chunk type
Chunk Type 3
Chunk ID: 6
Data left: 2418, State=6
----------------------
Available data: 2418, State=6
Data left: 2418, State=8
----------------------
Available data: 2418, State=8
Read data: 147984024, left: 18074
Finish read data: 128
Data left: 2290, State=4
----------------------
Available data: 2290, State=4
Read chunk type
Chunk Type 3
Chunk ID: 6
Data left: 2289, State=6
----------------------
Available data: 2289, State=6
Data left: 2289, State=8
----------------------
Available data: 2289, State=8
Read data: 147984024, left: 17946
Finish read data: 128
Data left: 2161, State=4
----------------------
Available data: 2161, State=4
Read chunk type
Chunk Type 3
Chunk ID: 6
Data left: 2160, State=6
----------------------
Available data: 2160, State=6
Data left: 2160, State=8
----------------------
Available data: 2160, State=8
Read data: 147984024, left: 17818
Finish read data: 128
Data left: 2032, State=4
----------------------
Available data: 2032, State=4
Read chunk type
Chunk Type 3
Chunk ID: 6
Data left: 2031, State=6
----------------------
Available data: 2031, State=6
Data left: 2031, State=8
----------------------
Available data: 2031, State=8
Read data: 147984024, left: 17690
Finish read data: 128
Data left: 1903, State=4
----------------------
Available data: 1903, State=4
Read chunk type
Chunk Type 3
Chunk ID: 6
Data left: 1902, State=6
----------------------
Available data: 1902, State=6
Data left: 1902, State=8
----------------------
Available data: 1902, State=8
Read data: 147984024, left: 17562
Finish read data: 128
Data left: 1774, State=4
----------------------
Available data: 1774, State=4
Read chunk type
Chunk Type 3
Chunk ID: 6
Data left: 1773, State=6
----------------------
Available data: 1773, State=6
Data left: 1773, State=8
----------------------
Available data: 1773, State=8
Read data: 147984024, left: 17434
Finish read data: 128
Data left: 1645, State=4
----------------------
Available data: 1645, State=4
Read chunk type
Chunk Type 3
Chunk ID: 6
Data left: 1644, State=6
----------------------
Available data: 1644, State=6
Data left: 1644, State=8
----------------------
Available data: 1644, State=8
Read data: 147984024, left: 17306
Finish read data: 128
Data left: 1516, State=4
----------------------
Available data: 1516, State=4
Read chunk type
Chunk Type 3
Chunk ID: 6
Data left: 1515, State=6
----------------------
Available data: 1515, State=6
Data left: 1515, State=8
----------------------
Available data: 1515, State=8
Read data: 147984024, left: 17178
Finish read data: 128
Data left: 1387, State=4
----------------------
Available data: 1387, State=4
Read chunk type
Chunk Type 3
Chunk ID: 6
Data left: 1386, State=6
----------------------
Available data: 1386, State=6
Data left: 1386, State=8
----------------------
Available data: 1386, State=8
Read data: 147984024, left: 17050
Finish read data: 128
Data left: 1258, State=4
----------------------
Available data: 1258, State=4
Read chunk type
Chunk Type 3
Chunk ID: 6
Data left: 1257, State=6
----------------------
Available data: 1257, State=6
Data left: 1257, State=8
----------------------
Available data: 1257, State=8
Read data: 147984024, left: 16922
Finish read data: 128
Data left: 1129, State=4
----------------------
Available data: 1129, State=4
Read chunk type
Chunk Type 3
Chunk ID: 6
Data left: 1128, State=6
----------------------
Available data: 1128, State=6
Data left: 1128, State=8
----------------------
Available data: 1128, State=8
Read data: 147984024, left: 16794
Finish read data: 128
Data left: 1000, State=4
----------------------
Available data: 1000, State=4
Read chunk type
Chunk Type 3
Chunk ID: 6
Data left: 999, State=6
----------------------
Available data: 999, State=6
Data left: 999, State=8
----------------------
Available data: 999, State=8
Read data: 147984024, left: 16666
Finish read data: 128
Data left: 871, State=4
----------------------
Available data: 871, State=4
Read chunk type
Chunk Type 3
Chunk ID: 6
Data left: 870, State=6
----------------------
Available data: 870, State=6
Data left: 870, State=8
----------------------
Available data: 870, State=8
Read data: 147984024, left: 16538
Finish read data: 128
Data left: 742, State=4
----------------------
Available data: 742, State=4
Read chunk type
Chunk Type 3
Chunk ID: 6
Data left: 741, State=6
----------------------
Available data: 741, State=6
Data left: 741, State=8
----------------------
Available data: 741, State=8
Read data: 147984024, left: 16410
Finish read data: 128
Data left: 613, State=4
----------------------
Available data: 613, State=4
Read chunk type
Chunk Type 3
Chunk ID: 6
Data left: 612, State=6
----------------------
Available data: 612, State=6
Data left: 612, State=8
----------------------
Available data: 612, State=8
Read data: 147984024, left: 16282
Finish read data: 128
Data left: 484, State=4
----------------------
Available data: 484, State=4
Read chunk type
Chunk Type 3
Chunk ID: 6
Data left: 483, State=6
----------------------
Available data: 483, State=6
Data left: 483, State=8
----------------------
Available data: 483, State=8
Read data: 147984024, left: 16154
Finish read data: 128
Data left: 355, State=4
----------------------
Available data: 355, State=4
Read chunk type
Chunk Type 3
Chunk ID: 6
Data left: 354, State=6
----------------------
Available data: 354, State=6
Data left: 354, State=8
----------------------
Available data: 354, State=8
Read data: 147984024, left: 16026
Finish read data: 128
Data left: 226, State=4
----------------------
Available data: 226, State=4
Read chunk type
Chunk Type 3
Chunk ID: 6
Data left: 225, State=6
----------------------
Available data: 225, State=6
Data left: 225, State=8
----------------------
Available data: 225, State=8
Read data: 147984024, left: 15898
Finish read data: 128
Data left: 97, State=4
----------------------
Available data: 97, State=4
Read chunk type
Chunk Type 3
Chunk ID: 6
Data left: 96, State=6
----------------------
Available data: 96, State=6
Data left: 96, State=8
----------------------
Available data: 96, State=8
Data left: 96, State=8
Receiving: 8417 4000 12513 131073
----------------------
Available data: 8513, State=8
Read data: 147984024, left: 15770
Finish read data: 128
Data left: 8385, State=4
----------------------
Available data: 8385, State=4
Read chunk type
Chunk Type 3
Chunk ID: 6
Data left: 8384, State=6
----------------------
Available data: 8384, State=6
Data left: 8384, State=8
----------------------
Available data: 8384, State=8
Read data: 147984024, left: 15642
Finish read data: 128
Data left: 8256, State=4
----------------------
Available data: 8256, State=4
Read chunk type
Chunk Type 3
Chunk ID: 6
Data left: 8255, State=6
----------------------
Available data: 8255, State=6
Data left: 8255, State=8
----------------------
Available data: 8255, State=8
Read data: 147984024, left: 15514
Finish read data: 128
Data left: 8127, State=4
----------------------
Available data: 8127, State=4
Read chunk type
Chunk Type 3
Chunk ID: 6
Data left: 8126, State=6
----------------------
Available data: 8126, State=6
Data left: 8126, State=8
----------------------
Available data: 8126, State=8
Read data: 147984024, left: 15386
Finish read data: 128
Data left: 7998, State=4
----------------------
Available data: 7998, State=4
Read chunk type
Chunk Type 3
Chunk ID: 6
Data left: 7997, State=6
----------------------
Available data: 7997, State=6
Data left: 7997, State=8
----------------------
Available data: 7997, State=8
Read data: 147984024, left: 15258
Finish read data: 128
Data left: 7869, State=4
----------------------
Available data: 7869, State=4
Read chunk type
Chunk Type 3
Chunk ID: 6
Data left: 7868, State=6
----------------------
Available data: 7868, State=6
Data left: 7868, State=8
----------------------
Available data: 7868, State=8
Read data: 147984024, left: 15130
Finish read data: 128
Data left: 7740, State=4
----------------------
Available data: 7740, State=4
Read chunk type
Chunk Type 3
Chunk ID: 6
Data left: 7739, State=6
----------------------
Available data: 7739, State=6
Data left: 7739, State=8
----------------------
Available data: 7739, State=8
Read data: 147984024, left: 15002
Finish read data: 128
Data left: 7611, State=4
----------------------
Available data: 7611, State=4
Read chunk type
Chunk Type 3
Chunk ID: 6
Data left: 7610, State=6
----------------------
Available data: 7610, State=6
Data left: 7610, State=8
----------------------
Available data: 7610, State=8
Read data: 147984024, left: 14874
Finish read data: 128
Data left: 7482, State=4
----------------------
Available data: 7482, State=4
Read chunk type
Chunk Type 3
Chunk ID: 6
Data left: 7481, State=6
----------------------
Available data: 7481, State=6
Data left: 7481, State=8
----------------------
Available data: 7481, State=8
Read data: 147984024, left: 14746
Finish read data: 128
Data left: 7353, State=4
----------------------
Available data: 7353, State=4
Read chunk type
Chunk Type 3
Chunk ID: 6
Data left: 7352, State=6
----------------------
Available data: 7352, State=6
Data left: 7352, State=8
----------------------
Available data: 7352, State=8
Read data: 147984024, left: 14618
Finish read data: 128
Data left: 7224, State=4
----------------------
Available data: 7224, State=4
Read chunk type
Chunk Type 3
Chunk ID: 6
Data left: 7223, State=6
----------------------
Available data: 7223, State=6
Data left: 7223, State=8
----------------------
Available data: 7223, State=8
Read data: 147984024, left: 14490
Finish read data: 128
Data left: 7095, State=4
----------------------
Available data: 7095, State=4
Read chunk type
Chunk Type 3
Chunk ID: 6
Data left: 7094, State=6
----------------------
Available data: 7094, State=6
Data left: 7094, State=8
----------------------
Available data: 7094, State=8
Read data: 147984024, left: 14362
Finish read data: 128
Data left: 6966, State=4
----------------------
Available data: 6966, State=4
Read chunk type
Chunk Type 3
Chunk ID: 6
Data left: 6965, State=6
----------------------
Available data: 6965, State=6
Data left: 6965, State=8
----------------------
Available data: 6965, State=8
Read data: 147984024, left: 14234
Finish read data: 128
Data left: 6837, State=4
----------------------
Available data: 6837, State=4
Read chunk type
Chunk Type 3
Chunk ID: 6
Data left: 6836, State=6
----------------------
Available data: 6836, State=6
Data left: 6836, State=8
----------------------
Available data: 6836, State=8
Read data: 147984024, left: 14106
Finish read data: 128
Data left: 6708, State=4
----------------------
Available data: 6708, State=4
Read chunk type
Chunk Type 3
Chunk ID: 6
Data left: 6707, State=6
----------------------
Available data: 6707, State=6
Data left: 6707, State=8
----------------------
Available data: 6707, State=8
Read data: 147984024, left: 13978
Finish read data: 128
Data left: 6579, State=4
----------------------
Available data: 6579, State=4
Read chunk type
Chunk Type 3
Chunk ID: 6
Data left: 6578, State=6
----------------------
Available data: 6578, State=6
Data left: 6578, State=8
----------------------
Available data: 6578, State=8
Read data: 147984024, left: 13850
Finish read data: 128
Data left: 6450, State=4
----------------------
Available data: 6450, State=4
Read chunk type
Chunk Type 3
Chunk ID: 6
Data left: 6449, State=6
----------------------
Available data: 6449, State=6
Data left: 6449, State=8
----------------------
Available data: 6449, State=8
Read data: 147984024, left: 13722
Finish read data: 128
Data left: 6321, State=4
----------------------
Available data: 6321, State=4
Read chunk type
Chunk Type 3
Chunk ID: 6
Data left: 6320, State=6
----------------------
Available data: 6320, State=6
Data left: 6320, State=8
----------------------
Available data: 6320, State=8
Read data: 147984024, left: 13594
Finish read data: 128
Data left: 6192, State=4
----------------------
Available data: 6192, State=4
Read chunk type
Chunk Type 3
Chunk ID: 6
Data left: 6191, State=6
----------------------
Available data: 6191, State=6
Data left: 6191, State=8
----------------------
Available data: 6191, State=8
Read data: 147984024, left: 13466
Finish read data: 128
Data left: 6063, State=4
----------------------
Available data: 6063, State=4
Read chunk type
Chunk Type 3
Chunk ID: 6
Data left: 6062, State=6
----------------------
Available data: 6062, State=6
Data left: 6062, State=8
----------------------
Available data: 6062, State=8
Read data: 147984024, left: 13338
Finish read data: 128
Data left: 5934, State=4
----------------------
Available data: 5934, State=4
Read chunk type
Chunk Type 3
Chunk ID: 6
Data left: 5933, State=6
----------------------
Available data: 5933, State=6
Data left: 5933, State=8
----------------------
Available data: 5933, State=8
Read data: 147984024, left: 13210
Finish read data: 128
Data left: 5805, State=4
----------------------
Available data: 5805, State=4
Read chunk type
Chunk Type 3
Chunk ID: 6
Data left: 5804, State=6
----------------------
Available data: 5804, State=6
Data left: 5804, State=8
----------------------
Available data: 5804, State=8
Read data: 147984024, left: 13082
Finish read data: 128
Data left: 5676, State=4
----------------------
Available data: 5676, State=4
Read chunk type
Chunk Type 3
Chunk ID: 6
Data left: 5675, State=6
----------------------
Available data: 5675, State=6
Data left: 5675, State=8
----------------------
Available data: 5675, State=8
Read data: 147984024, left: 12954
Finish read data: 128
Data left: 5547, State=4
----------------------
Available data: 5547, State=4
Read chunk type
Chunk Type 3
Chunk ID: 6
Data left: 5546, State=6
----------------------
Available data: 5546, State=6
Data left: 5546, State=8
----------------------
Available data: 5546, State=8
Read data: 147984024, left: 12826
Finish read data: 128
Data left: 5418, State=4
----------------------
Available data: 5418, State=4
Read chunk type
Chunk Type 3
Chunk ID: 6
Data left: 5417, State=6
----------------------
Available data: 5417, State=6
Data left: 5417, State=8
----------------------
Available data: 5417, State=8
Read data: 147984024, left: 12698
Finish read data: 128
Data left: 5289, State=4
----------------------
Available data: 5289, State=4
Read chunk type
Chunk Type 3
Chunk ID: 6
Data left: 5288, State=6
----------------------
Available data: 5288, State=6
Data left: 5288, State=8
----------------------
Available data: 5288, State=8
Read data: 147984024, left: 12570
Finish read data: 128
Data left: 5160, State=4
----------------------
Available data: 5160, State=4
Read chunk type
Chunk Type 3
Chunk ID: 6
Data left: 5159, State=6
----------------------
Available data: 5159, State=6
Data left: 5159, State=8
----------------------
Available data: 5159, State=8
Read data: 147984024, left: 12442
Finish read data: 128
Data left: 5031, State=4
----------------------
Available data: 5031, State=4
Read chunk type
Chunk Type 3
Chunk ID: 6
Data left: 5030, State=6
----------------------
Available data: 5030, State=6
Data left: 5030, State=8
----------------------
Available data: 5030, State=8
Read data: 147984024, left: 12314
Finish read data: 128
Data left: 4902, State=4
----------------------
Available data: 4902, State=4
Read chunk type
Chunk Type 3
Chunk ID: 6
Data left: 4901, State=6
----------------------
Available data: 4901, State=6
Data left: 4901, State=8
----------------------
Available data: 4901, State=8
Read data: 147984024, left: 12186
Finish read data: 128
Data left: 4773, State=4
----------------------
Available data: 4773, State=4
Read chunk type
Chunk Type 3
Chunk ID: 6
Data left: 4772, State=6
----------------------
Available data: 4772, State=6
Data left: 4772, State=8
----------------------
Available data: 4772, State=8
Read data: 147984024, left: 12058
Finish read data: 128
Data left: 4644, State=4
----------------------
Available data: 4644, State=4
Read chunk type
Chunk Type 3
Chunk ID: 6
Data left: 4643, State=6
----------------------
Available data: 4643, State=6
Data left: 4643, State=8
----------------------
Available data: 4643, State=8
Read data: 147984024, left: 11930
Finish read data: 128
Data left: 4515, State=4
----------------------
Available data: 4515, State=4
Read chunk type
Chunk Type 3
Chunk ID: 6
Data left: 4514, State=6
----------------------
Available data: 4514, State=6
Data left: 4514, State=8
----------------------
Available data: 4514, State=8
Read data: 147984024, left: 11802
Finish read data: 128
Data left: 4386, State=4
----------------------
Available data: 4386, State=4
Read chunk type
Chunk Type 3
Chunk ID: 6
Data left: 4385, State=6
----------------------
Available data: 4385, State=6
Data left: 4385, State=8
----------------------
Available data: 4385, State=8
Read data: 147984024, left: 11674
Finish read data: 128
Data left: 4257, State=4
----------------------
Available data: 4257, State=4
Read chunk type
Chunk Type 3
Chunk ID: 6
Data left: 4256, State=6
----------------------
Available data: 4256, State=6
Data left: 4256, State=8
----------------------
Available data: 4256, State=8
Read data: 147984024, left: 11546
Finish read data: 128
Data left: 4128, State=4
----------------------
Available data: 4128, State=4
Read chunk type
Chunk Type 3
Chunk ID: 6
Data left: 4127, State=6
----------------------
Available data: 4127, State=6
Data left: 4127, State=8
----------------------
Available data: 4127, State=8
Read data: 147984024, left: 11418
Finish read data: 128
Data left: 3999, State=4
----------------------
Available data: 3999, State=4
Read chunk type
Chunk Type 3
Chunk ID: 6
Data left: 3998, State=6
----------------------
Available data: 3998, State=6
Data left: 3998, State=8
----------------------
Available data: 3998, State=8
Read data: 147984024, left: 11290
Finish read data: 128
Data left: 3870, State=4
----------------------
Available data: 3870, State=4
Read chunk type
Chunk Type 3
Chunk ID: 6
Data left: 3869, State=6
----------------------
Available data: 3869, State=6
Data left: 3869, State=8
----------------------
Available data: 3869, State=8
Read data: 147984024, left: 11162
Finish read data: 128
Data left: 3741, State=4
----------------------
Available data: 3741, State=4
Read chunk type
Chunk Type 3
Chunk ID: 6
Data left: 3740, State=6
----------------------
Available data: 3740, State=6
Data left: 3740, State=8
----------------------
Available data: 3740, State=8
Read data: 147984024, left: 11034
Finish read data: 128
Data left: 3612, State=4
----------------------
Available data: 3612, State=4
Read chunk type
Chunk Type 3
Chunk ID: 6
Data left: 3611, State=6
----------------------
Available data: 3611, State=6
Data left: 3611, State=8
----------------------
Available data: 3611, State=8
Read data: 147984024, left: 10906
Finish read data: 128
Data left: 3483, State=4
----------------------
Available data: 3483, State=4
Read chunk type
Chunk Type 3
Chunk ID: 6
Data left: 3482, State=6
----------------------
Available data: 3482, State=6
Data left: 3482, State=8
----------------------
Available data: 3482, State=8
Read data: 147984024, left: 10778
Finish read data: 128
Data left: 3354, State=4
----------------------
Available data: 3354, State=4
Read chunk type
Chunk Type 3
Chunk ID: 6
Data left: 3353, State=6
----------------------
Available data: 3353, State=6
Data left: 3353, State=8
----------------------
Available data: 3353, State=8
Read data: 147984024, left: 10650
Finish read data: 128
Data left: 3225, State=4
----------------------
Available data: 3225, State=4
Read chunk type
Chunk Type 3
Chunk ID: 6
Data left: 3224, State=6
----------------------
Available data: 3224, State=6
Data left: 3224, State=8
----------------------
Available data: 3224, State=8
Read data: 147984024, left: 10522
Finish read data: 128
Data left: 3096, State=4
----------------------
Available data: 3096, State=4
Read chunk type
Chunk Type 3
Chunk ID: 6
Data left: 3095, State=6
----------------------
Available data: 3095, State=6
Data left: 3095, State=8
----------------------
Available data: 3095, State=8
Read data: 147984024, left: 10394
Finish read data: 128
Data left: 2967, State=4
----------------------
Available data: 2967, State=4
Read chunk type
Chunk Type 3
Chunk ID: 6
Data left: 2966, State=6
----------------------
Available data: 2966, State=6
Data left: 2966, State=8
----------------------
Available data: 2966, State=8
Read data: 147984024, left: 10266
Finish read data: 128
Data left: 2838, State=4
----------------------
Available data: 2838, State=4
Read chunk type
Chunk Type 3
Chunk ID: 6
Data left: 2837, State=6
----------------------
Available data: 2837, State=6
Data left: 2837, State=8
----------------------
Available data: 2837, State=8
Read data: 147984024, left: 10138
Finish read data: 128
Data left: 2709, State=4
----------------------
Available data: 2709, State=4
Read chunk type
Chunk Type 3
Chunk ID: 6
Data left: 2708, State=6
----------------------
Available data: 2708, State=6
Data left: 2708, State=8
----------------------
Available data: 2708, State=8
Read data: 147984024, left: 10010
Finish read data: 128
Data left: 2580, State=4
----------------------
Available data: 2580, State=4
Read chunk type
Chunk Type 3
Chunk ID: 6
Data left: 2579, State=6
----------------------
Available data: 2579, State=6
Data left: 2579, State=8
----------------------
Available data: 2579, State=8
Read data: 147984024, left: 9882
Finish read data: 128
Data left: 2451, State=4
----------------------
Available data: 2451, State=4
Read chunk type
Chunk Type 3
Chunk ID: 6
Data left: 2450, State=6
----------------------
Available data: 2450, State=6
Data left: 2450, State=8
----------------------
Available data: 2450, State=8
Read data: 147984024, left: 9754
Finish read data: 128
Data left: 2322, State=4
----------------------
Available data: 2322, State=4
Read chunk type
Chunk Type 3
Chunk ID: 6
Data left: 2321, State=6
----------------------
Available data: 2321, State=6
Data left: 2321, State=8
----------------------
Available data: 2321, State=8
Read data: 147984024, left: 9626
Finish read data: 128
Data left: 2193, State=4
----------------------
Available data: 2193, State=4
Read chunk type
Chunk Type 3
Chunk ID: 6
Data left: 2192, State=6
----------------------
Available data: 2192, State=6
Data left: 2192, State=8
----------------------
Available data: 2192, State=8
Read data: 147984024, left: 9498
Finish read data: 128
Data left: 2064, State=4
----------------------
Available data: 2064, State=4
Read chunk type
Chunk Type 3
Chunk ID: 6
Data left: 2063, State=6
----------------------
Available data: 2063, State=6
Data left: 2063, State=8
----------------------
Available data: 2063, State=8
Read data: 147984024, left: 9370
Finish read data: 128
Data left: 1935, State=4
----------------------
Available data: 1935, State=4
Read chunk type
Chunk Type 3
Chunk ID: 6
Data left: 1934, State=6
----------------------
Available data: 1934, State=6
Data left: 1934, State=8
----------------------
Available data: 1934, State=8
Read data: 147984024, left: 9242
Finish read data: 128
Data left: 1806, State=4
----------------------
Available data: 1806, State=4
Read chunk type
Chunk Type 3
Chunk ID: 6
Data left: 1805, State=6
----------------------
Available data: 1805, State=6
Data left: 1805, State=8
----------------------
Available data: 1805, State=8
Read data: 147984024, left: 9114
Finish read data: 128
Data left: 1677, State=4
----------------------
Available data: 1677, State=4
Read chunk type
Chunk Type 3
Chunk ID: 6
Data left: 1676, State=6
----------------------
Available data: 1676, State=6
Data left: 1676, State=8
----------------------
Available data: 1676, State=8
Read data: 147984024, left: 8986
Finish read data: 128
Data left: 1548, State=4
----------------------
Available data: 1548, State=4
Read chunk type
Chunk Type 3
Chunk ID: 6
Data left: 1547, State=6
----------------------
Available data: 1547, State=6
Data left: 1547, State=8
----------------------
Available data: 1547, State=8
Read data: 147984024, left: 8858
Finish read data: 128
Data left: 1419, State=4
----------------------
Available data: 1419, State=4
Read chunk type
Chunk Type 3
Chunk ID: 6
Data left: 1418, State=6
----------------------
Available data: 1418, State=6
Data left: 1418, State=8
----------------------
Available data: 1418, State=8
Read data: 147984024, left: 8730
Finish read data: 128
Data left: 1290, State=4
----------------------
Available data: 1290, State=4
Read chunk type
Chunk Type 3
Chunk ID: 6
Data left: 1289, State=6
----------------------
Available data: 1289, State=6
Data left: 1289, State=8
----------------------
Available data: 1289, State=8
Read data: 147984024, left: 8602
Finish read data: 128
Data left: 1161, State=4
----------------------
Available data: 1161, State=4
Read chunk type
Chunk Type 3
Chunk ID: 6
Data left: 1160, State=6
----------------------
Available data: 1160, State=6
Data left: 1160, State=8
----------------------
Available data: 1160, State=8
Read data: 147984024, left: 8474
Finish read data: 128
Data left: 1032, State=4
----------------------
Available data: 1032, State=4
Read chunk type
Chunk Type 3
Chunk ID: 6
Data left: 1031, State=6
----------------------
Available data: 1031, State=6
Data left: 1031, State=8
----------------------
Available data: 1031, State=8
Read data: 147984024, left: 8346
Finish read data: 128
Data left: 903, State=4
----------------------
Available data: 903, State=4
Read chunk type
Chunk Type 3
Chunk ID: 6
Data left: 902, State=6
----------------------
Available data: 902, State=6
Data left: 902, State=8
----------------------
Available data: 902, State=8
Read data: 147984024, left: 8218
Finish read data: 128
Data left: 774, State=4
----------------------
Available data: 774, State=4
Read chunk type
Chunk Type 3
Chunk ID: 6
Data left: 773, State=6
----------------------
Available data: 773, State=6
Data left: 773, State=8
----------------------
Available data: 773, State=8
Read data: 147984024, left: 8090
Finish read data: 128
Data left: 645, State=4
----------------------
Available data: 645, State=4
Read chunk type
Chunk Type 3
Chunk ID: 6
Data left: 644, State=6
----------------------
Available data: 644, State=6
Data left: 644, State=8
----------------------
Available data: 644, State=8
Read data: 147984024, left: 7962
Finish read data: 128
Data left: 516, State=4
----------------------
Available data: 516, State=4
Read chunk type
Chunk Type 3
Chunk ID: 6
Data left: 515, State=6
----------------------
Available data: 515, State=6
Data left: 515, State=8
----------------------
Available data: 515, State=8
Read data: 147984024, left: 7834
Finish read data: 128
Data left: 387, State=4
----------------------
Available data: 387, State=4
Read chunk type
Chunk Type 3
Chunk ID: 6
Data left: 386, State=6
----------------------
Available data: 386, State=6
Data left: 386, State=8
----------------------
Available data: 386, State=8
Read data: 147984024, left: 7706
Finish read data: 128
Data left: 258, State=4
----------------------
Available data: 258, State=4
Read chunk type
Chunk Type 3
Chunk ID: 6
Data left: 257, State=6
----------------------
Available data: 257, State=6
Data left: 257, State=8
----------------------
Available data: 257, State=8
Read data: 147984024, left: 7578
Finish read data: 128
Data left: 129, State=4
----------------------
Available data: 129, State=4
Read chunk type
Chunk Type 3
Chunk ID: 6
Data left: 128, State=6
----------------------
Available data: 128, State=6
Data left: 128, State=8
----------------------
Available data: 128, State=8
Read data: 147984024, left: 7450
Finish read data: 128
Data left: 0, State=4
Receiving: 4096 0 4096 131073
----------------------
Available data: 4096, State=4
Read chunk type
Chunk Type 3
Chunk ID: 6
Data left: 4095, State=6
----------------------
Available data: 4095, State=6
Data left: 4095, State=8
----------------------
Available data: 4095, State=8
Read data: 147984024, left: 7322
Finish read data: 128
Data left: 3967, State=4
----------------------
Available data: 3967, State=4
Read chunk type
Chunk Type 3
Chunk ID: 6
Data left: 3966, State=6
----------------------
Available data: 3966, State=6
Data left: 3966, State=8
----------------------
Available data: 3966, State=8
Read data: 147984024, left: 7194
Finish read data: 128
Data left: 3838, State=4
----------------------
Available data: 3838, State=4
Read chunk type
Chunk Type 3
Chunk ID: 6
Data left: 3837, State=6
----------------------
Available data: 3837, State=6
Data left: 3837, State=8
----------------------
Available data: 3837, State=8
Read data: 147984024, left: 7066
Finish read data: 128
Data left: 3709, State=4
----------------------
Available data: 3709, State=4
Read chunk type
Chunk Type 3
Chunk ID: 6
Data left: 3708, State=6
----------------------
Available data: 3708, State=6
Data left: 3708, State=8
----------------------
Available data: 3708, State=8
Read data: 147984024, left: 6938
Finish read data: 128
Data left: 3580, State=4
----------------------
Available data: 3580, State=4
Read chunk type
Chunk Type 3
Chunk ID: 6
Data left: 3579, State=6
----------------------
Available data: 3579, State=6
Data left: 3579, State=8
----------------------
Available data: 3579, State=8
Read data: 147984024, left: 6810
Finish read data: 128
Data left: 3451, State=4
----------------------
Available data: 3451, State=4
Read chunk type
Chunk Type 3
Chunk ID: 6
Data left: 3450, State=6
----------------------
Available data: 3450, State=6
Data left: 3450, State=8
----------------------
Available data: 3450, State=8
Read data: 147984024, left: 6682
Finish read data: 128
Data left: 3322, State=4
----------------------
Available data: 3322, State=4
Read chunk type
Chunk Type 3
Chunk ID: 6
Data left: 3321, State=6
----------------------
Available data: 3321, State=6
Data left: 3321, State=8
----------------------
Available data: 3321, State=8
Read data: 147984024, left: 6554
Finish read data: 128
Data left: 3193, State=4
----------------------
Available data: 3193, State=4
Read chunk type
Chunk Type 3
Chunk ID: 6
Data left: 3192, State=6
----------------------
Available data: 3192, State=6
Data left: 3192, State=8
----------------------
Available data: 3192, State=8
Read data: 147984024, left: 6426
Finish read data: 128
Data left: 3064, State=4
----------------------
Available data: 3064, State=4
Read chunk type
Chunk Type 3
Chunk ID: 6
Data left: 3063, State=6
----------------------
Available data: 3063, State=6
Data left: 3063, State=8
----------------------
Available data: 3063, State=8
Read data: 147984024, left: 6298
Finish read data: 128
Data left: 2935, State=4
----------------------
Available data: 2935, State=4
Read chunk type
Chunk Type 3
Chunk ID: 6
Data left: 2934, State=6
----------------------
Available data: 2934, State=6
Data left: 2934, State=8
----------------------
Available data: 2934, State=8
Read data: 147984024, left: 6170
Finish read data: 128
Data left: 2806, State=4
----------------------
Available data: 2806, State=4
Read chunk type
Chunk Type 3
Chunk ID: 6
Data left: 2805, State=6
----------------------
Available data: 2805, State=6
Data left: 2805, State=8
----------------------
Available data: 2805, State=8
Read data: 147984024, left: 6042
Finish read data: 128
Data left: 2677, State=4
----------------------
Available data: 2677, State=4
Read chunk type
Chunk Type 3
Chunk ID: 6
Data left: 2676, State=6
----------------------
Available data: 2676, State=6
Data left: 2676, State=8
----------------------
Available data: 2676, State=8
Read data: 147984024, left: 5914
Finish read data: 128
Data left: 2548, State=4
----------------------
Available data: 2548, State=4
Read chunk type
Chunk Type 3
Chunk ID: 6
Data left: 2547, State=6
----------------------
Available data: 2547, State=6
Data left: 2547, State=8
----------------------
Available data: 2547, State=8
Read data: 147984024, left: 5786
Finish read data: 128
Data left: 2419, State=4
----------------------
Available data: 2419, State=4
Read chunk type
Chunk Type 3
Chunk ID: 6
Data left: 2418, State=6
----------------------
Available data: 2418, State=6
Data left: 2418, State=8
----------------------
Available data: 2418, State=8
Read data: 147984024, left: 5658
Finish read data: 128
Data left: 2290, State=4
----------------------
Available data: 2290, State=4
Read chunk type
Chunk Type 3
Chunk ID: 6
Data left: 2289, State=6
----------------------
Available data: 2289, State=6
Data left: 2289, State=8
----------------------
Available data: 2289, State=8
Read data: 147984024, left: 5530
Finish read data: 128
Data left: 2161, State=4
----------------------
Available data: 2161, State=4
Read chunk type
Chunk Type 3
Chunk ID: 6
Data left: 2160, State=6
----------------------
Available data: 2160, State=6
Data left: 2160, State=8
----------------------
Available data: 2160, State=8
Read data: 147984024, left: 5402
Finish read data: 128
Data left: 2032, State=4
----------------------
Available data: 2032, State=4
Read chunk type
Chunk Type 3
Chunk ID: 6
Data left: 2031, State=6
----------------------
Available data: 2031, State=6
Data left: 2031, State=8
----------------------
Available data: 2031, State=8
Read data: 147984024, left: 5274
Finish read data: 128
Data left: 1903, State=4
----------------------
Available data: 1903, State=4
Read chunk type
Chunk Type 3
Chunk ID: 6
Data left: 1902, State=6
----------------------
Available data: 1902, State=6
Data left: 1902, State=8
----------------------
Available data: 1902, State=8
Read data: 147984024, left: 5146
Finish read data: 128
Data left: 1774, State=4
----------------------
Available data: 1774, State=4
Read chunk type
Chunk Type 3
Chunk ID: 6
Data left: 1773, State=6
----------------------
Available data: 1773, State=6
Data left: 1773, State=8
----------------------
Available data: 1773, State=8
Read data: 147984024, left: 5018
Finish read data: 128
Data left: 1645, State=4
----------------------
Available data: 1645, State=4
Read chunk type
Chunk Type 3
Chunk ID: 6
Data left: 1644, State=6
----------------------
Available data: 1644, State=6
Data left: 1644, State=8
----------------------
Available data: 1644, State=8
Read data: 147984024, left: 4890
Finish read data: 128
Data left: 1516, State=4
----------------------
Available data: 1516, State=4
Read chunk type
Chunk Type 3
Chunk ID: 6
Data left: 1515, State=6
----------------------
Available data: 1515, State=6
Data left: 1515, State=8
----------------------
Available data: 1515, State=8
Read data: 147984024, left: 4762
Finish read data: 128
Data left: 1387, State=4
----------------------
Available data: 1387, State=4
Read chunk type
Chunk Type 3
Chunk ID: 6
Data left: 1386, State=6
----------------------
Available data: 1386, State=6
Data left: 1386, State=8
----------------------
Available data: 1386, State=8
Read data: 147984024, left: 4634
Finish read data: 128
Data left: 1258, State=4
----------------------
Available data: 1258, State=4
Read chunk type
Chunk Type 3
Chunk ID: 6
Data left: 1257, State=6
----------------------
Available data: 1257, State=6
Data left: 1257, State=8
----------------------
Available data: 1257, State=8
Read data: 147984024, left: 4506
Finish read data: 128
Data left: 1129, State=4
----------------------
Available data: 1129, State=4
Read chunk type
Chunk Type 3
Chunk ID: 6
Data left: 1128, State=6
----------------------
Available data: 1128, State=6
Data left: 1128, State=8
----------------------
Available data: 1128, State=8
Read data: 147984024, left: 4378
Finish read data: 128
Data left: 1000, State=4
----------------------
Available data: 1000, State=4
Read chunk type
Chunk Type 3
Chunk ID: 6
Data left: 999, State=6
----------------------
Available data: 999, State=6
Data left: 999, State=8
----------------------
Available data: 999, State=8
Read data: 147984024, left: 4250
Finish read data: 128
Data left: 871, State=4
----------------------
Available data: 871, State=4
Read chunk type
Chunk Type 3
Chunk ID: 6
Data left: 870, State=6
----------------------
Available data: 870, State=6
Data left: 870, State=8
----------------------
Available data: 870, State=8
Read data: 147984024, left: 4122
Finish read data: 128
Data left: 742, State=4
----------------------
Available data: 742, State=4
Read chunk type
Chunk Type 3
Chunk ID: 6
Data left: 741, State=6
----------------------
Available data: 741, State=6
Data left: 741, State=8
----------------------
Available data: 741, State=8
Read data: 147984024, left: 3994
Finish read data: 128
Data left: 613, State=4
----------------------
Available data: 613, State=4
Read chunk type
Chunk Type 3
Chunk ID: 6
Data left: 612, State=6
----------------------
Available data: 612, State=6
Data left: 612, State=8
----------------------
Available data: 612, State=8
Read data: 147984024, left: 3866
Finish read data: 128
Data left: 484, State=4
----------------------
Available data: 484, State=4
Read chunk type
Chunk Type 3
Chunk ID: 6
Data left: 483, State=6
----------------------
Available data: 483, State=6
Data left: 483, State=8
----------------------
Available data: 483, State=8
Read data: 147984024, left: 3738
Finish read data: 128
Data left: 355, State=4
----------------------
Available data: 355, State=4
Read chunk type
Chunk Type 3
Chunk ID: 6
Data left: 354, State=6
----------------------
Available data: 354, State=6
Data left: 354, State=8
----------------------
Available data: 354, State=8
Read data: 147984024, left: 3610
Finish read data: 128
Data left: 226, State=4
----------------------
Available data: 226, State=4
Read chunk type
Chunk Type 3
Chunk ID: 6
Data left: 225, State=6
----------------------
Available data: 225, State=6
Data left: 225, State=8
----------------------
Available data: 225, State=8
Read data: 147984024, left: 3482
Finish read data: 128
Data left: 97, State=4
----------------------
Available data: 97, State=4
Read chunk type
Chunk Type 3
Chunk ID: 6
Data left: 96, State=6
----------------------
Available data: 96, State=6
Data left: 96, State=8
----------------------
Available data: 96, State=8
Data left: 96, State=8
Receiving: 1322 4000 5418 131073
----------------------
Available data: 1418, State=8
Read data: 147984024, left: 3354
Finish read data: 128
Data left: 1290, State=4
----------------------
Available data: 1290, State=4
Read chunk type
Chunk Type 3
Chunk ID: 6
Data left: 1289, State=6
----------------------
Available data: 1289, State=6
Data left: 1289, State=8
----------------------
Available data: 1289, State=8
Read data: 147984024, left: 3226
Finish read data: 128
Data left: 1161, State=4
----------------------
Available data: 1161, State=4
Read chunk type
Chunk Type 3
Chunk ID: 6
Data left: 1160, State=6
----------------------
Available data: 1160, State=6
Data left: 1160, State=8
----------------------
Available data: 1160, State=8
Read data: 147984024, left: 3098
Finish read data: 128
Data left: 1032, State=4
----------------------
Available data: 1032, State=4
Read chunk type
Chunk Type 3
Chunk ID: 6
Data left: 1031, State=6
----------------------
Available data: 1031, State=6
Data left: 1031, State=8
----------------------
Available data: 1031, State=8
Read data: 147984024, left: 2970
Finish read data: 128
Data left: 903, State=4
----------------------
Available data: 903, State=4
Read chunk type
Chunk Type 3
Chunk ID: 6
Data left: 902, State=6
----------------------
Available data: 902, State=6
Data left: 902, State=8
----------------------
Available data: 902, State=8
Read data: 147984024, left: 2842
Finish read data: 128
Data left: 774, State=4
----------------------
Available data: 774, State=4
Read chunk type
Chunk Type 3
Chunk ID: 6
Data left: 773, State=6
----------------------
Available data: 773, State=6
Data left: 773, State=8
----------------------
Available data: 773, State=8
Read data: 147984024, left: 2714
Finish read data: 128
Data left: 645, State=4
----------------------
Available data: 645, State=4
Read chunk type
Chunk Type 3
Chunk ID: 6
Data left: 644, State=6
----------------------
Available data: 644, State=6
Data left: 644, State=8
----------------------
Available data: 644, State=8
Read data: 147984024, left: 2586
Finish read data: 128
Data left: 516, State=4
----------------------
Available data: 516, State=4
Read chunk type
Chunk Type 3
Chunk ID: 6
Data left: 515, State=6
----------------------
Available data: 515, State=6
Data left: 515, State=8
----------------------
Available data: 515, State=8
Read data: 147984024, left: 2458
Finish read data: 128
Data left: 387, State=4
----------------------
Available data: 387, State=4
Read chunk type
Chunk Type 3
Chunk ID: 6
Data left: 386, State=6
----------------------
Available data: 386, State=6
Data left: 386, State=8
----------------------
Available data: 386, State=8
Read data: 147984024, left: 2330
Finish read data: 128
Data left: 258, State=4
----------------------
Available data: 258, State=4
Read chunk type
Chunk Type 3
Chunk ID: 6
Data left: 257, State=6
----------------------
Available data: 257, State=6
Data left: 257, State=8
----------------------
Available data: 257, State=8
Read data: 147984024, left: 2202
Finish read data: 128
Data left: 129, State=4
----------------------
Available data: 129, State=4
Read chunk type
Chunk Type 3
Chunk ID: 6
Data left: 128, State=6
----------------------
Available data: 128, State=6
Data left: 128, State=8
----------------------
Available data: 128, State=8
Read data: 147984024, left: 2074
Finish read data: 128
Data left: 0, State=4
Receiving: 1962 0 1962 131073
----------------------
Available data: 1962, State=4
Read chunk type
Chunk Type 3
Chunk ID: 6
Data left: 1961, State=6
----------------------
Available data: 1961, State=6
Data left: 1961, State=8
----------------------
Available data: 1961, State=8
Read data: 147984024, left: 1946
Finish read data: 128
Data left: 1833, State=4
----------------------
Available data: 1833, State=4
Read chunk type
Chunk Type 3
Chunk ID: 6
Data left: 1832, State=6
----------------------
Available data: 1832, State=6
Data left: 1832, State=8
----------------------
Available data: 1832, State=8
Read data: 147984024, left: 1818
Finish read data: 128
Data left: 1704, State=4
----------------------
Available data: 1704, State=4
Read chunk type
Chunk Type 3
Chunk ID: 6
Data left: 1703, State=6
----------------------
Available data: 1703, State=6
Data left: 1703, State=8
----------------------
Available data: 1703, State=8
Read data: 147984024, left: 1690
Finish read data: 128
Data left: 1575, State=4
----------------------
Available data: 1575, State=4
Read chunk type
Chunk Type 3
Chunk ID: 6
Data left: 1574, State=6
----------------------
Available data: 1574, State=6
Data left: 1574, State=8
----------------------
Available data: 1574, State=8
Read data: 147984024, left: 1562
Finish read data: 128
Data left: 1446, State=4
----------------------
Available data: 1446, State=4
Read chunk type
Chunk Type 3
Chunk ID: 6
Data left: 1445, State=6
----------------------
Available data: 1445, State=6
Data left: 1445, State=8
----------------------
Available data: 1445, State=8
Read data: 147984024, left: 1434
Finish read data: 128
Data left: 1317, State=4
----------------------
Available data: 1317, State=4
Read chunk type
Chunk Type 3
Chunk ID: 6
Data left: 1316, State=6
----------------------
Available data: 1316, State=6
Data left: 1316, State=8
----------------------
Available data: 1316, State=8
Read data: 147984024, left: 1306
Finish read data: 128
Data left: 1188, State=4
----------------------
Available data: 1188, State=4
Read chunk type
Chunk Type 3
Chunk ID: 6
Data left: 1187, State=6
----------------------
Available data: 1187, State=6
Data left: 1187, State=8
----------------------
Available data: 1187, State=8
Read data: 147984024, left: 1178
Finish read data: 128
Data left: 1059, State=4
----------------------
Available data: 1059, State=4
Read chunk type
Chunk Type 3
Chunk ID: 6
Data left: 1058, State=6
----------------------
Available data: 1058, State=6
Data left: 1058, State=8
----------------------
Available data: 1058, State=8
Read data: 147984024, left: 1050
Finish read data: 128
Data left: 930, State=4
----------------------
Available data: 930, State=4
Read chunk type
Chunk Type 3
Chunk ID: 6
Data left: 929, State=6
----------------------
Available data: 929, State=6
Data left: 929, State=8
----------------------
Available data: 929, State=8
Read data: 147984024, left: 922
Finish read data: 128
Data left: 801, State=4
----------------------
Available data: 801, State=4
Read chunk type
Chunk Type 3
Chunk ID: 6
Data left: 800, State=6
----------------------
Available data: 800, State=6
Data left: 800, State=8
----------------------
Available data: 800, State=8
Read data: 147984024, left: 794
Finish read data: 128
Data left: 672, State=4
----------------------
Available data: 672, State=4
Read chunk type
Chunk Type 3
Chunk ID: 6
Data left: 671, State=6
----------------------
Available data: 671, State=6
Data left: 671, State=8
----------------------
Available data: 671, State=8
Read data: 147984024, left: 666
Finish read data: 128
Data left: 543, State=4
----------------------
Available data: 543, State=4
Read chunk type
Chunk Type 3
Chunk ID: 6
Data left: 542, State=6
----------------------
Available data: 542, State=6
Data left: 542, State=8
----------------------
Available data: 542, State=8
Read data: 147984024, left: 538
Finish read data: 128
Data left: 414, State=4
----------------------
Available data: 414, State=4
Read chunk type
Chunk Type 3
Chunk ID: 6
Data left: 413, State=6
----------------------
Available data: 413, State=6
Data left: 413, State=8
----------------------
Available data: 413, State=8
Read data: 147984024, left: 410
Finish read data: 128
Data left: 285, State=4
----------------------
Available data: 285, State=4
Read chunk type
Chunk Type 3
Chunk ID: 6
Data left: 284, State=6
----------------------
Available data: 284, State=6
Data left: 284, State=8
----------------------
Available data: 284, State=8
Read data: 147984024, left: 282
Finish read data: 128
Data left: 156, State=4
----------------------
Available data: 156, State=4
Read chunk type
Chunk Type 3
Chunk ID: 6
Data left: 155, State=6
----------------------
Available data: 155, State=6
Data left: 155, State=8
----------------------
Available data: 155, State=8
Read data: 147984024, left: 154
Finish read data: 128
Data left: 27, State=4
----------------------
Available data: 27, State=4
Read chunk type
Chunk Type 3
Chunk ID: 6
Data left: 26, State=6
----------------------
Available data: 26, State=6
Data left: 26, State=8
----------------------
Available data: 26, State=8
Read data: 147984024, left: 26
Finish read data: 26

Data left: 0, State=4
Receiving: 4096 0 4096 131073
----------------------
Available data: 4096, State=4
Read chunk type
Chunk Type 1
Chunk ID: 6
Data left: 4095, State=6
----------------------
Available data: 4095, State=6
Read header type 0
Timestamp=714, message_length=87714, message_type=9, message_stream_id=16777216
Data left: 4088, State=8
----------------------
Available data: 4088, State=8
Read data: 147984024, left: 87714
Finish read data: 128
Data left: 3960, State=4
----------------------
Available data: 3960, State=4
Read chunk type
Chunk Type 3
Chunk ID: 6
Data left: 3959, State=6
----------------------
Available data: 3959, State=6
Data left: 3959, State=8
----------------------
Available data: 3959, State=8
Read data: 147984024, left: 87586
Finish read data: 128
Data left: 3831, State=4
----------------------
Available data: 3831, State=4
Read chunk type
Chunk Type 3
Chunk ID: 6
Data left: 3830, State=6
----------------------
Available data: 3830, State=6
Data left: 3830, State=8
----------------------
Available data: 3830, State=8
Read data: 147984024, left: 87458
Finish read data: 128
Data left: 3702, State=4
----------------------
Available data: 3702, State=4
Read chunk type
Chunk Type 3
Chunk ID: 6
Data left: 3701, State=6
----------------------
Available data: 3701, State=6
Data left: 3701, State=8
----------------------
Available data: 3701, State=8
Read data: 147984024, left: 87330
Finish read data: 128
Data left: 3573, State=4
----------------------
Available data: 3573, State=4
Read chunk type
Chunk Type 3
Chunk ID: 6
Data left: 3572, State=6
----------------------
Available data: 3572, State=6
Data left: 3572, State=8
----------------------
Available data: 3572, State=8
Read data: 147984024, left: 87202
Finish read data: 128
Data left: 3444, State=4
----------------------
Available data: 3444, State=4
Read chunk type
Chunk Type 3
Chunk ID: 6
Data left: 3443, State=6
----------------------
Available data: 3443, State=6
Data left: 3443, State=8
----------------------
Available data: 3443, State=8
Read data: 147984024, left: 87074
Finish read data: 128
Data left: 3315, State=4
----------------------
Available data: 3315, State=4
Read chunk type
Chunk Type 3
Chunk ID: 6
Data left: 3314, State=6
----------------------
Available data: 3314, State=6
Data left: 3314, State=8
----------------------
Available data: 3314, State=8
Read data: 147984024, left: 86946
Finish read data: 128
Data left: 3186, State=4
----------------------
Available data: 3186, State=4
Read chunk type
Chunk Type 3
Chunk ID: 6
Data left: 3185, State=6
----------------------
Available data: 3185, State=6
Data left: 3185, State=8
----------------------
Available data: 3185, State=8
Read data: 147984024, left: 86818
Finish read data: 128
Data left: 3057, State=4
----------------------
Available data: 3057, State=4
Read chunk type
Chunk Type 3
Chunk ID: 6
Data left: 3056, State=6
----------------------
Available data: 3056, State=6
Data left: 3056, State=8
----------------------
Available data: 3056, State=8
Read data: 147984024, left: 86690
Finish read data: 128
Data left: 2928, State=4
----------------------
Available data: 2928, State=4
Read chunk type
Chunk Type 3
Chunk ID: 6
Data left: 2927, State=6
----------------------
Available data: 2927, State=6
Data left: 2927, State=8
----------------------
Available data: 2927, State=8
Read data: 147984024, left: 86562
Finish read data: 128
Data left: 2799, State=4
----------------------
Available data: 2799, State=4
Read chunk type
Chunk Type 3
Chunk ID: 6
Data left: 2798, State=6
----------------------
Available data: 2798, State=6
Data left: 2798, State=8
----------------------
Available data: 2798, State=8
Read data: 147984024, left: 86434
Finish read data: 128
Data left: 2670, State=4
----------------------
Available data: 2670, State=4
Read chunk type
Chunk Type 3
Chunk ID: 6
Data left: 2669, State=6
----------------------
Available data: 2669, State=6
Data left: 2669, State=8
----------------------
Available data: 2669, State=8
Read data: 147984024, left: 86306
Finish read data: 128
Data left: 2541, State=4
----------------------
Available data: 2541, State=4
Read chunk type
Chunk Type 3
Chunk ID: 6
Data left: 2540, State=6
----------------------
Available data: 2540, State=6
Data left: 2540, State=8
----------------------
Available data: 2540, State=8
Read data: 147984024, left: 86178
Finish read data: 128
Data left: 2412, State=4
----------------------
Available data: 2412, State=4
Read chunk type
Chunk Type 3
Chunk ID: 6
Data left: 2411, State=6
----------------------
Available data: 2411, State=6
Data left: 2411, State=8
----------------------
Available data: 2411, State=8
Read data: 147984024, left: 86050
Finish read data: 128
Data left: 2283, State=4
----------------------
Available data: 2283, State=4
Read chunk type
Chunk Type 3
Chunk ID: 6
Data left: 2282, State=6
----------------------
Available data: 2282, State=6
Data left: 2282, State=8
----------------------
Available data: 2282, State=8
Read data: 147984024, left: 85922
Finish read data: 128
Data left: 2154, State=4
----------------------
Available data: 2154, State=4
Read chunk type
Chunk Type 3
Chunk ID: 6
Data left: 2153, State=6
----------------------
Available data: 2153, State=6
Data left: 2153, State=8
----------------------
Available data: 2153, State=8
Read data: 147984024, left: 85794
Finish read data: 128
Data left: 2025, State=4
----------------------
Available data: 2025, State=4
Read chunk type
Chunk Type 3
Chunk ID: 6
Data left: 2024, State=6
----------------------
Available data: 2024, State=6
Data left: 2024, State=8
----------------------
Available data: 2024, State=8
Read data: 147984024, left: 85666
Finish read data: 128
Data left: 1896, State=4
----------------------
Available data: 1896, State=4
Read chunk type
Chunk Type 3
Chunk ID: 6
Data left: 1895, State=6
----------------------
Available data: 1895, State=6
Data left: 1895, State=8
----------------------
Available data: 1895, State=8
Read data: 147984024, left: 85538
Finish read data: 128
Data left: 1767, State=4
----------------------
Available data: 1767, State=4
Read chunk type
Chunk Type 3
Chunk ID: 6
Data left: 1766, State=6
----------------------
Available data: 1766, State=6
Data left: 1766, State=8
----------------------
Available data: 1766, State=8
Read data: 147984024, left: 85410
Finish read data: 128
Data left: 1638, State=4
----------------------
Available data: 1638, State=4
Read chunk type
Chunk Type 3
Chunk ID: 6
Data left: 1637, State=6
----------------------
Available data: 1637, State=6
Data left: 1637, State=8
----------------------
Available data: 1637, State=8
Read data: 147984024, left: 85282
Finish read data: 128
Data left: 1509, State=4
----------------------
Available data: 1509, State=4
Read chunk type
Chunk Type 3
Chunk ID: 6
Data left: 1508, State=6
----------------------
Available data: 1508, State=6
Data left: 1508, State=8
----------------------
Available data: 1508, State=8
Read data: 147984024, left: 85154
Finish read data: 128
Data left: 1380, State=4
----------------------
Available data: 1380, State=4
Read chunk type
Chunk Type 3
Chunk ID: 6
Data left: 1379, State=6
----------------------
Available data: 1379, State=6
Data left: 1379, State=8
----------------------
Available data: 1379, State=8
Read data: 147984024, left: 85026
Finish read data: 128
Data left: 1251, State=4
----------------------
Available data: 1251, State=4
Read chunk type
Chunk Type 3
Chunk ID: 6
Data left: 1250, State=6
----------------------
Available data: 1250, State=6
Data left: 1250, State=8
----------------------
Available data: 1250, State=8
Read data: 147984024, left: 84898
Finish read data: 128
Data left: 1122, State=4
----------------------
Available data: 1122, State=4
Read chunk type
Chunk Type 3
Chunk ID: 6
Data left: 1121, State=6
----------------------
Available data: 1121, State=6
Data left: 1121, State=8
----------------------
Available data: 1121, State=8
Read data: 147984024, left: 84770
Finish read data: 128
Data left: 993, State=4
----------------------
Available data: 993, State=4
Read chunk type
Chunk Type 3
Chunk ID: 6
Data left: 992, State=6
----------------------
Available data: 992, State=6
Data left: 992, State=8
----------------------
Available data: 992, State=8
Read data: 147984024, left: 84642
Finish read data: 128
Data left: 864, State=4
----------------------
Available data: 864, State=4
Read chunk type
Chunk Type 3
Chunk ID: 6
Data left: 863, State=6
----------------------
Available data: 863, State=6
Data left: 863, State=8
----------------------
Available data: 863, State=8
Read data: 147984024, left: 84514
Finish read data: 128
Data left: 735, State=4
----------------------
Available data: 735, State=4
Read chunk type
Chunk Type 3
Chunk ID: 6
Data left: 734, State=6
----------------------
Available data: 734, State=6
Data left: 734, State=8
----------------------
Available data: 734, State=8
Read data: 147984024, left: 84386
Finish read data: 128
Data left: 606, State=4
----------------------
Available data: 606, State=4
Read chunk type
Chunk Type 3
Chunk ID: 6
Data left: 605, State=6
----------------------
Available data: 605, State=6
Data left: 605, State=8
----------------------
Available data: 605, State=8
Read data: 147984024, left: 84258
Finish read data: 128
Data left: 477, State=4
----------------------
Available data: 477, State=4
Read chunk type
Chunk Type 3
Chunk ID: 6
Data left: 476, State=6
----------------------
Available data: 476, State=6
Data left: 476, State=8
----------------------
Available data: 476, State=8
Read data: 147984024, left: 84130
Finish read data: 128
Data left: 348, State=4
----------------------
Available data: 348, State=4
Read chunk type
Chunk Type 3
Chunk ID: 6
Data left: 347, State=6
----------------------
Available data: 347, State=6
Data left: 347, State=8
----------------------
Available data: 347, State=8
Read data: 147984024, left: 84002
Finish read data: 128
Data left: 219, State=4
----------------------
Available data: 219, State=4
Read chunk type
Chunk Type 3
Chunk ID: 6
Data left: 218, State=6
----------------------
Available data: 218, State=6
Data left: 218, State=8
----------------------
Available data: 218, State=8
Read data: 147984024, left: 83874
Finish read data: 128
Data left: 90, State=4
----------------------
Available data: 90, State=4
Read chunk type
Chunk Type 3
Chunk ID: 6
Data left: 89, State=6
----------------------
Available data: 89, State=6
Data left: 89, State=8
----------------------
Available data: 89, State=8
Data left: 89, State=8
Receiving: 8424 4007 12520 131073
----------------------
Available data: 8513, State=8
Read data: 147984024, left: 83746
Finish read data: 128
Data left: 8385, State=4
----------------------
Available data: 8385, State=4
Read chunk type
Chunk Type 3
Chunk ID: 6
Data left: 8384, State=6
----------------------
Available data: 8384, State=6
Data left: 8384, State=8
----------------------
Available data: 8384, State=8
Read data: 147984024, left: 83618
Finish read data: 128
Data left: 8256, State=4
----------------------
Available data: 8256, State=4
Read chunk type
Chunk Type 3
Chunk ID: 6
Data left: 8255, State=6
----------------------
Available data: 8255, State=6
Data left: 8255, State=8
----------------------
Available data: 8255, State=8
Read data: 147984024, left: 83490
Finish read data: 128
Data left: 8127, State=4
----------------------
Available data: 8127, State=4
Read chunk type
Chunk Type 3
Chunk ID: 6
Data left: 8126, State=6
----------------------
Available data: 8126, State=6
Data left: 8126, State=8
----------------------
Available data: 8126, State=8
Read data: 147984024, left: 83362
Finish read data: 128
Data left: 7998, State=4
----------------------
Available data: 7998, State=4
Read chunk type
Chunk Type 3
Chunk ID: 6
Data left: 7997, State=6
----------------------
Available data: 7997, State=6
Data left: 7997, State=8
----------------------
Available data: 7997, State=8
Read data: 147984024, left: 83234
Finish read data: 128
Data left: 7869, State=4
----------------------
Available data: 7869, State=4
Read chunk type
Chunk Type 3
Chunk ID: 6
Data left: 7868, State=6
----------------------
Available data: 7868, State=6
Data left: 7868, State=8
----------------------
Available data: 7868, State=8
Read data: 147984024, left: 83106
Finish read data: 128
Data left: 7740, State=4
----------------------
Available data: 7740, State=4
Read chunk type
Chunk Type 3
Chunk ID: 6
Data left: 7739, State=6
----------------------
Available data: 7739, State=6
Data left: 7739, State=8
----------------------
Available data: 7739, State=8
Read data: 147984024, left: 82978
Finish read data: 128
Data left: 7611, State=4
----------------------
Available data: 7611, State=4
Read chunk type
Chunk Type 3
Chunk ID: 6
Data left: 7610, State=6
----------------------
Available data: 7610, State=6
Data left: 7610, State=8
----------------------
Available data: 7610, State=8
Read data: 147984024, left: 82850
Finish read data: 128
Data left: 7482, State=4
----------------------
Available data: 7482, State=4
Read chunk type
Chunk Type 3
Chunk ID: 6
Data left: 7481, State=6
----------------------
Available data: 7481, State=6
Data left: 7481, State=8
----------------------
Available data: 7481, State=8
Read data: 147984024, left: 82722
Finish read data: 128
Data left: 7353, State=4
----------------------
Available data: 7353, State=4
Read chunk type
Chunk Type 3
Chunk ID: 6
Data left: 7352, State=6
----------------------
Available data: 7352, State=6
Data left: 7352, State=8
----------------------
Available data: 7352, State=8
Read data: 147984024, left: 82594
Finish read data: 128
Data left: 7224, State=4
----------------------
Available data: 7224, State=4
Read chunk type
Chunk Type 3
Chunk ID: 6
Data left: 7223, State=6
----------------------
Available data: 7223, State=6
Data left: 7223, State=8
----------------------
Available data: 7223, State=8
Read data: 147984024, left: 82466
Finish read data: 128
Data left: 7095, State=4
----------------------
Available data: 7095, State=4
Read chunk type
Chunk Type 3
Chunk ID: 6
Data left: 7094, State=6
----------------------
Available data: 7094, State=6
Data left: 7094, State=8
----------------------
Available data: 7094, State=8
Read data: 147984024, left: 82338
Finish read data: 128
Data left: 6966, State=4
----------------------
Available data: 6966, State=4
Read chunk type
Chunk Type 3
Chunk ID: 6
Data left: 6965, State=6
----------------------
Available data: 6965, State=6
Data left: 6965, State=8
----------------------
Available data: 6965, State=8
Read data: 147984024, left: 82210
Finish read data: 128
Data left: 6837, State=4
----------------------
Available data: 6837, State=4
Read chunk type
Chunk Type 3
Chunk ID: 6
Data left: 6836, State=6
----------------------
Available data: 6836, State=6
Data left: 6836, State=8
----------------------
Available data: 6836, State=8
Read data: 147984024, left: 82082
Finish read data: 128
Data left: 6708, State=4
----------------------
Available data: 6708, State=4
Read chunk type
Chunk Type 3
Chunk ID: 6
Data left: 6707, State=6
----------------------
Available data: 6707, State=6
Data left: 6707, State=8
----------------------
Available data: 6707, State=8
Read data: 147984024, left: 81954
Finish read data: 128
Data left: 6579, State=4
----------------------
Available data: 6579, State=4
Read chunk type
Chunk Type 3
Chunk ID: 6
Data left: 6578, State=6
----------------------
Available data: 6578, State=6
Data left: 6578, State=8
----------------------
Available data: 6578, State=8
Read data: 147984024, left: 81826
Finish read data: 128
Data left: 6450, State=4
----------------------
Available data: 6450, State=4
Read chunk type
Chunk Type 3
Chunk ID: 6
Data left: 6449, State=6
----------------------
Available data: 6449, State=6
Data left: 6449, State=8
----------------------
Available data: 6449, State=8
Read data: 147984024, left: 81698
Finish read data: 128
Data left: 6321, State=4
----------------------
Available data: 6321, State=4
Read chunk type
Chunk Type 3
Chunk ID: 6
Data left: 6320, State=6
----------------------
Available data: 6320, State=6
Data left: 6320, State=8
----------------------
Available data: 6320, State=8
Read data: 147984024, left: 81570
Finish read data: 128
Data left: 6192, State=4
----------------------
Available data: 6192, State=4
Read chunk type
Chunk Type 3
Chunk ID: 6
Data left: 6191, State=6
----------------------
Available data: 6191, State=6
Data left: 6191, State=8
----------------------
Available data: 6191, State=8
Read data: 147984024, left: 81442
Finish read data: 128
Data left: 6063, State=4
----------------------
Available data: 6063, State=4
Read chunk type
Chunk Type 3
Chunk ID: 6
Data left: 6062, State=6
----------------------
Available data: 6062, State=6
Data left: 6062, State=8
----------------------
Available data: 6062, State=8
Read data: 147984024, left: 81314
Finish read data: 128
Data left: 5934, State=4
----------------------
Available data: 5934, State=4
Read chunk type
Chunk Type 3
Chunk ID: 6
Data left: 5933, State=6
----------------------
Available data: 5933, State=6
Data left: 5933, State=8
----------------------
Available data: 5933, State=8
Read data: 147984024, left: 81186
Finish read data: 128
Data left: 5805, State=4
----------------------
Available data: 5805, State=4
Read chunk type
Chunk Type 3
Chunk ID: 6
Data left: 5804, State=6
----------------------
Available data: 5804, State=6
Data left: 5804, State=8
----------------------
Available data: 5804, State=8
Read data: 147984024, left: 81058
Finish read data: 128
Data left: 5676, State=4
----------------------
Available data: 5676, State=4
Read chunk type
Chunk Type 3
Chunk ID: 6
Data left: 5675, State=6
----------------------
Available data: 5675, State=6
Data left: 5675, State=8
----------------------
Available data: 5675, State=8
Read data: 147984024, left: 80930
Finish read data: 128
Data left: 5547, State=4
----------------------
Available data: 5547, State=4
Read chunk type
Chunk Type 3
Chunk ID: 6
Data left: 5546, State=6
----------------------
Available data: 5546, State=6
Data left: 5546, State=8
----------------------
Available data: 5546, State=8
Read data: 147984024, left: 80802
Finish read data: 128
Data left: 5418, State=4
----------------------
Available data: 5418, State=4
Read chunk type
Chunk Type 3
Chunk ID: 6
Data left: 5417, State=6
----------------------
Available data: 5417, State=6
Data left: 5417, State=8
----------------------
Available data: 5417, State=8
Read data: 147984024, left: 80674
Finish read data: 128
Data left: 5289, State=4
----------------------
Available data: 5289, State=4
Read chunk type
Chunk Type 3
Chunk ID: 6
Data left: 5288, State=6
----------------------
Available data: 5288, State=6
Data left: 5288, State=8
----------------------
Available data: 5288, State=8
Read data: 147984024, left: 80546
Finish read data: 128
Data left: 5160, State=4
----------------------
Available data: 5160, State=4
Read chunk type
Chunk Type 3
Chunk ID: 6
Data left: 5159, State=6
----------------------
Available data: 5159, State=6
Data left: 5159, State=8
----------------------
Available data: 5159, State=8
Read data: 147984024, left: 80418
Finish read data: 128
Data left: 5031, State=4
----------------------
Available data: 5031, State=4
Read chunk type
Chunk Type 3
Chunk ID: 6
Data left: 5030, State=6
----------------------
Available data: 5030, State=6
Data left: 5030, State=8
----------------------
Available data: 5030, State=8
Read data: 147984024, left: 80290
Finish read data: 128
Data left: 4902, State=4
----------------------
Available data: 4902, State=4
Read chunk type
Chunk Type 3
Chunk ID: 6
Data left: 4901, State=6
----------------------
Available data: 4901, State=6
Data left: 4901, State=8
----------------------
Available data: 4901, State=8
Read data: 147984024, left: 80162
Finish read data: 128
Data left: 4773, State=4
----------------------
Available data: 4773, State=4
Read chunk type
Chunk Type 3
Chunk ID: 6
Data left: 4772, State=6
----------------------
Available data: 4772, State=6
Data left: 4772, State=8
----------------------
Available data: 4772, State=8
Read data: 147984024, left: 80034
Finish read data: 128
Data left: 4644, State=4
----------------------
Available data: 4644, State=4
Read chunk type
Chunk Type 3
Chunk ID: 6
Data left: 4643, State=6
----------------------
Available data: 4643, State=6
Data left: 4643, State=8
----------------------
Available data: 4643, State=8
Read data: 147984024, left: 79906
Finish read data: 128
Data left: 4515, State=4
----------------------
Available data: 4515, State=4
Read chunk type
Chunk Type 3
Chunk ID: 6
Data left: 4514, State=6
----------------------
Available data: 4514, State=6
Data left: 4514, State=8
----------------------
Available data: 4514, State=8
Read data: 147984024, left: 79778
Finish read data: 128
Data left: 4386, State=4
----------------------
Available data: 4386, State=4
Read chunk type
Chunk Type 3
Chunk ID: 6
Data left: 4385, State=6
----------------------
Available data: 4385, State=6
Data left: 4385, State=8
----------------------
Available data: 4385, State=8
Read data: 147984024, left: 79650
Finish read data: 128
Data left: 4257, State=4
----------------------
Available data: 4257, State=4
Read chunk type
Chunk Type 3
Chunk ID: 6
Data left: 4256, State=6
----------------------
Available data: 4256, State=6
Data left: 4256, State=8
----------------------
Available data: 4256, State=8
Read data: 147984024, left: 79522
Finish read data: 128
Data left: 4128, State=4
----------------------
Available data: 4128, State=4
Read chunk type
Chunk Type 3
Chunk ID: 6
Data left: 4127, State=6
----------------------
Available data: 4127, State=6
Data left: 4127, State=8
----------------------
Available data: 4127, State=8
Read data: 147984024, left: 79394
Finish read data: 128
Data left: 3999, State=4
----------------------
Available data: 3999, State=4
Read chunk type
Chunk Type 3
Chunk ID: 6
Data left: 3998, State=6
----------------------
Available data: 3998, State=6
Data left: 3998, State=8
----------------------
Available data: 3998, State=8
Read data: 147984024, left: 79266
Finish read data: 128
Data left: 3870, State=4
----------------------
Available data: 3870, State=4
Read chunk type
Chunk Type 3
Chunk ID: 6
Data left: 3869, State=6
----------------------
Available data: 3869, State=6
Data left: 3869, State=8
----------------------
Available data: 3869, State=8
Read data: 147984024, left: 79138
Finish read data: 128
Data left: 3741, State=4
----------------------
Available data: 3741, State=4
Read chunk type
Chunk Type 3
Chunk ID: 6
Data left: 3740, State=6
----------------------
Available data: 3740, State=6
Data left: 3740, State=8
----------------------
Available data: 3740, State=8
Read data: 147984024, left: 79010
Finish read data: 128
Data left: 3612, State=4
----------------------
Available data: 3612, State=4
Read chunk type
Chunk Type 3
Chunk ID: 6
Data left: 3611, State=6
----------------------
Available data: 3611, State=6
Data left: 3611, State=8
----------------------
Available data: 3611, State=8
Read data: 147984024, left: 78882
Finish read data: 128
Data left: 3483, State=4
----------------------
Available data: 3483, State=4
Read chunk type
Chunk Type 3
Chunk ID: 6
Data left: 3482, State=6
----------------------
Available data: 3482, State=6
Data left: 3482, State=8
----------------------
Available data: 3482, State=8
Read data: 147984024, left: 78754
Finish read data: 128
Data left: 3354, State=4
----------------------
Available data: 3354, State=4
Read chunk type
Chunk Type 3
Chunk ID: 6
Data left: 3353, State=6
----------------------
Available data: 3353, State=6
Data left: 3353, State=8
----------------------
Available data: 3353, State=8
Read data: 147984024, left: 78626
Finish read data: 128
Data left: 3225, State=4
----------------------
Available data: 3225, State=4
Read chunk type
Chunk Type 3
Chunk ID: 6
Data left: 3224, State=6
----------------------
Available data: 3224, State=6
Data left: 3224, State=8
----------------------
Available data: 3224, State=8
Read data: 147984024, left: 78498
Finish read data: 128
Data left: 3096, State=4
----------------------
Available data: 3096, State=4
Read chunk type
Chunk Type 3
Chunk ID: 6
Data left: 3095, State=6
----------------------
Available data: 3095, State=6
Data left: 3095, State=8
----------------------
Available data: 3095, State=8
Read data: 147984024, left: 78370
Finish read data: 128
Data left: 2967, State=4
----------------------
Available data: 2967, State=4
Read chunk type
Chunk Type 3
Chunk ID: 6
Data left: 2966, State=6
----------------------
Available data: 2966, State=6
Data left: 2966, State=8
----------------------
Available data: 2966, State=8
Read data: 147984024, left: 78242
Finish read data: 128
Data left: 2838, State=4
----------------------
Available data: 2838, State=4
Read chunk type
Chunk Type 3
Chunk ID: 6
Data left: 2837, State=6
----------------------
Available data: 2837, State=6
Data left: 2837, State=8
----------------------
Available data: 2837, State=8
Read data: 147984024, left: 78114
Finish read data: 128
Data left: 2709, State=4
----------------------
Available data: 2709, State=4
Read chunk type
Chunk Type 3
Chunk ID: 6
Data left: 2708, State=6
----------------------
Available data: 2708, State=6
Data left: 2708, State=8
----------------------
Available data: 2708, State=8
Read data: 147984024, left: 77986
Finish read data: 128
Data left: 2580, State=4
----------------------
Available data: 2580, State=4
Read chunk type
Chunk Type 3
Chunk ID: 6
Data left: 2579, State=6
----------------------
Available data: 2579, State=6
Data left: 2579, State=8
----------------------
Available data: 2579, State=8
Read data: 147984024, left: 77858
Finish read data: 128
Data left: 2451, State=4
----------------------
Available data: 2451, State=4
Read chunk type
Chunk Type 3
Chunk ID: 6
Data left: 2450, State=6
----------------------
Available data: 2450, State=6
Data left: 2450, State=8
----------------------
Available data: 2450, State=8
Read data: 147984024, left: 77730
Finish read data: 128
Data left: 2322, State=4
----------------------
Available data: 2322, State=4
Read chunk type
Chunk Type 3
Chunk ID: 6
Data left: 2321, State=6
----------------------
Available data: 2321, State=6
Data left: 2321, State=8
----------------------
Available data: 2321, State=8
Read data: 147984024, left: 77602
Finish read data: 128
Data left: 2193, State=4
----------------------
Available data: 2193, State=4
Read chunk type
Chunk Type 3
Chunk ID: 6
Data left: 2192, State=6
----------------------
Available data: 2192, State=6
Data left: 2192, State=8
----------------------
Available data: 2192, State=8
Read data: 147984024, left: 77474
Finish read data: 128
Data left: 2064, State=4
----------------------
Available data: 2064, State=4
Read chunk type
Chunk Type 3
Chunk ID: 6
Data left: 2063, State=6
----------------------
Available data: 2063, State=6
Data left: 2063, State=8
----------------------
Available data: 2063, State=8
Read data: 147984024, left: 77346
Finish read data: 128
Data left: 1935, State=4
----------------------
Available data: 1935, State=4
Read chunk type
Chunk Type 3
Chunk ID: 6
Data left: 1934, State=6
----------------------
Available data: 1934, State=6
Data left: 1934, State=8
----------------------
Available data: 1934, State=8
Read data: 147984024, left: 77218
Finish read data: 128
Data left: 1806, State=4
----------------------
Available data: 1806, State=4
Read chunk type
Chunk Type 3
Chunk ID: 6
Data left: 1805, State=6
----------------------
Available data: 1805, State=6
Data left: 1805, State=8
----------------------
Available data: 1805, State=8
Read data: 147984024, left: 77090
Finish read data: 128
Data left: 1677, State=4
----------------------
Available data: 1677, State=4
Read chunk type
Chunk Type 3
Chunk ID: 6
Data left: 1676, State=6
----------------------
Available data: 1676, State=6
Data left: 1676, State=8
----------------------
Available data: 1676, State=8
Read data: 147984024, left: 76962
Finish read data: 128
Data left: 1548, State=4
----------------------
Available data: 1548, State=4
Read chunk type
Chunk Type 3
Chunk ID: 6
Data left: 1547, State=6
----------------------
Available data: 1547, State=6
Data left: 1547, State=8
----------------------
Available data: 1547, State=8
Read data: 147984024, left: 76834
Finish read data: 128
Data left: 1419, State=4
----------------------
Available data: 1419, State=4
Read chunk type
Chunk Type 3
Chunk ID: 6
Data left: 1418, State=6
----------------------
Available data: 1418, State=6
Data left: 1418, State=8
----------------------
Available data: 1418, State=8
Read data: 147984024, left: 76706
Finish read data: 128
Data left: 1290, State=4
----------------------
Available data: 1290, State=4
Read chunk type
Chunk Type 3
Chunk ID: 6
Data left: 1289, State=6
----------------------
Available data: 1289, State=6
Data left: 1289, State=8
----------------------
Available data: 1289, State=8
Read data: 147984024, left: 76578
Finish read data: 128
Data left: 1161, State=4
----------------------
Available data: 1161, State=4
Read chunk type
Chunk Type 3
Chunk ID: 6
Data left: 1160, State=6
----------------------
Available data: 1160, State=6
Data left: 1160, State=8
----------------------
Available data: 1160, State=8
Read data: 147984024, left: 76450
Finish read data: 128
Data left: 1032, State=4
----------------------
Available data: 1032, State=4
Read chunk type
Chunk Type 3
Chunk ID: 6
Data left: 1031, State=6
----------------------
Available data: 1031, State=6
Data left: 1031, State=8
----------------------
Available data: 1031, State=8
Read data: 147984024, left: 76322
Finish read data: 128
Data left: 903, State=4
----------------------
Available data: 903, State=4
Read chunk type
Chunk Type 3
Chunk ID: 6
Data left: 902, State=6
----------------------
Available data: 902, State=6
Data left: 902, State=8
----------------------
Available data: 902, State=8
Read data: 147984024, left: 76194
Finish read data: 128
Data left: 774, State=4
----------------------
Available data: 774, State=4
Read chunk type
Chunk Type 3
Chunk ID: 6
Data left: 773, State=6
----------------------
Available data: 773, State=6
Data left: 773, State=8
----------------------
Available data: 773, State=8
Read data: 147984024, left: 76066
Finish read data: 128
Data left: 645, State=4
----------------------
Available data: 645, State=4
Read chunk type
Chunk Type 3
Chunk ID: 6
Data left: 644, State=6
----------------------
Available data: 644, State=6
Data left: 644, State=8
----------------------
Available data: 644, State=8
Read data: 147984024, left: 75938
Finish read data: 128
Data left: 516, State=4
----------------------
Available data: 516, State=4
Read chunk type
Chunk Type 3
Chunk ID: 6
Data left: 515, State=6
----------------------
Available data: 515, State=6
Data left: 515, State=8
----------------------
Available data: 515, State=8
Read data: 147984024, left: 75810
Finish read data: 128
Data left: 387, State=4
----------------------
Available data: 387, State=4
Read chunk type
Chunk Type 3
Chunk ID: 6
Data left: 386, State=6
----------------------
Available data: 386, State=6
Data left: 386, State=8
----------------------
Available data: 386, State=8
Read data: 147984024, left: 75682
Finish read data: 128
Data left: 258, State=4
----------------------
Available data: 258, State=4
Read chunk type
Chunk Type 3
Chunk ID: 6
Data left: 257, State=6
----------------------
Available data: 257, State=6
Data left: 257, State=8
----------------------
Available data: 257, State=8
Read data: 147984024, left: 75554
Finish read data: 128
Data left: 129, State=4
----------------------
Available data: 129, State=4
Read chunk type
Chunk Type 3
Chunk ID: 6
Data left: 128, State=6
----------------------
Available data: 128, State=6
Data left: 128, State=8
----------------------
Available data: 128, State=8
Read data: 147984024, left: 75426
Finish read data: 128
Data left: 0, State=4
Receiving: 4096 0 4096 131073
----------------------
Available data: 4096, State=4
Read chunk type
Chunk Type 3
Chunk ID: 6
Data left: 4095, State=6
----------------------
Available data: 4095, State=6
Data left: 4095, State=8
----------------------
Available data: 4095, State=8
Read data: 147984024, left: 75298
Finish read data: 128
Data left: 3967, State=4
----------------------
Available data: 3967, State=4
Read chunk type
Chunk Type 3
Chunk ID: 6
Data left: 3966, State=6
----------------------
Available data: 3966, State=6
Data left: 3966, State=8
----------------------
Available data: 3966, State=8
Read data: 147984024, left: 75170
Finish read data: 128
Data left: 3838, State=4
----------------------
Available data: 3838, State=4
Read chunk type
Chunk Type 3
Chunk ID: 6
Data left: 3837, State=6
----------------------
Available data: 3837, State=6
Data left: 3837, State=8
----------------------
Available data: 3837, State=8
Read data: 147984024, left: 75042
Finish read data: 128
Data left: 3709, State=4
----------------------
Available data: 3709, State=4
Read chunk type
Chunk Type 3
Chunk ID: 6
Data left: 3708, State=6
----------------------
Available data: 3708, State=6
Data left: 3708, State=8
----------------------
Available data: 3708, State=8
Read data: 147984024, left: 74914
Finish read data: 128
Data left: 3580, State=4
----------------------
Available data: 3580, State=4
Read chunk type
Chunk Type 3
Chunk ID: 6
Data left: 3579, State=6
----------------------
Available data: 3579, State=6
Data left: 3579, State=8
----------------------
Available data: 3579, State=8
Read data: 147984024, left: 74786
Finish read data: 128
Data left: 3451, State=4
----------------------
Available data: 3451, State=4
Read chunk type
Chunk Type 3
Chunk ID: 6
Data left: 3450, State=6
----------------------
Available data: 3450, State=6
Data left: 3450, State=8
----------------------
Available data: 3450, State=8
Read data: 147984024, left: 74658
Finish read data: 128
Data left: 3322, State=4
----------------------
Available data: 3322, State=4
Read chunk type
Chunk Type 3
Chunk ID: 6
Data left: 3321, State=6
----------------------
Available data: 3321, State=6
Data left: 3321, State=8
----------------------
Available data: 3321, State=8
Read data: 147984024, left: 74530
Finish read data: 128
Data left: 3193, State=4
----------------------
Available data: 3193, State=4
Read chunk type
Chunk Type 3
Chunk ID: 6
Data left: 3192, State=6
----------------------
Available data: 3192, State=6
Data left: 3192, State=8
----------------------
Available data: 3192, State=8
Read data: 147984024, left: 74402
Finish read data: 128
Data left: 3064, State=4
----------------------
Available data: 3064, State=4
Read chunk type
Chunk Type 3
Chunk ID: 6
Data left: 3063, State=6
----------------------
Available data: 3063, State=6
Data left: 3063, State=8
----------------------
Available data: 3063, State=8
Read data: 147984024, left: 74274
Finish read data: 128
Data left: 2935, State=4
----------------------
Available data: 2935, State=4
Read chunk type
Chunk Type 3
Chunk ID: 6
Data left: 2934, State=6
----------------------
Available data: 2934, State=6
Data left: 2934, State=8
----------------------
Available data: 2934, State=8
Read data: 147984024, left: 74146
Finish read data: 128
Data left: 2806, State=4
----------------------
Available data: 2806, State=4
Read chunk type
Chunk Type 3
Chunk ID: 6
Data left: 2805, State=6
----------------------
Available data: 2805, State=6
Data left: 2805, State=8
----------------------
Available data: 2805, State=8
Read data: 147984024, left: 74018
Finish read data: 128
Data left: 2677, State=4
----------------------
Available data: 2677, State=4
Read chunk type
Chunk Type 3
Chunk ID: 6
Data left: 2676, State=6
----------------------
Available data: 2676, State=6
Data left: 2676, State=8
----------------------
Available data: 2676, State=8
Read data: 147984024, left: 73890
Finish read data: 128
Data left: 2548, State=4
----------------------
Available data: 2548, State=4
Read chunk type
Chunk Type 3
Chunk ID: 6
Data left: 2547, State=6
----------------------
Available data: 2547, State=6
Data left: 2547, State=8
----------------------
Available data: 2547, State=8
Read data: 147984024, left: 73762
Finish read data: 128
Data left: 2419, State=4
----------------------
Available data: 2419, State=4
Read chunk type
Chunk Type 3
Chunk ID: 6
Data left: 2418, State=6
----------------------
Available data: 2418, State=6
Data left: 2418, State=8
----------------------
Available data: 2418, State=8
Read data: 147984024, left: 73634
Finish read data: 128
Data left: 2290, State=4
----------------------
Available data: 2290, State=4
Read chunk type
Chunk Type 3
Chunk ID: 6
Data left: 2289, State=6
----------------------
Available data: 2289, State=6
Data left: 2289, State=8
----------------------
Available data: 2289, State=8
Read data: 147984024, left: 73506
Finish read data: 128
Data left: 2161, State=4
----------------------
Available data: 2161, State=4
Read chunk type
Chunk Type 3
Chunk ID: 6
Data left: 2160, State=6
----------------------
Available data: 2160, State=6
Data left: 2160, State=8
----------------------
Available data: 2160, State=8
Read data: 147984024, left: 73378
Finish read data: 128
Data left: 2032, State=4
----------------------
Available data: 2032, State=4
Read chunk type
Chunk Type 3
Chunk ID: 6
Data left: 2031, State=6
----------------------
Available data: 2031, State=6
Data left: 2031, State=8
----------------------
Available data: 2031, State=8
Read data: 147984024, left: 73250
Finish read data: 128
Data left: 1903, State=4
----------------------
Available data: 1903, State=4
Read chunk type
Chunk Type 3
Chunk ID: 6
Data left: 1902, State=6
----------------------
Available data: 1902, State=6
Data left: 1902, State=8
----------------------
Available data: 1902, State=8
Read data: 147984024, left: 73122
Finish read data: 128
Data left: 1774, State=4
----------------------
Available data: 1774, State=4
Read chunk type
Chunk Type 3
Chunk ID: 6
Data left: 1773, State=6
----------------------
Available data: 1773, State=6
Data left: 1773, State=8
----------------------
Available data: 1773, State=8
Read data: 147984024, left: 72994
Finish read data: 128
Data left: 1645, State=4
----------------------
Available data: 1645, State=4
Read chunk type
Chunk Type 3
Chunk ID: 6
Data left: 1644, State=6
----------------------
Available data: 1644, State=6
Data left: 1644, State=8
----------------------
Available data: 1644, State=8
Read data: 147984024, left: 72866
Finish read data: 128
Data left: 1516, State=4
----------------------
Available data: 1516, State=4
Read chunk type
Chunk Type 3
Chunk ID: 6
Data left: 1515, State=6
----------------------
Available data: 1515, State=6
Data left: 1515, State=8
----------------------
Available data: 1515, State=8
Read data: 147984024, left: 72738
Finish read data: 128
Data left: 1387, State=4
----------------------
Available data: 1387, State=4
Read chunk type
Chunk Type 3
Chunk ID: 6
Data left: 1386, State=6
----------------------
Available data: 1386, State=6
Data left: 1386, State=8
----------------------
Available data: 1386, State=8
Read data: 147984024, left: 72610
Finish read data: 128
Data left: 1258, State=4
----------------------
Available data: 1258, State=4
Read chunk type
Chunk Type 3
Chunk ID: 6
Data left: 1257, State=6
----------------------
Available data: 1257, State=6
Data left: 1257, State=8
----------------------
Available data: 1257, State=8
Read data: 147984024, left: 72482
Finish read data: 128
Data left: 1129, State=4
----------------------
Available data: 1129, State=4
Read chunk type
Chunk Type 3
Chunk ID: 6
Data left: 1128, State=6
----------------------
Available data: 1128, State=6
Data left: 1128, State=8
----------------------
Available data: 1128, State=8
Read data: 147984024, left: 72354
Finish read data: 128
Data left: 1000, State=4
----------------------
Available data: 1000, State=4
Read chunk type
Chunk Type 3
Chunk ID: 6
Data left: 999, State=6
----------------------
Available data: 999, State=6
Data left: 999, State=8
----------------------
Available data: 999, State=8
Read data: 147984024, left: 72226
Finish read data: 128
Data left: 871, State=4
----------------------
Available data: 871, State=4
Read chunk type
Chunk Type 3
Chunk ID: 6
Data left: 870, State=6
----------------------
Available data: 870, State=6
Data left: 870, State=8
----------------------
Available data: 870, State=8
Read data: 147984024, left: 72098
Finish read data: 128
Data left: 742, State=4
----------------------
Available data: 742, State=4
Read chunk type
Chunk Type 3
Chunk ID: 6
Data left: 741, State=6
----------------------
Available data: 741, State=6
Data left: 741, State=8
----------------------
Available data: 741, State=8
Read data: 147984024, left: 71970
Finish read data: 128
Data left: 613, State=4
----------------------
Available data: 613, State=4
Read chunk type
Chunk Type 3
Chunk ID: 6
Data left: 612, State=6
----------------------
Available data: 612, State=6
Data left: 612, State=8
----------------------
Available data: 612, State=8
Read data: 147984024, left: 71842
Finish read data: 128
Data left: 484, State=4
----------------------
Available data: 484, State=4
Read chunk type
Chunk Type 3
Chunk ID: 6
Data left: 483, State=6
----------------------
Available data: 483, State=6
Data left: 483, State=8
----------------------
Available data: 483, State=8
Read data: 147984024, left: 71714
Finish read data: 128
Data left: 355, State=4
----------------------
Available data: 355, State=4
Read chunk type
Chunk Type 3
Chunk ID: 6
Data left: 354, State=6
----------------------
Available data: 354, State=6
Data left: 354, State=8
----------------------
Available data: 354, State=8
Read data: 147984024, left: 71586
Finish read data: 128
Data left: 226, State=4
----------------------
Available data: 226, State=4
Read chunk type
Chunk Type 3
Chunk ID: 6
Data left: 225, State=6
----------------------
Available data: 225, State=6
Data left: 225, State=8
----------------------
Available data: 225, State=8
Read data: 147984024, left: 71458
Finish read data: 128
Data left: 97, State=4
----------------------
Available data: 97, State=4
Read chunk type
Chunk Type 3
Chunk ID: 6
Data left: 96, State=6
----------------------
Available data: 96, State=6
Data left: 96, State=8
----------------------
Available data: 96, State=8
Data left: 96, State=8
Receiving: 8417 4000 12513 131073
----------------------
Available data: 8513, State=8
Read data: 147984024, left: 71330
Finish read data: 128
Data left: 8385, State=4
----------------------
Available data: 8385, State=4
Read chunk type
Chunk Type 3
Chunk ID: 6
Data left: 8384, State=6
----------------------
Available data: 8384, State=6
Data left: 8384, State=8
----------------------
Available data: 8384, State=8
Read data: 147984024, left: 71202
Finish read data: 128
Data left: 8256, State=4
----------------------
Available data: 8256, State=4
Read chunk type
Chunk Type 3
Chunk ID: 6
Data left: 8255, State=6
----------------------
Available data: 8255, State=6
Data left: 8255, State=8
----------------------
Available data: 8255, State=8
Read data: 147984024, left: 71074
Finish read data: 128
Data left: 8127, State=4
----------------------
Available data: 8127, State=4
Read chunk type
Chunk Type 3
Chunk ID: 6
Data left: 8126, State=6
----------------------
Available data: 8126, State=6
Data left: 8126, State=8
----------------------
Available data: 8126, State=8
Read data: 147984024, left: 70946
Finish read data: 128
Data left: 7998, State=4
----------------------
Available data: 7998, State=4
Read chunk type
Chunk Type 3
Chunk ID: 6
Data left: 7997, State=6
----------------------
Available data: 7997, State=6
Data left: 7997, State=8
----------------------
Available data: 7997, State=8
Read data: 147984024, left: 70818
Finish read data: 128
Data left: 7869, State=4
----------------------
Available data: 7869, State=4
Read chunk type
Chunk Type 3
Chunk ID: 6
Data left: 7868, State=6
----------------------
Available data: 7868, State=6
Data left: 7868, State=8
----------------------
Available data: 7868, State=8
Read data: 147984024, left: 70690
Finish read data: 128
Data left: 7740, State=4
----------------------
Available data: 7740, State=4
Read chunk type
Chunk Type 3
Chunk ID: 6
Data left: 7739, State=6
----------------------
Available data: 7739, State=6
Data left: 7739, State=8
----------------------
Available data: 7739, State=8
Read data: 147984024, left: 70562
Finish read data: 128
Data left: 7611, State=4
----------------------
Available data: 7611, State=4
Read chunk type
Chunk Type 3
Chunk ID: 6
Data left: 7610, State=6
----------------------
Available data: 7610, State=6
Data left: 7610, State=8
----------------------
Available data: 7610, State=8
Read data: 147984024, left: 70434
Finish read data: 128
Data left: 7482, State=4
----------------------
Available data: 7482, State=4
Read chunk type
Chunk Type 3
Chunk ID: 6
Data left: 7481, State=6
----------------------
Available data: 7481, State=6
Data left: 7481, State=8
----------------------
Available data: 7481, State=8
Read data: 147984024, left: 70306
Finish read data: 128
Data left: 7353, State=4
----------------------
Available data: 7353, State=4
Read chunk type
Chunk Type 3
Chunk ID: 6
Data left: 7352, State=6
----------------------
Available data: 7352, State=6
Data left: 7352, State=8
----------------------
Available data: 7352, State=8
Read data: 147984024, left: 70178
Finish read data: 128
Data left: 7224, State=4
----------------------
Available data: 7224, State=4
Read chunk type
Chunk Type 3
Chunk ID: 6
Data left: 7223, State=6
----------------------
Available data: 7223, State=6
Data left: 7223, State=8
----------------------
Available data: 7223, State=8
Read data: 147984024, left: 70050
Finish read data: 128
Data left: 7095, State=4
----------------------
Available data: 7095, State=4
Read chunk type
Chunk Type 3
Chunk ID: 6
Data left: 7094, State=6
----------------------
Available data: 7094, State=6
Data left: 7094, State=8
----------------------
Available data: 7094, State=8
Read data: 147984024, left: 69922
Finish read data: 128
Data left: 6966, State=4
----------------------
Available data: 6966, State=4
Read chunk type
Chunk Type 3
Chunk ID: 6
Data left: 6965, State=6
----------------------
Available data: 6965, State=6
Data left: 6965, State=8
----------------------
Available data: 6965, State=8
Read data: 147984024, left: 69794
Finish read data: 128
Data left: 6837, State=4
----------------------
Available data: 6837, State=4
Read chunk type
Chunk Type 3
Chunk ID: 6
Data left: 6836, State=6
----------------------
Available data: 6836, State=6
Data left: 6836, State=8
----------------------
Available data: 6836, State=8
Read data: 147984024, left: 69666
Finish read data: 128
Data left: 6708, State=4
----------------------
Available data: 6708, State=4
Read chunk type
Chunk Type 3
Chunk ID: 6
Data left: 6707, State=6
----------------------
Available data: 6707, State=6
Data left: 6707, State=8
----------------------
Available data: 6707, State=8
Read data: 147984024, left: 69538
Finish read data: 128
Data left: 6579, State=4
----------------------
Available data: 6579, State=4
Read chunk type
Chunk Type 3
Chunk ID: 6
Data left: 6578, State=6
----------------------
Available data: 6578, State=6
Data left: 6578, State=8
----------------------
Available data: 6578, State=8
Read data: 147984024, left: 69410
Finish read data: 128
Data left: 6450, State=4
----------------------
Available data: 6450, State=4
Read chunk type
Chunk Type 3
Chunk ID: 6
Data left: 6449, State=6
----------------------
Available data: 6449, State=6
Data left: 6449, State=8
----------------------
Available data: 6449, State=8
Read data: 147984024, left: 69282
Finish read data: 128
Data left: 6321, State=4
----------------------
Available data: 6321, State=4
Read chunk type
Chunk Type 3
Chunk ID: 6
Data left: 6320, State=6
----------------------
Available data: 6320, State=6
Data left: 6320, State=8
----------------------
Available data: 6320, State=8
Read data: 147984024, left: 69154
Finish read data: 128
Data left: 6192, State=4
----------------------
Available data: 6192, State=4
Read chunk type
Chunk Type 3
Chunk ID: 6
Data left: 6191, State=6
----------------------
Available data: 6191, State=6
Data left: 6191, State=8
----------------------
Available data: 6191, State=8
Read data: 147984024, left: 69026
Finish read data: 128
Data left: 6063, State=4
----------------------
Available data: 6063, State=4
Read chunk type
Chunk Type 3
Chunk ID: 6
Data left: 6062, State=6
----------------------
Available data: 6062, State=6
Data left: 6062, State=8
----------------------
Available data: 6062, State=8
Read data: 147984024, left: 68898
Finish read data: 128
Data left: 5934, State=4
----------------------
Available data: 5934, State=4
Read chunk type
Chunk Type 3
Chunk ID: 6
Data left: 5933, State=6
----------------------
Available data: 5933, State=6
Data left: 5933, State=8
----------------------
Available data: 5933, State=8
Read data: 147984024, left: 68770
Finish read data: 128
Data left: 5805, State=4
----------------------
Available data: 5805, State=4
Read chunk type
Chunk Type 3
Chunk ID: 6
Data left: 5804, State=6
----------------------
Available data: 5804, State=6
Data left: 5804, State=8
----------------------
Available data: 5804, State=8
Read data: 147984024, left: 68642
Finish read data: 128
Data left: 5676, State=4
----------------------
Available data: 5676, State=4
Read chunk type
Chunk Type 3
Chunk ID: 6
Data left: 5675, State=6
----------------------
Available data: 5675, State=6
Data left: 5675, State=8
----------------------
Available data: 5675, State=8
Read data: 147984024, left: 68514
Finish read data: 128
Data left: 5547, State=4
----------------------
Available data: 5547, State=4
Read chunk type
Chunk Type 3
Chunk ID: 6
Data left: 5546, State=6
----------------------
Available data: 5546, State=6
Data left: 5546, State=8
----------------------
Available data: 5546, State=8
Read data: 147984024, left: 68386
Finish read data: 128
Data left: 5418, State=4
----------------------
Available data: 5418, State=4
Read chunk type
Chunk Type 3
Chunk ID: 6
Data left: 5417, State=6
----------------------
Available data: 5417, State=6
Data left: 5417, State=8
----------------------
Available data: 5417, State=8
Read data: 147984024, left: 68258
Finish read data: 128
Data left: 5289, State=4
----------------------
Available data: 5289, State=4
Read chunk type
Chunk Type 3
Chunk ID: 6
Data left: 5288, State=6
----------------------
Available data: 5288, State=6
Data left: 5288, State=8
----------------------
Available data: 5288, State=8
Read data: 147984024, left: 68130
Finish read data: 128
Data left: 5160, State=4
----------------------
Available data: 5160, State=4
Read chunk type
Chunk Type 3
Chunk ID: 6
Data left: 5159, State=6
----------------------
Available data: 5159, State=6
Data left: 5159, State=8
----------------------
Available data: 5159, State=8
Read data: 147984024, left: 68002
Finish read data: 128
Data left: 5031, State=4
----------------------
Available data: 5031, State=4
Read chunk type
Chunk Type 3
Chunk ID: 6
Data left: 5030, State=6
----------------------
Available data: 5030, State=6
Data left: 5030, State=8
----------------------
Available data: 5030, State=8
Read data: 147984024, left: 67874
Finish read data: 128
Data left: 4902, State=4
----------------------
Available data: 4902, State=4
Read chunk type
Chunk Type 3
Chunk ID: 6
Data left: 4901, State=6
----------------------
Available data: 4901, State=6
Data left: 4901, State=8
----------------------
Available data: 4901, State=8
Read data: 147984024, left: 67746
Finish read data: 128
Data left: 4773, State=4
----------------------
Available data: 4773, State=4
Read chunk type
Chunk Type 3
Chunk ID: 6
Data left: 4772, State=6
----------------------
Available data: 4772, State=6
Data left: 4772, State=8
----------------------
Available data: 4772, State=8
Read data: 147984024, left: 67618
Finish read data: 128
Data left: 4644, State=4
----------------------
Available data: 4644, State=4
Read chunk type
Chunk Type 3
Chunk ID: 6
Data left: 4643, State=6
----------------------
Available data: 4643, State=6
Data left: 4643, State=8
----------------------
Available data: 4643, State=8
Read data: 147984024, left: 67490
Finish read data: 128
Data left: 4515, State=4
----------------------
Available data: 4515, State=4
Read chunk type
Chunk Type 3
Chunk ID: 6
Data left: 4514, State=6
----------------------
Available data: 4514, State=6
Data left: 4514, State=8
----------------------
Available data: 4514, State=8
Read data: 147984024, left: 67362
Finish read data: 128
Data left: 4386, State=4
----------------------
Available data: 4386, State=4
Read chunk type
Chunk Type 3
Chunk ID: 6
Data left: 4385, State=6
----------------------
Available data: 4385, State=6
Data left: 4385, State=8
----------------------
Available data: 4385, State=8
Read data: 147984024, left: 67234
Finish read data: 128
Data left: 4257, State=4
----------------------
Available data: 4257, State=4
Read chunk type
Chunk Type 3
Chunk ID: 6
Data left: 4256, State=6
----------------------
Available data: 4256, State=6
Data left: 4256, State=8
----------------------
Available data: 4256, State=8
Read data: 147984024, left: 67106
Finish read data: 128
Data left: 4128, State=4
----------------------
Available data: 4128, State=4
Read chunk type
Chunk Type 3
Chunk ID: 6
Data left: 4127, State=6
----------------------
Available data: 4127, State=6
Data left: 4127, State=8
----------------------
Available data: 4127, State=8
Read data: 147984024, left: 66978
Finish read data: 128
Data left: 3999, State=4
----------------------
Available data: 3999, State=4
Read chunk type
Chunk Type 3
Chunk ID: 6
Data left: 3998, State=6
----------------------
Available data: 3998, State=6
Data left: 3998, State=8
----------------------
Available data: 3998, State=8
Read data: 147984024, left: 66850
Finish read data: 128
Data left: 3870, State=4
----------------------
Available data: 3870, State=4
Read chunk type
Chunk Type 3
Chunk ID: 6
Data left: 3869, State=6
----------------------
Available data: 3869, State=6
Data left: 3869, State=8
----------------------
Available data: 3869, State=8
Read data: 147984024, left: 66722
Finish read data: 128
Data left: 3741, State=4
----------------------
Available data: 3741, State=4
Read chunk type
Chunk Type 3
Chunk ID: 6
Data left: 3740, State=6
----------------------
Available data: 3740, State=6
Data left: 3740, State=8
----------------------
Available data: 3740, State=8
Read data: 147984024, left: 66594
Finish read data: 128
Data left: 3612, State=4
----------------------
Available data: 3612, State=4
Read chunk type
Chunk Type 3
Chunk ID: 6
Data left: 3611, State=6
----------------------
Available data: 3611, State=6
Data left: 3611, State=8
----------------------
Available data: 3611, State=8
Read data: 147984024, left: 66466
Finish read data: 128
Data left: 3483, State=4
----------------------
Available data: 3483, State=4
Read chunk type
Chunk Type 3
Chunk ID: 6
Data left: 3482, State=6
----------------------
Available data: 3482, State=6
Data left: 3482, State=8
----------------------
Available data: 3482, State=8
Read data: 147984024, left: 66338
Finish read data: 128
Data left: 3354, State=4
----------------------
Available data: 3354, State=4
Read chunk type
Chunk Type 3
Chunk ID: 6
Data left: 3353, State=6
----------------------
Available data: 3353, State=6
Data left: 3353, State=8
----------------------
Available data: 3353, State=8
Read data: 147984024, left: 66210
Finish read data: 128
Data left: 3225, State=4
----------------------
Available data: 3225, State=4
Read chunk type
Chunk Type 3
Chunk ID: 6
Data left: 3224, State=6
----------------------
Available data: 3224, State=6
Data left: 3224, State=8
----------------------
Available data: 3224, State=8
Read data: 147984024, left: 66082
Finish read data: 128
Data left: 3096, State=4
----------------------
Available data: 3096, State=4
Read chunk type
Chunk Type 3
Chunk ID: 6
Data left: 3095, State=6
----------------------
Available data: 3095, State=6
Data left: 3095, State=8
----------------------
Available data: 3095, State=8
Read data: 147984024, left: 65954
Finish read data: 128
Data left: 2967, State=4
----------------------
Available data: 2967, State=4
Read chunk type
Chunk Type 3
Chunk ID: 6
Data left: 2966, State=6
----------------------
Available data: 2966, State=6
Data left: 2966, State=8
----------------------
Available data: 2966, State=8
Read data: 147984024, left: 65826
Finish read data: 128
Data left: 2838, State=4
----------------------
Available data: 2838, State=4
Read chunk type
Chunk Type 3
Chunk ID: 6
Data left: 2837, State=6
----------------------
Available data: 2837, State=6
Data left: 2837, State=8
----------------------
Available data: 2837, State=8
Read data: 147984024, left: 65698
Finish read data: 128
Data left: 2709, State=4
----------------------
Available data: 2709, State=4
Read chunk type
Chunk Type 3
Chunk ID: 6
Data left: 2708, State=6
----------------------
Available data: 2708, State=6
Data left: 2708, State=8
----------------------
Available data: 2708, State=8
Read data: 147984024, left: 65570
Finish read data: 128
Data left: 2580, State=4
----------------------
Available data: 2580, State=4
Read chunk type
Chunk Type 3
Chunk ID: 6
Data left: 2579, State=6
----------------------
Available data: 2579, State=6
Data left: 2579, State=8
----------------------
Available data: 2579, State=8
Read data: 147984024, left: 65442
Finish read data: 128
Data left: 2451, State=4
----------------------
Available data: 2451, State=4
Read chunk type
Chunk Type 3
Chunk ID: 6
Data left: 2450, State=6
----------------------
Available data: 2450, State=6
Data left: 2450, State=8
----------------------
Available data: 2450, State=8
Read data: 147984024, left: 65314
Finish read data: 128
Data left: 2322, State=4
----------------------
Available data: 2322, State=4
Read chunk type
Chunk Type 3
Chunk ID: 6
Data left: 2321, State=6
----------------------
Available data: 2321, State=6
Data left: 2321, State=8
----------------------
Available data: 2321, State=8
Read data: 147984024, left: 65186
Finish read data: 128
Data left: 2193, State=4
----------------------
Available data: 2193, State=4
Read chunk type
Chunk Type 3
Chunk ID: 6
Data left: 2192, State=6
----------------------
Available data: 2192, State=6
Data left: 2192, State=8
----------------------
Available data: 2192, State=8
Read data: 147984024, left: 65058
Finish read data: 128
Data left: 2064, State=4
----------------------
Available data: 2064, State=4
Read chunk type
Chunk Type 3
Chunk ID: 6
Data left: 2063, State=6
----------------------
Available data: 2063, State=6
Data left: 2063, State=8
----------------------
Available data: 2063, State=8
Read data: 147984024, left: 64930
Finish read data: 128
Data left: 1935, State=4
----------------------
Available data: 1935, State=4
Read chunk type
Chunk Type 3
Chunk ID: 6
Data left: 1934, State=6
----------------------
Available data: 1934, State=6
Data left: 1934, State=8
----------------------
Available data: 1934, State=8
Read data: 147984024, left: 64802
Finish read data: 128
Data left: 1806, State=4
----------------------
Available data: 1806, State=4
Read chunk type
Chunk Type 3
Chunk ID: 6
Data left: 1805, State=6
----------------------
Available data: 1805, State=6
Data left: 1805, State=8
----------------------
Available data: 1805, State=8
Read data: 147984024, left: 64674
Finish read data: 128
Data left: 1677, State=4
----------------------
Available data: 1677, State=4
Read chunk type
Chunk Type 3
Chunk ID: 6
Data left: 1676, State=6
----------------------
Available data: 1676, State=6
Data left: 1676, State=8
----------------------
Available data: 1676, State=8
Read data: 147984024, left: 64546
Finish read data: 128
Data left: 1548, State=4
----------------------
Available data: 1548, State=4
Read chunk type
Chunk Type 3
Chunk ID: 6
Data left: 1547, State=6
----------------------
Available data: 1547, State=6
Data left: 1547, State=8
----------------------
Available data: 1547, State=8
Read data: 147984024, left: 64418
Finish read data: 128
Data left: 1419, State=4
----------------------
Available data: 1419, State=4
Read chunk type
Chunk Type 3
Chunk ID: 6
Data left: 1418, State=6
----------------------
Available data: 1418, State=6
Data left: 1418, State=8
----------------------
Available data: 1418, State=8
Read data: 147984024, left: 64290
Finish read data: 128
Data left: 1290, State=4
----------------------
Available data: 1290, State=4
Read chunk type
Chunk Type 3
Chunk ID: 6
Data left: 1289, State=6
----------------------
Available data: 1289, State=6
Data left: 1289, State=8
----------------------
Available data: 1289, State=8
Read data: 147984024, left: 64162
Finish read data: 128
Data left: 1161, State=4
----------------------
Available data: 1161, State=4
Read chunk type
Chunk Type 3
Chunk ID: 6
Data left: 1160, State=6
----------------------
Available data: 1160, State=6
Data left: 1160, State=8
----------------------
Available data: 1160, State=8
Read data: 147984024, left: 64034
Finish read data: 128
Data left: 1032, State=4
----------------------
Available data: 1032, State=4
Read chunk type
Chunk Type 3
Chunk ID: 6
Data left: 1031, State=6
----------------------
Available data: 1031, State=6
Data left: 1031, State=8
----------------------
Available data: 1031, State=8
Read data: 147984024, left: 63906
Finish read data: 128
Data left: 903, State=4
----------------------
Available data: 903, State=4
Read chunk type
Chunk Type 3
Chunk ID: 6
Data left: 902, State=6
----------------------
Available data: 902, State=6
Data left: 902, State=8
----------------------
Available data: 902, State=8
Read data: 147984024, left: 63778
Finish read data: 128
Data left: 774, State=4
----------------------
Available data: 774, State=4
Read chunk type
Chunk Type 3
Chunk ID: 6
Data left: 773, State=6
----------------------
Available data: 773, State=6
Data left: 773, State=8
----------------------
Available data: 773, State=8
Read data: 147984024, left: 63650
Finish read data: 128
Data left: 645, State=4
----------------------
Available data: 645, State=4
Read chunk type
Chunk Type 3
Chunk ID: 6
Data left: 644, State=6
----------------------
Available data: 644, State=6
Data left: 644, State=8
----------------------
Available data: 644, State=8
Read data: 147984024, left: 63522
Finish read data: 128
Data left: 516, State=4
----------------------
Available data: 516, State=4
Read chunk type
Chunk Type 3
Chunk ID: 6
Data left: 515, State=6
----------------------
Available data: 515, State=6
Data left: 515, State=8
----------------------
Available data: 515, State=8
Read data: 147984024, left: 63394
Finish read data: 128
Data left: 387, State=4
----------------------
Available data: 387, State=4
Read chunk type
Chunk Type 3
Chunk ID: 6
Data left: 386, State=6
----------------------
Available data: 386, State=6
Data left: 386, State=8
----------------------
Available data: 386, State=8
Read data: 147984024, left: 63266
Finish read data: 128
Data left: 258, State=4
----------------------
Available data: 258, State=4
Read chunk type
Chunk Type 3
Chunk ID: 6
Data left: 257, State=6
----------------------
Available data: 257, State=6
Data left: 257, State=8
----------------------
Available data: 257, State=8
Read data: 147984024, left: 63138
Finish read data: 128
Data left: 129, State=4
----------------------
Available data: 129, State=4
Read chunk type
Chunk Type 3
Chunk ID: 6
Data left: 128, State=6
----------------------
Available data: 128, State=6
Data left: 128, State=8
----------------------
Available data: 128, State=8
Read data: 147984024, left: 63010
Finish read data: 128
Data left: 0, State=4
Receiving: 4096 0 4096 131073
----------------------
Available data: 4096, State=4
Read chunk type
Chunk Type 3
Chunk ID: 6
Data left: 4095, State=6
----------------------
Available data: 4095, State=6
Data left: 4095, State=8
----------------------
Available data: 4095, State=8
Read data: 147984024, left: 62882
Finish read data: 128
Data left: 3967, State=4
----------------------
Available data: 3967, State=4
Read chunk type
Chunk Type 3
Chunk ID: 6
Data left: 3966, State=6
----------------------
Available data: 3966, State=6
Data left: 3966, State=8
----------------------
Available data: 3966, State=8
Read data: 147984024, left: 62754
Finish read data: 128
Data left: 3838, State=4
----------------------
Available data: 3838, State=4
Read chunk type
Chunk Type 3
Chunk ID: 6
Data left: 3837, State=6
----------------------
Available data: 3837, State=6
Data left: 3837, State=8
----------------------
Available data: 3837, State=8
Read data: 147984024, left: 62626
Finish read data: 128
Data left: 3709, State=4
----------------------
Available data: 3709, State=4
Read chunk type
Chunk Type 3
Chunk ID: 6
Data left: 3708, State=6
----------------------
Available data: 3708, State=6
Data left: 3708, State=8
----------------------
Available data: 3708, State=8
Read data: 147984024, left: 62498
Finish read data: 128
Data left: 3580, State=4
----------------------
Available data: 3580, State=4
Read chunk type
Chunk Type 3
Chunk ID: 6
Data left: 3579, State=6
----------------------
Available data: 3579, State=6
Data left: 3579, State=8
----------------------
Available data: 3579, State=8
Read data: 147984024, left: 62370
Finish read data: 128
Data left: 3451, State=4
----------------------
Available data: 3451, State=4
Read chunk type
Chunk Type 3
Chunk ID: 6
Data left: 3450, State=6
----------------------
Available data: 3450, State=6
Data left: 3450, State=8
----------------------
Available data: 3450, State=8
Read data: 147984024, left: 62242
Finish read data: 128
Data left: 3322, State=4
----------------------
Available data: 3322, State=4
Read chunk type
Chunk Type 3
Chunk ID: 6
Data left: 3321, State=6
----------------------
Available data: 3321, State=6
Data left: 3321, State=8
----------------------
Available data: 3321, State=8
Read data: 147984024, left: 62114
Finish read data: 128
Data left: 3193, State=4
----------------------
Available data: 3193, State=4
Read chunk type
Chunk Type 3
Chunk ID: 6
Data left: 3192, State=6
----------------------
Available data: 3192, State=6
Data left: 3192, State=8
----------------------
Available data: 3192, State=8
Read data: 147984024, left: 61986
Finish read data: 128
Data left: 3064, State=4
----------------------
Available data: 3064, State=4
Read chunk type
Chunk Type 3
Chunk ID: 6
Data left: 3063, State=6
----------------------
Available data: 3063, State=6
Data left: 3063, State=8
----------------------
Available data: 3063, State=8
Read data: 147984024, left: 61858
Finish read data: 128
Data left: 2935, State=4
----------------------
Available data: 2935, State=4
Read chunk type
Chunk Type 3
Chunk ID: 6
Data left: 2934, State=6
----------------------
Available data: 2934, State=6
Data left: 2934, State=8
----------------------
Available data: 2934, State=8
Read data: 147984024, left: 61730
Finish read data: 128
Data left: 2806, State=4
----------------------
Available data: 2806, State=4
Read chunk type
Chunk Type 3
Chunk ID: 6
Data left: 2805, State=6
----------------------
Available data: 2805, State=6
Data left: 2805, State=8
----------------------
Available data: 2805, State=8
Read data: 147984024, left: 61602
Finish read data: 128
Data left: 2677, State=4
----------------------
Available data: 2677, State=4
Read chunk type
Chunk Type 3
Chunk ID: 6
Data left: 2676, State=6
----------------------
Available data: 2676, State=6
Data left: 2676, State=8
----------------------
Available data: 2676, State=8
Read data: 147984024, left: 61474
Finish read data: 128
Data left: 2548, State=4
----------------------
Available data: 2548, State=4
Read chunk type
Chunk Type 3
Chunk ID: 6
Data left: 2547, State=6
----------------------
Available data: 2547, State=6
Data left: 2547, State=8
----------------------
Available data: 2547, State=8
Read data: 147984024, left: 61346
Finish read data: 128
Data left: 2419, State=4
----------------------
Available data: 2419, State=4
Read chunk type
Chunk Type 3
Chunk ID: 6
Data left: 2418, State=6
----------------------
Available data: 2418, State=6
Data left: 2418, State=8
----------------------
Available data: 2418, State=8
Read data: 147984024, left: 61218
Finish read data: 128
Data left: 2290, State=4
----------------------
Available data: 2290, State=4
Read chunk type
Chunk Type 3
Chunk ID: 6
Data left: 2289, State=6
----------------------
Available data: 2289, State=6
Data left: 2289, State=8
----------------------
Available data: 2289, State=8
Read data: 147984024, left: 61090
Finish read data: 128
Data left: 2161, State=4
----------------------
Available data: 2161, State=4
Read chunk type
Chunk Type 3
Chunk ID: 6
Data left: 2160, State=6
----------------------
Available data: 2160, State=6
Data left: 2160, State=8
----------------------
Available data: 2160, State=8
Read data: 147984024, left: 60962
Finish read data: 128
Data left: 2032, State=4
----------------------
Available data: 2032, State=4
Read chunk type
Chunk Type 3
Chunk ID: 6
Data left: 2031, State=6
----------------------
Available data: 2031, State=6
Data left: 2031, State=8
----------------------
Available data: 2031, State=8
Read data: 147984024, left: 60834
Finish read data: 128
Data left: 1903, State=4
----------------------
Available data: 1903, State=4
Read chunk type
Chunk Type 3
Chunk ID: 6
Data left: 1902, State=6
----------------------
Available data: 1902, State=6
Data left: 1902, State=8
----------------------
Available data: 1902, State=8
Read data: 147984024, left: 60706
Finish read data: 128
Data left: 1774, State=4
----------------------
Available data: 1774, State=4
Read chunk type
Chunk Type 3
Chunk ID: 6
Data left: 1773, State=6
----------------------
Available data: 1773, State=6
Data left: 1773, State=8
----------------------
Available data: 1773, State=8
Read data: 147984024, left: 60578
Finish read data: 128
Data left: 1645, State=4
----------------------
Available data: 1645, State=4
Read chunk type
Chunk Type 3
Chunk ID: 6
Data left: 1644, State=6
----------------------
Available data: 1644, State=6
Data left: 1644, State=8
----------------------
Available data: 1644, State=8
Read data: 147984024, left: 60450
Finish read data: 128
Data left: 1516, State=4
----------------------
Available data: 1516, State=4
Read chunk type
Chunk Type 3
Chunk ID: 6
Data left: 1515, State=6
----------------------
Available data: 1515, State=6
Data left: 1515, State=8
----------------------
Available data: 1515, State=8
Read data: 147984024, left: 60322
Finish read data: 128
Data left: 1387, State=4
----------------------
Available data: 1387, State=4
Read chunk type
Chunk Type 3
Chunk ID: 6
Data left: 1386, State=6
----------------------
Available data: 1386, State=6
Data left: 1386, State=8
----------------------
Available data: 1386, State=8
Read data: 147984024, left: 60194
Finish read data: 128
Data left: 1258, State=4
----------------------
Available data: 1258, State=4
Read chunk type
Chunk Type 3
Chunk ID: 6
Data left: 1257, State=6
----------------------
Available data: 1257, State=6
Data left: 1257, State=8
----------------------
Available data: 1257, State=8
Read data: 147984024, left: 60066
Finish read data: 128
Data left: 1129, State=4
----------------------
Available data: 1129, State=4
Read chunk type
Chunk Type 3
Chunk ID: 6
Data left: 1128, State=6
----------------------
Available data: 1128, State=6
Data left: 1128, State=8
----------------------
Available data: 1128, State=8
Read data: 147984024, left: 59938
Finish read data: 128
Data left: 1000, State=4
----------------------
Available data: 1000, State=4
Read chunk type
Chunk Type 3
Chunk ID: 6
Data left: 999, State=6
----------------------
Available data: 999, State=6
Data left: 999, State=8
----------------------
Available data: 999, State=8
Read data: 147984024, left: 59810
Finish read data: 128
Data left: 871, State=4
----------------------
Available data: 871, State=4
Read chunk type
Chunk Type 3
Chunk ID: 6
Data left: 870, State=6
----------------------
Available data: 870, State=6
Data left: 870, State=8
----------------------
Available data: 870, State=8
Read data: 147984024, left: 59682
Finish read data: 128
Data left: 742, State=4
----------------------
Available data: 742, State=4
Read chunk type
Chunk Type 3
Chunk ID: 6
Data left: 741, State=6
----------------------
Available data: 741, State=6
Data left: 741, State=8
----------------------
Available data: 741, State=8
Read data: 147984024, left: 59554
Finish read data: 128
Data left: 613, State=4
----------------------
Available data: 613, State=4
Read chunk type
Chunk Type 3
Chunk ID: 6
Data left: 612, State=6
----------------------
Available data: 612, State=6
Data left: 612, State=8
----------------------
Available data: 612, State=8
Read data: 147984024, left: 59426
Finish read data: 128
Data left: 484, State=4
----------------------
Available data: 484, State=4
Read chunk type
Chunk Type 3
Chunk ID: 6
Data left: 483, State=6
----------------------
Available data: 483, State=6
Data left: 483, State=8
----------------------
Available data: 483, State=8
Read data: 147984024, left: 59298
Finish read data: 128
Data left: 355, State=4
----------------------
Available data: 355, State=4
Read chunk type
Chunk Type 3
Chunk ID: 6
Data left: 354, State=6
----------------------
Available data: 354, State=6
Data left: 354, State=8
----------------------
Available data: 354, State=8
Read data: 147984024, left: 59170
Finish read data: 128
Data left: 226, State=4
----------------------
Available data: 226, State=4
Read chunk type
Chunk Type 3
Chunk ID: 6
Data left: 225, State=6
----------------------
Available data: 225, State=6
Data left: 225, State=8
----------------------
Available data: 225, State=8
Read data: 147984024, left: 59042
Finish read data: 128
Data left: 97, State=4
----------------------
Available data: 97, State=4
Read chunk type
Chunk Type 3
Chunk ID: 6
Data left: 96, State=6
----------------------
Available data: 96, State=6
Data left: 96, State=8
----------------------
Available data: 96, State=8
Data left: 96, State=8
Receiving: 8546 4000 12642 131073
----------------------
Available data: 8642, State=8
Read data: 147984024, left: 58914
Finish read data: 128
Data left: 8514, State=4
----------------------
Available data: 8514, State=4
Read chunk type
Chunk Type 3
Chunk ID: 6
Data left: 8513, State=6
----------------------
Available data: 8513, State=6
Data left: 8513, State=8
----------------------
Available data: 8513, State=8
Read data: 147984024, left: 58786
Finish read data: 128
Data left: 8385, State=4
----------------------
Available data: 8385, State=4
Read chunk type
Chunk Type 3
Chunk ID: 6
Data left: 8384, State=6
----------------------
Available data: 8384, State=6
Data left: 8384, State=8
----------------------
Available data: 8384, State=8
Read data: 147984024, left: 58658
Finish read data: 128
Data left: 8256, State=4
----------------------
Available data: 8256, State=4
Read chunk type
Chunk Type 3
Chunk ID: 6
Data left: 8255, State=6
----------------------
Available data: 8255, State=6
Data left: 8255, State=8
----------------------
Available data: 8255, State=8
Read data: 147984024, left: 58530
Finish read data: 128
Data left: 8127, State=4
----------------------
Available data: 8127, State=4
Read chunk type
Chunk Type 3
Chunk ID: 6
Data left: 8126, State=6
----------------------
Available data: 8126, State=6
Data left: 8126, State=8
----------------------
Available data: 8126, State=8
Read data: 147984024, left: 58402
Finish read data: 128
Data left: 7998, State=4
----------------------
Available data: 7998, State=4
Read chunk type
Chunk Type 3
Chunk ID: 6
Data left: 7997, State=6
----------------------
Available data: 7997, State=6
Data left: 7997, State=8
----------------------
Available data: 7997, State=8
Read data: 147984024, left: 58274
Finish read data: 128
Data left: 7869, State=4
----------------------
Available data: 7869, State=4
Read chunk type
Chunk Type 3
Chunk ID: 6
Data left: 7868, State=6
----------------------
Available data: 7868, State=6
Data left: 7868, State=8
----------------------
Available data: 7868, State=8
Read data: 147984024, left: 58146
Finish read data: 128
Data left: 7740, State=4
----------------------
Available data: 7740, State=4
Read chunk type
Chunk Type 3
Chunk ID: 6
Data left: 7739, State=6
----------------------
Available data: 7739, State=6
Data left: 7739, State=8
----------------------
Available data: 7739, State=8
Read data: 147984024, left: 58018
Finish read data: 128
Data left: 7611, State=4
----------------------
Available data: 7611, State=4
Read chunk type
Chunk Type 3
Chunk ID: 6
Data left: 7610, State=6
----------------------
Available data: 7610, State=6
Data left: 7610, State=8
----------------------
Available data: 7610, State=8
Read data: 147984024, left: 57890
Finish read data: 128
Data left: 7482, State=4
----------------------
Available data: 7482, State=4
Read chunk type
Chunk Type 3
Chunk ID: 6
Data left: 7481, State=6
----------------------
Available data: 7481, State=6
Data left: 7481, State=8
----------------------
Available data: 7481, State=8
Read data: 147984024, left: 57762
Finish read data: 128
Data left: 7353, State=4
----------------------
Available data: 7353, State=4
Read chunk type
Chunk Type 3
Chunk ID: 6
Data left: 7352, State=6
----------------------
Available data: 7352, State=6
Data left: 7352, State=8
----------------------
Available data: 7352, State=8
Read data: 147984024, left: 57634
Finish read data: 128
Data left: 7224, State=4
----------------------
Available data: 7224, State=4
Read chunk type
Chunk Type 3
Chunk ID: 6
Data left: 7223, State=6
----------------------
Available data: 7223, State=6
Data left: 7223, State=8
----------------------
Available data: 7223, State=8
Read data: 147984024, left: 57506
Finish read data: 128
Data left: 7095, State=4
----------------------
Available data: 7095, State=4
Read chunk type
Chunk Type 3
Chunk ID: 6
Data left: 7094, State=6
----------------------
Available data: 7094, State=6
Data left: 7094, State=8
----------------------
Available data: 7094, State=8
Read data: 147984024, left: 57378
Finish read data: 128
Data left: 6966, State=4
----------------------
Available data: 6966, State=4
Read chunk type
Chunk Type 3
Chunk ID: 6
Data left: 6965, State=6
----------------------
Available data: 6965, State=6
Data left: 6965, State=8
----------------------
Available data: 6965, State=8
Read data: 147984024, left: 57250
Finish read data: 128
Data left: 6837, State=4
----------------------
Available data: 6837, State=4
Read chunk type
Chunk Type 3
Chunk ID: 6
Data left: 6836, State=6
----------------------
Available data: 6836, State=6
Data left: 6836, State=8
----------------------
Available data: 6836, State=8
Read data: 147984024, left: 57122
Finish read data: 128
Data left: 6708, State=4
----------------------
Available data: 6708, State=4
Read chunk type
Chunk Type 3
Chunk ID: 6
Data left: 6707, State=6
----------------------
Available data: 6707, State=6
Data left: 6707, State=8
----------------------
Available data: 6707, State=8
Read data: 147984024, left: 56994
Finish read data: 128
Data left: 6579, State=4
----------------------
Available data: 6579, State=4
Read chunk type
Chunk Type 3
Chunk ID: 6
Data left: 6578, State=6
----------------------
Available data: 6578, State=6
Data left: 6578, State=8
----------------------
Available data: 6578, State=8
Read data: 147984024, left: 56866
Finish read data: 128
Data left: 6450, State=4
----------------------
Available data: 6450, State=4
Read chunk type
Chunk Type 3
Chunk ID: 6
Data left: 6449, State=6
----------------------
Available data: 6449, State=6
Data left: 6449, State=8
----------------------
Available data: 6449, State=8
Read data: 147984024, left: 56738
Finish read data: 128
Data left: 6321, State=4
----------------------
Available data: 6321, State=4
Read chunk type
Chunk Type 3
Chunk ID: 6
Data left: 6320, State=6
----------------------
Available data: 6320, State=6
Data left: 6320, State=8
----------------------
Available data: 6320, State=8
Read data: 147984024, left: 56610
Finish read data: 128
Data left: 6192, State=4
----------------------
Available data: 6192, State=4
Read chunk type
Chunk Type 3
Chunk ID: 6
Data left: 6191, State=6
----------------------
Available data: 6191, State=6
Data left: 6191, State=8
----------------------
Available data: 6191, State=8
Read data: 147984024, left: 56482
Finish read data: 128
Data left: 6063, State=4
----------------------
Available data: 6063, State=4
Read chunk type
Chunk Type 3
Chunk ID: 6
Data left: 6062, State=6
----------------------
Available data: 6062, State=6
Data left: 6062, State=8
----------------------
Available data: 6062, State=8
Read data: 147984024, left: 56354
Finish read data: 128
Data left: 5934, State=4
----------------------
Available data: 5934, State=4
Read chunk type
Chunk Type 3
Chunk ID: 6
Data left: 5933, State=6
----------------------
Available data: 5933, State=6
Data left: 5933, State=8
----------------------
Available data: 5933, State=8
Read data: 147984024, left: 56226
Finish read data: 128
Data left: 5805, State=4
----------------------
Available data: 5805, State=4
Read chunk type
Chunk Type 3
Chunk ID: 6
Data left: 5804, State=6
----------------------
Available data: 5804, State=6
Data left: 5804, State=8
----------------------
Available data: 5804, State=8
Read data: 147984024, left: 56098
Finish read data: 128
Data left: 5676, State=4
----------------------
Available data: 5676, State=4
Read chunk type
Chunk Type 3
Chunk ID: 6
Data left: 5675, State=6
----------------------
Available data: 5675, State=6
Data left: 5675, State=8
----------------------
Available data: 5675, State=8
Read data: 147984024, left: 55970
Finish read data: 128
Data left: 5547, State=4
----------------------
Available data: 5547, State=4
Read chunk type
Chunk Type 3
Chunk ID: 6
Data left: 5546, State=6
----------------------
Available data: 5546, State=6
Data left: 5546, State=8
----------------------
Available data: 5546, State=8
Read data: 147984024, left: 55842
Finish read data: 128
Data left: 5418, State=4
----------------------
Available data: 5418, State=4
Read chunk type
Chunk Type 3
Chunk ID: 6
Data left: 5417, State=6
----------------------
Available data: 5417, State=6
Data left: 5417, State=8
----------------------
Available data: 5417, State=8
Read data: 147984024, left: 55714
Finish read data: 128
Data left: 5289, State=4
----------------------
Available data: 5289, State=4
Read chunk type
Chunk Type 3
Chunk ID: 6
Data left: 5288, State=6
----------------------
Available data: 5288, State=6
Data left: 5288, State=8
----------------------
Available data: 5288, State=8
Read data: 147984024, left: 55586
Finish read data: 128
Data left: 5160, State=4
----------------------
Available data: 5160, State=4
Read chunk type
Chunk Type 3
Chunk ID: 6
Data left: 5159, State=6
----------------------
Available data: 5159, State=6
Data left: 5159, State=8
----------------------
Available data: 5159, State=8
Read data: 147984024, left: 55458
Finish read data: 128
Data left: 5031, State=4
----------------------
Available data: 5031, State=4
Read chunk type
Chunk Type 3
Chunk ID: 6
Data left: 5030, State=6
----------------------
Available data: 5030, State=6
Data left: 5030, State=8
----------------------
Available data: 5030, State=8
Read data: 147984024, left: 55330
Finish read data: 128
Data left: 4902, State=4
----------------------
Available data: 4902, State=4
Read chunk type
Chunk Type 3
Chunk ID: 6
Data left: 4901, State=6
----------------------
Available data: 4901, State=6
Data left: 4901, State=8
----------------------
Available data: 4901, State=8
Read data: 147984024, left: 55202
Finish read data: 128
Data left: 4773, State=4
----------------------
Available data: 4773, State=4
Read chunk type
Chunk Type 3
Chunk ID: 6
Data left: 4772, State=6
----------------------
Available data: 4772, State=6
Data left: 4772, State=8
----------------------
Available data: 4772, State=8
Read data: 147984024, left: 55074
Finish read data: 128
Data left: 4644, State=4
----------------------
Available data: 4644, State=4
Read chunk type
Chunk Type 3
Chunk ID: 6
Data left: 4643, State=6
----------------------
Available data: 4643, State=6
Data left: 4643, State=8
----------------------
Available data: 4643, State=8
Read data: 147984024, left: 54946
Finish read data: 128
Data left: 4515, State=4
----------------------
Available data: 4515, State=4
Read chunk type
Chunk Type 3
Chunk ID: 6
Data left: 4514, State=6
----------------------
Available data: 4514, State=6
Data left: 4514, State=8
----------------------
Available data: 4514, State=8
Read data: 147984024, left: 54818
Finish read data: 128
Data left: 4386, State=4
----------------------
Available data: 4386, State=4
Read chunk type
Chunk Type 3
Chunk ID: 6
Data left: 4385, State=6
----------------------
Available data: 4385, State=6
Data left: 4385, State=8
----------------------
Available data: 4385, State=8
Read data: 147984024, left: 54690
Finish read data: 128
Data left: 4257, State=4
----------------------
Available data: 4257, State=4
Read chunk type
Chunk Type 3
Chunk ID: 6
Data left: 4256, State=6
----------------------
Available data: 4256, State=6
Data left: 4256, State=8
----------------------
Available data: 4256, State=8
Read data: 147984024, left: 54562
Finish read data: 128
Data left: 4128, State=4
----------------------
Available data: 4128, State=4
Read chunk type
Chunk Type 3
Chunk ID: 6
Data left: 4127, State=6
----------------------
Available data: 4127, State=6
Data left: 4127, State=8
----------------------
Available data: 4127, State=8
Read data: 147984024, left: 54434
Finish read data: 128
Data left: 3999, State=4
----------------------
Available data: 3999, State=4
Read chunk type
Chunk Type 3
Chunk ID: 6
Data left: 3998, State=6
----------------------
Available data: 3998, State=6
Data left: 3998, State=8
----------------------
Available data: 3998, State=8
Read data: 147984024, left: 54306
Finish read data: 128
Data left: 3870, State=4
----------------------
Available data: 3870, State=4
Read chunk type
Chunk Type 3
Chunk ID: 6
Data left: 3869, State=6
----------------------
Available data: 3869, State=6
Data left: 3869, State=8
----------------------
Available data: 3869, State=8
Read data: 147984024, left: 54178
Finish read data: 128
Data left: 3741, State=4
----------------------
Available data: 3741, State=4
Read chunk type
Chunk Type 3
Chunk ID: 6
Data left: 3740, State=6
----------------------
Available data: 3740, State=6
Data left: 3740, State=8
----------------------
Available data: 3740, State=8
Read data: 147984024, left: 54050
Finish read data: 128
Data left: 3612, State=4
----------------------
Available data: 3612, State=4
Read chunk type
Chunk Type 3
Chunk ID: 6
Data left: 3611, State=6
----------------------
Available data: 3611, State=6
Data left: 3611, State=8
----------------------
Available data: 3611, State=8
Read data: 147984024, left: 53922
Finish read data: 128
Data left: 3483, State=4
----------------------
Available data: 3483, State=4
Read chunk type
Chunk Type 3
Chunk ID: 6
Data left: 3482, State=6
----------------------
Available data: 3482, State=6
Data left: 3482, State=8
----------------------
Available data: 3482, State=8
Read data: 147984024, left: 53794
Finish read data: 128
Data left: 3354, State=4
----------------------
Available data: 3354, State=4
Read chunk type
Chunk Type 3
Chunk ID: 6
Data left: 3353, State=6
----------------------
Available data: 3353, State=6
Data left: 3353, State=8
----------------------
Available data: 3353, State=8
Read data: 147984024, left: 53666
Finish read data: 128
Data left: 3225, State=4
----------------------
Available data: 3225, State=4
Read chunk type
Chunk Type 3
Chunk ID: 6
Data left: 3224, State=6
----------------------
Available data: 3224, State=6
Data left: 3224, State=8
----------------------
Available data: 3224, State=8
Read data: 147984024, left: 53538
Finish read data: 128
Data left: 3096, State=4
----------------------
Available data: 3096, State=4
Read chunk type
Chunk Type 3
Chunk ID: 6
Data left: 3095, State=6
----------------------
Available data: 3095, State=6
Data left: 3095, State=8
----------------------
Available data: 3095, State=8
Read data: 147984024, left: 53410
Finish read data: 128
Data left: 2967, State=4
----------------------
Available data: 2967, State=4
Read chunk type
Chunk Type 3
Chunk ID: 6
Data left: 2966, State=6
----------------------
Available data: 2966, State=6
Data left: 2966, State=8
----------------------
Available data: 2966, State=8
Read data: 147984024, left: 53282
Finish read data: 128
Data left: 2838, State=4
----------------------
Available data: 2838, State=4
Read chunk type
Chunk Type 3
Chunk ID: 6
Data left: 2837, State=6
----------------------
Available data: 2837, State=6
Data left: 2837, State=8
----------------------
Available data: 2837, State=8
Read data: 147984024, left: 53154
Finish read data: 128
Data left: 2709, State=4
----------------------
Available data: 2709, State=4
Read chunk type
Chunk Type 3
Chunk ID: 6
Data left: 2708, State=6
----------------------
Available data: 2708, State=6
Data left: 2708, State=8
----------------------
Available data: 2708, State=8
Read data: 147984024, left: 53026
Finish read data: 128
Data left: 2580, State=4
----------------------
Available data: 2580, State=4
Read chunk type
Chunk Type 3
Chunk ID: 6
Data left: 2579, State=6
----------------------
Available data: 2579, State=6
Data left: 2579, State=8
----------------------
Available data: 2579, State=8
Read data: 147984024, left: 52898
Finish read data: 128
Data left: 2451, State=4
----------------------
Available data: 2451, State=4
Read chunk type
Chunk Type 3
Chunk ID: 6
Data left: 2450, State=6
----------------------
Available data: 2450, State=6
Data left: 2450, State=8
----------------------
Available data: 2450, State=8
Read data: 147984024, left: 52770
Finish read data: 128
Data left: 2322, State=4
----------------------
Available data: 2322, State=4
Read chunk type
Chunk Type 3
Chunk ID: 6
Data left: 2321, State=6
----------------------
Available data: 2321, State=6
Data left: 2321, State=8
----------------------
Available data: 2321, State=8
Read data: 147984024, left: 52642
Finish read data: 128
Data left: 2193, State=4
----------------------
Available data: 2193, State=4
Read chunk type
Chunk Type 3
Chunk ID: 6
Data left: 2192, State=6
----------------------
Available data: 2192, State=6
Data left: 2192, State=8
----------------------
Available data: 2192, State=8
Read data: 147984024, left: 52514
Finish read data: 128
Data left: 2064, State=4
----------------------
Available data: 2064, State=4
Read chunk type
Chunk Type 3
Chunk ID: 6
Data left: 2063, State=6
----------------------
Available data: 2063, State=6
Data left: 2063, State=8
----------------------
Available data: 2063, State=8
Read data: 147984024, left: 52386
Finish read data: 128
Data left: 1935, State=4
----------------------
Available data: 1935, State=4
Read chunk type
Chunk Type 3
Chunk ID: 6
Data left: 1934, State=6
----------------------
Available data: 1934, State=6
Data left: 1934, State=8
----------------------
Available data: 1934, State=8
Read data: 147984024, left: 52258
Finish read data: 128
Data left: 1806, State=4
----------------------
Available data: 1806, State=4
Read chunk type
Chunk Type 3
Chunk ID: 6
Data left: 1805, State=6
----------------------
Available data: 1805, State=6
Data left: 1805, State=8
----------------------
Available data: 1805, State=8
Read data: 147984024, left: 52130
Finish read data: 128
Data left: 1677, State=4
----------------------
Available data: 1677, State=4
Read chunk type
Chunk Type 3
Chunk ID: 6
Data left: 1676, State=6
----------------------
Available data: 1676, State=6
Data left: 1676, State=8
----------------------
Available data: 1676, State=8
Read data: 147984024, left: 52002
Finish read data: 128
Data left: 1548, State=4
----------------------
Available data: 1548, State=4
Read chunk type
Chunk Type 3
Chunk ID: 6
Data left: 1547, State=6
----------------------
Available data: 1547, State=6
Data left: 1547, State=8
----------------------
Available data: 1547, State=8
Read data: 147984024, left: 51874
Finish read data: 128
Data left: 1419, State=4
----------------------
Available data: 1419, State=4
Read chunk type
Chunk Type 3
Chunk ID: 6
Data left: 1418, State=6
----------------------
Available data: 1418, State=6
Data left: 1418, State=8
----------------------
Available data: 1418, State=8
Read data: 147984024, left: 51746
Finish read data: 128
Data left: 1290, State=4
----------------------
Available data: 1290, State=4
Read chunk type
Chunk Type 3
Chunk ID: 6
Data left: 1289, State=6
----------------------
Available data: 1289, State=6
Data left: 1289, State=8
----------------------
Available data: 1289, State=8
Read data: 147984024, left: 51618
Finish read data: 128
Data left: 1161, State=4
----------------------
Available data: 1161, State=4
Read chunk type
Chunk Type 3
Chunk ID: 6
Data left: 1160, State=6
----------------------
Available data: 1160, State=6
Data left: 1160, State=8
----------------------
Available data: 1160, State=8
Read data: 147984024, left: 51490
Finish read data: 128
Data left: 1032, State=4
----------------------
Available data: 1032, State=4
Read chunk type
Chunk Type 3
Chunk ID: 6
Data left: 1031, State=6
----------------------
Available data: 1031, State=6
Data left: 1031, State=8
----------------------
Available data: 1031, State=8
Read data: 147984024, left: 51362
Finish read data: 128
Data left: 903, State=4
----------------------
Available data: 903, State=4
Read chunk type
Chunk Type 3
Chunk ID: 6
Data left: 902, State=6
----------------------
Available data: 902, State=6
Data left: 902, State=8
----------------------
Available data: 902, State=8
Read data: 147984024, left: 51234
Finish read data: 128
Data left: 774, State=4
----------------------
Available data: 774, State=4
Read chunk type
Chunk Type 3
Chunk ID: 6
Data left: 773, State=6
----------------------
Available data: 773, State=6
Data left: 773, State=8
----------------------
Available data: 773, State=8
Read data: 147984024, left: 51106
Finish read data: 128
Data left: 645, State=4
----------------------
Available data: 645, State=4
Read chunk type
Chunk Type 3
Chunk ID: 6
Data left: 644, State=6
----------------------
Available data: 644, State=6
Data left: 644, State=8
----------------------
Available data: 644, State=8
Read data: 147984024, left: 50978
Finish read data: 128
Data left: 516, State=4
----------------------
Available data: 516, State=4
Read chunk type
Chunk Type 3
Chunk ID: 6
Data left: 515, State=6
----------------------
Available data: 515, State=6
Data left: 515, State=8
----------------------
Available data: 515, State=8
Read data: 147984024, left: 50850
Finish read data: 128
Data left: 387, State=4
----------------------
Available data: 387, State=4
Read chunk type
Chunk Type 3
Chunk ID: 6
Data left: 386, State=6
----------------------
Available data: 386, State=6
Data left: 386, State=8
----------------------
Available data: 386, State=8
Read data: 147984024, left: 50722
Finish read data: 128
Data left: 258, State=4
----------------------
Available data: 258, State=4
Read chunk type
Chunk Type 3
Chunk ID: 6
Data left: 257, State=6
----------------------
Available data: 257, State=6
Data left: 257, State=8
----------------------
Available data: 257, State=8
Read data: 147984024, left: 50594
Finish read data: 128
Data left: 129, State=4
----------------------
Available data: 129, State=4
Read chunk type
Chunk Type 3
Chunk ID: 6
Data left: 128, State=6
----------------------
Available data: 128, State=6
Data left: 128, State=8
----------------------
Available data: 128, State=8
Read data: 147984024, left: 50466
Finish read data: 128
Data left: 0, State=4
Receiving: 4096 0 4096 131073
----------------------
Available data: 4096, State=4
Read chunk type
Chunk Type 3
Chunk ID: 6
Data left: 4095, State=6
----------------------
Available data: 4095, State=6
Data left: 4095, State=8
----------------------
Available data: 4095, State=8
Read data: 147984024, left: 50338
Finish read data: 128
Data left: 3967, State=4
----------------------
Available data: 3967, State=4
Read chunk type
Chunk Type 3
Chunk ID: 6
Data left: 3966, State=6
----------------------
Available data: 3966, State=6
Data left: 3966, State=8
----------------------
Available data: 3966, State=8
Read data: 147984024, left: 50210
Finish read data: 128
Data left: 3838, State=4
----------------------
Available data: 3838, State=4
Read chunk type
Chunk Type 3
Chunk ID: 6
Data left: 3837, State=6
----------------------
Available data: 3837, State=6
Data left: 3837, State=8
----------------------
Available data: 3837, State=8
Read data: 147984024, left: 50082
Finish read data: 128
Data left: 3709, State=4
----------------------
Available data: 3709, State=4
Read chunk type
Chunk Type 3
Chunk ID: 6
Data left: 3708, State=6
----------------------
Available data: 3708, State=6
Data left: 3708, State=8
----------------------
Available data: 3708, State=8
Read data: 147984024, left: 49954
Finish read data: 128
Data left: 3580, State=4
----------------------
Available data: 3580, State=4
Read chunk type
Chunk Type 3
Chunk ID: 6
Data left: 3579, State=6
----------------------
Available data: 3579, State=6
Data left: 3579, State=8
----------------------
Available data: 3579, State=8
Read data: 147984024, left: 49826
Finish read data: 128
Data left: 3451, State=4
----------------------
Available data: 3451, State=4
Read chunk type
Chunk Type 3
Chunk ID: 6
Data left: 3450, State=6
----------------------
Available data: 3450, State=6
Data left: 3450, State=8
----------------------
Available data: 3450, State=8
Read data: 147984024, left: 49698
Finish read data: 128
Data left: 3322, State=4
----------------------
Available data: 3322, State=4
Read chunk type
Chunk Type 3
Chunk ID: 6
Data left: 3321, State=6
----------------------
Available data: 3321, State=6
Data left: 3321, State=8
----------------------
Available data: 3321, State=8
Read data: 147984024, left: 49570
Finish read data: 128
Data left: 3193, State=4
----------------------
Available data: 3193, State=4
Read chunk type
Chunk Type 3
Chunk ID: 6
Data left: 3192, State=6
----------------------
Available data: 3192, State=6
Data left: 3192, State=8
----------------------
Available data: 3192, State=8
Read data: 147984024, left: 49442
Finish read data: 128
Data left: 3064, State=4
----------------------
Available data: 3064, State=4
Read chunk type
Chunk Type 3
Chunk ID: 6
Data left: 3063, State=6
----------------------
Available data: 3063, State=6
Data left: 3063, State=8
----------------------
Available data: 3063, State=8
Read data: 147984024, left: 49314
Finish read data: 128
Data left: 2935, State=4
----------------------
Available data: 2935, State=4
Read chunk type
Chunk Type 3
Chunk ID: 6
Data left: 2934, State=6
----------------------
Available data: 2934, State=6
Data left: 2934, State=8
----------------------
Available data: 2934, State=8
Read data: 147984024, left: 49186
Finish read data: 128
Data left: 2806, State=4
----------------------
Available data: 2806, State=4
Read chunk type
Chunk Type 3
Chunk ID: 6
Data left: 2805, State=6
----------------------
Available data: 2805, State=6
Data left: 2805, State=8
----------------------
Available data: 2805, State=8
Read data: 147984024, left: 49058
Finish read data: 128
Data left: 2677, State=4
----------------------
Available data: 2677, State=4
Read chunk type
Chunk Type 3
Chunk ID: 6
Data left: 2676, State=6
----------------------
Available data: 2676, State=6
Data left: 2676, State=8
----------------------
Available data: 2676, State=8
Read data: 147984024, left: 48930
Finish read data: 128
Data left: 2548, State=4
----------------------
Available data: 2548, State=4
Read chunk type
Chunk Type 3
Chunk ID: 6
Data left: 2547, State=6
----------------------
Available data: 2547, State=6
Data left: 2547, State=8
----------------------
Available data: 2547, State=8
Read data: 147984024, left: 48802
Finish read data: 128
Data left: 2419, State=4
----------------------
Available data: 2419, State=4
Read chunk type
Chunk Type 3
Chunk ID: 6
Data left: 2418, State=6
----------------------
Available data: 2418, State=6
Data left: 2418, State=8
----------------------
Available data: 2418, State=8
Read data: 147984024, left: 48674
Finish read data: 128
Data left: 2290, State=4
----------------------
Available data: 2290, State=4
Read chunk type
Chunk Type 3
Chunk ID: 6
Data left: 2289, State=6
----------------------
Available data: 2289, State=6
Data left: 2289, State=8
----------------------
Available data: 2289, State=8
Read data: 147984024, left: 48546
Finish read data: 128
Data left: 2161, State=4
----------------------
Available data: 2161, State=4
Read chunk type
Chunk Type 3
Chunk ID: 6
Data left: 2160, State=6
----------------------
Available data: 2160, State=6
Data left: 2160, State=8
----------------------
Available data: 2160, State=8
Read data: 147984024, left: 48418
Finish read data: 128
Data left: 2032, State=4
----------------------
Available data: 2032, State=4
Read chunk type
Chunk Type 3
Chunk ID: 6
Data left: 2031, State=6
----------------------
Available data: 2031, State=6
Data left: 2031, State=8
----------------------
Available data: 2031, State=8
Read data: 147984024, left: 48290
Finish read data: 128
Data left: 1903, State=4
----------------------
Available data: 1903, State=4
Read chunk type
Chunk Type 3
Chunk ID: 6
Data left: 1902, State=6
----------------------
Available data: 1902, State=6
Data left: 1902, State=8
----------------------
Available data: 1902, State=8
Read data: 147984024, left: 48162
Finish read data: 128
Data left: 1774, State=4
----------------------
Available data: 1774, State=4
Read chunk type
Chunk Type 3
Chunk ID: 6
Data left: 1773, State=6
----------------------
Available data: 1773, State=6
Data left: 1773, State=8
----------------------
Available data: 1773, State=8
Read data: 147984024, left: 48034
Finish read data: 128
Data left: 1645, State=4
----------------------
Available data: 1645, State=4
Read chunk type
Chunk Type 3
Chunk ID: 6
Data left: 1644, State=6
----------------------
Available data: 1644, State=6
Data left: 1644, State=8
----------------------
Available data: 1644, State=8
Read data: 147984024, left: 47906
Finish read data: 128
Data left: 1516, State=4
----------------------
Available data: 1516, State=4
Read chunk type
Chunk Type 3
Chunk ID: 6
Data left: 1515, State=6
----------------------
Available data: 1515, State=6
Data left: 1515, State=8
----------------------
Available data: 1515, State=8
Read data: 147984024, left: 47778
Finish read data: 128
Data left: 1387, State=4
----------------------
Available data: 1387, State=4
Read chunk type
Chunk Type 3
Chunk ID: 6
Data left: 1386, State=6
----------------------
Available data: 1386, State=6
Data left: 1386, State=8
----------------------
Available data: 1386, State=8
Read data: 147984024, left: 47650
Finish read data: 128
Data left: 1258, State=4
----------------------
Available data: 1258, State=4
Read chunk type
Chunk Type 3
Chunk ID: 6
Data left: 1257, State=6
----------------------
Available data: 1257, State=6
Data left: 1257, State=8
----------------------
Available data: 1257, State=8
Read data: 147984024, left: 47522
Finish read data: 128
Data left: 1129, State=4
----------------------
Available data: 1129, State=4
Read chunk type
Chunk Type 3
Chunk ID: 6
Data left: 1128, State=6
----------------------
Available data: 1128, State=6
Data left: 1128, State=8
----------------------
Available data: 1128, State=8
Read data: 147984024, left: 47394
Finish read data: 128
Data left: 1000, State=4
----------------------
Available data: 1000, State=4
Read chunk type
Chunk Type 3
Chunk ID: 6
Data left: 999, State=6
----------------------
Available data: 999, State=6
Data left: 999, State=8
----------------------
Available data: 999, State=8
Read data: 147984024, left: 47266
Finish read data: 128
Data left: 871, State=4
----------------------
Available data: 871, State=4
Read chunk type
Chunk Type 3
Chunk ID: 6
Data left: 870, State=6
----------------------
Available data: 870, State=6
Data left: 870, State=8
----------------------
Available data: 870, State=8
Read data: 147984024, left: 47138
Finish read data: 128
Data left: 742, State=4
----------------------
Available data: 742, State=4
Read chunk type
Chunk Type 3
Chunk ID: 6
Data left: 741, State=6
----------------------
Available data: 741, State=6
Data left: 741, State=8
----------------------
Available data: 741, State=8
Read data: 147984024, left: 47010
Finish read data: 128
Data left: 613, State=4
----------------------
Available data: 613, State=4
Read chunk type
Chunk Type 3
Chunk ID: 6
Data left: 612, State=6
----------------------
Available data: 612, State=6
Data left: 612, State=8
----------------------
Available data: 612, State=8
Read data: 147984024, left: 46882
Finish read data: 128
Data left: 484, State=4
----------------------
Available data: 484, State=4
Read chunk type
Chunk Type 3
Chunk ID: 6
Data left: 483, State=6
----------------------
Available data: 483, State=6
Data left: 483, State=8
----------------------
Available data: 483, State=8
Read data: 147984024, left: 46754
Finish read data: 128
Data left: 355, State=4
----------------------
Available data: 355, State=4
Read chunk type
Chunk Type 3
Chunk ID: 6
Data left: 354, State=6
----------------------
Available data: 354, State=6
Data left: 354, State=8
----------------------
Available data: 354, State=8
Read data: 147984024, left: 46626
Finish read data: 128
Data left: 226, State=4
----------------------
Available data: 226, State=4
Read chunk type
Chunk Type 3
Chunk ID: 6
Data left: 225, State=6
----------------------
Available data: 225, State=6
Data left: 225, State=8
----------------------
Available data: 225, State=8
Read data: 147984024, left: 46498
Finish read data: 128
Data left: 97, State=4
----------------------
Available data: 97, State=4
Read chunk type
Chunk Type 3
Chunk ID: 6
Data left: 96, State=6
----------------------
Available data: 96, State=6
Data left: 96, State=8
----------------------
Available data: 96, State=8
Data left: 96, State=8
Receiving: 4096 4000 8192 131073
----------------------
Available data: 4192, State=8
Read data: 147984024, left: 46370
Finish read data: 128
Data left: 4064, State=4
----------------------
Available data: 4064, State=4
Read chunk type
Chunk Type 3
Chunk ID: 6
Data left: 4063, State=6
----------------------
Available data: 4063, State=6
Data left: 4063, State=8
----------------------
Available data: 4063, State=8
Read data: 147984024, left: 46242
Finish read data: 128
Data left: 3935, State=4
----------------------
Available data: 3935, State=4
Read chunk type
Chunk Type 3
Chunk ID: 6
Data left: 3934, State=6
----------------------
Available data: 3934, State=6
Data left: 3934, State=8
----------------------
Available data: 3934, State=8
Read data: 147984024, left: 46114
Finish read data: 128
Data left: 3806, State=4
----------------------
Available data: 3806, State=4
Read chunk type
Chunk Type 3
Chunk ID: 6
Data left: 3805, State=6
----------------------
Available data: 3805, State=6
Data left: 3805, State=8
----------------------
Available data: 3805, State=8
Read data: 147984024, left: 45986
Finish read data: 128
Data left: 3677, State=4
----------------------
Available data: 3677, State=4
Read chunk type
Chunk Type 3
Chunk ID: 6
Data left: 3676, State=6
----------------------
Available data: 3676, State=6
Data left: 3676, State=8
----------------------
Available data: 3676, State=8
Read data: 147984024, left: 45858
Finish read data: 128
Data left: 3548, State=4
----------------------
Available data: 3548, State=4
Read chunk type
Chunk Type 3
Chunk ID: 6
Data left: 3547, State=6
----------------------
Available data: 3547, State=6
Data left: 3547, State=8
----------------------
Available data: 3547, State=8
Read data: 147984024, left: 45730
Finish read data: 128
Data left: 3419, State=4
----------------------
Available data: 3419, State=4
Read chunk type
Chunk Type 3
Chunk ID: 6
Data left: 3418, State=6
----------------------
Available data: 3418, State=6
Data left: 3418, State=8
----------------------
Available data: 3418, State=8
Read data: 147984024, left: 45602
Finish read data: 128
Data left: 3290, State=4
----------------------
Available data: 3290, State=4
Read chunk type
Chunk Type 3
Chunk ID: 6
Data left: 3289, State=6
----------------------
Available data: 3289, State=6
Data left: 3289, State=8
----------------------
Available data: 3289, State=8
Read data: 147984024, left: 45474
Finish read data: 128
Data left: 3161, State=4
----------------------
Available data: 3161, State=4
Read chunk type
Chunk Type 3
Chunk ID: 6
Data left: 3160, State=6
----------------------
Available data: 3160, State=6
Data left: 3160, State=8
----------------------
Available data: 3160, State=8
Read data: 147984024, left: 45346
Finish read data: 128
Data left: 3032, State=4
----------------------
Available data: 3032, State=4
Read chunk type
Chunk Type 3
Chunk ID: 6
Data left: 3031, State=6
----------------------
Available data: 3031, State=6
Data left: 3031, State=8
----------------------
Available data: 3031, State=8
Read data: 147984024, left: 45218
Finish read data: 128
Data left: 2903, State=4
----------------------
Available data: 2903, State=4
Read chunk type
Chunk Type 3
Chunk ID: 6
Data left: 2902, State=6
----------------------
Available data: 2902, State=6
Data left: 2902, State=8
----------------------
Available data: 2902, State=8
Read data: 147984024, left: 45090
Finish read data: 128
Data left: 2774, State=4
----------------------
Available data: 2774, State=4
Read chunk type
Chunk Type 3
Chunk ID: 6
Data left: 2773, State=6
----------------------
Available data: 2773, State=6
Data left: 2773, State=8
----------------------
Available data: 2773, State=8
Read data: 147984024, left: 44962
Finish read data: 128
Data left: 2645, State=4
----------------------
Available data: 2645, State=4
Read chunk type
Chunk Type 3
Chunk ID: 6
Data left: 2644, State=6
----------------------
Available data: 2644, State=6
Data left: 2644, State=8
----------------------
Available data: 2644, State=8
Read data: 147984024, left: 44834
Finish read data: 128
Data left: 2516, State=4
----------------------
Available data: 2516, State=4
Read chunk type
Chunk Type 3
Chunk ID: 6
Data left: 2515, State=6
----------------------
Available data: 2515, State=6
Data left: 2515, State=8
----------------------
Available data: 2515, State=8
Read data: 147984024, left: 44706
Finish read data: 128
Data left: 2387, State=4
----------------------
Available data: 2387, State=4
Read chunk type
Chunk Type 3
Chunk ID: 6
Data left: 2386, State=6
----------------------
Available data: 2386, State=6
Data left: 2386, State=8
----------------------
Available data: 2386, State=8
Read data: 147984024, left: 44578
Finish read data: 128
Data left: 2258, State=4
----------------------
Available data: 2258, State=4
Read chunk type
Chunk Type 3
Chunk ID: 6
Data left: 2257, State=6
----------------------
Available data: 2257, State=6
Data left: 2257, State=8
----------------------
Available data: 2257, State=8
Read data: 147984024, left: 44450
Finish read data: 128
Data left: 2129, State=4
----------------------
Available data: 2129, State=4
Read chunk type
Chunk Type 3
Chunk ID: 6
Data left: 2128, State=6
----------------------
Available data: 2128, State=6
Data left: 2128, State=8
----------------------
Available data: 2128, State=8
Read data: 147984024, left: 44322
Finish read data: 128
Data left: 2000, State=4
----------------------
Available data: 2000, State=4
Read chunk type
Chunk Type 3
Chunk ID: 6
Data left: 1999, State=6
----------------------
Available data: 1999, State=6
Data left: 1999, State=8
----------------------
Available data: 1999, State=8
Read data: 147984024, left: 44194
Finish read data: 128
Data left: 1871, State=4
----------------------
Available data: 1871, State=4
Read chunk type
Chunk Type 3
Chunk ID: 6
Data left: 1870, State=6
----------------------
Available data: 1870, State=6
Data left: 1870, State=8
----------------------
Available data: 1870, State=8
Read data: 147984024, left: 44066
Finish read data: 128
Data left: 1742, State=4
----------------------
Available data: 1742, State=4
Read chunk type
Chunk Type 3
Chunk ID: 6
Data left: 1741, State=6
----------------------
Available data: 1741, State=6
Data left: 1741, State=8
----------------------
Available data: 1741, State=8
Read data: 147984024, left: 43938
Finish read data: 128
Data left: 1613, State=4
----------------------
Available data: 1613, State=4
Read chunk type
Chunk Type 3
Chunk ID: 6
Data left: 1612, State=6
----------------------
Available data: 1612, State=6
Data left: 1612, State=8
----------------------
Available data: 1612, State=8
Read data: 147984024, left: 43810
Finish read data: 128
Data left: 1484, State=4
----------------------
Available data: 1484, State=4
Read chunk type
Chunk Type 3
Chunk ID: 6
Data left: 1483, State=6
----------------------
Available data: 1483, State=6
Data left: 1483, State=8
----------------------
Available data: 1483, State=8
Read data: 147984024, left: 43682
Finish read data: 128
Data left: 1355, State=4
----------------------
Available data: 1355, State=4
Read chunk type
Chunk Type 3
Chunk ID: 6
Data left: 1354, State=6
----------------------
Available data: 1354, State=6
Data left: 1354, State=8
----------------------
Available data: 1354, State=8
Read data: 147984024, left: 43554
Finish read data: 128
Data left: 1226, State=4
----------------------
Available data: 1226, State=4
Read chunk type
Chunk Type 3
Chunk ID: 6
Data left: 1225, State=6
----------------------
Available data: 1225, State=6
Data left: 1225, State=8
----------------------
Available data: 1225, State=8
Read data: 147984024, left: 43426
Finish read data: 128
Data left: 1097, State=4
----------------------
Available data: 1097, State=4
Read chunk type
Chunk Type 3
Chunk ID: 6
Data left: 1096, State=6
----------------------
Available data: 1096, State=6
Data left: 1096, State=8
----------------------
Available data: 1096, State=8
Read data: 147984024, left: 43298
Finish read data: 128
Data left: 968, State=4
----------------------
Available data: 968, State=4
Read chunk type
Chunk Type 3
Chunk ID: 6
Data left: 967, State=6
----------------------
Available data: 967, State=6
Data left: 967, State=8
----------------------
Available data: 967, State=8
Read data: 147984024, left: 43170
Finish read data: 128
Data left: 839, State=4
----------------------
Available data: 839, State=4
Read chunk type
Chunk Type 3
Chunk ID: 6
Data left: 838, State=6
----------------------
Available data: 838, State=6
Data left: 838, State=8
----------------------
Available data: 838, State=8
Read data: 147984024, left: 43042
Finish read data: 128
Data left: 710, State=4
----------------------
Available data: 710, State=4
Read chunk type
Chunk Type 3
Chunk ID: 6
Data left: 709, State=6
----------------------
Available data: 709, State=6
Data left: 709, State=8
----------------------
Available data: 709, State=8
Read data: 147984024, left: 42914
Finish read data: 128
Data left: 581, State=4
----------------------
Available data: 581, State=4
Read chunk type
Chunk Type 3
Chunk ID: 6
Data left: 580, State=6
----------------------
Available data: 580, State=6
Data left: 580, State=8
----------------------
Available data: 580, State=8
Read data: 147984024, left: 42786
Finish read data: 128
Data left: 452, State=4
----------------------
Available data: 452, State=4
Read chunk type
Chunk Type 3
Chunk ID: 6
Data left: 451, State=6
----------------------
Available data: 451, State=6
Data left: 451, State=8
----------------------
Available data: 451, State=8
Read data: 147984024, left: 42658
Finish read data: 128
Data left: 323, State=4
----------------------
Available data: 323, State=4
Read chunk type
Chunk Type 3
Chunk ID: 6
Data left: 322, State=6
----------------------
Available data: 322, State=6
Data left: 322, State=8
----------------------
Available data: 322, State=8
Read data: 147984024, left: 42530
Finish read data: 128
Data left: 194, State=4
----------------------
Available data: 194, State=4
Read chunk type
Chunk Type 3
Chunk ID: 6
Data left: 193, State=6
----------------------
Available data: 193, State=6
Data left: 193, State=8
----------------------
Available data: 193, State=8
Read data: 147984024, left: 42402
Finish read data: 128
Data left: 65, State=4
----------------------
Available data: 65, State=4
Read chunk type
Chunk Type 3
Chunk ID: 6
Data left: 64, State=6
----------------------
Available data: 64, State=6
Data left: 64, State=8
----------------------
Available data: 64, State=8
Data left: 64, State=8
Receiving: 4096 8128 12288 131073
----------------------
Available data: 4160, State=8
Read data: 147984024, left: 42274
Finish read data: 128
Data left: 4032, State=4
----------------------
Available data: 4032, State=4
Read chunk type
Chunk Type 3
Chunk ID: 6
Data left: 4031, State=6
----------------------
Available data: 4031, State=6
Data left: 4031, State=8
----------------------
Available data: 4031, State=8
Read data: 147984024, left: 42146
Finish read data: 128
Data left: 3903, State=4
----------------------
Available data: 3903, State=4
Read chunk type
Chunk Type 3
Chunk ID: 6
Data left: 3902, State=6
----------------------
Available data: 3902, State=6
Data left: 3902, State=8
----------------------
Available data: 3902, State=8
Read data: 147984024, left: 42018
Finish read data: 128
Data left: 3774, State=4
----------------------
Available data: 3774, State=4
Read chunk type
Chunk Type 3
Chunk ID: 6
Data left: 3773, State=6
----------------------
Available data: 3773, State=6
Data left: 3773, State=8
----------------------
Available data: 3773, State=8
Read data: 147984024, left: 41890
Finish read data: 128
Data left: 3645, State=4
----------------------
Available data: 3645, State=4
Read chunk type
Chunk Type 3
Chunk ID: 6
Data left: 3644, State=6
----------------------
Available data: 3644, State=6
Data left: 3644, State=8
----------------------
Available data: 3644, State=8
Read data: 147984024, left: 41762
Finish read data: 128
Data left: 3516, State=4
----------------------
Available data: 3516, State=4
Read chunk type
Chunk Type 3
Chunk ID: 6
Data left: 3515, State=6
----------------------
Available data: 3515, State=6
Data left: 3515, State=8
----------------------
Available data: 3515, State=8
Read data: 147984024, left: 41634
Finish read data: 128
Data left: 3387, State=4
----------------------
Available data: 3387, State=4
Read chunk type
Chunk Type 3
Chunk ID: 6
Data left: 3386, State=6
----------------------
Available data: 3386, State=6
Data left: 3386, State=8
----------------------
Available data: 3386, State=8
Read data: 147984024, left: 41506
Finish read data: 128
Data left: 3258, State=4
----------------------
Available data: 3258, State=4
Read chunk type
Chunk Type 3
Chunk ID: 6
Data left: 3257, State=6
----------------------
Available data: 3257, State=6
Data left: 3257, State=8
----------------------
Available data: 3257, State=8
Read data: 147984024, left: 41378
Finish read data: 128
Data left: 3129, State=4
----------------------
Available data: 3129, State=4
Read chunk type
Chunk Type 3
Chunk ID: 6
Data left: 3128, State=6
----------------------
Available data: 3128, State=6
Data left: 3128, State=8
----------------------
Available data: 3128, State=8
Read data: 147984024, left: 41250
Finish read data: 128
Data left: 3000, State=4
----------------------
Available data: 3000, State=4
Read chunk type
Chunk Type 3
Chunk ID: 6
Data left: 2999, State=6
----------------------
Available data: 2999, State=6
Data left: 2999, State=8
----------------------
Available data: 2999, State=8
Read data: 147984024, left: 41122
Finish read data: 128
Data left: 2871, State=4
----------------------
Available data: 2871, State=4
Read chunk type
Chunk Type 3
Chunk ID: 6
Data left: 2870, State=6
----------------------
Available data: 2870, State=6
Data left: 2870, State=8
----------------------
Available data: 2870, State=8
Read data: 147984024, left: 40994
Finish read data: 128
Data left: 2742, State=4
----------------------
Available data: 2742, State=4
Read chunk type
Chunk Type 3
Chunk ID: 6
Data left: 2741, State=6
----------------------
Available data: 2741, State=6
Data left: 2741, State=8
----------------------
Available data: 2741, State=8
Read data: 147984024, left: 40866
Finish read data: 128
Data left: 2613, State=4
----------------------
Available data: 2613, State=4
Read chunk type
Chunk Type 3
Chunk ID: 6
Data left: 2612, State=6
----------------------
Available data: 2612, State=6
Data left: 2612, State=8
----------------------
Available data: 2612, State=8
Read data: 147984024, left: 40738
Finish read data: 128
Data left: 2484, State=4
----------------------
Available data: 2484, State=4
Read chunk type
Chunk Type 3
Chunk ID: 6
Data left: 2483, State=6
----------------------
Available data: 2483, State=6
Data left: 2483, State=8
----------------------
Available data: 2483, State=8
Read data: 147984024, left: 40610
Finish read data: 128
Data left: 2355, State=4
----------------------
Available data: 2355, State=4
Read chunk type
Chunk Type 3
Chunk ID: 6
Data left: 2354, State=6
----------------------
Available data: 2354, State=6
Data left: 2354, State=8
----------------------
Available data: 2354, State=8
Read data: 147984024, left: 40482
Finish read data: 128
Data left: 2226, State=4
----------------------
Available data: 2226, State=4
Read chunk type
Chunk Type 3
Chunk ID: 6
Data left: 2225, State=6
----------------------
Available data: 2225, State=6
Data left: 2225, State=8
----------------------
Available data: 2225, State=8
Read data: 147984024, left: 40354
Finish read data: 128
Data left: 2097, State=4
----------------------
Available data: 2097, State=4
Read chunk type
Chunk Type 3
Chunk ID: 6
Data left: 2096, State=6
----------------------
Available data: 2096, State=6
Data left: 2096, State=8
----------------------
Available data: 2096, State=8
Read data: 147984024, left: 40226
Finish read data: 128
Data left: 1968, State=4
----------------------
Available data: 1968, State=4
Read chunk type
Chunk Type 3
Chunk ID: 6
Data left: 1967, State=6
----------------------
Available data: 1967, State=6
Data left: 1967, State=8
----------------------
Available data: 1967, State=8
Read data: 147984024, left: 40098
Finish read data: 128
Data left: 1839, State=4
----------------------
Available data: 1839, State=4
Read chunk type
Chunk Type 3
Chunk ID: 6
Data left: 1838, State=6
----------------------
Available data: 1838, State=6
Data left: 1838, State=8
----------------------
Available data: 1838, State=8
Read data: 147984024, left: 39970
Finish read data: 128
Data left: 1710, State=4
----------------------
Available data: 1710, State=4
Read chunk type
Chunk Type 3
Chunk ID: 6
Data left: 1709, State=6
----------------------
Available data: 1709, State=6
Data left: 1709, State=8
----------------------
Available data: 1709, State=8
Read data: 147984024, left: 39842
Finish read data: 128
Data left: 1581, State=4
----------------------
Available data: 1581, State=4
Read chunk type
Chunk Type 3
Chunk ID: 6
Data left: 1580, State=6
----------------------
Available data: 1580, State=6
Data left: 1580, State=8
----------------------
Available data: 1580, State=8
Read data: 147984024, left: 39714
Finish read data: 128
Data left: 1452, State=4
----------------------
Available data: 1452, State=4
Read chunk type
Chunk Type 3
Chunk ID: 6
Data left: 1451, State=6
----------------------
Available data: 1451, State=6
Data left: 1451, State=8
----------------------
Available data: 1451, State=8
Read data: 147984024, left: 39586
Finish read data: 128
Data left: 1323, State=4
----------------------
Available data: 1323, State=4
Read chunk type
Chunk Type 3
Chunk ID: 6
Data left: 1322, State=6
----------------------
Available data: 1322, State=6
Data left: 1322, State=8
----------------------
Available data: 1322, State=8
Read data: 147984024, left: 39458
Finish read data: 128
Data left: 1194, State=4
----------------------
Available data: 1194, State=4
Read chunk type
Chunk Type 3
Chunk ID: 6
Data left: 1193, State=6
----------------------
Available data: 1193, State=6
Data left: 1193, State=8
----------------------
Available data: 1193, State=8
Read data: 147984024, left: 39330
Finish read data: 128
Data left: 1065, State=4
----------------------
Available data: 1065, State=4
Read chunk type
Chunk Type 3
Chunk ID: 6
Data left: 1064, State=6
----------------------
Available data: 1064, State=6
Data left: 1064, State=8
----------------------
Available data: 1064, State=8
Read data: 147984024, left: 39202
Finish read data: 128
Data left: 936, State=4
----------------------
Available data: 936, State=4
Read chunk type
Chunk Type 3
Chunk ID: 6
Data left: 935, State=6
----------------------
Available data: 935, State=6
Data left: 935, State=8
----------------------
Available data: 935, State=8
Read data: 147984024, left: 39074
Finish read data: 128
Data left: 807, State=4
----------------------
Available data: 807, State=4
Read chunk type
Chunk Type 3
Chunk ID: 6
Data left: 806, State=6
----------------------
Available data: 806, State=6
Data left: 806, State=8
----------------------
Available data: 806, State=8
Read data: 147984024, left: 38946
Finish read data: 128
Data left: 678, State=4
----------------------
Available data: 678, State=4
Read chunk type
Chunk Type 3
Chunk ID: 6
Data left: 677, State=6
----------------------
Available data: 677, State=6
Data left: 677, State=8
----------------------
Available data: 677, State=8
Read data: 147984024, left: 38818
Finish read data: 128
Data left: 549, State=4
----------------------
Available data: 549, State=4
Read chunk type
Chunk Type 3
Chunk ID: 6
Data left: 548, State=6
----------------------
Available data: 548, State=6
Data left: 548, State=8
----------------------
Available data: 548, State=8
Read data: 147984024, left: 38690
Finish read data: 128
Data left: 420, State=4
----------------------
Available data: 420, State=4
Read chunk type
Chunk Type 3
Chunk ID: 6
Data left: 419, State=6
----------------------
Available data: 419, State=6
Data left: 419, State=8
----------------------
Available data: 419, State=8
Read data: 147984024, left: 38562
Finish read data: 128
Data left: 291, State=4
----------------------
Available data: 291, State=4
Read chunk type
Chunk Type 3
Chunk ID: 6
Data left: 290, State=6
----------------------
Available data: 290, State=6
Data left: 290, State=8
----------------------
Available data: 290, State=8
Read data: 147984024, left: 38434
Finish read data: 128
Data left: 162, State=4
----------------------
Available data: 162, State=4
Read chunk type
Chunk Type 3
Chunk ID: 6
Data left: 161, State=6
----------------------
Available data: 161, State=6
Data left: 161, State=8
----------------------
Available data: 161, State=8
Read data: 147984024, left: 38306
Finish read data: 128
Data left: 33, State=4
----------------------
Available data: 33, State=4
Read chunk type
Chunk Type 3
Chunk ID: 6
Data left: 32, State=6
----------------------
Available data: 32, State=6
Data left: 32, State=8
----------------------
Available data: 32, State=8
Data left: 32, State=8
Receiving: 4353 12256 16641 131073
----------------------
Available data: 4385, State=8
Read data: 147984024, left: 38178
Finish read data: 128
Data left: 4257, State=4
----------------------
Available data: 4257, State=4
Read chunk type
Chunk Type 3
Chunk ID: 6
Data left: 4256, State=6
----------------------
Available data: 4256, State=6
Data left: 4256, State=8
----------------------
Available data: 4256, State=8
Read data: 147984024, left: 38050
Finish read data: 128
Data left: 4128, State=4
----------------------
Available data: 4128, State=4
Read chunk type
Chunk Type 3
Chunk ID: 6
Data left: 4127, State=6
----------------------
Available data: 4127, State=6
Data left: 4127, State=8
----------------------
Available data: 4127, State=8
Read data: 147984024, left: 37922
Finish read data: 128
Data left: 3999, State=4
----------------------
Available data: 3999, State=4
Read chunk type
Chunk Type 3
Chunk ID: 6
Data left: 3998, State=6
----------------------
Available data: 3998, State=6
Data left: 3998, State=8
----------------------
Available data: 3998, State=8
Read data: 147984024, left: 37794
Finish read data: 128
Data left: 3870, State=4
----------------------
Available data: 3870, State=4
Read chunk type
Chunk Type 3
Chunk ID: 6
Data left: 3869, State=6
----------------------
Available data: 3869, State=6
Data left: 3869, State=8
----------------------
Available data: 3869, State=8
Read data: 147984024, left: 37666
Finish read data: 128
Data left: 3741, State=4
----------------------
Available data: 3741, State=4
Read chunk type
Chunk Type 3
Chunk ID: 6
Data left: 3740, State=6
----------------------
Available data: 3740, State=6
Data left: 3740, State=8
----------------------
Available data: 3740, State=8
Read data: 147984024, left: 37538
Finish read data: 128
Data left: 3612, State=4
----------------------
Available data: 3612, State=4
Read chunk type
Chunk Type 3
Chunk ID: 6
Data left: 3611, State=6
----------------------
Available data: 3611, State=6
Data left: 3611, State=8
----------------------
Available data: 3611, State=8
Read data: 147984024, left: 37410
Finish read data: 128
Data left: 3483, State=4
----------------------
Available data: 3483, State=4
Read chunk type
Chunk Type 3
Chunk ID: 6
Data left: 3482, State=6
----------------------
Available data: 3482, State=6
Data left: 3482, State=8
----------------------
Available data: 3482, State=8
Read data: 147984024, left: 37282
Finish read data: 128
Data left: 3354, State=4
----------------------
Available data: 3354, State=4
Read chunk type
Chunk Type 3
Chunk ID: 6
Data left: 3353, State=6
----------------------
Available data: 3353, State=6
Data left: 3353, State=8
----------------------
Available data: 3353, State=8
Read data: 147984024, left: 37154
Finish read data: 128
Data left: 3225, State=4
----------------------
Available data: 3225, State=4
Read chunk type
Chunk Type 3
Chunk ID: 6
Data left: 3224, State=6
----------------------
Available data: 3224, State=6
Data left: 3224, State=8
----------------------
Available data: 3224, State=8
Read data: 147984024, left: 37026
Finish read data: 128
Data left: 3096, State=4
----------------------
Available data: 3096, State=4
Read chunk type
Chunk Type 3
Chunk ID: 6
Data left: 3095, State=6
----------------------
Available data: 3095, State=6
Data left: 3095, State=8
----------------------
Available data: 3095, State=8
Read data: 147984024, left: 36898
Finish read data: 128
Data left: 2967, State=4
----------------------
Available data: 2967, State=4
Read chunk type
Chunk Type 3
Chunk ID: 6
Data left: 2966, State=6
----------------------
Available data: 2966, State=6
Data left: 2966, State=8
----------------------
Available data: 2966, State=8
Read data: 147984024, left: 36770
Finish read data: 128
Data left: 2838, State=4
----------------------
Available data: 2838, State=4
Read chunk type
Chunk Type 3
Chunk ID: 6
Data left: 2837, State=6
----------------------
Available data: 2837, State=6
Data left: 2837, State=8
----------------------
Available data: 2837, State=8
Read data: 147984024, left: 36642
Finish read data: 128
Data left: 2709, State=4
----------------------
Available data: 2709, State=4
Read chunk type
Chunk Type 3
Chunk ID: 6
Data left: 2708, State=6
----------------------
Available data: 2708, State=6
Data left: 2708, State=8
----------------------
Available data: 2708, State=8
Read data: 147984024, left: 36514
Finish read data: 128
Data left: 2580, State=4
----------------------
Available data: 2580, State=4
Read chunk type
Chunk Type 3
Chunk ID: 6
Data left: 2579, State=6
----------------------
Available data: 2579, State=6
Data left: 2579, State=8
----------------------
Available data: 2579, State=8
Read data: 147984024, left: 36386
Finish read data: 128
Data left: 2451, State=4
----------------------
Available data: 2451, State=4
Read chunk type
Chunk Type 3
Chunk ID: 6
Data left: 2450, State=6
----------------------
Available data: 2450, State=6
Data left: 2450, State=8
----------------------
Available data: 2450, State=8
Read data: 147984024, left: 36258
Finish read data: 128
Data left: 2322, State=4
----------------------
Available data: 2322, State=4
Read chunk type
Chunk Type 3
Chunk ID: 6
Data left: 2321, State=6
----------------------
Available data: 2321, State=6
Data left: 2321, State=8
----------------------
Available data: 2321, State=8
Read data: 147984024, left: 36130
Finish read data: 128
Data left: 2193, State=4
----------------------
Available data: 2193, State=4
Read chunk type
Chunk Type 3
Chunk ID: 6
Data left: 2192, State=6
----------------------
Available data: 2192, State=6
Data left: 2192, State=8
----------------------
Available data: 2192, State=8
Read data: 147984024, left: 36002
Finish read data: 128
Data left: 2064, State=4
----------------------
Available data: 2064, State=4
Read chunk type
Chunk Type 3
Chunk ID: 6
Data left: 2063, State=6
----------------------
Available data: 2063, State=6
Data left: 2063, State=8
----------------------
Available data: 2063, State=8
Read data: 147984024, left: 35874
Finish read data: 128
Data left: 1935, State=4
----------------------
Available data: 1935, State=4
Read chunk type
Chunk Type 3
Chunk ID: 6
Data left: 1934, State=6
----------------------
Available data: 1934, State=6
Data left: 1934, State=8
----------------------
Available data: 1934, State=8
Read data: 147984024, left: 35746
Finish read data: 128
Data left: 1806, State=4
----------------------
Available data: 1806, State=4
Read chunk type
Chunk Type 3
Chunk ID: 6
Data left: 1805, State=6
----------------------
Available data: 1805, State=6
Data left: 1805, State=8
----------------------
Available data: 1805, State=8
Read data: 147984024, left: 35618
Finish read data: 128
Data left: 1677, State=4
----------------------
Available data: 1677, State=4
Read chunk type
Chunk Type 3
Chunk ID: 6
Data left: 1676, State=6
----------------------
Available data: 1676, State=6
Data left: 1676, State=8
----------------------
Available data: 1676, State=8
Read data: 147984024, left: 35490
Finish read data: 128
Data left: 1548, State=4
----------------------
Available data: 1548, State=4
Read chunk type
Chunk Type 3
Chunk ID: 6
Data left: 1547, State=6
----------------------
Available data: 1547, State=6
Data left: 1547, State=8
----------------------
Available data: 1547, State=8
Read data: 147984024, left: 35362
Finish read data: 128
Data left: 1419, State=4
----------------------
Available data: 1419, State=4
Read chunk type
Chunk Type 3
Chunk ID: 6
Data left: 1418, State=6
----------------------
Available data: 1418, State=6
Data left: 1418, State=8
----------------------
Available data: 1418, State=8
Read data: 147984024, left: 35234
Finish read data: 128
Data left: 1290, State=4
----------------------
Available data: 1290, State=4
Read chunk type
Chunk Type 3
Chunk ID: 6
Data left: 1289, State=6
----------------------
Available data: 1289, State=6
Data left: 1289, State=8
----------------------
Available data: 1289, State=8
Read data: 147984024, left: 35106
Finish read data: 128
Data left: 1161, State=4
----------------------
Available data: 1161, State=4
Read chunk type
Chunk Type 3
Chunk ID: 6
Data left: 1160, State=6
----------------------
Available data: 1160, State=6
Data left: 1160, State=8
----------------------
Available data: 1160, State=8
Read data: 147984024, left: 34978
Finish read data: 128
Data left: 1032, State=4
----------------------
Available data: 1032, State=4
Read chunk type
Chunk Type 3
Chunk ID: 6
Data left: 1031, State=6
----------------------
Available data: 1031, State=6
Data left: 1031, State=8
----------------------
Available data: 1031, State=8
Read data: 147984024, left: 34850
Finish read data: 128
Data left: 903, State=4
----------------------
Available data: 903, State=4
Read chunk type
Chunk Type 3
Chunk ID: 6
Data left: 902, State=6
----------------------
Available data: 902, State=6
Data left: 902, State=8
----------------------
Available data: 902, State=8
Read data: 147984024, left: 34722
Finish read data: 128
Data left: 774, State=4
----------------------
Available data: 774, State=4
Read chunk type
Chunk Type 3
Chunk ID: 6
Data left: 773, State=6
----------------------
Available data: 773, State=6
Data left: 773, State=8
----------------------
Available data: 773, State=8
Read data: 147984024, left: 34594
Finish read data: 128
Data left: 645, State=4
----------------------
Available data: 645, State=4
Read chunk type
Chunk Type 3
Chunk ID: 6
Data left: 644, State=6
----------------------
Available data: 644, State=6
Data left: 644, State=8
----------------------
Available data: 644, State=8
Read data: 147984024, left: 34466
Finish read data: 128
Data left: 516, State=4
----------------------
Available data: 516, State=4
Read chunk type
Chunk Type 3
Chunk ID: 6
Data left: 515, State=6
----------------------
Available data: 515, State=6
Data left: 515, State=8
----------------------
Available data: 515, State=8
Read data: 147984024, left: 34338
Finish read data: 128
Data left: 387, State=4
----------------------
Available data: 387, State=4
Read chunk type
Chunk Type 3
Chunk ID: 6
Data left: 386, State=6
----------------------
Available data: 386, State=6
Data left: 386, State=8
----------------------
Available data: 386, State=8
Read data: 147984024, left: 34210
Finish read data: 128
Data left: 258, State=4
----------------------
Available data: 258, State=4
Read chunk type
Chunk Type 3
Chunk ID: 6
Data left: 257, State=6
----------------------
Available data: 257, State=6
Data left: 257, State=8
----------------------
Available data: 257, State=8
Read data: 147984024, left: 34082
Finish read data: 128
Data left: 129, State=4
----------------------
Available data: 129, State=4
Read chunk type
Chunk Type 3
Chunk ID: 6
Data left: 128, State=6
----------------------
Available data: 128, State=6
Data left: 128, State=8
----------------------
Available data: 128, State=8
Read data: 147984024, left: 33954
Finish read data: 128
Data left: 0, State=4
Receiving: 4096 0 4096 131073
----------------------
Available data: 4096, State=4
Read chunk type
Chunk Type 3
Chunk ID: 6
Data left: 4095, State=6
----------------------
Available data: 4095, State=6
Data left: 4095, State=8
----------------------
Available data: 4095, State=8
Read data: 147984024, left: 33826
Finish read data: 128
Data left: 3967, State=4
----------------------
Available data: 3967, State=4
Read chunk type
Chunk Type 3
Chunk ID: 6
Data left: 3966, State=6
----------------------
Available data: 3966, State=6
Data left: 3966, State=8
----------------------
Available data: 3966, State=8
Read data: 147984024, left: 33698
Finish read data: 128
Data left: 3838, State=4
----------------------
Available data: 3838, State=4
Read chunk type
Chunk Type 3
Chunk ID: 6
Data left: 3837, State=6
----------------------
Available data: 3837, State=6
Data left: 3837, State=8
----------------------
Available data: 3837, State=8
Read data: 147984024, left: 33570
Finish read data: 128
Data left: 3709, State=4
----------------------
Available data: 3709, State=4
Read chunk type
Chunk Type 3
Chunk ID: 6
Data left: 3708, State=6
----------------------
Available data: 3708, State=6
Data left: 3708, State=8
----------------------
Available data: 3708, State=8
Read data: 147984024, left: 33442
Finish read data: 128
Data left: 3580, State=4
----------------------
Available data: 3580, State=4
Read chunk type
Chunk Type 3
Chunk ID: 6
Data left: 3579, State=6
----------------------
Available data: 3579, State=6
Data left: 3579, State=8
----------------------
Available data: 3579, State=8
Read data: 147984024, left: 33314
Finish read data: 128
Data left: 3451, State=4
----------------------
Available data: 3451, State=4
Read chunk type
Chunk Type 3
Chunk ID: 6
Data left: 3450, State=6
----------------------
Available data: 3450, State=6
Data left: 3450, State=8
----------------------
Available data: 3450, State=8
Read data: 147984024, left: 33186
Finish read data: 128
Data left: 3322, State=4
----------------------
Available data: 3322, State=4
Read chunk type
Chunk Type 3
Chunk ID: 6
Data left: 3321, State=6
----------------------
Available data: 3321, State=6
Data left: 3321, State=8
----------------------
Available data: 3321, State=8
Read data: 147984024, left: 33058
Finish read data: 128
Data left: 3193, State=4
----------------------
Available data: 3193, State=4
Read chunk type
Chunk Type 3
Chunk ID: 6
Data left: 3192, State=6
----------------------
Available data: 3192, State=6
Data left: 3192, State=8
----------------------
Available data: 3192, State=8
Read data: 147984024, left: 32930
Finish read data: 128
Data left: 3064, State=4
----------------------
Available data: 3064, State=4
Read chunk type
Chunk Type 3
Chunk ID: 6
Data left: 3063, State=6
----------------------
Available data: 3063, State=6
Data left: 3063, State=8
----------------------
Available data: 3063, State=8
Read data: 147984024, left: 32802
Finish read data: 128
Data left: 2935, State=4
----------------------
Available data: 2935, State=4
Read chunk type
Chunk Type 3
Chunk ID: 6
Data left: 2934, State=6
----------------------
Available data: 2934, State=6
Data left: 2934, State=8
----------------------
Available data: 2934, State=8
Read data: 147984024, left: 32674
Finish read data: 128
Data left: 2806, State=4
----------------------
Available data: 2806, State=4
Read chunk type
Chunk Type 3
Chunk ID: 6
Data left: 2805, State=6
----------------------
Available data: 2805, State=6
Data left: 2805, State=8
----------------------
Available data: 2805, State=8
Read data: 147984024, left: 32546
Finish read data: 128
Data left: 2677, State=4
----------------------
Available data: 2677, State=4
Read chunk type
Chunk Type 3
Chunk ID: 6
Data left: 2676, State=6
----------------------
Available data: 2676, State=6
Data left: 2676, State=8
----------------------
Available data: 2676, State=8
Read data: 147984024, left: 32418
Finish read data: 128
Data left: 2548, State=4
----------------------
Available data: 2548, State=4
Read chunk type
Chunk Type 3
Chunk ID: 6
Data left: 2547, State=6
----------------------
Available data: 2547, State=6
Data left: 2547, State=8
----------------------
Available data: 2547, State=8
Read data: 147984024, left: 32290
Finish read data: 128
Data left: 2419, State=4
----------------------
Available data: 2419, State=4
Read chunk type
Chunk Type 3
Chunk ID: 6
Data left: 2418, State=6
----------------------
Available data: 2418, State=6
Data left: 2418, State=8
----------------------
Available data: 2418, State=8
Read data: 147984024, left: 32162
Finish read data: 128
Data left: 2290, State=4
----------------------
Available data: 2290, State=4
Read chunk type
Chunk Type 3
Chunk ID: 6
Data left: 2289, State=6
----------------------
Available data: 2289, State=6
Data left: 2289, State=8
----------------------
Available data: 2289, State=8
Read data: 147984024, left: 32034
Finish read data: 128
Data left: 2161, State=4
----------------------
Available data: 2161, State=4
Read chunk type
Chunk Type 3
Chunk ID: 6
Data left: 2160, State=6
----------------------
Available data: 2160, State=6
Data left: 2160, State=8
----------------------
Available data: 2160, State=8
Read data: 147984024, left: 31906
Finish read data: 128
Data left: 2032, State=4
----------------------
Available data: 2032, State=4
Read chunk type
Chunk Type 3
Chunk ID: 6
Data left: 2031, State=6
----------------------
Available data: 2031, State=6
Data left: 2031, State=8
----------------------
Available data: 2031, State=8
Read data: 147984024, left: 31778
Finish read data: 128
Data left: 1903, State=4
----------------------
Available data: 1903, State=4
Read chunk type
Chunk Type 3
Chunk ID: 6
Data left: 1902, State=6
----------------------
Available data: 1902, State=6
Data left: 1902, State=8
----------------------
Available data: 1902, State=8
Read data: 147984024, left: 31650
Finish read data: 128
Data left: 1774, State=4
----------------------
Available data: 1774, State=4
Read chunk type
Chunk Type 3
Chunk ID: 6
Data left: 1773, State=6
----------------------
Available data: 1773, State=6
Data left: 1773, State=8
----------------------
Available data: 1773, State=8
Read data: 147984024, left: 31522
Finish read data: 128
Data left: 1645, State=4
----------------------
Available data: 1645, State=4
Read chunk type
Chunk Type 3
Chunk ID: 6
Data left: 1644, State=6
----------------------
Available data: 1644, State=6
Data left: 1644, State=8
----------------------
Available data: 1644, State=8
Read data: 147984024, left: 31394
Finish read data: 128
Data left: 1516, State=4
----------------------
Available data: 1516, State=4
Read chunk type
Chunk Type 3
Chunk ID: 6
Data left: 1515, State=6
----------------------
Available data: 1515, State=6
Data left: 1515, State=8
----------------------
Available data: 1515, State=8
Read data: 147984024, left: 31266
Finish read data: 128
Data left: 1387, State=4
----------------------
Available data: 1387, State=4
Read chunk type
Chunk Type 3
Chunk ID: 6
Data left: 1386, State=6
----------------------
Available data: 1386, State=6
Data left: 1386, State=8
----------------------
Available data: 1386, State=8
Read data: 147984024, left: 31138
Finish read data: 128
Data left: 1258, State=4
----------------------
Available data: 1258, State=4
Read chunk type
Chunk Type 3
Chunk ID: 6
Data left: 1257, State=6
----------------------
Available data: 1257, State=6
Data left: 1257, State=8
----------------------
Available data: 1257, State=8
Read data: 147984024, left: 31010
Finish read data: 128
Data left: 1129, State=4
----------------------
Available data: 1129, State=4
Read chunk type
Chunk Type 3
Chunk ID: 6
Data left: 1128, State=6
----------------------
Available data: 1128, State=6
Data left: 1128, State=8
----------------------
Available data: 1128, State=8
Read data: 147984024, left: 30882
Finish read data: 128
Data left: 1000, State=4
----------------------
Available data: 1000, State=4
Read chunk type
Chunk Type 3
Chunk ID: 6
Data left: 999, State=6
----------------------
Available data: 999, State=6
Data left: 999, State=8
----------------------
Available data: 999, State=8
Read data: 147984024, left: 30754
Finish read data: 128
Data left: 871, State=4
----------------------
Available data: 871, State=4
Read chunk type
Chunk Type 3
Chunk ID: 6
Data left: 870, State=6
----------------------
Available data: 870, State=6
Data left: 870, State=8
----------------------
Available data: 870, State=8
Read data: 147984024, left: 30626
Finish read data: 128
Data left: 742, State=4
----------------------
Available data: 742, State=4
Read chunk type
Chunk Type 3
Chunk ID: 6
Data left: 741, State=6
----------------------
Available data: 741, State=6
Data left: 741, State=8
----------------------
Available data: 741, State=8
Read data: 147984024, left: 30498
Finish read data: 128
Data left: 613, State=4
----------------------
Available data: 613, State=4
Read chunk type
Chunk Type 3
Chunk ID: 6
Data left: 612, State=6
----------------------
Available data: 612, State=6
Data left: 612, State=8
----------------------
Available data: 612, State=8
Read data: 147984024, left: 30370
Finish read data: 128
Data left: 484, State=4
----------------------
Available data: 484, State=4
Read chunk type
Chunk Type 3
Chunk ID: 6
Data left: 483, State=6
----------------------
Available data: 483, State=6
Data left: 483, State=8
----------------------
Available data: 483, State=8
Read data: 147984024, left: 30242
Finish read data: 128
Data left: 355, State=4
----------------------
Available data: 355, State=4
Read chunk type
Chunk Type 3
Chunk ID: 6
Data left: 354, State=6
----------------------
Available data: 354, State=6
Data left: 354, State=8
----------------------
Available data: 354, State=8
Read data: 147984024, left: 30114
Finish read data: 128
Data left: 226, State=4
----------------------
Available data: 226, State=4
Read chunk type
Chunk Type 3
Chunk ID: 6
Data left: 225, State=6
----------------------
Available data: 225, State=6
Data left: 225, State=8
----------------------
Available data: 225, State=8
Read data: 147984024, left: 29986
Finish read data: 128
Data left: 97, State=4
----------------------
Available data: 97, State=4
Read chunk type
Chunk Type 3
Chunk ID: 6
Data left: 96, State=6
----------------------
Available data: 96, State=6
Data left: 96, State=8
----------------------
Available data: 96, State=8
Data left: 96, State=8
Receiving: 1322 4000 5418 131073
----------------------
Available data: 1418, State=8
Read data: 147984024, left: 29858
Finish read data: 128
Data left: 1290, State=4
----------------------
Available data: 1290, State=4
Read chunk type
Chunk Type 3
Chunk ID: 6
Data left: 1289, State=6
----------------------
Available data: 1289, State=6
Data left: 1289, State=8
----------------------
Available data: 1289, State=8
Read data: 147984024, left: 29730
Finish read data: 128
Data left: 1161, State=4
----------------------
Available data: 1161, State=4
Read chunk type
Chunk Type 3
Chunk ID: 6
Data left: 1160, State=6
----------------------
Available data: 1160, State=6
Data left: 1160, State=8
----------------------
Available data: 1160, State=8
Read data: 147984024, left: 29602
Finish read data: 128
Data left: 1032, State=4
----------------------
Available data: 1032, State=4
Read chunk type
Chunk Type 3
Chunk ID: 6
Data left: 1031, State=6
----------------------
Available data: 1031, State=6
Data left: 1031, State=8
----------------------
Available data: 1031, State=8
Read data: 147984024, left: 29474
Finish read data: 128
Data left: 903, State=4
----------------------
Available data: 903, State=4
Read chunk type
Chunk Type 3
Chunk ID: 6
Data left: 902, State=6
----------------------
Available data: 902, State=6
Data left: 902, State=8
----------------------
Available data: 902, State=8
Read data: 147984024, left: 29346
Finish read data: 128
Data left: 774, State=4
----------------------
Available data: 774, State=4
Read chunk type
Chunk Type 3
Chunk ID: 6
Data left: 773, State=6
----------------------
Available data: 773, State=6
Data left: 773, State=8
----------------------
Available data: 773, State=8
Read data: 147984024, left: 29218
Finish read data: 128
Data left: 645, State=4
----------------------
Available data: 645, State=4
Read chunk type
Chunk Type 3
Chunk ID: 6
Data left: 644, State=6
----------------------
Available data: 644, State=6
Data left: 644, State=8
----------------------
Available data: 644, State=8
Read data: 147984024, left: 29090
Finish read data: 128
Data left: 516, State=4
----------------------
Available data: 516, State=4
Read chunk type
Chunk Type 3
Chunk ID: 6
Data left: 515, State=6
----------------------
Available data: 515, State=6
Data left: 515, State=8
----------------------
Available data: 515, State=8
Read data: 147984024, left: 28962
Finish read data: 128
Data left: 387, State=4
----------------------
Available data: 387, State=4
Read chunk type
Chunk Type 3
Chunk ID: 6
Data left: 386, State=6
----------------------
Available data: 386, State=6
Data left: 386, State=8
----------------------
Available data: 386, State=8
Read data: 147984024, left: 28834
Finish read data: 128
Data left: 258, State=4
----------------------
Available data: 258, State=4
Read chunk type
Chunk Type 3
Chunk ID: 6
Data left: 257, State=6
----------------------
Available data: 257, State=6
Data left: 257, State=8
----------------------
Available data: 257, State=8
Read data: 147984024, left: 28706
Finish read data: 128
Data left: 129, State=4
----------------------
Available data: 129, State=4
Read chunk type
Chunk Type 3
Chunk ID: 6
Data left: 128, State=6
----------------------
Available data: 128, State=6
Data left: 128, State=8
----------------------
Available data: 128, State=8
Read data: 147984024, left: 28578
Finish read data: 128
Data left: 0, State=4
Receiving: 4096 0 4096 131073
----------------------
Available data: 4096, State=4
Read chunk type
Chunk Type 3
Chunk ID: 6
Data left: 4095, State=6
----------------------
Available data: 4095, State=6
Data left: 4095, State=8
----------------------
Available data: 4095, State=8
Read data: 147984024, left: 28450
Finish read data: 128
Data left: 3967, State=4
----------------------
Available data: 3967, State=4
Read chunk type
Chunk Type 3
Chunk ID: 6
Data left: 3966, State=6
----------------------
Available data: 3966, State=6
Data left: 3966, State=8
----------------------
Available data: 3966, State=8
Read data: 147984024, left: 28322
Finish read data: 128
Data left: 3838, State=4
----------------------
Available data: 3838, State=4
Read chunk type
Chunk Type 3
Chunk ID: 6
Data left: 3837, State=6
----------------------
Available data: 3837, State=6
Data left: 3837, State=8
----------------------
Available data: 3837, State=8
Read data: 147984024, left: 28194
Finish read data: 128
Data left: 3709, State=4
----------------------
Available data: 3709, State=4
Read chunk type
Chunk Type 3
Chunk ID: 6
Data left: 3708, State=6
----------------------
Available data: 3708, State=6
Data left: 3708, State=8
----------------------
Available data: 3708, State=8
Read data: 147984024, left: 28066
Finish read data: 128
Data left: 3580, State=4
----------------------
Available data: 3580, State=4
Read chunk type
Chunk Type 3
Chunk ID: 6
Data left: 3579, State=6
----------------------
Available data: 3579, State=6
Data left: 3579, State=8
----------------------
Available data: 3579, State=8
Read data: 147984024, left: 27938
Finish read data: 128
Data left: 3451, State=4
----------------------
Available data: 3451, State=4
Read chunk type
Chunk Type 3
Chunk ID: 6
Data left: 3450, State=6
----------------------
Available data: 3450, State=6
Data left: 3450, State=8
----------------------
Available data: 3450, State=8
Read data: 147984024, left: 27810
Finish read data: 128
Data left: 3322, State=4
----------------------
Available data: 3322, State=4
Read chunk type
Chunk Type 3
Chunk ID: 6
Data left: 3321, State=6
----------------------
Available data: 3321, State=6
Data left: 3321, State=8
----------------------
Available data: 3321, State=8
Read data: 147984024, left: 27682
Finish read data: 128
Data left: 3193, State=4
----------------------
Available data: 3193, State=4
Read chunk type
Chunk Type 3
Chunk ID: 6
Data left: 3192, State=6
----------------------
Available data: 3192, State=6
Data left: 3192, State=8
----------------------
Available data: 3192, State=8
Read data: 147984024, left: 27554
Finish read data: 128
Data left: 3064, State=4
----------------------
Available data: 3064, State=4
Read chunk type
Chunk Type 3
Chunk ID: 6
Data left: 3063, State=6
----------------------
Available data: 3063, State=6
Data left: 3063, State=8
----------------------
Available data: 3063, State=8
Read data: 147984024, left: 27426
Finish read data: 128
Data left: 2935, State=4
----------------------
Available data: 2935, State=4
Read chunk type
Chunk Type 3
Chunk ID: 6
Data left: 2934, State=6
----------------------
Available data: 2934, State=6
Data left: 2934, State=8
----------------------
Available data: 2934, State=8
Read data: 147984024, left: 27298
Finish read data: 128
Data left: 2806, State=4
----------------------
Available data: 2806, State=4
Read chunk type
Chunk Type 3
Chunk ID: 6
Data left: 2805, State=6
----------------------
Available data: 2805, State=6
Data left: 2805, State=8
----------------------
Available data: 2805, State=8
Read data: 147984024, left: 27170
Finish read data: 128
Data left: 2677, State=4
----------------------
Available data: 2677, State=4
Read chunk type
Chunk Type 3
Chunk ID: 6
Data left: 2676, State=6
----------------------
Available data: 2676, State=6
Data left: 2676, State=8
----------------------
Available data: 2676, State=8
Read data: 147984024, left: 27042
Finish read data: 128
Data left: 2548, State=4
----------------------
Available data: 2548, State=4
Read chunk type
Chunk Type 3
Chunk ID: 6
Data left: 2547, State=6
----------------------
Available data: 2547, State=6
Data left: 2547, State=8
----------------------
Available data: 2547, State=8
Read data: 147984024, left: 26914
Finish read data: 128
Data left: 2419, State=4
----------------------
Available data: 2419, State=4
Read chunk type
Chunk Type 3
Chunk ID: 6
Data left: 2418, State=6
----------------------
Available data: 2418, State=6
Data left: 2418, State=8
----------------------
Available data: 2418, State=8
Read data: 147984024, left: 26786
Finish read data: 128
Data left: 2290, State=4
----------------------
Available data: 2290, State=4
Read chunk type
Chunk Type 3
Chunk ID: 6
Data left: 2289, State=6
----------------------
Available data: 2289, State=6
Data left: 2289, State=8
----------------------
Available data: 2289, State=8
Read data: 147984024, left: 26658
Finish read data: 128
Data left: 2161, State=4
----------------------
Available data: 2161, State=4
Read chunk type
Chunk Type 3
Chunk ID: 6
Data left: 2160, State=6
----------------------
Available data: 2160, State=6
Data left: 2160, State=8
----------------------
Available data: 2160, State=8
Read data: 147984024, left: 26530
Finish read data: 128
Data left: 2032, State=4
----------------------
Available data: 2032, State=4
Read chunk type
Chunk Type 3
Chunk ID: 6
Data left: 2031, State=6
----------------------
Available data: 2031, State=6
Data left: 2031, State=8
----------------------
Available data: 2031, State=8
Read data: 147984024, left: 26402
Finish read data: 128
Data left: 1903, State=4
----------------------
Available data: 1903, State=4
Read chunk type
Chunk Type 3
Chunk ID: 6
Data left: 1902, State=6
----------------------
Available data: 1902, State=6
Data left: 1902, State=8
----------------------
Available data: 1902, State=8
Read data: 147984024, left: 26274
Finish read data: 128
Data left: 1774, State=4
----------------------
Available data: 1774, State=4
Read chunk type
Chunk Type 3
Chunk ID: 6
Data left: 1773, State=6
----------------------
Available data: 1773, State=6
Data left: 1773, State=8
----------------------
Available data: 1773, State=8
Read data: 147984024, left: 26146
Finish read data: 128
Data left: 1645, State=4
----------------------
Available data: 1645, State=4
Read chunk type
Chunk Type 3
Chunk ID: 6
Data left: 1644, State=6
----------------------
Available data: 1644, State=6
Data left: 1644, State=8
----------------------
Available data: 1644, State=8
Read data: 147984024, left: 26018
Finish read data: 128
Data left: 1516, State=4
----------------------
Available data: 1516, State=4
Read chunk type
Chunk Type 3
Chunk ID: 6
Data left: 1515, State=6
----------------------
Available data: 1515, State=6
Data left: 1515, State=8
----------------------
Available data: 1515, State=8
Read data: 147984024, left: 25890
Finish read data: 128
Data left: 1387, State=4
----------------------
Available data: 1387, State=4
Read chunk type
Chunk Type 3
Chunk ID: 6
Data left: 1386, State=6
----------------------
Available data: 1386, State=6
Data left: 1386, State=8
----------------------
Available data: 1386, State=8
Read data: 147984024, left: 25762
Finish read data: 128
Data left: 1258, State=4
----------------------
Available data: 1258, State=4
Read chunk type
Chunk Type 3
Chunk ID: 6
Data left: 1257, State=6
----------------------
Available data: 1257, State=6
Data left: 1257, State=8
----------------------
Available data: 1257, State=8
Read data: 147984024, left: 25634
Finish read data: 128
Data left: 1129, State=4
----------------------
Available data: 1129, State=4
Read chunk type
Chunk Type 3
Chunk ID: 6
Data left: 1128, State=6
----------------------
Available data: 1128, State=6
Data left: 1128, State=8
----------------------
Available data: 1128, State=8
Read data: 147984024, left: 25506
Finish read data: 128
Data left: 1000, State=4
----------------------
Available data: 1000, State=4
Read chunk type
Chunk Type 3
Chunk ID: 6
Data left: 999, State=6
----------------------
Available data: 999, State=6
Data left: 999, State=8
----------------------
Available data: 999, State=8
Read data: 147984024, left: 25378
Finish read data: 128
Data left: 871, State=4
----------------------
Available data: 871, State=4
Read chunk type
Chunk Type 3
Chunk ID: 6
Data left: 870, State=6
----------------------
Available data: 870, State=6
Data left: 870, State=8
----------------------
Available data: 870, State=8
Read data: 147984024, left: 25250
Finish read data: 128
Data left: 742, State=4
----------------------
Available data: 742, State=4
Read chunk type
Chunk Type 3
Chunk ID: 6
Data left: 741, State=6
----------------------
Available data: 741, State=6
Data left: 741, State=8
----------------------
Available data: 741, State=8
Read data: 147984024, left: 25122
Finish read data: 128
Data left: 613, State=4
----------------------
Available data: 613, State=4
Read chunk type
Chunk Type 3
Chunk ID: 6
Data left: 612, State=6
----------------------
Available data: 612, State=6
Data left: 612, State=8
----------------------
Available data: 612, State=8
Read data: 147984024, left: 24994
Finish read data: 128
Data left: 484, State=4
----------------------
Available data: 484, State=4
Read chunk type
Chunk Type 3
Chunk ID: 6
Data left: 483, State=6
----------------------
Available data: 483, State=6
Data left: 483, State=8
----------------------
Available data: 483, State=8
Read data: 147984024, left: 24866
Finish read data: 128
Data left: 355, State=4
----------------------
Available data: 355, State=4
Read chunk type
Chunk Type 3
Chunk ID: 6
Data left: 354, State=6
----------------------
Available data: 354, State=6
Data left: 354, State=8
----------------------
Available data: 354, State=8
Read data: 147984024, left: 24738
Finish read data: 128
Data left: 226, State=4
----------------------
Available data: 226, State=4
Read chunk type
Chunk Type 3
Chunk ID: 6
Data left: 225, State=6
----------------------
Available data: 225, State=6
Data left: 225, State=8
----------------------
Available data: 225, State=8
Read data: 147984024, left: 24610
Finish read data: 128
Data left: 97, State=4
----------------------
Available data: 97, State=4
Read chunk type
Chunk Type 3
Chunk ID: 6
Data left: 96, State=6
----------------------
Available data: 96, State=6
Data left: 96, State=8
----------------------
Available data: 96, State=8
Data left: 96, State=8
Receiving: 8417 4000 12513 131073
----------------------
Available data: 8513, State=8
Read data: 147984024, left: 24482
Finish read data: 128
Data left: 8385, State=4
----------------------
Available data: 8385, State=4
Read chunk type
Chunk Type 3
Chunk ID: 6
Data left: 8384, State=6
----------------------
Available data: 8384, State=6
Data left: 8384, State=8
----------------------
Available data: 8384, State=8
Read data: 147984024, left: 24354
Finish read data: 128
Data left: 8256, State=4
----------------------
Available data: 8256, State=4
Read chunk type
Chunk Type 3
Chunk ID: 6
Data left: 8255, State=6
----------------------
Available data: 8255, State=6
Data left: 8255, State=8
----------------------
Available data: 8255, State=8
Read data: 147984024, left: 24226
Finish read data: 128
Data left: 8127, State=4
----------------------
Available data: 8127, State=4
Read chunk type
Chunk Type 3
Chunk ID: 6
Data left: 8126, State=6
----------------------
Available data: 8126, State=6
Data left: 8126, State=8
----------------------
Available data: 8126, State=8
Read data: 147984024, left: 24098
Finish read data: 128
Data left: 7998, State=4
----------------------
Available data: 7998, State=4
Read chunk type
Chunk Type 3
Chunk ID: 6
Data left: 7997, State=6
----------------------
Available data: 7997, State=6
Data left: 7997, State=8
----------------------
Available data: 7997, State=8
Read data: 147984024, left: 23970
Finish read data: 128
Data left: 7869, State=4
----------------------
Available data: 7869, State=4
Read chunk type
Chunk Type 3
Chunk ID: 6
Data left: 7868, State=6
----------------------
Available data: 7868, State=6
Data left: 7868, State=8
----------------------
Available data: 7868, State=8
Read data: 147984024, left: 23842
Finish read data: 128
Data left: 7740, State=4
----------------------
Available data: 7740, State=4
Read chunk type
Chunk Type 3
Chunk ID: 6
Data left: 7739, State=6
----------------------
Available data: 7739, State=6
Data left: 7739, State=8
----------------------
Available data: 7739, State=8
Read data: 147984024, left: 23714
Finish read data: 128
Data left: 7611, State=4
----------------------
Available data: 7611, State=4
Read chunk type
Chunk Type 3
Chunk ID: 6
Data left: 7610, State=6
----------------------
Available data: 7610, State=6
Data left: 7610, State=8
----------------------
Available data: 7610, State=8
Read data: 147984024, left: 23586
Finish read data: 128
Data left: 7482, State=4
----------------------
Available data: 7482, State=4
Read chunk type
Chunk Type 3
Chunk ID: 6
Data left: 7481, State=6
----------------------
Available data: 7481, State=6
Data left: 7481, State=8
----------------------
Available data: 7481, State=8
Read data: 147984024, left: 23458
Finish read data: 128
Data left: 7353, State=4
----------------------
Available data: 7353, State=4
Read chunk type
Chunk Type 3
Chunk ID: 6
Data left: 7352, State=6
----------------------
Available data: 7352, State=6
Data left: 7352, State=8
----------------------
Available data: 7352, State=8
Read data: 147984024, left: 23330
Finish read data: 128
Data left: 7224, State=4
----------------------
Available data: 7224, State=4
Read chunk type
Chunk Type 3
Chunk ID: 6
Data left: 7223, State=6
----------------------
Available data: 7223, State=6
Data left: 7223, State=8
----------------------
Available data: 7223, State=8
Read data: 147984024, left: 23202
Finish read data: 128
Data left: 7095, State=4
----------------------
Available data: 7095, State=4
Read chunk type
Chunk Type 3
Chunk ID: 6
Data left: 7094, State=6
----------------------
Available data: 7094, State=6
Data left: 7094, State=8
----------------------
Available data: 7094, State=8
Read data: 147984024, left: 23074
Finish read data: 128
Data left: 6966, State=4
----------------------
Available data: 6966, State=4
Read chunk type
Chunk Type 3
Chunk ID: 6
Data left: 6965, State=6
----------------------
Available data: 6965, State=6
Data left: 6965, State=8
----------------------
Available data: 6965, State=8
Read data: 147984024, left: 22946
Finish read data: 128
Data left: 6837, State=4
----------------------
Available data: 6837, State=4
Read chunk type
Chunk Type 3
Chunk ID: 6
Data left: 6836, State=6
----------------------
Available data: 6836, State=6
Data left: 6836, State=8
----------------------
Available data: 6836, State=8
Read data: 147984024, left: 22818
Finish read data: 128
Data left: 6708, State=4
----------------------
Available data: 6708, State=4
Read chunk type
Chunk Type 3
Chunk ID: 6
Data left: 6707, State=6
----------------------
Available data: 6707, State=6
Data left: 6707, State=8
----------------------
Available data: 6707, State=8
Read data: 147984024, left: 22690
Finish read data: 128
Data left: 6579, State=4
----------------------
Available data: 6579, State=4
Read chunk type
Chunk Type 3
Chunk ID: 6
Data left: 6578, State=6
----------------------
Available data: 6578, State=6
Data left: 6578, State=8
----------------------
Available data: 6578, State=8
Read data: 147984024, left: 22562
Finish read data: 128
Data left: 6450, State=4
----------------------
Available data: 6450, State=4
Read chunk type
Chunk Type 3
Chunk ID: 6
Data left: 6449, State=6
----------------------
Available data: 6449, State=6
Data left: 6449, State=8
----------------------
Available data: 6449, State=8
Read data: 147984024, left: 22434
Finish read data: 128
Data left: 6321, State=4
----------------------
Available data: 6321, State=4
Read chunk type
Chunk Type 3
Chunk ID: 6
Data left: 6320, State=6
----------------------
Available data: 6320, State=6
Data left: 6320, State=8
----------------------
Available data: 6320, State=8
Read data: 147984024, left: 22306
Finish read data: 128
Data left: 6192, State=4
----------------------
Available data: 6192, State=4
Read chunk type
Chunk Type 3
Chunk ID: 6
Data left: 6191, State=6
----------------------
Available data: 6191, State=6
Data left: 6191, State=8
----------------------
Available data: 6191, State=8
Read data: 147984024, left: 22178
Finish read data: 128
Data left: 6063, State=4
----------------------
Available data: 6063, State=4
Read chunk type
Chunk Type 3
Chunk ID: 6
Data left: 6062, State=6
----------------------
Available data: 6062, State=6
Data left: 6062, State=8
----------------------
Available data: 6062, State=8
Read data: 147984024, left: 22050
Finish read data: 128
Data left: 5934, State=4
----------------------
Available data: 5934, State=4
Read chunk type
Chunk Type 3
Chunk ID: 6
Data left: 5933, State=6
----------------------
Available data: 5933, State=6
Data left: 5933, State=8
----------------------
Available data: 5933, State=8
Read data: 147984024, left: 21922
Finish read data: 128
Data left: 5805, State=4
----------------------
Available data: 5805, State=4
Read chunk type
Chunk Type 3
Chunk ID: 6
Data left: 5804, State=6
----------------------
Available data: 5804, State=6
Data left: 5804, State=8
----------------------
Available data: 5804, State=8
Read data: 147984024, left: 21794
Finish read data: 128
Data left: 5676, State=4
----------------------
Available data: 5676, State=4
Read chunk type
Chunk Type 3
Chunk ID: 6
Data left: 5675, State=6
----------------------
Available data: 5675, State=6
Data left: 5675, State=8
----------------------
Available data: 5675, State=8
Read data: 147984024, left: 21666
Finish read data: 128
Data left: 5547, State=4
----------------------
Available data: 5547, State=4
Read chunk type
Chunk Type 3
Chunk ID: 6
Data left: 5546, State=6
----------------------
Available data: 5546, State=6
Data left: 5546, State=8
----------------------
Available data: 5546, State=8
Read data: 147984024, left: 21538
Finish read data: 128
Data left: 5418, State=4
----------------------
Available data: 5418, State=4
Read chunk type
Chunk Type 3
Chunk ID: 6
Data left: 5417, State=6
----------------------
Available data: 5417, State=6
Data left: 5417, State=8
----------------------
Available data: 5417, State=8
Read data: 147984024, left: 21410
Finish read data: 128
Data left: 5289, State=4
----------------------
Available data: 5289, State=4
Read chunk type
Chunk Type 3
Chunk ID: 6
Data left: 5288, State=6
----------------------
Available data: 5288, State=6
Data left: 5288, State=8
----------------------
Available data: 5288, State=8
Read data: 147984024, left: 21282
Finish read data: 128
Data left: 5160, State=4
----------------------
Available data: 5160, State=4
Read chunk type
Chunk Type 3
Chunk ID: 6
Data left: 5159, State=6
----------------------
Available data: 5159, State=6
Data left: 5159, State=8
----------------------
Available data: 5159, State=8
Read data: 147984024, left: 21154
Finish read data: 128
Data left: 5031, State=4
----------------------
Available data: 5031, State=4
Read chunk type
Chunk Type 3
Chunk ID: 6
Data left: 5030, State=6
----------------------
Available data: 5030, State=6
Data left: 5030, State=8
----------------------
Available data: 5030, State=8
Read data: 147984024, left: 21026
Finish read data: 128
Data left: 4902, State=4
----------------------
Available data: 4902, State=4
Read chunk type
Chunk Type 3
Chunk ID: 6
Data left: 4901, State=6
----------------------
Available data: 4901, State=6
Data left: 4901, State=8
----------------------
Available data: 4901, State=8
Read data: 147984024, left: 20898
Finish read data: 128
Data left: 4773, State=4
----------------------
Available data: 4773, State=4
Read chunk type
Chunk Type 3
Chunk ID: 6
Data left: 4772, State=6
----------------------
Available data: 4772, State=6
Data left: 4772, State=8
----------------------
Available data: 4772, State=8
Read data: 147984024, left: 20770
Finish read data: 128
Data left: 4644, State=4
----------------------
Available data: 4644, State=4
Read chunk type
Chunk Type 3
Chunk ID: 6
Data left: 4643, State=6
----------------------
Available data: 4643, State=6
Data left: 4643, State=8
----------------------
Available data: 4643, State=8
Read data: 147984024, left: 20642
Finish read data: 128
Data left: 4515, State=4
----------------------
Available data: 4515, State=4
Read chunk type
Chunk Type 3
Chunk ID: 6
Data left: 4514, State=6
----------------------
Available data: 4514, State=6
Data left: 4514, State=8
----------------------
Available data: 4514, State=8
Read data: 147984024, left: 20514
Finish read data: 128
Data left: 4386, State=4
----------------------
Available data: 4386, State=4
Read chunk type
Chunk Type 3
Chunk ID: 6
Data left: 4385, State=6
----------------------
Available data: 4385, State=6
Data left: 4385, State=8
----------------------
Available data: 4385, State=8
Read data: 147984024, left: 20386
Finish read data: 128
Data left: 4257, State=4
----------------------
Available data: 4257, State=4
Read chunk type
Chunk Type 3
Chunk ID: 6
Data left: 4256, State=6
----------------------
Available data: 4256, State=6
Data left: 4256, State=8
----------------------
Available data: 4256, State=8
Read data: 147984024, left: 20258
Finish read data: 128
Data left: 4128, State=4
----------------------
Available data: 4128, State=4
Read chunk type
Chunk Type 3
Chunk ID: 6
Data left: 4127, State=6
----------------------
Available data: 4127, State=6
Data left: 4127, State=8
----------------------
Available data: 4127, State=8
Read data: 147984024, left: 20130
Finish read data: 128
Data left: 3999, State=4
----------------------
Available data: 3999, State=4
Read chunk type
Chunk Type 3
Chunk ID: 6
Data left: 3998, State=6
----------------------
Available data: 3998, State=6
Data left: 3998, State=8
----------------------
Available data: 3998, State=8
Read data: 147984024, left: 20002
Finish read data: 128
Data left: 3870, State=4
----------------------
Available data: 3870, State=4
Read chunk type
Chunk Type 3
Chunk ID: 6
Data left: 3869, State=6
----------------------
Available data: 3869, State=6
Data left: 3869, State=8
----------------------
Available data: 3869, State=8
Read data: 147984024, left: 19874
Finish read data: 128
Data left: 3741, State=4
----------------------
Available data: 3741, State=4
Read chunk type
Chunk Type 3
Chunk ID: 6
Data left: 3740, State=6
----------------------
Available data: 3740, State=6
Data left: 3740, State=8
----------------------
Available data: 3740, State=8
Read data: 147984024, left: 19746
Finish read data: 128
Data left: 3612, State=4
----------------------
Available data: 3612, State=4
Read chunk type
Chunk Type 3
Chunk ID: 6
Data left: 3611, State=6
----------------------
Available data: 3611, State=6
Data left: 3611, State=8
----------------------
Available data: 3611, State=8
Read data: 147984024, left: 19618
Finish read data: 128
Data left: 3483, State=4
----------------------
Available data: 3483, State=4
Read chunk type
Chunk Type 3
Chunk ID: 6
Data left: 3482, State=6
----------------------
Available data: 3482, State=6
Data left: 3482, State=8
----------------------
Available data: 3482, State=8
Read data: 147984024, left: 19490
Finish read data: 128
Data left: 3354, State=4
----------------------
Available data: 3354, State=4
Read chunk type
Chunk Type 3
Chunk ID: 6
Data left: 3353, State=6
----------------------
Available data: 3353, State=6
Data left: 3353, State=8
----------------------
Available data: 3353, State=8
Read data: 147984024, left: 19362
Finish read data: 128
Data left: 3225, State=4
----------------------
Available data: 3225, State=4
Read chunk type
Chunk Type 3
Chunk ID: 6
Data left: 3224, State=6
----------------------
Available data: 3224, State=6
Data left: 3224, State=8
----------------------
Available data: 3224, State=8
Read data: 147984024, left: 19234
Finish read data: 128
Data left: 3096, State=4
----------------------
Available data: 3096, State=4
Read chunk type
Chunk Type 3
Chunk ID: 6
Data left: 3095, State=6
----------------------
Available data: 3095, State=6
Data left: 3095, State=8
----------------------
Available data: 3095, State=8
Read data: 147984024, left: 19106
Finish read data: 128
Data left: 2967, State=4
----------------------
Available data: 2967, State=4
Read chunk type
Chunk Type 3
Chunk ID: 6
Data left: 2966, State=6
----------------------
Available data: 2966, State=6
Data left: 2966, State=8
----------------------
Available data: 2966, State=8
Read data: 147984024, left: 18978
Finish read data: 128
Data left: 2838, State=4
----------------------
Available data: 2838, State=4
Read chunk type
Chunk Type 3
Chunk ID: 6
Data left: 2837, State=6
----------------------
Available data: 2837, State=6
Data left: 2837, State=8
----------------------
Available data: 2837, State=8
Read data: 147984024, left: 18850
Finish read data: 128
Data left: 2709, State=4
----------------------
Available data: 2709, State=4
Read chunk type
Chunk Type 3
Chunk ID: 6
Data left: 2708, State=6
----------------------
Available data: 2708, State=6
Data left: 2708, State=8
----------------------
Available data: 2708, State=8
Read data: 147984024, left: 18722
Finish read data: 128
Data left: 2580, State=4
----------------------
Available data: 2580, State=4
Read chunk type
Chunk Type 3
Chunk ID: 6
Data left: 2579, State=6
----------------------
Available data: 2579, State=6
Data left: 2579, State=8
----------------------
Available data: 2579, State=8
Read data: 147984024, left: 18594
Finish read data: 128
Data left: 2451, State=4
----------------------
Available data: 2451, State=4
Read chunk type
Chunk Type 3
Chunk ID: 6
Data left: 2450, State=6
----------------------
Available data: 2450, State=6
Data left: 2450, State=8
----------------------
Available data: 2450, State=8
Read data: 147984024, left: 18466
Finish read data: 128
Data left: 2322, State=4
----------------------
Available data: 2322, State=4
Read chunk type
Chunk Type 3
Chunk ID: 6
Data left: 2321, State=6
----------------------
Available data: 2321, State=6
Data left: 2321, State=8
----------------------
Available data: 2321, State=8
Read data: 147984024, left: 18338
Finish read data: 128
Data left: 2193, State=4
----------------------
Available data: 2193, State=4
Read chunk type
Chunk Type 3
Chunk ID: 6
Data left: 2192, State=6
----------------------
Available data: 2192, State=6
Data left: 2192, State=8
----------------------
Available data: 2192, State=8
Read data: 147984024, left: 18210
Finish read data: 128
Data left: 2064, State=4
----------------------
Available data: 2064, State=4
Read chunk type
Chunk Type 3
Chunk ID: 6
Data left: 2063, State=6
----------------------
Available data: 2063, State=6
Data left: 2063, State=8
----------------------
Available data: 2063, State=8
Read data: 147984024, left: 18082
Finish read data: 128
Data left: 1935, State=4
----------------------
Available data: 1935, State=4
Read chunk type
Chunk Type 3
Chunk ID: 6
Data left: 1934, State=6
----------------------
Available data: 1934, State=6
Data left: 1934, State=8
----------------------
Available data: 1934, State=8
Read data: 147984024, left: 17954
Finish read data: 128
Data left: 1806, State=4
----------------------
Available data: 1806, State=4
Read chunk type
Chunk Type 3
Chunk ID: 6
Data left: 1805, State=6
----------------------
Available data: 1805, State=6
Data left: 1805, State=8
----------------------
Available data: 1805, State=8
Read data: 147984024, left: 17826
Finish read data: 128
Data left: 1677, State=4
----------------------
Available data: 1677, State=4
Read chunk type
Chunk Type 3
Chunk ID: 6
Data left: 1676, State=6
----------------------
Available data: 1676, State=6
Data left: 1676, State=8
----------------------
Available data: 1676, State=8
Read data: 147984024, left: 17698
Finish read data: 128
Data left: 1548, State=4
----------------------
Available data: 1548, State=4
Read chunk type
Chunk Type 3
Chunk ID: 6
Data left: 1547, State=6
----------------------
Available data: 1547, State=6
Data left: 1547, State=8
----------------------
Available data: 1547, State=8
Read data: 147984024, left: 17570
Finish read data: 128
Data left: 1419, State=4
----------------------
Available data: 1419, State=4
Read chunk type
Chunk Type 3
Chunk ID: 6
Data left: 1418, State=6
----------------------
Available data: 1418, State=6
Data left: 1418, State=8
----------------------
Available data: 1418, State=8
Read data: 147984024, left: 17442
Finish read data: 128
Data left: 1290, State=4
----------------------
Available data: 1290, State=4
Read chunk type
Chunk Type 3
Chunk ID: 6
Data left: 1289, State=6
----------------------
Available data: 1289, State=6
Data left: 1289, State=8
----------------------
Available data: 1289, State=8
Read data: 147984024, left: 17314
Finish read data: 128
Data left: 1161, State=4
----------------------
Available data: 1161, State=4
Read chunk type
Chunk Type 3
Chunk ID: 6
Data left: 1160, State=6
----------------------
Available data: 1160, State=6
Data left: 1160, State=8
----------------------
Available data: 1160, State=8
Read data: 147984024, left: 17186
Finish read data: 128
Data left: 1032, State=4
----------------------
Available data: 1032, State=4
Read chunk type
Chunk Type 3
Chunk ID: 6
Data left: 1031, State=6
----------------------
Available data: 1031, State=6
Data left: 1031, State=8
----------------------
Available data: 1031, State=8
Read data: 147984024, left: 17058
Finish read data: 128
Data left: 903, State=4
----------------------
Available data: 903, State=4
Read chunk type
Chunk Type 3
Chunk ID: 6
Data left: 902, State=6
----------------------
Available data: 902, State=6
Data left: 902, State=8
----------------------
Available data: 902, State=8
Read data: 147984024, left: 16930
Finish read data: 128
Data left: 774, State=4
----------------------
Available data: 774, State=4
Read chunk type
Chunk Type 3
Chunk ID: 6
Data left: 773, State=6
----------------------
Available data: 773, State=6
Data left: 773, State=8
----------------------
Available data: 773, State=8
Read data: 147984024, left: 16802
Finish read data: 128
Data left: 645, State=4
----------------------
Available data: 645, State=4
Read chunk type
Chunk Type 3
Chunk ID: 6
Data left: 644, State=6
----------------------
Available data: 644, State=6
Data left: 644, State=8
----------------------
Available data: 644, State=8
Read data: 147984024, left: 16674
Finish read data: 128
Data left: 516, State=4
----------------------
Available data: 516, State=4
Read chunk type
Chunk Type 3
Chunk ID: 6
Data left: 515, State=6
----------------------
Available data: 515, State=6
Data left: 515, State=8
----------------------
Available data: 515, State=8
Read data: 147984024, left: 16546
Finish read data: 128
Data left: 387, State=4
----------------------
Available data: 387, State=4
Read chunk type
Chunk Type 3
Chunk ID: 6
Data left: 386, State=6
----------------------
Available data: 386, State=6
Data left: 386, State=8
----------------------
Available data: 386, State=8
Read data: 147984024, left: 16418
Finish read data: 128
Data left: 258, State=4
----------------------
Available data: 258, State=4
Read chunk type
Chunk Type 3
Chunk ID: 6
Data left: 257, State=6
----------------------
Available data: 257, State=6
Data left: 257, State=8
----------------------
Available data: 257, State=8
Read data: 147984024, left: 16290
Finish read data: 128
Data left: 129, State=4
----------------------
Available data: 129, State=4
Read chunk type
Chunk Type 3
Chunk ID: 6
Data left: 128, State=6
----------------------
Available data: 128, State=6
Data left: 128, State=8
----------------------
Available data: 128, State=8
Read data: 147984024, left: 16162
Finish read data: 128
Data left: 0, State=4
Receiving: 4096 0 4096 131073
----------------------
Available data: 4096, State=4
Read chunk type
Chunk Type 3
Chunk ID: 6
Data left: 4095, State=6
----------------------
Available data: 4095, State=6
Data left: 4095, State=8
----------------------
Available data: 4095, State=8
Read data: 147984024, left: 16034
Finish read data: 128
Data left: 3967, State=4
----------------------
Available data: 3967, State=4
Read chunk type
Chunk Type 3
Chunk ID: 6
Data left: 3966, State=6
----------------------
Available data: 3966, State=6
Data left: 3966, State=8
----------------------
Available data: 3966, State=8
Read data: 147984024, left: 15906
Finish read data: 128
Data left: 3838, State=4
----------------------
Available data: 3838, State=4
Read chunk type
Chunk Type 3
Chunk ID: 6
Data left: 3837, State=6
----------------------
Available data: 3837, State=6
Data left: 3837, State=8
----------------------
Available data: 3837, State=8
Read data: 147984024, left: 15778
Finish read data: 128
Data left: 3709, State=4
----------------------
Available data: 3709, State=4
Read chunk type
Chunk Type 3
Chunk ID: 6
Data left: 3708, State=6
----------------------
Available data: 3708, State=6
Data left: 3708, State=8
----------------------
Available data: 3708, State=8
Read data: 147984024, left: 15650
Finish read data: 128
Data left: 3580, State=4
----------------------
Available data: 3580, State=4
Read chunk type
Chunk Type 3
Chunk ID: 6
Data left: 3579, State=6
----------------------
Available data: 3579, State=6
Data left: 3579, State=8
----------------------
Available data: 3579, State=8
Read data: 147984024, left: 15522
Finish read data: 128
Data left: 3451, State=4
----------------------
Available data: 3451, State=4
Read chunk type
Chunk Type 3
Chunk ID: 6
Data left: 3450, State=6
----------------------
Available data: 3450, State=6
Data left: 3450, State=8
----------------------
Available data: 3450, State=8
Read data: 147984024, left: 15394
Finish read data: 128
Data left: 3322, State=4
----------------------
Available data: 3322, State=4
Read chunk type
Chunk Type 3
Chunk ID: 6
Data left: 3321, State=6
----------------------
Available data: 3321, State=6
Data left: 3321, State=8
----------------------
Available data: 3321, State=8
Read data: 147984024, left: 15266
Finish read data: 128
Data left: 3193, State=4
----------------------
Available data: 3193, State=4
Read chunk type
Chunk Type 3
Chunk ID: 6
Data left: 3192, State=6
----------------------
Available data: 3192, State=6
Data left: 3192, State=8
----------------------
Available data: 3192, State=8
Read data: 147984024, left: 15138
Finish read data: 128
Data left: 3064, State=4
----------------------
Available data: 3064, State=4
Read chunk type
Chunk Type 3
Chunk ID: 6
Data left: 3063, State=6
----------------------
Available data: 3063, State=6
Data left: 3063, State=8
----------------------
Available data: 3063, State=8
Read data: 147984024, left: 15010
Finish read data: 128
Data left: 2935, State=4
----------------------
Available data: 2935, State=4
Read chunk type
Chunk Type 3
Chunk ID: 6
Data left: 2934, State=6
----------------------
Available data: 2934, State=6
Data left: 2934, State=8
----------------------
Available data: 2934, State=8
Read data: 147984024, left: 14882
Finish read data: 128
Data left: 2806, State=4
----------------------
Available data: 2806, State=4
Read chunk type
Chunk Type 3
Chunk ID: 6
Data left: 2805, State=6
----------------------
Available data: 2805, State=6
Data left: 2805, State=8
----------------------
Available data: 2805, State=8
Read data: 147984024, left: 14754
Finish read data: 128
Data left: 2677, State=4
----------------------
Available data: 2677, State=4
Read chunk type
Chunk Type 3
Chunk ID: 6
Data left: 2676, State=6
----------------------
Available data: 2676, State=6
Data left: 2676, State=8
----------------------
Available data: 2676, State=8
Read data: 147984024, left: 14626
Finish read data: 128
Data left: 2548, State=4
----------------------
Available data: 2548, State=4
Read chunk type
Chunk Type 3
Chunk ID: 6
Data left: 2547, State=6
----------------------
Available data: 2547, State=6
Data left: 2547, State=8
----------------------
Available data: 2547, State=8
Read data: 147984024, left: 14498
Finish read data: 128
Data left: 2419, State=4
----------------------
Available data: 2419, State=4
Read chunk type
Chunk Type 3
Chunk ID: 6
Data left: 2418, State=6
----------------------
Available data: 2418, State=6
Data left: 2418, State=8
----------------------
Available data: 2418, State=8
Read data: 147984024, left: 14370
Finish read data: 128
Data left: 2290, State=4
----------------------
Available data: 2290, State=4
Read chunk type
Chunk Type 3
Chunk ID: 6
Data left: 2289, State=6
----------------------
Available data: 2289, State=6
Data left: 2289, State=8
----------------------
Available data: 2289, State=8
Read data: 147984024, left: 14242
Finish read data: 128
Data left: 2161, State=4
----------------------
Available data: 2161, State=4
Read chunk type
Chunk Type 3
Chunk ID: 6
Data left: 2160, State=6
----------------------
Available data: 2160, State=6
Data left: 2160, State=8
----------------------
Available data: 2160, State=8
Read data: 147984024, left: 14114
Finish read data: 128
Data left: 2032, State=4
----------------------
Available data: 2032, State=4
Read chunk type
Chunk Type 3
Chunk ID: 6
Data left: 2031, State=6
----------------------
Available data: 2031, State=6
Data left: 2031, State=8
----------------------
Available data: 2031, State=8
Read data: 147984024, left: 13986
Finish read data: 128
Data left: 1903, State=4
----------------------
Available data: 1903, State=4
Read chunk type
Chunk Type 3
Chunk ID: 6
Data left: 1902, State=6
----------------------
Available data: 1902, State=6
Data left: 1902, State=8
----------------------
Available data: 1902, State=8
Read data: 147984024, left: 13858
Finish read data: 128
Data left: 1774, State=4
----------------------
Available data: 1774, State=4
Read chunk type
Chunk Type 3
Chunk ID: 6
Data left: 1773, State=6
----------------------
Available data: 1773, State=6
Data left: 1773, State=8
----------------------
Available data: 1773, State=8
Read data: 147984024, left: 13730
Finish read data: 128
Data left: 1645, State=4
----------------------
Available data: 1645, State=4
Read chunk type
Chunk Type 3
Chunk ID: 6
Data left: 1644, State=6
----------------------
Available data: 1644, State=6
Data left: 1644, State=8
----------------------
Available data: 1644, State=8
Read data: 147984024, left: 13602
Finish read data: 128
Data left: 1516, State=4
----------------------
Available data: 1516, State=4
Read chunk type
Chunk Type 3
Chunk ID: 6
Data left: 1515, State=6
----------------------
Available data: 1515, State=6
Data left: 1515, State=8
----------------------
Available data: 1515, State=8
Read data: 147984024, left: 13474
Finish read data: 128
Data left: 1387, State=4
----------------------
Available data: 1387, State=4
Read chunk type
Chunk Type 3
Chunk ID: 6
Data left: 1386, State=6
----------------------
Available data: 1386, State=6
Data left: 1386, State=8
----------------------
Available data: 1386, State=8
Read data: 147984024, left: 13346
Finish read data: 128
Data left: 1258, State=4
----------------------
Available data: 1258, State=4
Read chunk type
Chunk Type 3
Chunk ID: 6
Data left: 1257, State=6
----------------------
Available data: 1257, State=6
Data left: 1257, State=8
----------------------
Available data: 1257, State=8
Read data: 147984024, left: 13218
Finish read data: 128
Data left: 1129, State=4
----------------------
Available data: 1129, State=4
Read chunk type
Chunk Type 3
Chunk ID: 6
Data left: 1128, State=6
----------------------
Available data: 1128, State=6
Data left: 1128, State=8
----------------------
Available data: 1128, State=8
Read data: 147984024, left: 13090
Finish read data: 128
Data left: 1000, State=4
----------------------
Available data: 1000, State=4
Read chunk type
Chunk Type 3
Chunk ID: 6
Data left: 999, State=6
----------------------
Available data: 999, State=6
Data left: 999, State=8
----------------------
Available data: 999, State=8
Read data: 147984024, left: 12962
Finish read data: 128
Data left: 871, State=4
----------------------
Available data: 871, State=4
Read chunk type
Chunk Type 3
Chunk ID: 6
Data left: 870, State=6
----------------------
Available data: 870, State=6
Data left: 870, State=8
----------------------
Available data: 870, State=8
Read data: 147984024, left: 12834
Finish read data: 128
Data left: 742, State=4
----------------------
Available data: 742, State=4
Read chunk type
Chunk Type 3
Chunk ID: 6
Data left: 741, State=6
----------------------
Available data: 741, State=6
Data left: 741, State=8
----------------------
Available data: 741, State=8
Read data: 147984024, left: 12706
Finish read data: 128
Data left: 613, State=4
----------------------
Available data: 613, State=4
Read chunk type
Chunk Type 3
Chunk ID: 6
Data left: 612, State=6
----------------------
Available data: 612, State=6
Data left: 612, State=8
----------------------
Available data: 612, State=8
Read data: 147984024, left: 12578
Finish read data: 128
Data left: 484, State=4
----------------------
Available data: 484, State=4
Read chunk type
Chunk Type 3
Chunk ID: 6
Data left: 483, State=6
----------------------
Available data: 483, State=6
Data left: 483, State=8
----------------------
Available data: 483, State=8
Read data: 147984024, left: 12450
Finish read data: 128
Data left: 355, State=4
----------------------
Available data: 355, State=4
Read chunk type
Chunk Type 3
Chunk ID: 6
Data left: 354, State=6
----------------------
Available data: 354, State=6
Data left: 354, State=8
----------------------
Available data: 354, State=8
Read data: 147984024, left: 12322
Finish read data: 128
Data left: 226, State=4
----------------------
Available data: 226, State=4
Read chunk type
Chunk Type 3
Chunk ID: 6
Data left: 225, State=6
----------------------
Available data: 225, State=6
Data left: 225, State=8
----------------------
Available data: 225, State=8
Read data: 147984024, left: 12194
Finish read data: 128
Data left: 97, State=4
----------------------
Available data: 97, State=4
Read chunk type
Chunk Type 3
Chunk ID: 6
Data left: 96, State=6
----------------------
Available data: 96, State=6
Data left: 96, State=8
----------------------
Available data: 96, State=8
Data left: 96, State=8
Receiving: 8417 4000 12513 131073
----------------------
Available data: 8513, State=8
Read data: 147984024, left: 12066
Finish read data: 128
Data left: 8385, State=4
----------------------
Available data: 8385, State=4
Read chunk type
Chunk Type 3
Chunk ID: 6
Data left: 8384, State=6
----------------------
Available data: 8384, State=6
Data left: 8384, State=8
----------------------
Available data: 8384, State=8
Read data: 147984024, left: 11938
Finish read data: 128
Data left: 8256, State=4
----------------------
Available data: 8256, State=4
Read chunk type
Chunk Type 3
Chunk ID: 6
Data left: 8255, State=6
----------------------
Available data: 8255, State=6
Data left: 8255, State=8
----------------------
Available data: 8255, State=8
Read data: 147984024, left: 11810
Finish read data: 128
Data left: 8127, State=4
----------------------
Available data: 8127, State=4
Read chunk type
Chunk Type 3
Chunk ID: 6
Data left: 8126, State=6
----------------------
Available data: 8126, State=6
Data left: 8126, State=8
----------------------
Available data: 8126, State=8
Read data: 147984024, left: 11682
Finish read data: 128
Data left: 7998, State=4
----------------------
Available data: 7998, State=4
Read chunk type
Chunk Type 3
Chunk ID: 6
Data left: 7997, State=6
----------------------
Available data: 7997, State=6
Data left: 7997, State=8
----------------------
Available data: 7997, State=8
Read data: 147984024, left: 11554
Finish read data: 128
Data left: 7869, State=4
----------------------
Available data: 7869, State=4
Read chunk type
Chunk Type 3
Chunk ID: 6
Data left: 7868, State=6
----------------------
Available data: 7868, State=6
Data left: 7868, State=8
----------------------
Available data: 7868, State=8
Read data: 147984024, left: 11426
Finish read data: 128
Data left: 7740, State=4
----------------------
Available data: 7740, State=4
Read chunk type
Chunk Type 3
Chunk ID: 6
Data left: 7739, State=6
----------------------
Available data: 7739, State=6
Data left: 7739, State=8
----------------------
Available data: 7739, State=8
Read data: 147984024, left: 11298
Finish read data: 128
Data left: 7611, State=4
----------------------
Available data: 7611, State=4
Read chunk type
Chunk Type 3
Chunk ID: 6
Data left: 7610, State=6
----------------------
Available data: 7610, State=6
Data left: 7610, State=8
----------------------
Available data: 7610, State=8
Read data: 147984024, left: 11170
Finish read data: 128
Data left: 7482, State=4
----------------------
Available data: 7482, State=4
Read chunk type
Chunk Type 3
Chunk ID: 6
Data left: 7481, State=6
----------------------
Available data: 7481, State=6
Data left: 7481, State=8
----------------------
Available data: 7481, State=8
Read data: 147984024, left: 11042
Finish read data: 128
Data left: 7353, State=4
----------------------
Available data: 7353, State=4
Read chunk type
Chunk Type 3
Chunk ID: 6
Data left: 7352, State=6
----------------------
Available data: 7352, State=6
Data left: 7352, State=8
----------------------
Available data: 7352, State=8
Read data: 147984024, left: 10914
Finish read data: 128
Data left: 7224, State=4
----------------------
Available data: 7224, State=4
Read chunk type
Chunk Type 3
Chunk ID: 6
Data left: 7223, State=6
----------------------
Available data: 7223, State=6
Data left: 7223, State=8
----------------------
Available data: 7223, State=8
Read data: 147984024, left: 10786
Finish read data: 128
Data left: 7095, State=4
----------------------
Available data: 7095, State=4
Read chunk type
Chunk Type 3
Chunk ID: 6
Data left: 7094, State=6
----------------------
Available data: 7094, State=6
Data left: 7094, State=8
----------------------
Available data: 7094, State=8
Read data: 147984024, left: 10658
Finish read data: 128
Data left: 6966, State=4
----------------------
Available data: 6966, State=4
Read chunk type
Chunk Type 3
Chunk ID: 6
Data left: 6965, State=6
----------------------
Available data: 6965, State=6
Data left: 6965, State=8
----------------------
Available data: 6965, State=8
Read data: 147984024, left: 10530
Finish read data: 128
Data left: 6837, State=4
----------------------
Available data: 6837, State=4
Read chunk type
Chunk Type 3
Chunk ID: 6
Data left: 6836, State=6
----------------------
Available data: 6836, State=6
Data left: 6836, State=8
----------------------
Available data: 6836, State=8
Read data: 147984024, left: 10402
Finish read data: 128
Data left: 6708, State=4
----------------------
Available data: 6708, State=4
Read chunk type
Chunk Type 3
Chunk ID: 6
Data left: 6707, State=6
----------------------
Available data: 6707, State=6
Data left: 6707, State=8
----------------------
Available data: 6707, State=8
Read data: 147984024, left: 10274
Finish read data: 128
Data left: 6579, State=4
----------------------
Available data: 6579, State=4
Read chunk type
Chunk Type 3
Chunk ID: 6
Data left: 6578, State=6
----------------------
Available data: 6578, State=6
Data left: 6578, State=8
----------------------
Available data: 6578, State=8
Read data: 147984024, left: 10146
Finish read data: 128
Data left: 6450, State=4
----------------------
Available data: 6450, State=4
Read chunk type
Chunk Type 3
Chunk ID: 6
Data left: 6449, State=6
----------------------
Available data: 6449, State=6
Data left: 6449, State=8
----------------------
Available data: 6449, State=8
Read data: 147984024, left: 10018
Finish read data: 128
Data left: 6321, State=4
----------------------
Available data: 6321, State=4
Read chunk type
Chunk Type 3
Chunk ID: 6
Data left: 6320, State=6
----------------------
Available data: 6320, State=6
Data left: 6320, State=8
----------------------
Available data: 6320, State=8
Read data: 147984024, left: 9890
Finish read data: 128
Data left: 6192, State=4
----------------------
Available data: 6192, State=4
Read chunk type
Chunk Type 3
Chunk ID: 6
Data left: 6191, State=6
----------------------
Available data: 6191, State=6
Data left: 6191, State=8
----------------------
Available data: 6191, State=8
Read data: 147984024, left: 9762
Finish read data: 128
Data left: 6063, State=4
----------------------
Available data: 6063, State=4
Read chunk type
Chunk Type 3
Chunk ID: 6
Data left: 6062, State=6
----------------------
Available data: 6062, State=6
Data left: 6062, State=8
----------------------
Available data: 6062, State=8
Read data: 147984024, left: 9634
Finish read data: 128
Data left: 5934, State=4
----------------------
Available data: 5934, State=4
Read chunk type
Chunk Type 3
Chunk ID: 6
Data left: 5933, State=6
----------------------
Available data: 5933, State=6
Data left: 5933, State=8
----------------------
Available data: 5933, State=8
Read data: 147984024, left: 9506
Finish read data: 128
Data left: 5805, State=4
----------------------
Available data: 5805, State=4
Read chunk type
Chunk Type 3
Chunk ID: 6
Data left: 5804, State=6
----------------------
Available data: 5804, State=6
Data left: 5804, State=8
----------------------
Available data: 5804, State=8
Read data: 147984024, left: 9378
Finish read data: 128
Data left: 5676, State=4
----------------------
Available data: 5676, State=4
Read chunk type
Chunk Type 3
Chunk ID: 6
Data left: 5675, State=6
----------------------
Available data: 5675, State=6
Data left: 5675, State=8
----------------------
Available data: 5675, State=8
Read data: 147984024, left: 9250
Finish read data: 128
Data left: 5547, State=4
----------------------
Available data: 5547, State=4
Read chunk type
Chunk Type 3
Chunk ID: 6
Data left: 5546, State=6
----------------------
Available data: 5546, State=6
Data left: 5546, State=8
----------------------
Available data: 5546, State=8
Read data: 147984024, left: 9122
Finish read data: 128
Data left: 5418, State=4
----------------------
Available data: 5418, State=4
Read chunk type
Chunk Type 3
Chunk ID: 6
Data left: 5417, State=6
----------------------
Available data: 5417, State=6
Data left: 5417, State=8
----------------------
Available data: 5417, State=8
Read data: 147984024, left: 8994
Finish read data: 128
Data left: 5289, State=4
----------------------
Available data: 5289, State=4
Read chunk type
Chunk Type 3
Chunk ID: 6
Data left: 5288, State=6
----------------------
Available data: 5288, State=6
Data left: 5288, State=8
----------------------
Available data: 5288, State=8
Read data: 147984024, left: 8866
Finish read data: 128
Data left: 5160, State=4
----------------------
Available data: 5160, State=4
Read chunk type
Chunk Type 3
Chunk ID: 6
Data left: 5159, State=6
----------------------
Available data: 5159, State=6
Data left: 5159, State=8
----------------------
Available data: 5159, State=8
Read data: 147984024, left: 8738
Finish read data: 128
Data left: 5031, State=4
----------------------
Available data: 5031, State=4
Read chunk type
Chunk Type 3
Chunk ID: 6
Data left: 5030, State=6
----------------------
Available data: 5030, State=6
Data left: 5030, State=8
----------------------
Available data: 5030, State=8
Read data: 147984024, left: 8610
Finish read data: 128
Data left: 4902, State=4
----------------------
Available data: 4902, State=4
Read chunk type
Chunk Type 3
Chunk ID: 6
Data left: 4901, State=6
----------------------
Available data: 4901, State=6
Data left: 4901, State=8
----------------------
Available data: 4901, State=8
Read data: 147984024, left: 8482
Finish read data: 128
Data left: 4773, State=4
----------------------
Available data: 4773, State=4
Read chunk type
Chunk Type 3
Chunk ID: 6
Data left: 4772, State=6
----------------------
Available data: 4772, State=6
Data left: 4772, State=8
----------------------
Available data: 4772, State=8
Read data: 147984024, left: 8354
Finish read data: 128
Data left: 4644, State=4
----------------------
Available data: 4644, State=4
Read chunk type
Chunk Type 3
Chunk ID: 6
Data left: 4643, State=6
----------------------
Available data: 4643, State=6
Data left: 4643, State=8
----------------------
Available data: 4643, State=8
Read data: 147984024, left: 8226
Finish read data: 128
Data left: 4515, State=4
----------------------
Available data: 4515, State=4
Read chunk type
Chunk Type 3
Chunk ID: 6
Data left: 4514, State=6
----------------------
Available data: 4514, State=6
Data left: 4514, State=8
----------------------
Available data: 4514, State=8
Read data: 147984024, left: 8098
Finish read data: 128
Data left: 4386, State=4
----------------------
Available data: 4386, State=4
Read chunk type
Chunk Type 3
Chunk ID: 6
Data left: 4385, State=6
----------------------
Available data: 4385, State=6
Data left: 4385, State=8
----------------------
Available data: 4385, State=8
Read data: 147984024, left: 7970
Finish read data: 128
Data left: 4257, State=4
----------------------
Available data: 4257, State=4
Read chunk type
Chunk Type 3
Chunk ID: 6
Data left: 4256, State=6
----------------------
Available data: 4256, State=6
Data left: 4256, State=8
----------------------
Available data: 4256, State=8
Read data: 147984024, left: 7842
Finish read data: 128
Data left: 4128, State=4
----------------------
Available data: 4128, State=4
Read chunk type
Chunk Type 3
Chunk ID: 6
Data left: 4127, State=6
----------------------
Available data: 4127, State=6
Data left: 4127, State=8
----------------------
Available data: 4127, State=8
Read data: 147984024, left: 7714
Finish read data: 128
Data left: 3999, State=4
----------------------
Available data: 3999, State=4
Read chunk type
Chunk Type 3
Chunk ID: 6
Data left: 3998, State=6
----------------------
Available data: 3998, State=6
Data left: 3998, State=8
----------------------
Available data: 3998, State=8
Read data: 147984024, left: 7586
Finish read data: 128
Data left: 3870, State=4
----------------------
Available data: 3870, State=4
Read chunk type
Chunk Type 3
Chunk ID: 6
Data left: 3869, State=6
----------------------
Available data: 3869, State=6
Data left: 3869, State=8
----------------------
Available data: 3869, State=8
Read data: 147984024, left: 7458
Finish read data: 128
Data left: 3741, State=4
----------------------
Available data: 3741, State=4
Read chunk type
Chunk Type 3
Chunk ID: 6
Data left: 3740, State=6
----------------------
Available data: 3740, State=6
Data left: 3740, State=8
----------------------
Available data: 3740, State=8
Read data: 147984024, left: 7330
Finish read data: 128
Data left: 3612, State=4
----------------------
Available data: 3612, State=4
Read chunk type
Chunk Type 3
Chunk ID: 6
Data left: 3611, State=6
----------------------
Available data: 3611, State=6
Data left: 3611, State=8
----------------------
Available data: 3611, State=8
Read data: 147984024, left: 7202
Finish read data: 128
Data left: 3483, State=4
----------------------
Available data: 3483, State=4
Read chunk type
Chunk Type 3
Chunk ID: 6
Data left: 3482, State=6
----------------------
Available data: 3482, State=6
Data left: 3482, State=8
----------------------
Available data: 3482, State=8
Read data: 147984024, left: 7074
Finish read data: 128
Data left: 3354, State=4
----------------------
Available data: 3354, State=4
Read chunk type
Chunk Type 3
Chunk ID: 6
Data left: 3353, State=6
----------------------
Available data: 3353, State=6
Data left: 3353, State=8
----------------------
Available data: 3353, State=8
Read data: 147984024, left: 6946
Finish read data: 128
Data left: 3225, State=4
----------------------
Available data: 3225, State=4
Read chunk type
Chunk Type 3
Chunk ID: 6
Data left: 3224, State=6
----------------------
Available data: 3224, State=6
Data left: 3224, State=8
----------------------
Available data: 3224, State=8
Read data: 147984024, left: 6818
Finish read data: 128
Data left: 3096, State=4
----------------------
Available data: 3096, State=4
Read chunk type
Chunk Type 3
Chunk ID: 6
Data left: 3095, State=6
----------------------
Available data: 3095, State=6
Data left: 3095, State=8
----------------------
Available data: 3095, State=8
Read data: 147984024, left: 6690
Finish read data: 128
Data left: 2967, State=4
----------------------
Available data: 2967, State=4
Read chunk type
Chunk Type 3
Chunk ID: 6
Data left: 2966, State=6
----------------------
Available data: 2966, State=6
Data left: 2966, State=8
----------------------
Available data: 2966, State=8
Read data: 147984024, left: 6562
Finish read data: 128
Data left: 2838, State=4
----------------------
Available data: 2838, State=4
Read chunk type
Chunk Type 3
Chunk ID: 6
Data left: 2837, State=6
----------------------
Available data: 2837, State=6
Data left: 2837, State=8
----------------------
Available data: 2837, State=8
Read data: 147984024, left: 6434
Finish read data: 128
Data left: 2709, State=4
----------------------
Available data: 2709, State=4
Read chunk type
Chunk Type 3
Chunk ID: 6
Data left: 2708, State=6
----------------------
Available data: 2708, State=6
Data left: 2708, State=8
----------------------
Available data: 2708, State=8
Read data: 147984024, left: 6306
Finish read data: 128
Data left: 2580, State=4
----------------------
Available data: 2580, State=4
Read chunk type
Chunk Type 3
Chunk ID: 6
Data left: 2579, State=6
----------------------
Available data: 2579, State=6
Data left: 2579, State=8
----------------------
Available data: 2579, State=8
Read data: 147984024, left: 6178
Finish read data: 128
Data left: 2451, State=4
----------------------
Available data: 2451, State=4
Read chunk type
Chunk Type 3
Chunk ID: 6
Data left: 2450, State=6
----------------------
Available data: 2450, State=6
Data left: 2450, State=8
----------------------
Available data: 2450, State=8
Read data: 147984024, left: 6050
Finish read data: 128
Data left: 2322, State=4
----------------------
Available data: 2322, State=4
Read chunk type
Chunk Type 3
Chunk ID: 6
Data left: 2321, State=6
----------------------
Available data: 2321, State=6
Data left: 2321, State=8
----------------------
Available data: 2321, State=8
Read data: 147984024, left: 5922
Finish read data: 128
Data left: 2193, State=4
----------------------
Available data: 2193, State=4
Read chunk type
Chunk Type 3
Chunk ID: 6
Data left: 2192, State=6
----------------------
Available data: 2192, State=6
Data left: 2192, State=8
----------------------
Available data: 2192, State=8
Read data: 147984024, left: 5794
Finish read data: 128
Data left: 2064, State=4
----------------------
Available data: 2064, State=4
Read chunk type
Chunk Type 3
Chunk ID: 6
Data left: 2063, State=6
----------------------
Available data: 2063, State=6
Data left: 2063, State=8
----------------------
Available data: 2063, State=8
Read data: 147984024, left: 5666
Finish read data: 128
Data left: 1935, State=4
----------------------
Available data: 1935, State=4
Read chunk type
Chunk Type 3
Chunk ID: 6
Data left: 1934, State=6
----------------------
Available data: 1934, State=6
Data left: 1934, State=8
----------------------
Available data: 1934, State=8
Read data: 147984024, left: 5538
Finish read data: 128
Data left: 1806, State=4
----------------------
Available data: 1806, State=4
Read chunk type
Chunk Type 3
Chunk ID: 6
Data left: 1805, State=6
----------------------
Available data: 1805, State=6
Data left: 1805, State=8
----------------------
Available data: 1805, State=8
Read data: 147984024, left: 5410
Finish read data: 128
Data left: 1677, State=4
----------------------
Available data: 1677, State=4
Read chunk type
Chunk Type 3
Chunk ID: 6
Data left: 1676, State=6
----------------------
Available data: 1676, State=6
Data left: 1676, State=8
----------------------
Available data: 1676, State=8
Read data: 147984024, left: 5282
Finish read data: 128
Data left: 1548, State=4
----------------------
Available data: 1548, State=4
Read chunk type
Chunk Type 3
Chunk ID: 6
Data left: 1547, State=6
----------------------
Available data: 1547, State=6
Data left: 1547, State=8
----------------------
Available data: 1547, State=8
Read data: 147984024, left: 5154
Finish read data: 128
Data left: 1419, State=4
----------------------
Available data: 1419, State=4
Read chunk type
Chunk Type 3
Chunk ID: 6
Data left: 1418, State=6
----------------------
Available data: 1418, State=6
Data left: 1418, State=8
----------------------
Available data: 1418, State=8
Read data: 147984024, left: 5026
Finish read data: 128
Data left: 1290, State=4
----------------------
Available data: 1290, State=4
Read chunk type
Chunk Type 3
Chunk ID: 6
Data left: 1289, State=6
----------------------
Available data: 1289, State=6
Data left: 1289, State=8
----------------------
Available data: 1289, State=8
Read data: 147984024, left: 4898
Finish read data: 128
Data left: 1161, State=4
----------------------
Available data: 1161, State=4
Read chunk type
Chunk Type 3
Chunk ID: 6
Data left: 1160, State=6
----------------------
Available data: 1160, State=6
Data left: 1160, State=8
----------------------
Available data: 1160, State=8
Read data: 147984024, left: 4770
Finish read data: 128
Data left: 1032, State=4
----------------------
Available data: 1032, State=4
Read chunk type
Chunk Type 3
Chunk ID: 6
Data left: 1031, State=6
----------------------
Available data: 1031, State=6
Data left: 1031, State=8
----------------------
Available data: 1031, State=8
Read data: 147984024, left: 4642
Finish read data: 128
Data left: 903, State=4
----------------------
Available data: 903, State=4
Read chunk type
Chunk Type 3
Chunk ID: 6
Data left: 902, State=6
----------------------
Available data: 902, State=6
Data left: 902, State=8
----------------------
Available data: 902, State=8
Read data: 147984024, left: 4514
Finish read data: 128
Data left: 774, State=4
----------------------
Available data: 774, State=4
Read chunk type
Chunk Type 3
Chunk ID: 6
Data left: 773, State=6
----------------------
Available data: 773, State=6
Data left: 773, State=8
----------------------
Available data: 773, State=8
Read data: 147984024, left: 4386
Finish read data: 128
Data left: 645, State=4
----------------------
Available data: 645, State=4
Read chunk type
Chunk Type 3
Chunk ID: 6
Data left: 644, State=6
----------------------
Available data: 644, State=6
Data left: 644, State=8
----------------------
Available data: 644, State=8
Read data: 147984024, left: 4258
Finish read data: 128
Data left: 516, State=4
----------------------
Available data: 516, State=4
Read chunk type
Chunk Type 3
Chunk ID: 6
Data left: 515, State=6
----------------------
Available data: 515, State=6
Data left: 515, State=8
----------------------
Available data: 515, State=8
Read data: 147984024, left: 4130
Finish read data: 128
Data left: 387, State=4
----------------------
Available data: 387, State=4
Read chunk type
Chunk Type 3
Chunk ID: 6
Data left: 386, State=6
----------------------
Available data: 386, State=6
Data left: 386, State=8
----------------------
Available data: 386, State=8
Read data: 147984024, left: 4002
Finish read data: 128
Data left: 258, State=4
----------------------
Available data: 258, State=4
Read chunk type
Chunk Type 3
Chunk ID: 6
Data left: 257, State=6
----------------------
Available data: 257, State=6
Data left: 257, State=8
----------------------
Available data: 257, State=8
Read data: 147984024, left: 3874
Finish read data: 128
Data left: 129, State=4
----------------------
Available data: 129, State=4
Read chunk type
Chunk Type 3
Chunk ID: 6
Data left: 128, State=6
----------------------
Available data: 128, State=6
Data left: 128, State=8
----------------------
Available data: 128, State=8
Read data: 147984024, left: 3746
Finish read data: 128
Data left: 0, State=4
Receiving: 3647 0 3647 131073
----------------------
Available data: 3647, State=4
Read chunk type
Chunk Type 3
Chunk ID: 6
Data left: 3646, State=6
----------------------
Available data: 3646, State=6
Data left: 3646, State=8
----------------------
Available data: 3646, State=8
Read data: 147984024, left: 3618
Finish read data: 128
Data left: 3518, State=4
----------------------
Available data: 3518, State=4
Read chunk type
Chunk Type 3
Chunk ID: 6
Data left: 3517, State=6
----------------------
Available data: 3517, State=6
Data left: 3517, State=8
----------------------
Available data: 3517, State=8
Read data: 147984024, left: 3490
Finish read data: 128
Data left: 3389, State=4
----------------------
Available data: 3389, State=4
Read chunk type
Chunk Type 3
Chunk ID: 6
Data left: 3388, State=6
----------------------
Available data: 3388, State=6
Data left: 3388, State=8
----------------------
Available data: 3388, State=8
Read data: 147984024, left: 3362
Finish read data: 128
Data left: 3260, State=4
----------------------
Available data: 3260, State=4
Read chunk type
Chunk Type 3
Chunk ID: 6
Data left: 3259, State=6
----------------------
Available data: 3259, State=6
Data left: 3259, State=8
----------------------
Available data: 3259, State=8
Read data: 147984024, left: 3234
Finish read data: 128
Data left: 3131, State=4
----------------------
Available data: 3131, State=4
Read chunk type
Chunk Type 3
Chunk ID: 6
Data left: 3130, State=6
----------------------
Available data: 3130, State=6
Data left: 3130, State=8
----------------------
Available data: 3130, State=8
Read data: 147984024, left: 3106
Finish read data: 128
Data left: 3002, State=4
----------------------
Available data: 3002, State=4
Read chunk type
Chunk Type 3
Chunk ID: 6
Data left: 3001, State=6
----------------------
Available data: 3001, State=6
Data left: 3001, State=8
----------------------
Available data: 3001, State=8
Read data: 147984024, left: 2978
Finish read data: 128
Data left: 2873, State=4
----------------------
Available data: 2873, State=4
Read chunk type
Chunk Type 3
Chunk ID: 6
Data left: 2872, State=6
----------------------
Available data: 2872, State=6
Data left: 2872, State=8
----------------------
Available data: 2872, State=8
Read data: 147984024, left: 2850
Finish read data: 128
Data left: 2744, State=4
----------------------
Available data: 2744, State=4
Read chunk type
Chunk Type 3
Chunk ID: 6
Data left: 2743, State=6
----------------------
Available data: 2743, State=6
Data left: 2743, State=8
----------------------
Available data: 2743, State=8
Read data: 147984024, left: 2722
Finish read data: 128
Data left: 2615, State=4
----------------------
Available data: 2615, State=4
Read chunk type
Chunk Type 3
Chunk ID: 6
Data left: 2614, State=6
----------------------
Available data: 2614, State=6
Data left: 2614, State=8
----------------------
Available data: 2614, State=8
Read data: 147984024, left: 2594
Finish read data: 128
Data left: 2486, State=4
----------------------
Available data: 2486, State=4
Read chunk type
Chunk Type 3
Chunk ID: 6
Data left: 2485, State=6
----------------------
Available data: 2485, State=6
Data left: 2485, State=8
----------------------
Available data: 2485, State=8
Read data: 147984024, left: 2466
Finish read data: 128
Data left: 2357, State=4
----------------------
Available data: 2357, State=4
Read chunk type
Chunk Type 3
Chunk ID: 6
Data left: 2356, State=6
----------------------
Available data: 2356, State=6
Data left: 2356, State=8
----------------------
Available data: 2356, State=8
Read data: 147984024, left: 2338
Finish read data: 128
Data left: 2228, State=4
----------------------
Available data: 2228, State=4
Read chunk type
Chunk Type 3
Chunk ID: 6
Data left: 2227, State=6
----------------------
Available data: 2227, State=6
Data left: 2227, State=8
----------------------
Available data: 2227, State=8
Read data: 147984024, left: 2210
Finish read data: 128
Data left: 2099, State=4
----------------------
Available data: 2099, State=4
Read chunk type
Chunk Type 3
Chunk ID: 6
Data left: 2098, State=6
----------------------
Available data: 2098, State=6
Data left: 2098, State=8
----------------------
Available data: 2098, State=8
Read data: 147984024, left: 2082
Finish read data: 128
Data left: 1970, State=4
----------------------
Available data: 1970, State=4
Read chunk type
Chunk Type 3
Chunk ID: 6
Data left: 1969, State=6
----------------------
Available data: 1969, State=6
Data left: 1969, State=8
----------------------
Available data: 1969, State=8
Read data: 147984024, left: 1954
Finish read data: 128
Data left: 1841, State=4
----------------------
Available data: 1841, State=4
Read chunk type
Chunk Type 3
Chunk ID: 6
Data left: 1840, State=6
----------------------
Available data: 1840, State=6
Data left: 1840, State=8
----------------------
Available data: 1840, State=8
Read data: 147984024, left: 1826
Finish read data: 128
Data left: 1712, State=4
----------------------
Available data: 1712, State=4
Read chunk type
Chunk Type 3
Chunk ID: 6
Data left: 1711, State=6
----------------------
Available data: 1711, State=6
Data left: 1711, State=8
----------------------
Available data: 1711, State=8
Read data: 147984024, left: 1698
Finish read data: 128
Data left: 1583, State=4
----------------------
Available data: 1583, State=4
Read chunk type
Chunk Type 3
Chunk ID: 6
Data left: 1582, State=6
----------------------
Available data: 1582, State=6
Data left: 1582, State=8
----------------------
Available data: 1582, State=8
Read data: 147984024, left: 1570
Finish read data: 128
Data left: 1454, State=4
----------------------
Available data: 1454, State=4
Read chunk type
Chunk Type 3
Chunk ID: 6
Data left: 1453, State=6
----------------------
Available data: 1453, State=6
Data left: 1453, State=8
----------------------
Available data: 1453, State=8
Read data: 147984024, left: 1442
Finish read data: 128
Data left: 1325, State=4
----------------------
Available data: 1325, State=4
Read chunk type
Chunk Type 3
Chunk ID: 6
Data left: 1324, State=6
----------------------
Available data: 1324, State=6
Data left: 1324, State=8
----------------------
Available data: 1324, State=8
Read data: 147984024, left: 1314
Finish read data: 128
Data left: 1196, State=4
----------------------
Available data: 1196, State=4
Read chunk type
Chunk Type 3
Chunk ID: 6
Data left: 1195, State=6
----------------------
Available data: 1195, State=6
Data left: 1195, State=8
----------------------
Available data: 1195, State=8
Read data: 147984024, left: 1186
Finish read data: 128
Data left: 1067, State=4
----------------------
Available data: 1067, State=4
Read chunk type
Chunk Type 3
Chunk ID: 6
Data left: 1066, State=6
----------------------
Available data: 1066, State=6
Data left: 1066, State=8
----------------------
Available data: 1066, State=8
Read data: 147984024, left: 1058
Finish read data: 128
Data left: 938, State=4
----------------------
Available data: 938, State=4
Read chunk type
Chunk Type 3
Chunk ID: 6
Data left: 937, State=6
----------------------
Available data: 937, State=6
Data left: 937, State=8
----------------------
Available data: 937, State=8
Read data: 147984024, left: 930
Finish read data: 128
Data left: 809, State=4
----------------------
Available data: 809, State=4
Read chunk type
Chunk Type 3
Chunk ID: 6
Data left: 808, State=6
----------------------
Available data: 808, State=6
Data left: 808, State=8
----------------------
Available data: 808, State=8
Read data: 147984024, left: 802
Finish read data: 128
Data left: 680, State=4
----------------------
Available data: 680, State=4
Read chunk type
Chunk Type 3
Chunk ID: 6
Data left: 679, State=6
----------------------
Available data: 679, State=6
Data left: 679, State=8
----------------------
Available data: 679, State=8
Read data: 147984024, left: 674
Finish read data: 128
Data left: 551, State=4
----------------------
Available data: 551, State=4
Read chunk type
Chunk Type 3
Chunk ID: 6
Data left: 550, State=6
----------------------
Available data: 550, State=6
Data left: 550, State=8
----------------------
Available data: 550, State=8
Read data: 147984024, left: 546
Finish read data: 128
Data left: 422, State=4
----------------------
Available data: 422, State=4
Read chunk type
Chunk Type 3
Chunk ID: 6
Data left: 421, State=6
----------------------
Available data: 421, State=6
Data left: 421, State=8
----------------------
Available data: 421, State=8
Read data: 147984024, left: 418
Finish read data: 128
Data left: 293, State=4
----------------------
Available data: 293, State=4
Read chunk type
Chunk Type 3
Chunk ID: 6
Data left: 292, State=6
----------------------
Available data: 292, State=6
Data left: 292, State=8
----------------------
Available data: 292, State=8
Read data: 147984024, left: 290
Finish read data: 128
Data left: 164, State=4
----------------------
Available data: 164, State=4
Read chunk type
Chunk Type 3
Chunk ID: 6
Data left: 163, State=6
----------------------
Available data: 163, State=6
Data left: 163, State=8
----------------------
Available data: 163, State=8
Read data: 147984024, left: 162
Finish read data: 128
Data left: 35, State=4
----------------------
Available data: 35, State=4
Read chunk type
Chunk Type 3
Chunk ID: 6
Data left: 34, State=6
----------------------
Available data: 34, State=6
Data left: 34, State=8
----------------------
Available data: 34, State=8
Read data: 147984024, left: 34
Finish read data: 34

Data left: 0, State=4
Receiving: 4096 0 4096 131073
----------------------
Available data: 4096, State=4
Read chunk type
Chunk Type 1
Chunk ID: 6
Data left: 4095, State=6
----------------------
Available data: 4095, State=6
Read header type 0
Timestamp=538, message_length=88038, message_type=9, message_stream_id=16777216
Data left: 4088, State=8
----------------------
Available data: 4088, State=8
Read data: 147984024, left: 88038
Finish read data: 128
Data left: 3960, State=4
----------------------
Available data: 3960, State=4
Read chunk type
Chunk Type 3
Chunk ID: 6
Data left: 3959, State=6
----------------------
Available data: 3959, State=6
Data left: 3959, State=8
----------------------
Available data: 3959, State=8
Read data: 147984024, left: 87910
Finish read data: 128
Data left: 3831, State=4
----------------------
Available data: 3831, State=4
Read chunk type
Chunk Type 3
Chunk ID: 6
Data left: 3830, State=6
----------------------
Available data: 3830, State=6
Data left: 3830, State=8
----------------------
Available data: 3830, State=8
Read data: 147984024, left: 87782
Finish read data: 128
Data left: 3702, State=4
----------------------
Available data: 3702, State=4
Read chunk type
Chunk Type 3
Chunk ID: 6
Data left: 3701, State=6
----------------------
Available data: 3701, State=6
Data left: 3701, State=8
----------------------
Available data: 3701, State=8
Read data: 147984024, left: 87654
Finish read data: 128
Data left: 3573, State=4
----------------------
Available data: 3573, State=4
Read chunk type
Chunk Type 3
Chunk ID: 6
Data left: 3572, State=6
----------------------
Available data: 3572, State=6
Data left: 3572, State=8
----------------------
Available data: 3572, State=8
Read data: 147984024, left: 87526
Finish read data: 128
Data left: 3444, State=4
----------------------
Available data: 3444, State=4
Read chunk type
Chunk Type 3
Chunk ID: 6
Data left: 3443, State=6
----------------------
Available data: 3443, State=6
Data left: 3443, State=8
----------------------
Available data: 3443, State=8
Read data: 147984024, left: 87398
Finish read data: 128
Data left: 3315, State=4
----------------------
Available data: 3315, State=4
Read chunk type
Chunk Type 3
Chunk ID: 6
Data left: 3314, State=6
----------------------
Available data: 3314, State=6
Data left: 3314, State=8
----------------------
Available data: 3314, State=8
Read data: 147984024, left: 87270
Finish read data: 128
Data left: 3186, State=4
----------------------
Available data: 3186, State=4
Read chunk type
Chunk Type 3
Chunk ID: 6
Data left: 3185, State=6
----------------------
Available data: 3185, State=6
Data left: 3185, State=8
----------------------
Available data: 3185, State=8
Read data: 147984024, left: 87142
Finish read data: 128
Data left: 3057, State=4
----------------------
Available data: 3057, State=4
Read chunk type
Chunk Type 3
Chunk ID: 6
Data left: 3056, State=6
----------------------
Available data: 3056, State=6
Data left: 3056, State=8
----------------------
Available data: 3056, State=8
Read data: 147984024, left: 87014
Finish read data: 128
Data left: 2928, State=4
----------------------
Available data: 2928, State=4
Read chunk type
Chunk Type 3
Chunk ID: 6
Data left: 2927, State=6
----------------------
Available data: 2927, State=6
Data left: 2927, State=8
----------------------
Available data: 2927, State=8
Read data: 147984024, left: 86886
Finish read data: 128
Data left: 2799, State=4
----------------------
Available data: 2799, State=4
Read chunk type
Chunk Type 3
Chunk ID: 6
Data left: 2798, State=6
----------------------
Available data: 2798, State=6
Data left: 2798, State=8
----------------------
Available data: 2798, State=8
Read data: 147984024, left: 86758
Finish read data: 128
Data left: 2670, State=4
----------------------
Available data: 2670, State=4
Read chunk type
Chunk Type 3
Chunk ID: 6
Data left: 2669, State=6
----------------------
Available data: 2669, State=6
Data left: 2669, State=8
----------------------
Available data: 2669, State=8
Read data: 147984024, left: 86630
Finish read data: 128
Data left: 2541, State=4
----------------------
Available data: 2541, State=4
Read chunk type
Chunk Type 3
Chunk ID: 6
Data left: 2540, State=6
----------------------
Available data: 2540, State=6
Data left: 2540, State=8
----------------------
Available data: 2540, State=8
Read data: 147984024, left: 86502
Finish read data: 128
Data left: 2412, State=4
----------------------
Available data: 2412, State=4
Read chunk type
Chunk Type 3
Chunk ID: 6
Data left: 2411, State=6
----------------------
Available data: 2411, State=6
Data left: 2411, State=8
----------------------
Available data: 2411, State=8
Read data: 147984024, left: 86374
Finish read data: 128
Data left: 2283, State=4
----------------------
Available data: 2283, State=4
Read chunk type
Chunk Type 3
Chunk ID: 6
Data left: 2282, State=6
----------------------
Available data: 2282, State=6
Data left: 2282, State=8
----------------------
Available data: 2282, State=8
Read data: 147984024, left: 86246
Finish read data: 128
Data left: 2154, State=4
----------------------
Available data: 2154, State=4
Read chunk type
Chunk Type 3
Chunk ID: 6
Data left: 2153, State=6
----------------------
Available data: 2153, State=6
Data left: 2153, State=8
----------------------
Available data: 2153, State=8
Read data: 147984024, left: 86118
Finish read data: 128
Data left: 2025, State=4
----------------------
Available data: 2025, State=4
Read chunk type
Chunk Type 3
Chunk ID: 6
Data left: 2024, State=6
----------------------
Available data: 2024, State=6
Data left: 2024, State=8
----------------------
Available data: 2024, State=8
Read data: 147984024, left: 85990
Finish read data: 128
Data left: 1896, State=4
----------------------
Available data: 1896, State=4
Read chunk type
Chunk Type 3
Chunk ID: 6
Data left: 1895, State=6
----------------------
Available data: 1895, State=6
Data left: 1895, State=8
----------------------
Available data: 1895, State=8
Read data: 147984024, left: 85862
Finish read data: 128
Data left: 1767, State=4
----------------------
Available data: 1767, State=4
Read chunk type
Chunk Type 3
Chunk ID: 6
Data left: 1766, State=6
----------------------
Available data: 1766, State=6
Data left: 1766, State=8
----------------------
Available data: 1766, State=8
Read data: 147984024, left: 85734
Finish read data: 128
Data left: 1638, State=4
----------------------
Available data: 1638, State=4
Read chunk type
Chunk Type 3
Chunk ID: 6
Data left: 1637, State=6
----------------------
Available data: 1637, State=6
Data left: 1637, State=8
----------------------
Available data: 1637, State=8
Read data: 147984024, left: 85606
Finish read data: 128
Data left: 1509, State=4
----------------------
Available data: 1509, State=4
Read chunk type
Chunk Type 3
Chunk ID: 6
Data left: 1508, State=6
----------------------
Available data: 1508, State=6
Data left: 1508, State=8
----------------------
Available data: 1508, State=8
Read data: 147984024, left: 85478
Finish read data: 128
Data left: 1380, State=4
----------------------
Available data: 1380, State=4
Read chunk type
Chunk Type 3
Chunk ID: 6
Data left: 1379, State=6
----------------------
Available data: 1379, State=6
Data left: 1379, State=8
----------------------
Available data: 1379, State=8
Read data: 147984024, left: 85350
Finish read data: 128
Data left: 1251, State=4
----------------------
Available data: 1251, State=4
Read chunk type
Chunk Type 3
Chunk ID: 6
Data left: 1250, State=6
----------------------
Available data: 1250, State=6
Data left: 1250, State=8
----------------------
Available data: 1250, State=8
Read data: 147984024, left: 85222
Finish read data: 128
Data left: 1122, State=4
----------------------
Available data: 1122, State=4
Read chunk type
Chunk Type 3
Chunk ID: 6
Data left: 1121, State=6
----------------------
Available data: 1121, State=6
Data left: 1121, State=8
----------------------
Available data: 1121, State=8
Read data: 147984024, left: 85094
Finish read data: 128
Data left: 993, State=4
----------------------
Available data: 993, State=4
Read chunk type
Chunk Type 3
Chunk ID: 6
Data left: 992, State=6
----------------------
Available data: 992, State=6
Data left: 992, State=8
----------------------
Available data: 992, State=8
Read data: 147984024, left: 84966
Finish read data: 128
Data left: 864, State=4
----------------------
Available data: 864, State=4
Read chunk type
Chunk Type 3
Chunk ID: 6
Data left: 863, State=6
----------------------
Available data: 863, State=6
Data left: 863, State=8
----------------------
Available data: 863, State=8
Read data: 147984024, left: 84838
Finish read data: 128
Data left: 735, State=4
----------------------
Available data: 735, State=4
Read chunk type
Chunk Type 3
Chunk ID: 6
Data left: 734, State=6
----------------------
Available data: 734, State=6
Data left: 734, State=8
----------------------
Available data: 734, State=8
Read data: 147984024, left: 84710
Finish read data: 128
Data left: 606, State=4
----------------------
Available data: 606, State=4
Read chunk type
Chunk Type 3
Chunk ID: 6
Data left: 605, State=6
----------------------
Available data: 605, State=6
Data left: 605, State=8
----------------------
Available data: 605, State=8
Read data: 147984024, left: 84582
Finish read data: 128
Data left: 477, State=4
----------------------
Available data: 477, State=4
Read chunk type
Chunk Type 3
Chunk ID: 6
Data left: 476, State=6
----------------------
Available data: 476, State=6
Data left: 476, State=8
----------------------
Available data: 476, State=8
Read data: 147984024, left: 84454
Finish read data: 128
Data left: 348, State=4
----------------------
Available data: 348, State=4
Read chunk type
Chunk Type 3
Chunk ID: 6
Data left: 347, State=6
----------------------
Available data: 347, State=6
Data left: 347, State=8
----------------------
Available data: 347, State=8
Read data: 147984024, left: 84326
Finish read data: 128
Data left: 219, State=4
----------------------
Available data: 219, State=4
Read chunk type
Chunk Type 3
Chunk ID: 6
Data left: 218, State=6
----------------------
Available data: 218, State=6
Data left: 218, State=8
----------------------
Available data: 218, State=8
Read data: 147984024, left: 84198
Finish read data: 128
Data left: 90, State=4
----------------------
Available data: 90, State=4
Read chunk type
Chunk Type 3
Chunk ID: 6
Data left: 89, State=6
----------------------
Available data: 89, State=6
Data left: 89, State=8
----------------------
Available data: 89, State=8
Data left: 89, State=8
Receiving: 4096 4007 8192 131073
----------------------
Available data: 4185, State=8
Read data: 147984024, left: 84070
Finish read data: 128
Data left: 4057, State=4
----------------------
Available data: 4057, State=4
Read chunk type
Chunk Type 3
Chunk ID: 6
Data left: 4056, State=6
----------------------
Available data: 4056, State=6
Data left: 4056, State=8
----------------------
Available data: 4056, State=8
Read data: 147984024, left: 83942
Finish read data: 128
Data left: 3928, State=4
----------------------
Available data: 3928, State=4
Read chunk type
Chunk Type 3
Chunk ID: 6
Data left: 3927, State=6
----------------------
Available data: 3927, State=6
Data left: 3927, State=8
----------------------
Available data: 3927, State=8
Read data: 147984024, left: 83814
Finish read data: 128
Data left: 3799, State=4
----------------------
Available data: 3799, State=4
Read chunk type
Chunk Type 3
Chunk ID: 6
Data left: 3798, State=6
----------------------
Available data: 3798, State=6
Data left: 3798, State=8
----------------------
Available data: 3798, State=8
Read data: 147984024, left: 83686
Finish read data: 128
Data left: 3670, State=4
----------------------
Available data: 3670, State=4
Read chunk type
Chunk Type 3
Chunk ID: 6
Data left: 3669, State=6
----------------------
Available data: 3669, State=6
Data left: 3669, State=8
----------------------
Available data: 3669, State=8
Read data: 147984024, left: 83558
Finish read data: 128
Data left: 3541, State=4
----------------------
Available data: 3541, State=4
Read chunk type
Chunk Type 3
Chunk ID: 6
Data left: 3540, State=6
----------------------
Available data: 3540, State=6
Data left: 3540, State=8
----------------------
Available data: 3540, State=8
Read data: 147984024, left: 83430
Finish read data: 128
Data left: 3412, State=4
----------------------
Available data: 3412, State=4
Read chunk type
Chunk Type 3
Chunk ID: 6
Data left: 3411, State=6
----------------------
Available data: 3411, State=6
Data left: 3411, State=8
----------------------
Available data: 3411, State=8
Read data: 147984024, left: 83302
Finish read data: 128
Data left: 3283, State=4
----------------------
Available data: 3283, State=4
Read chunk type
Chunk Type 3
Chunk ID: 6
Data left: 3282, State=6
----------------------
Available data: 3282, State=6
Data left: 3282, State=8
----------------------
Available data: 3282, State=8
Read data: 147984024, left: 83174
Finish read data: 128
Data left: 3154, State=4
----------------------
Available data: 3154, State=4
Read chunk type
Chunk Type 3
Chunk ID: 6
Data left: 3153, State=6
----------------------
Available data: 3153, State=6
Data left: 3153, State=8
----------------------
Available data: 3153, State=8
Read data: 147984024, left: 83046
Finish read data: 128
Data left: 3025, State=4
----------------------
Available data: 3025, State=4
Read chunk type
Chunk Type 3
Chunk ID: 6
Data left: 3024, State=6
----------------------
Available data: 3024, State=6
Data left: 3024, State=8
----------------------
Available data: 3024, State=8
Read data: 147984024, left: 82918
Finish read data: 128
Data left: 2896, State=4
----------------------
Available data: 2896, State=4
Read chunk type
Chunk Type 3
Chunk ID: 6
Data left: 2895, State=6
----------------------
Available data: 2895, State=6
Data left: 2895, State=8
----------------------
Available data: 2895, State=8
Read data: 147984024, left: 82790
Finish read data: 128
Data left: 2767, State=4
----------------------
Available data: 2767, State=4
Read chunk type
Chunk Type 3
Chunk ID: 6
Data left: 2766, State=6
----------------------
Available data: 2766, State=6
Data left: 2766, State=8
----------------------
Available data: 2766, State=8
Read data: 147984024, left: 82662
Finish read data: 128
Data left: 2638, State=4
----------------------
Available data: 2638, State=4
Read chunk type
Chunk Type 3
Chunk ID: 6
Data left: 2637, State=6
----------------------
Available data: 2637, State=6
Data left: 2637, State=8
----------------------
Available data: 2637, State=8
Read data: 147984024, left: 82534
Finish read data: 128
Data left: 2509, State=4
----------------------
Available data: 2509, State=4
Read chunk type
Chunk Type 3
Chunk ID: 6
Data left: 2508, State=6
----------------------
Available data: 2508, State=6
Data left: 2508, State=8
----------------------
Available data: 2508, State=8
Read data: 147984024, left: 82406
Finish read data: 128
Data left: 2380, State=4
----------------------
Available data: 2380, State=4
Read chunk type
Chunk Type 3
Chunk ID: 6
Data left: 2379, State=6
----------------------
Available data: 2379, State=6
Data left: 2379, State=8
----------------------
Available data: 2379, State=8
Read data: 147984024, left: 82278
Finish read data: 128
Data left: 2251, State=4
----------------------
Available data: 2251, State=4
Read chunk type
Chunk Type 3
Chunk ID: 6
Data left: 2250, State=6
----------------------
Available data: 2250, State=6
Data left: 2250, State=8
----------------------
Available data: 2250, State=8
Read data: 147984024, left: 82150
Finish read data: 128
Data left: 2122, State=4
----------------------
Available data: 2122, State=4
Read chunk type
Chunk Type 3
Chunk ID: 6
Data left: 2121, State=6
----------------------
Available data: 2121, State=6
Data left: 2121, State=8
----------------------
Available data: 2121, State=8
Read data: 147984024, left: 82022
Finish read data: 128
Data left: 1993, State=4
----------------------
Available data: 1993, State=4
Read chunk type
Chunk Type 3
Chunk ID: 6
Data left: 1992, State=6
----------------------
Available data: 1992, State=6
Data left: 1992, State=8
----------------------
Available data: 1992, State=8
Read data: 147984024, left: 81894
Finish read data: 128
Data left: 1864, State=4
----------------------
Available data: 1864, State=4
Read chunk type
Chunk Type 3
Chunk ID: 6
Data left: 1863, State=6
----------------------
Available data: 1863, State=6
Data left: 1863, State=8
----------------------
Available data: 1863, State=8
Read data: 147984024, left: 81766
Finish read data: 128
Data left: 1735, State=4
----------------------
Available data: 1735, State=4
Read chunk type
Chunk Type 3
Chunk ID: 6
Data left: 1734, State=6
----------------------
Available data: 1734, State=6
Data left: 1734, State=8
----------------------
Available data: 1734, State=8
Read data: 147984024, left: 81638
Finish read data: 128
Data left: 1606, State=4
----------------------
Available data: 1606, State=4
Read chunk type
Chunk Type 3
Chunk ID: 6
Data left: 1605, State=6
----------------------
Available data: 1605, State=6
Data left: 1605, State=8
----------------------
Available data: 1605, State=8
Read data: 147984024, left: 81510
Finish read data: 128
Data left: 1477, State=4
----------------------
Available data: 1477, State=4
Read chunk type
Chunk Type 3
Chunk ID: 6
Data left: 1476, State=6
----------------------
Available data: 1476, State=6
Data left: 1476, State=8
----------------------
Available data: 1476, State=8
Read data: 147984024, left: 81382
Finish read data: 128
Data left: 1348, State=4
----------------------
Available data: 1348, State=4
Read chunk type
Chunk Type 3
Chunk ID: 6
Data left: 1347, State=6
----------------------
Available data: 1347, State=6
Data left: 1347, State=8
----------------------
Available data: 1347, State=8
Read data: 147984024, left: 81254
Finish read data: 128
Data left: 1219, State=4
----------------------
Available data: 1219, State=4
Read chunk type
Chunk Type 3
Chunk ID: 6
Data left: 1218, State=6
----------------------
Available data: 1218, State=6
Data left: 1218, State=8
----------------------
Available data: 1218, State=8
Read data: 147984024, left: 81126
Finish read data: 128
Data left: 1090, State=4
----------------------
Available data: 1090, State=4
Read chunk type
Chunk Type 3
Chunk ID: 6
Data left: 1089, State=6
----------------------
Available data: 1089, State=6
Data left: 1089, State=8
----------------------
Available data: 1089, State=8
Read data: 147984024, left: 80998
Finish read data: 128
Data left: 961, State=4
----------------------
Available data: 961, State=4
Read chunk type
Chunk Type 3
Chunk ID: 6
Data left: 960, State=6
----------------------
Available data: 960, State=6
Data left: 960, State=8
----------------------
Available data: 960, State=8
Read data: 147984024, left: 80870
Finish read data: 128
Data left: 832, State=4
----------------------
Available data: 832, State=4
Read chunk type
Chunk Type 3
Chunk ID: 6
Data left: 831, State=6
----------------------
Available data: 831, State=6
Data left: 831, State=8
----------------------
Available data: 831, State=8
Read data: 147984024, left: 80742
Finish read data: 128
Data left: 703, State=4
----------------------
Available data: 703, State=4
Read chunk type
Chunk Type 3
Chunk ID: 6
Data left: 702, State=6
----------------------
Available data: 702, State=6
Data left: 702, State=8
----------------------
Available data: 702, State=8
Read data: 147984024, left: 80614
Finish read data: 128
Data left: 574, State=4
----------------------
Available data: 574, State=4
Read chunk type
Chunk Type 3
Chunk ID: 6
Data left: 573, State=6
----------------------
Available data: 573, State=6
Data left: 573, State=8
----------------------
Available data: 573, State=8
Read data: 147984024, left: 80486
Finish read data: 128
Data left: 445, State=4
----------------------
Available data: 445, State=4
Read chunk type
Chunk Type 3
Chunk ID: 6
Data left: 444, State=6
----------------------
Available data: 444, State=6
Data left: 444, State=8
----------------------
Available data: 444, State=8
Read data: 147984024, left: 80358
Finish read data: 128
Data left: 316, State=4
----------------------
Available data: 316, State=4
Read chunk type
Chunk Type 3
Chunk ID: 6
Data left: 315, State=6
----------------------
Available data: 315, State=6
Data left: 315, State=8
----------------------
Available data: 315, State=8
Read data: 147984024, left: 80230
Finish read data: 128
Data left: 187, State=4
----------------------
Available data: 187, State=4
Read chunk type
Chunk Type 3
Chunk ID: 6
Data left: 186, State=6
----------------------
Available data: 186, State=6
Data left: 186, State=8
----------------------
Available data: 186, State=8
Read data: 147984024, left: 80102
Finish read data: 128
Data left: 58, State=4
----------------------
Available data: 58, State=4
Read chunk type
Chunk Type 3
Chunk ID: 6
Data left: 57, State=6
----------------------
Available data: 57, State=6
Data left: 57, State=8
----------------------
Available data: 57, State=8
Data left: 57, State=8
Receiving: 4096 8135 12288 131073
----------------------
Available data: 4153, State=8
Read data: 147984024, left: 79974
Finish read data: 128
Data left: 4025, State=4
----------------------
Available data: 4025, State=4
Read chunk type
Chunk Type 3
Chunk ID: 6
Data left: 4024, State=6
----------------------
Available data: 4024, State=6
Data left: 4024, State=8
----------------------
Available data: 4024, State=8
Read data: 147984024, left: 79846
Finish read data: 128
Data left: 3896, State=4
----------------------
Available data: 3896, State=4
Read chunk type
Chunk Type 3
Chunk ID: 6
Data left: 3895, State=6
----------------------
Available data: 3895, State=6
Data left: 3895, State=8
----------------------
Available data: 3895, State=8
Read data: 147984024, left: 79718
Finish read data: 128
Data left: 3767, State=4
----------------------
Available data: 3767, State=4
Read chunk type
Chunk Type 3
Chunk ID: 6
Data left: 3766, State=6
----------------------
Available data: 3766, State=6
Data left: 3766, State=8
----------------------
Available data: 3766, State=8
Read data: 147984024, left: 79590
Finish read data: 128
Data left: 3638, State=4
----------------------
Available data: 3638, State=4
Read chunk type
Chunk Type 3
Chunk ID: 6
Data left: 3637, State=6
----------------------
Available data: 3637, State=6
Data left: 3637, State=8
----------------------
Available data: 3637, State=8
Read data: 147984024, left: 79462
Finish read data: 128
Data left: 3509, State=4
----------------------
Available data: 3509, State=4
Read chunk type
Chunk Type 3
Chunk ID: 6
Data left: 3508, State=6
----------------------
Available data: 3508, State=6
Data left: 3508, State=8
----------------------
Available data: 3508, State=8
Read data: 147984024, left: 79334
Finish read data: 128
Data left: 3380, State=4
----------------------
Available data: 3380, State=4
Read chunk type
Chunk Type 3
Chunk ID: 6
Data left: 3379, State=6
----------------------
Available data: 3379, State=6
Data left: 3379, State=8
----------------------
Available data: 3379, State=8
Read data: 147984024, left: 79206
Finish read data: 128
Data left: 3251, State=4
----------------------
Available data: 3251, State=4
Read chunk type
Chunk Type 3
Chunk ID: 6
Data left: 3250, State=6
----------------------
Available data: 3250, State=6
Data left: 3250, State=8
----------------------
Available data: 3250, State=8
Read data: 147984024, left: 79078
Finish read data: 128
Data left: 3122, State=4
----------------------
Available data: 3122, State=4
Read chunk type
Chunk Type 3
Chunk ID: 6
Data left: 3121, State=6
----------------------
Available data: 3121, State=6
Data left: 3121, State=8
----------------------
Available data: 3121, State=8
Read data: 147984024, left: 78950
Finish read data: 128
Data left: 2993, State=4
----------------------
Available data: 2993, State=4
Read chunk type
Chunk Type 3
Chunk ID: 6
Data left: 2992, State=6
----------------------
Available data: 2992, State=6
Data left: 2992, State=8
----------------------
Available data: 2992, State=8
Read data: 147984024, left: 78822
Finish read data: 128
Data left: 2864, State=4
----------------------
Available data: 2864, State=4
Read chunk type
Chunk Type 3
Chunk ID: 6
Data left: 2863, State=6
----------------------
Available data: 2863, State=6
Data left: 2863, State=8
----------------------
Available data: 2863, State=8
Read data: 147984024, left: 78694
Finish read data: 128
Data left: 2735, State=4
----------------------
Available data: 2735, State=4
Read chunk type
Chunk Type 3
Chunk ID: 6
Data left: 2734, State=6
----------------------
Available data: 2734, State=6
Data left: 2734, State=8
----------------------
Available data: 2734, State=8
Read data: 147984024, left: 78566
Finish read data: 128
Data left: 2606, State=4
----------------------
Available data: 2606, State=4
Read chunk type
Chunk Type 3
Chunk ID: 6
Data left: 2605, State=6
----------------------
Available data: 2605, State=6
Data left: 2605, State=8
----------------------
Available data: 2605, State=8
Read data: 147984024, left: 78438
Finish read data: 128
Data left: 2477, State=4
----------------------
Available data: 2477, State=4
Read chunk type
Chunk Type 3
Chunk ID: 6
Data left: 2476, State=6
----------------------
Available data: 2476, State=6
Data left: 2476, State=8
----------------------
Available data: 2476, State=8
Read data: 147984024, left: 78310
Finish read data: 128
Data left: 2348, State=4
----------------------
Available data: 2348, State=4
Read chunk type
Chunk Type 3
Chunk ID: 6
Data left: 2347, State=6
----------------------
Available data: 2347, State=6
Data left: 2347, State=8
----------------------
Available data: 2347, State=8
Read data: 147984024, left: 78182
Finish read data: 128
Data left: 2219, State=4
----------------------
Available data: 2219, State=4
Read chunk type
Chunk Type 3
Chunk ID: 6
Data left: 2218, State=6
----------------------
Available data: 2218, State=6
Data left: 2218, State=8
----------------------
Available data: 2218, State=8
Read data: 147984024, left: 78054
Finish read data: 128
Data left: 2090, State=4
----------------------
Available data: 2090, State=4
Read chunk type
Chunk Type 3
Chunk ID: 6
Data left: 2089, State=6
----------------------
Available data: 2089, State=6
Data left: 2089, State=8
----------------------
Available data: 2089, State=8
Read data: 147984024, left: 77926
Finish read data: 128
Data left: 1961, State=4
----------------------
Available data: 1961, State=4
Read chunk type
Chunk Type 3
Chunk ID: 6
Data left: 1960, State=6
----------------------
Available data: 1960, State=6
Data left: 1960, State=8
----------------------
Available data: 1960, State=8
Read data: 147984024, left: 77798
Finish read data: 128
Data left: 1832, State=4
----------------------
Available data: 1832, State=4
Read chunk type
Chunk Type 3
Chunk ID: 6
Data left: 1831, State=6
----------------------
Available data: 1831, State=6
Data left: 1831, State=8
----------------------
Available data: 1831, State=8
Read data: 147984024, left: 77670
Finish read data: 128
Data left: 1703, State=4
----------------------
Available data: 1703, State=4
Read chunk type
Chunk Type 3
Chunk ID: 6
Data left: 1702, State=6
----------------------
Available data: 1702, State=6
Data left: 1702, State=8
----------------------
Available data: 1702, State=8
Read data: 147984024, left: 77542
Finish read data: 128
Data left: 1574, State=4
----------------------
Available data: 1574, State=4
Read chunk type
Chunk Type 3
Chunk ID: 6
Data left: 1573, State=6
----------------------
Available data: 1573, State=6
Data left: 1573, State=8
----------------------
Available data: 1573, State=8
Read data: 147984024, left: 77414
Finish read data: 128
Data left: 1445, State=4
----------------------
Available data: 1445, State=4
Read chunk type
Chunk Type 3
Chunk ID: 6
Data left: 1444, State=6
----------------------
Available data: 1444, State=6
Data left: 1444, State=8
----------------------
Available data: 1444, State=8
Read data: 147984024, left: 77286
Finish read data: 128
Data left: 1316, State=4
----------------------
Available data: 1316, State=4
Read chunk type
Chunk Type 3
Chunk ID: 6
Data left: 1315, State=6
----------------------
Available data: 1315, State=6
Data left: 1315, State=8
----------------------
Available data: 1315, State=8
Read data: 147984024, left: 77158
Finish read data: 128
Data left: 1187, State=4
----------------------
Available data: 1187, State=4
Read chunk type
Chunk Type 3
Chunk ID: 6
Data left: 1186, State=6
----------------------
Available data: 1186, State=6
Data left: 1186, State=8
----------------------
Available data: 1186, State=8
Read data: 147984024, left: 77030
Finish read data: 128
Data left: 1058, State=4
----------------------
Available data: 1058, State=4
Read chunk type
Chunk Type 3
Chunk ID: 6
Data left: 1057, State=6
----------------------
Available data: 1057, State=6
Data left: 1057, State=8
----------------------
Available data: 1057, State=8
Read data: 147984024, left: 76902
Finish read data: 128
Data left: 929, State=4
----------------------
Available data: 929, State=4
Read chunk type
Chunk Type 3
Chunk ID: 6
Data left: 928, State=6
----------------------
Available data: 928, State=6
Data left: 928, State=8
----------------------
Available data: 928, State=8
Read data: 147984024, left: 76774
Finish read data: 128
Data left: 800, State=4
----------------------
Available data: 800, State=4
Read chunk type
Chunk Type 3
Chunk ID: 6
Data left: 799, State=6
----------------------
Available data: 799, State=6
Data left: 799, State=8
----------------------
Available data: 799, State=8
Read data: 147984024, left: 76646
Finish read data: 128
Data left: 671, State=4
----------------------
Available data: 671, State=4
Read chunk type
Chunk Type 3
Chunk ID: 6
Data left: 670, State=6
----------------------
Available data: 670, State=6
Data left: 670, State=8
----------------------
Available data: 670, State=8
Read data: 147984024, left: 76518
Finish read data: 128
Data left: 542, State=4
----------------------
Available data: 542, State=4
Read chunk type
Chunk Type 3
Chunk ID: 6
Data left: 541, State=6
----------------------
Available data: 541, State=6
Data left: 541, State=8
----------------------
Available data: 541, State=8
Read data: 147984024, left: 76390
Finish read data: 128
Data left: 413, State=4
----------------------
Available data: 413, State=4
Read chunk type
Chunk Type 3
Chunk ID: 6
Data left: 412, State=6
----------------------
Available data: 412, State=6
Data left: 412, State=8
----------------------
Available data: 412, State=8
Read data: 147984024, left: 76262
Finish read data: 128
Data left: 284, State=4
----------------------
Available data: 284, State=4
Read chunk type
Chunk Type 3
Chunk ID: 6
Data left: 283, State=6
----------------------
Available data: 283, State=6
Data left: 283, State=8
----------------------
Available data: 283, State=8
Read data: 147984024, left: 76134
Finish read data: 128
Data left: 155, State=4
----------------------
Available data: 155, State=4
Read chunk type
Chunk Type 3
Chunk ID: 6
Data left: 154, State=6
----------------------
Available data: 154, State=6
Data left: 154, State=8
----------------------
Available data: 154, State=8
Read data: 147984024, left: 76006
Finish read data: 128
Data left: 26, State=4
----------------------
Available data: 26, State=4
Read chunk type
Chunk Type 3
Chunk ID: 6
Data left: 25, State=6
----------------------
Available data: 25, State=6
Data left: 25, State=8
----------------------
Available data: 25, State=8
Data left: 25, State=8
Receiving: 1006 12263 13294 131073
----------------------
Available data: 1031, State=8
Read data: 147984024, left: 75878
Finish read data: 128
Data left: 903, State=4
----------------------
Available data: 903, State=4
Read chunk type
Chunk Type 3
Chunk ID: 6
Data left: 902, State=6
----------------------
Available data: 902, State=6
Data left: 902, State=8
----------------------
Available data: 902, State=8
Read data: 147984024, left: 75750
Finish read data: 128
Data left: 774, State=4
----------------------
Available data: 774, State=4
Read chunk type
Chunk Type 3
Chunk ID: 6
Data left: 773, State=6
----------------------
Available data: 773, State=6
Data left: 773, State=8
----------------------
Available data: 773, State=8
Read data: 147984024, left: 75622
Finish read data: 128
Data left: 645, State=4
----------------------
Available data: 645, State=4
Read chunk type
Chunk Type 3
Chunk ID: 6
Data left: 644, State=6
----------------------
Available data: 644, State=6
Data left: 644, State=8
----------------------
Available data: 644, State=8
Read data: 147984024, left: 75494
Finish read data: 128
Data left: 516, State=4
----------------------
Available data: 516, State=4
Read chunk type
Chunk Type 3
Chunk ID: 6
Data left: 515, State=6
----------------------
Available data: 515, State=6
Data left: 515, State=8
----------------------
Available data: 515, State=8
Read data: 147984024, left: 75366
Finish read data: 128
Data left: 387, State=4
----------------------
Available data: 387, State=4
Read chunk type
Chunk Type 3
Chunk ID: 6
Data left: 386, State=6
----------------------
Available data: 386, State=6
Data left: 386, State=8
----------------------
Available data: 386, State=8
Read data: 147984024, left: 75238
Finish read data: 128
Data left: 258, State=4
----------------------
Available data: 258, State=4
Read chunk type
Chunk Type 3
Chunk ID: 6
Data left: 257, State=6
----------------------
Available data: 257, State=6
Data left: 257, State=8
----------------------
Available data: 257, State=8
Read data: 147984024, left: 75110
Finish read data: 128
Data left: 129, State=4
----------------------
Available data: 129, State=4
Read chunk type
Chunk Type 3
Chunk ID: 6
Data left: 128, State=6
----------------------
Available data: 128, State=6
Data left: 128, State=8
----------------------
Available data: 128, State=8
Read data: 147984024, left: 74982
Finish read data: 128
Data left: 0, State=4
Receiving: 4096 0 4096 131073
----------------------
Available data: 4096, State=4
Read chunk type
Chunk Type 3
Chunk ID: 6
Data left: 4095, State=6
----------------------
Available data: 4095, State=6
Data left: 4095, State=8
----------------------
Available data: 4095, State=8
Read data: 147984024, left: 74854
Finish read data: 128
Data left: 3967, State=4
----------------------
Available data: 3967, State=4
Read chunk type
Chunk Type 3
Chunk ID: 6
Data left: 3966, State=6
----------------------
Available data: 3966, State=6
Data left: 3966, State=8
----------------------
Available data: 3966, State=8
Read data: 147984024, left: 74726
Finish read data: 128
Data left: 3838, State=4
----------------------
Available data: 3838, State=4
Read chunk type
Chunk Type 3
Chunk ID: 6
Data left: 3837, State=6
----------------------
Available data: 3837, State=6
Data left: 3837, State=8
----------------------
Available data: 3837, State=8
Read data: 147984024, left: 74598
Finish read data: 128
Data left: 3709, State=4
----------------------
Available data: 3709, State=4
Read chunk type
Chunk Type 3
Chunk ID: 6
Data left: 3708, State=6
----------------------
Available data: 3708, State=6
Data left: 3708, State=8
----------------------
Available data: 3708, State=8
Read data: 147984024, left: 74470
Finish read data: 128
Data left: 3580, State=4
----------------------
Available data: 3580, State=4
Read chunk type
Chunk Type 3
Chunk ID: 6
Data left: 3579, State=6
----------------------
Available data: 3579, State=6
Data left: 3579, State=8
----------------------
Available data: 3579, State=8
Read data: 147984024, left: 74342
Finish read data: 128
Data left: 3451, State=4
----------------------
Available data: 3451, State=4
Read chunk type
Chunk Type 3
Chunk ID: 6
Data left: 3450, State=6
----------------------
Available data: 3450, State=6
Data left: 3450, State=8
----------------------
Available data: 3450, State=8
Read data: 147984024, left: 74214
Finish read data: 128
Data left: 3322, State=4
----------------------
Available data: 3322, State=4
Read chunk type
Chunk Type 3
Chunk ID: 6
Data left: 3321, State=6
----------------------
Available data: 3321, State=6
Data left: 3321, State=8
----------------------
Available data: 3321, State=8
Read data: 147984024, left: 74086
Finish read data: 128
Data left: 3193, State=4
----------------------
Available data: 3193, State=4
Read chunk type
Chunk Type 3
Chunk ID: 6
Data left: 3192, State=6
----------------------
Available data: 3192, State=6
Data left: 3192, State=8
----------------------
Available data: 3192, State=8
Read data: 147984024, left: 73958
Finish read data: 128
Data left: 3064, State=4
----------------------
Available data: 3064, State=4
Read chunk type
Chunk Type 3
Chunk ID: 6
Data left: 3063, State=6
----------------------
Available data: 3063, State=6
Data left: 3063, State=8
----------------------
Available data: 3063, State=8
Read data: 147984024, left: 73830
Finish read data: 128
Data left: 2935, State=4
----------------------
Available data: 2935, State=4
Read chunk type
Chunk Type 3
Chunk ID: 6
Data left: 2934, State=6
----------------------
Available data: 2934, State=6
Data left: 2934, State=8
----------------------
Available data: 2934, State=8
Read data: 147984024, left: 73702
Finish read data: 128
Data left: 2806, State=4
----------------------
Available data: 2806, State=4
Read chunk type
Chunk Type 3
Chunk ID: 6
Data left: 2805, State=6
----------------------
Available data: 2805, State=6
Data left: 2805, State=8
----------------------
Available data: 2805, State=8
Read data: 147984024, left: 73574
Finish read data: 128
Data left: 2677, State=4
----------------------
Available data: 2677, State=4
Read chunk type
Chunk Type 3
Chunk ID: 6
Data left: 2676, State=6
----------------------
Available data: 2676, State=6
Data left: 2676, State=8
----------------------
Available data: 2676, State=8
Read data: 147984024, left: 73446
Finish read data: 128
Data left: 2548, State=4
----------------------
Available data: 2548, State=4
Read chunk type
Chunk Type 3
Chunk ID: 6
Data left: 2547, State=6
----------------------
Available data: 2547, State=6
Data left: 2547, State=8
----------------------
Available data: 2547, State=8
Read data: 147984024, left: 73318
Finish read data: 128
Data left: 2419, State=4
----------------------
Available data: 2419, State=4
Read chunk type
Chunk Type 3
Chunk ID: 6
Data left: 2418, State=6
----------------------
Available data: 2418, State=6
Data left: 2418, State=8
----------------------
Available data: 2418, State=8
Read data: 147984024, left: 73190
Finish read data: 128
Data left: 2290, State=4
----------------------
Available data: 2290, State=4
Read chunk type
Chunk Type 3
Chunk ID: 6
Data left: 2289, State=6
----------------------
Available data: 2289, State=6
Data left: 2289, State=8
----------------------
Available data: 2289, State=8
Read data: 147984024, left: 73062
Finish read data: 128
Data left: 2161, State=4
----------------------
Available data: 2161, State=4
Read chunk type
Chunk Type 3
Chunk ID: 6
Data left: 2160, State=6
----------------------
Available data: 2160, State=6
Data left: 2160, State=8
----------------------
Available data: 2160, State=8
Read data: 147984024, left: 72934
Finish read data: 128
Data left: 2032, State=4
----------------------
Available data: 2032, State=4
Read chunk type
Chunk Type 3
Chunk ID: 6
Data left: 2031, State=6
----------------------
Available data: 2031, State=6
Data left: 2031, State=8
----------------------
Available data: 2031, State=8
Read data: 147984024, left: 72806
Finish read data: 128
Data left: 1903, State=4
----------------------
Available data: 1903, State=4
Read chunk type
Chunk Type 3
Chunk ID: 6
Data left: 1902, State=6
----------------------
Available data: 1902, State=6
Data left: 1902, State=8
----------------------
Available data: 1902, State=8
Read data: 147984024, left: 72678
Finish read data: 128
Data left: 1774, State=4
----------------------
Available data: 1774, State=4
Read chunk type
Chunk Type 3
Chunk ID: 6
Data left: 1773, State=6
----------------------
Available data: 1773, State=6
Data left: 1773, State=8
----------------------
Available data: 1773, State=8
Read data: 147984024, left: 72550
Finish read data: 128
Data left: 1645, State=4
----------------------
Available data: 1645, State=4
Read chunk type
Chunk Type 3
Chunk ID: 6
Data left: 1644, State=6
----------------------
Available data: 1644, State=6
Data left: 1644, State=8
----------------------
Available data: 1644, State=8
Read data: 147984024, left: 72422
Finish read data: 128
Data left: 1516, State=4
----------------------
Available data: 1516, State=4
Read chunk type
Chunk Type 3
Chunk ID: 6
Data left: 1515, State=6
----------------------
Available data: 1515, State=6
Data left: 1515, State=8
----------------------
Available data: 1515, State=8
Read data: 147984024, left: 72294
Finish read data: 128
Data left: 1387, State=4
----------------------
Available data: 1387, State=4
Read chunk type
Chunk Type 3
Chunk ID: 6
Data left: 1386, State=6
----------------------
Available data: 1386, State=6
Data left: 1386, State=8
----------------------
Available data: 1386, State=8
Read data: 147984024, left: 72166
Finish read data: 128
Data left: 1258, State=4
----------------------
Available data: 1258, State=4
Read chunk type
Chunk Type 3
Chunk ID: 6
Data left: 1257, State=6
----------------------
Available data: 1257, State=6
Data left: 1257, State=8
----------------------
Available data: 1257, State=8
Read data: 147984024, left: 72038
Finish read data: 128
Data left: 1129, State=4
----------------------
Available data: 1129, State=4
Read chunk type
Chunk Type 3
Chunk ID: 6
Data left: 1128, State=6
----------------------
Available data: 1128, State=6
Data left: 1128, State=8
----------------------
Available data: 1128, State=8
Read data: 147984024, left: 71910
Finish read data: 128
Data left: 1000, State=4
----------------------
Available data: 1000, State=4
Read chunk type
Chunk Type 3
Chunk ID: 6
Data left: 999, State=6
----------------------
Available data: 999, State=6
Data left: 999, State=8
----------------------
Available data: 999, State=8
Read data: 147984024, left: 71782
Finish read data: 128
Data left: 871, State=4
----------------------
Available data: 871, State=4
Read chunk type
Chunk Type 3
Chunk ID: 6
Data left: 870, State=6
----------------------
Available data: 870, State=6
Data left: 870, State=8
----------------------
Available data: 870, State=8
Read data: 147984024, left: 71654
Finish read data: 128
Data left: 742, State=4
----------------------
Available data: 742, State=4
Read chunk type
Chunk Type 3
Chunk ID: 6
Data left: 741, State=6
----------------------
Available data: 741, State=6
Data left: 741, State=8
----------------------
Available data: 741, State=8
Read data: 147984024, left: 71526
Finish read data: 128
Data left: 613, State=4
----------------------
Available data: 613, State=4
Read chunk type
Chunk Type 3
Chunk ID: 6
Data left: 612, State=6
----------------------
Available data: 612, State=6
Data left: 612, State=8
----------------------
Available data: 612, State=8
Read data: 147984024, left: 71398
Finish read data: 128
Data left: 484, State=4
----------------------
Available data: 484, State=4
Read chunk type
Chunk Type 3
Chunk ID: 6
Data left: 483, State=6
----------------------
Available data: 483, State=6
Data left: 483, State=8
----------------------
Available data: 483, State=8
Read data: 147984024, left: 71270
Finish read data: 128
Data left: 355, State=4
----------------------
Available data: 355, State=4
Read chunk type
Chunk Type 3
Chunk ID: 6
Data left: 354, State=6
----------------------
Available data: 354, State=6
Data left: 354, State=8
----------------------
Available data: 354, State=8
Read data: 147984024, left: 71142
Finish read data: 128
Data left: 226, State=4
----------------------
Available data: 226, State=4
Read chunk type
Chunk Type 3
Chunk ID: 6
Data left: 225, State=6
----------------------
Available data: 225, State=6
Data left: 225, State=8
----------------------
Available data: 225, State=8
Read data: 147984024, left: 71014
Finish read data: 128
Data left: 97, State=4
----------------------
Available data: 97, State=4
Read chunk type
Chunk Type 3
Chunk ID: 6
Data left: 96, State=6
----------------------
Available data: 96, State=6
Data left: 96, State=8
----------------------
Available data: 96, State=8
Data left: 96, State=8
Receiving: 4096 4000 8192 131073
----------------------
Available data: 4192, State=8
Read data: 147984024, left: 70886
Finish read data: 128
Data left: 4064, State=4
----------------------
Available data: 4064, State=4
Read chunk type
Chunk Type 3
Chunk ID: 6
Data left: 4063, State=6
----------------------
Available data: 4063, State=6
Data left: 4063, State=8
----------------------
Available data: 4063, State=8
Read data: 147984024, left: 70758
Finish read data: 128
Data left: 3935, State=4
----------------------
Available data: 3935, State=4
Read chunk type
Chunk Type 3
Chunk ID: 6
Data left: 3934, State=6
----------------------
Available data: 3934, State=6
Data left: 3934, State=8
----------------------
Available data: 3934, State=8
Read data: 147984024, left: 70630
Finish read data: 128
Data left: 3806, State=4
----------------------
Available data: 3806, State=4
Read chunk type
Chunk Type 3
Chunk ID: 6
Data left: 3805, State=6
----------------------
Available data: 3805, State=6
Data left: 3805, State=8
----------------------
Available data: 3805, State=8
Read data: 147984024, left: 70502
Finish read data: 128
Data left: 3677, State=4
----------------------
Available data: 3677, State=4
Read chunk type
Chunk Type 3
Chunk ID: 6
Data left: 3676, State=6
----------------------
Available data: 3676, State=6
Data left: 3676, State=8
----------------------
Available data: 3676, State=8
Read data: 147984024, left: 70374
Finish read data: 128
Data left: 3548, State=4
----------------------
Available data: 3548, State=4
Read chunk type
Chunk Type 3
Chunk ID: 6
Data left: 3547, State=6
----------------------
Available data: 3547, State=6
Data left: 3547, State=8
----------------------
Available data: 3547, State=8
Read data: 147984024, left: 70246
Finish read data: 128
Data left: 3419, State=4
----------------------
Available data: 3419, State=4
Read chunk type
Chunk Type 3
Chunk ID: 6
Data left: 3418, State=6
----------------------
Available data: 3418, State=6
Data left: 3418, State=8
----------------------
Available data: 3418, State=8
Read data: 147984024, left: 70118
Finish read data: 128
Data left: 3290, State=4
----------------------
Available data: 3290, State=4
Read chunk type
Chunk Type 3
Chunk ID: 6
Data left: 3289, State=6
----------------------
Available data: 3289, State=6
Data left: 3289, State=8
----------------------
Available data: 3289, State=8
Read data: 147984024, left: 69990
Finish read data: 128
Data left: 3161, State=4
----------------------
Available data: 3161, State=4
Read chunk type
Chunk Type 3
Chunk ID: 6
Data left: 3160, State=6
----------------------
Available data: 3160, State=6
Data left: 3160, State=8
----------------------
Available data: 3160, State=8
Read data: 147984024, left: 69862
Finish read data: 128
Data left: 3032, State=4
----------------------
Available data: 3032, State=4
Read chunk type
Chunk Type 3
Chunk ID: 6
Data left: 3031, State=6
----------------------
Available data: 3031, State=6
Data left: 3031, State=8
----------------------
Available data: 3031, State=8
Read data: 147984024, left: 69734
Finish read data: 128
Data left: 2903, State=4
----------------------
Available data: 2903, State=4
Read chunk type
Chunk Type 3
Chunk ID: 6
Data left: 2902, State=6
----------------------
Available data: 2902, State=6
Data left: 2902, State=8
----------------------
Available data: 2902, State=8
Read data: 147984024, left: 69606
Finish read data: 128
Data left: 2774, State=4
----------------------
Available data: 2774, State=4
Read chunk type
Chunk Type 3
Chunk ID: 6
Data left: 2773, State=6
----------------------
Available data: 2773, State=6
Data left: 2773, State=8
----------------------
Available data: 2773, State=8
Read data: 147984024, left: 69478
Finish read data: 128
Data left: 2645, State=4
----------------------
Available data: 2645, State=4
Read chunk type
Chunk Type 3
Chunk ID: 6
Data left: 2644, State=6
----------------------
Available data: 2644, State=6
Data left: 2644, State=8
----------------------
Available data: 2644, State=8
Read data: 147984024, left: 69350
Finish read data: 128
Data left: 2516, State=4
----------------------
Available data: 2516, State=4
Read chunk type
Chunk Type 3
Chunk ID: 6
Data left: 2515, State=6
----------------------
Available data: 2515, State=6
Data left: 2515, State=8
----------------------
Available data: 2515, State=8
Read data: 147984024, left: 69222
Finish read data: 128
Data left: 2387, State=4
----------------------
Available data: 2387, State=4
Read chunk type
Chunk Type 3
Chunk ID: 6
Data left: 2386, State=6
----------------------
Available data: 2386, State=6
Data left: 2386, State=8
----------------------
Available data: 2386, State=8
Read data: 147984024, left: 69094
Finish read data: 128
Data left: 2258, State=4
----------------------
Available data: 2258, State=4
Read chunk type
Chunk Type 3
Chunk ID: 6
Data left: 2257, State=6
----------------------
Available data: 2257, State=6
Data left: 2257, State=8
----------------------
Available data: 2257, State=8
Read data: 147984024, left: 68966
Finish read data: 128
Data left: 2129, State=4
----------------------
Available data: 2129, State=4
Read chunk type
Chunk Type 3
Chunk ID: 6
Data left: 2128, State=6
----------------------
Available data: 2128, State=6
Data left: 2128, State=8
----------------------
Available data: 2128, State=8
Read data: 147984024, left: 68838
Finish read data: 128
Data left: 2000, State=4
----------------------
Available data: 2000, State=4
Read chunk type
Chunk Type 3
Chunk ID: 6
Data left: 1999, State=6
----------------------
Available data: 1999, State=6
Data left: 1999, State=8
----------------------
Available data: 1999, State=8
Read data: 147984024, left: 68710
Finish read data: 128
Data left: 1871, State=4
----------------------
Available data: 1871, State=4
Read chunk type
Chunk Type 3
Chunk ID: 6
Data left: 1870, State=6
----------------------
Available data: 1870, State=6
Data left: 1870, State=8
----------------------
Available data: 1870, State=8
Read data: 147984024, left: 68582
Finish read data: 128
Data left: 1742, State=4
----------------------
Available data: 1742, State=4
Read chunk type
Chunk Type 3
Chunk ID: 6
Data left: 1741, State=6
----------------------
Available data: 1741, State=6
Data left: 1741, State=8
----------------------
Available data: 1741, State=8
Read data: 147984024, left: 68454
Finish read data: 128
Data left: 1613, State=4
----------------------
Available data: 1613, State=4
Read chunk type
Chunk Type 3
Chunk ID: 6
Data left: 1612, State=6
----------------------
Available data: 1612, State=6
Data left: 1612, State=8
----------------------
Available data: 1612, State=8
Read data: 147984024, left: 68326
Finish read data: 128
Data left: 1484, State=4
----------------------
Available data: 1484, State=4
Read chunk type
Chunk Type 3
Chunk ID: 6
Data left: 1483, State=6
----------------------
Available data: 1483, State=6
Data left: 1483, State=8
----------------------
Available data: 1483, State=8
Read data: 147984024, left: 68198
Finish read data: 128
Data left: 1355, State=4
----------------------
Available data: 1355, State=4
Read chunk type
Chunk Type 3
Chunk ID: 6
Data left: 1354, State=6
----------------------
Available data: 1354, State=6
Data left: 1354, State=8
----------------------
Available data: 1354, State=8
Read data: 147984024, left: 68070
Finish read data: 128
Data left: 1226, State=4
----------------------
Available data: 1226, State=4
Read chunk type
Chunk Type 3
Chunk ID: 6
Data left: 1225, State=6
----------------------
Available data: 1225, State=6
Data left: 1225, State=8
----------------------
Available data: 1225, State=8
Read data: 147984024, left: 67942
Finish read data: 128
Data left: 1097, State=4
----------------------
Available data: 1097, State=4
Read chunk type
Chunk Type 3
Chunk ID: 6
Data left: 1096, State=6
----------------------
Available data: 1096, State=6
Data left: 1096, State=8
----------------------
Available data: 1096, State=8
Read data: 147984024, left: 67814
Finish read data: 128
Data left: 968, State=4
----------------------
Available data: 968, State=4
Read chunk type
Chunk Type 3
Chunk ID: 6
Data left: 967, State=6
----------------------
Available data: 967, State=6
Data left: 967, State=8
----------------------
Available data: 967, State=8
Read data: 147984024, left: 67686
Finish read data: 128
Data left: 839, State=4
----------------------
Available data: 839, State=4
Read chunk type
Chunk Type 3
Chunk ID: 6
Data left: 838, State=6
----------------------
Available data: 838, State=6
Data left: 838, State=8
----------------------
Available data: 838, State=8
Read data: 147984024, left: 67558
Finish read data: 128
Data left: 710, State=4
----------------------
Available data: 710, State=4
Read chunk type
Chunk Type 3
Chunk ID: 6
Data left: 709, State=6
----------------------
Available data: 709, State=6
Data left: 709, State=8
----------------------
Available data: 709, State=8
Read data: 147984024, left: 67430
Finish read data: 128
Data left: 581, State=4
----------------------
Available data: 581, State=4
Read chunk type
Chunk Type 3
Chunk ID: 6
Data left: 580, State=6
----------------------
Available data: 580, State=6
Data left: 580, State=8
----------------------
Available data: 580, State=8
Read data: 147984024, left: 67302
Finish read data: 128
Data left: 452, State=4
----------------------
Available data: 452, State=4
Read chunk type
Chunk Type 3
Chunk ID: 6
Data left: 451, State=6
----------------------
Available data: 451, State=6
Data left: 451, State=8
----------------------
Available data: 451, State=8
Read data: 147984024, left: 67174
Finish read data: 128
Data left: 323, State=4
----------------------
Available data: 323, State=4
Read chunk type
Chunk Type 3
Chunk ID: 6
Data left: 322, State=6
----------------------
Available data: 322, State=6
Data left: 322, State=8
----------------------
Available data: 322, State=8
Read data: 147984024, left: 67046
Finish read data: 128
Data left: 194, State=4
----------------------
Available data: 194, State=4
Read chunk type
Chunk Type 3
Chunk ID: 6
Data left: 193, State=6
----------------------
Available data: 193, State=6
Data left: 193, State=8
----------------------
Available data: 193, State=8
Read data: 147984024, left: 66918
Finish read data: 128
Data left: 65, State=4
----------------------
Available data: 65, State=4
Read chunk type
Chunk Type 3
Chunk ID: 6
Data left: 64, State=6
----------------------
Available data: 64, State=6
Data left: 64, State=8
----------------------
Available data: 64, State=8
Data left: 64, State=8
Receiving: 2773 8128 10965 131073
----------------------
Available data: 2837, State=8
Read data: 147984024, left: 66790
Finish read data: 128
Data left: 2709, State=4
----------------------
Available data: 2709, State=4
Read chunk type
Chunk Type 3
Chunk ID: 6
Data left: 2708, State=6
----------------------
Available data: 2708, State=6
Data left: 2708, State=8
----------------------
Available data: 2708, State=8
Read data: 147984024, left: 66662
Finish read data: 128
Data left: 2580, State=4
----------------------
Available data: 2580, State=4
Read chunk type
Chunk Type 3
Chunk ID: 6
Data left: 2579, State=6
----------------------
Available data: 2579, State=6
Data left: 2579, State=8
----------------------
Available data: 2579, State=8
Read data: 147984024, left: 66534
Finish read data: 128
Data left: 2451, State=4
----------------------
Available data: 2451, State=4
Read chunk type
Chunk Type 3
Chunk ID: 6
Data left: 2450, State=6
----------------------
Available data: 2450, State=6
Data left: 2450, State=8
----------------------
Available data: 2450, State=8
Read data: 147984024, left: 66406
Finish read data: 128
Data left: 2322, State=4
----------------------
Available data: 2322, State=4
Read chunk type
Chunk Type 3
Chunk ID: 6
Data left: 2321, State=6
----------------------
Available data: 2321, State=6
Data left: 2321, State=8
----------------------
Available data: 2321, State=8
Read data: 147984024, left: 66278
Finish read data: 128
Data left: 2193, State=4
----------------------
Available data: 2193, State=4
Read chunk type
Chunk Type 3
Chunk ID: 6
Data left: 2192, State=6
----------------------
Available data: 2192, State=6
Data left: 2192, State=8
----------------------
Available data: 2192, State=8
Read data: 147984024, left: 66150
Finish read data: 128
Data left: 2064, State=4
----------------------
Available data: 2064, State=4
Read chunk type
Chunk Type 3
Chunk ID: 6
Data left: 2063, State=6
----------------------
Available data: 2063, State=6
Data left: 2063, State=8
----------------------
Available data: 2063, State=8
Read data: 147984024, left: 66022
Finish read data: 128
Data left: 1935, State=4
----------------------
Available data: 1935, State=4
Read chunk type
Chunk Type 3
Chunk ID: 6
Data left: 1934, State=6
----------------------
Available data: 1934, State=6
Data left: 1934, State=8
----------------------
Available data: 1934, State=8
Read data: 147984024, left: 65894
Finish read data: 128
Data left: 1806, State=4
----------------------
Available data: 1806, State=4
Read chunk type
Chunk Type 3
Chunk ID: 6
Data left: 1805, State=6
----------------------
Available data: 1805, State=6
Data left: 1805, State=8
----------------------
Available data: 1805, State=8
Read data: 147984024, left: 65766
Finish read data: 128
Data left: 1677, State=4
----------------------
Available data: 1677, State=4
Read chunk type
Chunk Type 3
Chunk ID: 6
Data left: 1676, State=6
----------------------
Available data: 1676, State=6
Data left: 1676, State=8
----------------------
Available data: 1676, State=8
Read data: 147984024, left: 65638
Finish read data: 128
Data left: 1548, State=4
----------------------
Available data: 1548, State=4
Read chunk type
Chunk Type 3
Chunk ID: 6
Data left: 1547, State=6
----------------------
Available data: 1547, State=6
Data left: 1547, State=8
----------------------
Available data: 1547, State=8
Read data: 147984024, left: 65510
Finish read data: 128
Data left: 1419, State=4
----------------------
Available data: 1419, State=4
Read chunk type
Chunk Type 3
Chunk ID: 6
Data left: 1418, State=6
----------------------
Available data: 1418, State=6
Data left: 1418, State=8
----------------------
Available data: 1418, State=8
Read data: 147984024, left: 65382
Finish read data: 128
Data left: 1290, State=4
----------------------
Available data: 1290, State=4
Read chunk type
Chunk Type 3
Chunk ID: 6
Data left: 1289, State=6
----------------------
Available data: 1289, State=6
Data left: 1289, State=8
----------------------
Available data: 1289, State=8
Read data: 147984024, left: 65254
Finish read data: 128
Data left: 1161, State=4
----------------------
Available data: 1161, State=4
Read chunk type
Chunk Type 3
Chunk ID: 6
Data left: 1160, State=6
----------------------
Available data: 1160, State=6
Data left: 1160, State=8
----------------------
Available data: 1160, State=8
Read data: 147984024, left: 65126
Finish read data: 128
Data left: 1032, State=4
----------------------
Available data: 1032, State=4
Read chunk type
Chunk Type 3
Chunk ID: 6
Data left: 1031, State=6
----------------------
Available data: 1031, State=6
Data left: 1031, State=8
----------------------
Available data: 1031, State=8
Read data: 147984024, left: 64998
Finish read data: 128
Data left: 903, State=4
----------------------
Available data: 903, State=4
Read chunk type
Chunk Type 3
Chunk ID: 6
Data left: 902, State=6
----------------------
Available data: 902, State=6
Data left: 902, State=8
----------------------
Available data: 902, State=8
Read data: 147984024, left: 64870
Finish read data: 128
Data left: 774, State=4
----------------------
Available data: 774, State=4
Read chunk type
Chunk Type 3
Chunk ID: 6
Data left: 773, State=6
----------------------
Available data: 773, State=6
Data left: 773, State=8
----------------------
Available data: 773, State=8
Read data: 147984024, left: 64742
Finish read data: 128
Data left: 645, State=4
----------------------
Available data: 645, State=4
Read chunk type
Chunk Type 3
Chunk ID: 6
Data left: 644, State=6
----------------------
Available data: 644, State=6
Data left: 644, State=8
----------------------
Available data: 644, State=8
Read data: 147984024, left: 64614
Finish read data: 128
Data left: 516, State=4
----------------------
Available data: 516, State=4
Read chunk type
Chunk Type 3
Chunk ID: 6
Data left: 515, State=6
----------------------
Available data: 515, State=6
Data left: 515, State=8
----------------------
Available data: 515, State=8
Read data: 147984024, left: 64486
Finish read data: 128
Data left: 387, State=4
----------------------
Available data: 387, State=4
Read chunk type
Chunk Type 3
Chunk ID: 6
Data left: 386, State=6
----------------------
Available data: 386, State=6
Data left: 386, State=8
----------------------
Available data: 386, State=8
Read data: 147984024, left: 64358
Finish read data: 128
Data left: 258, State=4
----------------------
Available data: 258, State=4
Read chunk type
Chunk Type 3
Chunk ID: 6
Data left: 257, State=6
----------------------
Available data: 257, State=6
Data left: 257, State=8
----------------------
Available data: 257, State=8
Read data: 147984024, left: 64230
Finish read data: 128
Data left: 129, State=4
----------------------
Available data: 129, State=4
Read chunk type
Chunk Type 3
Chunk ID: 6
Data left: 128, State=6
----------------------
Available data: 128, State=6
Data left: 128, State=8
----------------------
Available data: 128, State=8
Read data: 147984024, left: 64102
Finish read data: 128
Data left: 0, State=4
Receiving: 4096 0 4096 131073
----------------------
Available data: 4096, State=4
Read chunk type
Chunk Type 3
Chunk ID: 6
Data left: 4095, State=6
----------------------
Available data: 4095, State=6
Data left: 4095, State=8
----------------------
Available data: 4095, State=8
Read data: 147984024, left: 63974
Finish read data: 128
Data left: 3967, State=4
----------------------
Available data: 3967, State=4
Read chunk type
Chunk Type 3
Chunk ID: 6
Data left: 3966, State=6
----------------------
Available data: 3966, State=6
Data left: 3966, State=8
----------------------
Available data: 3966, State=8
Read data: 147984024, left: 63846
Finish read data: 128
Data left: 3838, State=4
----------------------
Available data: 3838, State=4
Read chunk type
Chunk Type 3
Chunk ID: 6
Data left: 3837, State=6
----------------------
Available data: 3837, State=6
Data left: 3837, State=8
----------------------
Available data: 3837, State=8
Read data: 147984024, left: 63718
Finish read data: 128
Data left: 3709, State=4
----------------------
Available data: 3709, State=4
Read chunk type
Chunk Type 3
Chunk ID: 6
Data left: 3708, State=6
----------------------
Available data: 3708, State=6
Data left: 3708, State=8
----------------------
Available data: 3708, State=8
Read data: 147984024, left: 63590
Finish read data: 128
Data left: 3580, State=4
----------------------
Available data: 3580, State=4
Read chunk type
Chunk Type 3
Chunk ID: 6
Data left: 3579, State=6
----------------------
Available data: 3579, State=6
Data left: 3579, State=8
----------------------
Available data: 3579, State=8
Read data: 147984024, left: 63462
Finish read data: 128
Data left: 3451, State=4
----------------------
Available data: 3451, State=4
Read chunk type
Chunk Type 3
Chunk ID: 6
Data left: 3450, State=6
----------------------
Available data: 3450, State=6
Data left: 3450, State=8
----------------------
Available data: 3450, State=8
Read data: 147984024, left: 63334
Finish read data: 128
Data left: 3322, State=4
----------------------
Available data: 3322, State=4
Read chunk type
Chunk Type 3
Chunk ID: 6
Data left: 3321, State=6
----------------------
Available data: 3321, State=6
Data left: 3321, State=8
----------------------
Available data: 3321, State=8
Read data: 147984024, left: 63206
Finish read data: 128
Data left: 3193, State=4
----------------------
Available data: 3193, State=4
Read chunk type
Chunk Type 3
Chunk ID: 6
Data left: 3192, State=6
----------------------
Available data: 3192, State=6
Data left: 3192, State=8
----------------------
Available data: 3192, State=8
Read data: 147984024, left: 63078
Finish read data: 128
Data left: 3064, State=4
----------------------
Available data: 3064, State=4
Read chunk type
Chunk Type 3
Chunk ID: 6
Data left: 3063, State=6
----------------------
Available data: 3063, State=6
Data left: 3063, State=8
----------------------
Available data: 3063, State=8
Read data: 147984024, left: 62950
Finish read data: 128
Data left: 2935, State=4
----------------------
Available data: 2935, State=4
Read chunk type
Chunk Type 3
Chunk ID: 6
Data left: 2934, State=6
----------------------
Available data: 2934, State=6
Data left: 2934, State=8
----------------------
Available data: 2934, State=8
Read data: 147984024, left: 62822
Finish read data: 128
Data left: 2806, State=4
----------------------
Available data: 2806, State=4
Read chunk type
Chunk Type 3
Chunk ID: 6
Data left: 2805, State=6
----------------------
Available data: 2805, State=6
Data left: 2805, State=8
----------------------
Available data: 2805, State=8
Read data: 147984024, left: 62694
Finish read data: 128
Data left: 2677, State=4
----------------------
Available data: 2677, State=4
Read chunk type
Chunk Type 3
Chunk ID: 6
Data left: 2676, State=6
----------------------
Available data: 2676, State=6
Data left: 2676, State=8
----------------------
Available data: 2676, State=8
Read data: 147984024, left: 62566
Finish read data: 128
Data left: 2548, State=4
----------------------
Available data: 2548, State=4
Read chunk type
Chunk Type 3
Chunk ID: 6
Data left: 2547, State=6
----------------------
Available data: 2547, State=6
Data left: 2547, State=8
----------------------
Available data: 2547, State=8
Read data: 147984024, left: 62438
Finish read data: 128
Data left: 2419, State=4
----------------------
Available data: 2419, State=4
Read chunk type
Chunk Type 3
Chunk ID: 6
Data left: 2418, State=6
----------------------
Available data: 2418, State=6
Data left: 2418, State=8
----------------------
Available data: 2418, State=8
Read data: 147984024, left: 62310
Finish read data: 128
Data left: 2290, State=4
----------------------
Available data: 2290, State=4
Read chunk type
Chunk Type 3
Chunk ID: 6
Data left: 2289, State=6
----------------------
Available data: 2289, State=6
Data left: 2289, State=8
----------------------
Available data: 2289, State=8
Read data: 147984024, left: 62182
Finish read data: 128
Data left: 2161, State=4
----------------------
Available data: 2161, State=4
Read chunk type
Chunk Type 3
Chunk ID: 6
Data left: 2160, State=6
----------------------
Available data: 2160, State=6
Data left: 2160, State=8
----------------------
Available data: 2160, State=8
Read data: 147984024, left: 62054
Finish read data: 128
Data left: 2032, State=4
----------------------
Available data: 2032, State=4
Read chunk type
Chunk Type 3
Chunk ID: 6
Data left: 2031, State=6
----------------------
Available data: 2031, State=6
Data left: 2031, State=8
----------------------
Available data: 2031, State=8
Read data: 147984024, left: 61926
Finish read data: 128
Data left: 1903, State=4
----------------------
Available data: 1903, State=4
Read chunk type
Chunk Type 3
Chunk ID: 6
Data left: 1902, State=6
----------------------
Available data: 1902, State=6
Data left: 1902, State=8
----------------------
Available data: 1902, State=8
Read data: 147984024, left: 61798
Finish read data: 128
Data left: 1774, State=4
----------------------
Available data: 1774, State=4
Read chunk type
Chunk Type 3
Chunk ID: 6
Data left: 1773, State=6
----------------------
Available data: 1773, State=6
Data left: 1773, State=8
----------------------
Available data: 1773, State=8
Read data: 147984024, left: 61670
Finish read data: 128
Data left: 1645, State=4
----------------------
Available data: 1645, State=4
Read chunk type
Chunk Type 3
Chunk ID: 6
Data left: 1644, State=6
----------------------
Available data: 1644, State=6
Data left: 1644, State=8
----------------------
Available data: 1644, State=8
Read data: 147984024, left: 61542
Finish read data: 128
Data left: 1516, State=4
----------------------
Available data: 1516, State=4
Read chunk type
Chunk Type 3
Chunk ID: 6
Data left: 1515, State=6
----------------------
Available data: 1515, State=6
Data left: 1515, State=8
----------------------
Available data: 1515, State=8
Read data: 147984024, left: 61414
Finish read data: 128
Data left: 1387, State=4
----------------------
Available data: 1387, State=4
Read chunk type
Chunk Type 3
Chunk ID: 6
Data left: 1386, State=6
----------------------
Available data: 1386, State=6
Data left: 1386, State=8
----------------------
Available data: 1386, State=8
Read data: 147984024, left: 61286
Finish read data: 128
Data left: 1258, State=4
----------------------
Available data: 1258, State=4
Read chunk type
Chunk Type 3
Chunk ID: 6
Data left: 1257, State=6
----------------------
Available data: 1257, State=6
Data left: 1257, State=8
----------------------
Available data: 1257, State=8
Read data: 147984024, left: 61158
Finish read data: 128
Data left: 1129, State=4
----------------------
Available data: 1129, State=4
Read chunk type
Chunk Type 3
Chunk ID: 6
Data left: 1128, State=6
----------------------
Available data: 1128, State=6
Data left: 1128, State=8
----------------------
Available data: 1128, State=8
Read data: 147984024, left: 61030
Finish read data: 128
Data left: 1000, State=4
----------------------
Available data: 1000, State=4
Read chunk type
Chunk Type 3
Chunk ID: 6
Data left: 999, State=6
----------------------
Available data: 999, State=6
Data left: 999, State=8
----------------------
Available data: 999, State=8
Read data: 147984024, left: 60902
Finish read data: 128
Data left: 871, State=4
----------------------
Available data: 871, State=4
Read chunk type
Chunk Type 3
Chunk ID: 6
Data left: 870, State=6
----------------------
Available data: 870, State=6
Data left: 870, State=8
----------------------
Available data: 870, State=8
Read data: 147984024, left: 60774
Finish read data: 128
Data left: 742, State=4
----------------------
Available data: 742, State=4
Read chunk type
Chunk Type 3
Chunk ID: 6
Data left: 741, State=6
----------------------
Available data: 741, State=6
Data left: 741, State=8
----------------------
Available data: 741, State=8
Read data: 147984024, left: 60646
Finish read data: 128
Data left: 613, State=4
----------------------
Available data: 613, State=4
Read chunk type
Chunk Type 3
Chunk ID: 6
Data left: 612, State=6
----------------------
Available data: 612, State=6
Data left: 612, State=8
----------------------
Available data: 612, State=8
Read data: 147984024, left: 60518
Finish read data: 128
Data left: 484, State=4
----------------------
Available data: 484, State=4
Read chunk type
Chunk Type 3
Chunk ID: 6
Data left: 483, State=6
----------------------
Available data: 483, State=6
Data left: 483, State=8
----------------------
Available data: 483, State=8
Read data: 147984024, left: 60390
Finish read data: 128
Data left: 355, State=4
----------------------
Available data: 355, State=4
Read chunk type
Chunk Type 3
Chunk ID: 6
Data left: 354, State=6
----------------------
Available data: 354, State=6
Data left: 354, State=8
----------------------
Available data: 354, State=8
Read data: 147984024, left: 60262
Finish read data: 128
Data left: 226, State=4
----------------------
Available data: 226, State=4
Read chunk type
Chunk Type 3
Chunk ID: 6
Data left: 225, State=6
----------------------
Available data: 225, State=6
Data left: 225, State=8
----------------------
Available data: 225, State=8
Read data: 147984024, left: 60134
Finish read data: 128
Data left: 97, State=4
----------------------
Available data: 97, State=4
Read chunk type
Chunk Type 3
Chunk ID: 6
Data left: 96, State=6
----------------------
Available data: 96, State=6
Data left: 96, State=8
----------------------
Available data: 96, State=8
Data left: 96, State=8
Receiving: 4096 4000 8192 131073
----------------------
Available data: 4192, State=8
Read data: 147984024, left: 60006
Finish read data: 128
Data left: 4064, State=4
----------------------
Available data: 4064, State=4
Read chunk type
Chunk Type 3
Chunk ID: 6
Data left: 4063, State=6
----------------------
Available data: 4063, State=6
Data left: 4063, State=8
----------------------
Available data: 4063, State=8
Read data: 147984024, left: 59878
Finish read data: 128
Data left: 3935, State=4
----------------------
Available data: 3935, State=4
Read chunk type
Chunk Type 3
Chunk ID: 6
Data left: 3934, State=6
----------------------
Available data: 3934, State=6
Data left: 3934, State=8
----------------------
Available data: 3934, State=8
Read data: 147984024, left: 59750
Finish read data: 128
Data left: 3806, State=4
----------------------
Available data: 3806, State=4
Read chunk type
Chunk Type 3
Chunk ID: 6
Data left: 3805, State=6
----------------------
Available data: 3805, State=6
Data left: 3805, State=8
----------------------
Available data: 3805, State=8
Read data: 147984024, left: 59622
Finish read data: 128
Data left: 3677, State=4
----------------------
Available data: 3677, State=4
Read chunk type
Chunk Type 3
Chunk ID: 6
Data left: 3676, State=6
----------------------
Available data: 3676, State=6
Data left: 3676, State=8
----------------------
Available data: 3676, State=8
Read data: 147984024, left: 59494
Finish read data: 128
Data left: 3548, State=4
----------------------
Available data: 3548, State=4
Read chunk type
Chunk Type 3
Chunk ID: 6
Data left: 3547, State=6
----------------------
Available data: 3547, State=6
Data left: 3547, State=8
----------------------
Available data: 3547, State=8
Read data: 147984024, left: 59366
Finish read data: 128
Data left: 3419, State=4
----------------------
Available data: 3419, State=4
Read chunk type
Chunk Type 3
Chunk ID: 6
Data left: 3418, State=6
----------------------
Available data: 3418, State=6
Data left: 3418, State=8
----------------------
Available data: 3418, State=8
Read data: 147984024, left: 59238
Finish read data: 128
Data left: 3290, State=4
----------------------
Available data: 3290, State=4
Read chunk type
Chunk Type 3
Chunk ID: 6
Data left: 3289, State=6
----------------------
Available data: 3289, State=6
Data left: 3289, State=8
----------------------
Available data: 3289, State=8
Read data: 147984024, left: 59110
Finish read data: 128
Data left: 3161, State=4
----------------------
Available data: 3161, State=4
Read chunk type
Chunk Type 3
Chunk ID: 6
Data left: 3160, State=6
----------------------
Available data: 3160, State=6
Data left: 3160, State=8
----------------------
Available data: 3160, State=8
Read data: 147984024, left: 58982
Finish read data: 128
Data left: 3032, State=4
----------------------
Available data: 3032, State=4
Read chunk type
Chunk Type 3
Chunk ID: 6
Data left: 3031, State=6
----------------------
Available data: 3031, State=6
Data left: 3031, State=8
----------------------
Available data: 3031, State=8
Read data: 147984024, left: 58854
Finish read data: 128
Data left: 2903, State=4
----------------------
Available data: 2903, State=4
Read chunk type
Chunk Type 3
Chunk ID: 6
Data left: 2902, State=6
----------------------
Available data: 2902, State=6
Data left: 2902, State=8
----------------------
Available data: 2902, State=8
Read data: 147984024, left: 58726
Finish read data: 128
Data left: 2774, State=4
----------------------
Available data: 2774, State=4
Read chunk type
Chunk Type 3
Chunk ID: 6
Data left: 2773, State=6
----------------------
Available data: 2773, State=6
Data left: 2773, State=8
----------------------
Available data: 2773, State=8
Read data: 147984024, left: 58598
Finish read data: 128
Data left: 2645, State=4
----------------------
Available data: 2645, State=4
Read chunk type
Chunk Type 3
Chunk ID: 6
Data left: 2644, State=6
----------------------
Available data: 2644, State=6
Data left: 2644, State=8
----------------------
Available data: 2644, State=8
Read data: 147984024, left: 58470
Finish read data: 128
Data left: 2516, State=4
----------------------
Available data: 2516, State=4
Read chunk type
Chunk Type 3
Chunk ID: 6
Data left: 2515, State=6
----------------------
Available data: 2515, State=6
Data left: 2515, State=8
----------------------
Available data: 2515, State=8
Read data: 147984024, left: 58342
Finish read data: 128
Data left: 2387, State=4
----------------------
Available data: 2387, State=4
Read chunk type
Chunk Type 3
Chunk ID: 6
Data left: 2386, State=6
----------------------
Available data: 2386, State=6
Data left: 2386, State=8
----------------------
Available data: 2386, State=8
Read data: 147984024, left: 58214
Finish read data: 128
Data left: 2258, State=4
----------------------
Available data: 2258, State=4
Read chunk type
Chunk Type 3
Chunk ID: 6
Data left: 2257, State=6
----------------------
Available data: 2257, State=6
Data left: 2257, State=8
----------------------
Available data: 2257, State=8
Read data: 147984024, left: 58086
Finish read data: 128
Data left: 2129, State=4
----------------------
Available data: 2129, State=4
Read chunk type
Chunk Type 3
Chunk ID: 6
Data left: 2128, State=6
----------------------
Available data: 2128, State=6
Data left: 2128, State=8
----------------------
Available data: 2128, State=8
Read data: 147984024, left: 57958
Finish read data: 128
Data left: 2000, State=4
----------------------
Available data: 2000, State=4
Read chunk type
Chunk Type 3
Chunk ID: 6
Data left: 1999, State=6
----------------------
Available data: 1999, State=6
Data left: 1999, State=8
----------------------
Available data: 1999, State=8
Read data: 147984024, left: 57830
Finish read data: 128
Data left: 1871, State=4
----------------------
Available data: 1871, State=4
Read chunk type
Chunk Type 3
Chunk ID: 6
Data left: 1870, State=6
----------------------
Available data: 1870, State=6
Data left: 1870, State=8
----------------------
Available data: 1870, State=8
Read data: 147984024, left: 57702
Finish read data: 128
Data left: 1742, State=4
----------------------
Available data: 1742, State=4
Read chunk type
Chunk Type 3
Chunk ID: 6
Data left: 1741, State=6
----------------------
Available data: 1741, State=6
Data left: 1741, State=8
----------------------
Available data: 1741, State=8
Read data: 147984024, left: 57574
Finish read data: 128
Data left: 1613, State=4
----------------------
Available data: 1613, State=4
Read chunk type
Chunk Type 3
Chunk ID: 6
Data left: 1612, State=6
----------------------
Available data: 1612, State=6
Data left: 1612, State=8
----------------------
Available data: 1612, State=8
Read data: 147984024, left: 57446
Finish read data: 128
Data left: 1484, State=4
----------------------
Available data: 1484, State=4
Read chunk type
Chunk Type 3
Chunk ID: 6
Data left: 1483, State=6
----------------------
Available data: 1483, State=6
Data left: 1483, State=8
----------------------
Available data: 1483, State=8
Read data: 147984024, left: 57318
Finish read data: 128
Data left: 1355, State=4
----------------------
Available data: 1355, State=4
Read chunk type
Chunk Type 3
Chunk ID: 6
Data left: 1354, State=6
----------------------
Available data: 1354, State=6
Data left: 1354, State=8
----------------------
Available data: 1354, State=8
Read data: 147984024, left: 57190
Finish read data: 128
Data left: 1226, State=4
----------------------
Available data: 1226, State=4
Read chunk type
Chunk Type 3
Chunk ID: 6
Data left: 1225, State=6
----------------------
Available data: 1225, State=6
Data left: 1225, State=8
----------------------
Available data: 1225, State=8
Read data: 147984024, left: 57062
Finish read data: 128
Data left: 1097, State=4
----------------------
Available data: 1097, State=4
Read chunk type
Chunk Type 3
Chunk ID: 6
Data left: 1096, State=6
----------------------
Available data: 1096, State=6
Data left: 1096, State=8
----------------------
Available data: 1096, State=8
Read data: 147984024, left: 56934
Finish read data: 128
Data left: 968, State=4
----------------------
Available data: 968, State=4
Read chunk type
Chunk Type 3
Chunk ID: 6
Data left: 967, State=6
----------------------
Available data: 967, State=6
Data left: 967, State=8
----------------------
Available data: 967, State=8
Read data: 147984024, left: 56806
Finish read data: 128
Data left: 839, State=4
----------------------
Available data: 839, State=4
Read chunk type
Chunk Type 3
Chunk ID: 6
Data left: 838, State=6
----------------------
Available data: 838, State=6
Data left: 838, State=8
----------------------
Available data: 838, State=8
Read data: 147984024, left: 56678
Finish read data: 128
Data left: 710, State=4
----------------------
Available data: 710, State=4
Read chunk type
Chunk Type 3
Chunk ID: 6
Data left: 709, State=6
----------------------
Available data: 709, State=6
Data left: 709, State=8
----------------------
Available data: 709, State=8
Read data: 147984024, left: 56550
Finish read data: 128
Data left: 581, State=4
----------------------
Available data: 581, State=4
Read chunk type
Chunk Type 3
Chunk ID: 6
Data left: 580, State=6
----------------------
Available data: 580, State=6
Data left: 580, State=8
----------------------
Available data: 580, State=8
Read data: 147984024, left: 56422
Finish read data: 128
Data left: 452, State=4
----------------------
Available data: 452, State=4
Read chunk type
Chunk Type 3
Chunk ID: 6
Data left: 451, State=6
----------------------
Available data: 451, State=6
Data left: 451, State=8
----------------------
Available data: 451, State=8
Read data: 147984024, left: 56294
Finish read data: 128
Data left: 323, State=4
----------------------
Available data: 323, State=4
Read chunk type
Chunk Type 3
Chunk ID: 6
Data left: 322, State=6
----------------------
Available data: 322, State=6
Data left: 322, State=8
----------------------
Available data: 322, State=8
Read data: 147984024, left: 56166
Finish read data: 128
Data left: 194, State=4
----------------------
Available data: 194, State=4
Read chunk type
Chunk Type 3
Chunk ID: 6
Data left: 193, State=6
----------------------
Available data: 193, State=6
Data left: 193, State=8
----------------------
Available data: 193, State=8
Read data: 147984024, left: 56038
Finish read data: 128
Data left: 65, State=4
----------------------
Available data: 65, State=4
Read chunk type
Chunk Type 3
Chunk ID: 6
Data left: 64, State=6
----------------------
Available data: 64, State=6
Data left: 64, State=8
----------------------
Available data: 64, State=8
Data left: 64, State=8
Receiving: 4450 8128 12642 131073
----------------------
Available data: 4514, State=8
Read data: 147984024, left: 55910
Finish read data: 128
Data left: 4386, State=4
----------------------
Available data: 4386, State=4
Read chunk type
Chunk Type 3
Chunk ID: 6
Data left: 4385, State=6
----------------------
Available data: 4385, State=6
Data left: 4385, State=8
----------------------
Available data: 4385, State=8
Read data: 147984024, left: 55782
Finish read data: 128
Data left: 4257, State=4
----------------------
Available data: 4257, State=4
Read chunk type
Chunk Type 3
Chunk ID: 6
Data left: 4256, State=6
----------------------
Available data: 4256, State=6
Data left: 4256, State=8
----------------------
Available data: 4256, State=8
Read data: 147984024, left: 55654
Finish read data: 128
Data left: 4128, State=4
----------------------
Available data: 4128, State=4
Read chunk type
Chunk Type 3
Chunk ID: 6
Data left: 4127, State=6
----------------------
Available data: 4127, State=6
Data left: 4127, State=8
----------------------
Available data: 4127, State=8
Read data: 147984024, left: 55526
Finish read data: 128
Data left: 3999, State=4
----------------------
Available data: 3999, State=4
Read chunk type
Chunk Type 3
Chunk ID: 6
Data left: 3998, State=6
----------------------
Available data: 3998, State=6
Data left: 3998, State=8
----------------------
Available data: 3998, State=8
Read data: 147984024, left: 55398
Finish read data: 128
Data left: 3870, State=4
----------------------
Available data: 3870, State=4
Read chunk type
Chunk Type 3
Chunk ID: 6
Data left: 3869, State=6
----------------------
Available data: 3869, State=6
Data left: 3869, State=8
----------------------
Available data: 3869, State=8
Read data: 147984024, left: 55270
Finish read data: 128
Data left: 3741, State=4
----------------------
Available data: 3741, State=4
Read chunk type
Chunk Type 3
Chunk ID: 6
Data left: 3740, State=6
----------------------
Available data: 3740, State=6
Data left: 3740, State=8
----------------------
Available data: 3740, State=8
Read data: 147984024, left: 55142
Finish read data: 128
Data left: 3612, State=4
----------------------
Available data: 3612, State=4
Read chunk type
Chunk Type 3
Chunk ID: 6
Data left: 3611, State=6
----------------------
Available data: 3611, State=6
Data left: 3611, State=8
----------------------
Available data: 3611, State=8
Read data: 147984024, left: 55014
Finish read data: 128
Data left: 3483, State=4
----------------------
Available data: 3483, State=4
Read chunk type
Chunk Type 3
Chunk ID: 6
Data left: 3482, State=6
----------------------
Available data: 3482, State=6
Data left: 3482, State=8
----------------------
Available data: 3482, State=8
Read data: 147984024, left: 54886
Finish read data: 128
Data left: 3354, State=4
----------------------
Available data: 3354, State=4
Read chunk type
Chunk Type 3
Chunk ID: 6
Data left: 3353, State=6
----------------------
Available data: 3353, State=6
Data left: 3353, State=8
----------------------
Available data: 3353, State=8
Read data: 147984024, left: 54758
Finish read data: 128
Data left: 3225, State=4
----------------------
Available data: 3225, State=4
Read chunk type
Chunk Type 3
Chunk ID: 6
Data left: 3224, State=6
----------------------
Available data: 3224, State=6
Data left: 3224, State=8
----------------------
Available data: 3224, State=8
Read data: 147984024, left: 54630
Finish read data: 128
Data left: 3096, State=4
----------------------
Available data: 3096, State=4
Read chunk type
Chunk Type 3
Chunk ID: 6
Data left: 3095, State=6
----------------------
Available data: 3095, State=6
Data left: 3095, State=8
----------------------
Available data: 3095, State=8
Read data: 147984024, left: 54502
Finish read data: 128
Data left: 2967, State=4
----------------------
Available data: 2967, State=4
Read chunk type
Chunk Type 3
Chunk ID: 6
Data left: 2966, State=6
----------------------
Available data: 2966, State=6
Data left: 2966, State=8
----------------------
Available data: 2966, State=8
Read data: 147984024, left: 54374
Finish read data: 128
Data left: 2838, State=4
----------------------
Available data: 2838, State=4
Read chunk type
Chunk Type 3
Chunk ID: 6
Data left: 2837, State=6
----------------------
Available data: 2837, State=6
Data left: 2837, State=8
----------------------
Available data: 2837, State=8
Read data: 147984024, left: 54246
Finish read data: 128
Data left: 2709, State=4
----------------------
Available data: 2709, State=4
Read chunk type
Chunk Type 3
Chunk ID: 6
Data left: 2708, State=6
----------------------
Available data: 2708, State=6
Data left: 2708, State=8
----------------------
Available data: 2708, State=8
Read data: 147984024, left: 54118
Finish read data: 128
Data left: 2580, State=4
----------------------
Available data: 2580, State=4
Read chunk type
Chunk Type 3
Chunk ID: 6
Data left: 2579, State=6
----------------------
Available data: 2579, State=6
Data left: 2579, State=8
----------------------
Available data: 2579, State=8
Read data: 147984024, left: 53990
Finish read data: 128
Data left: 2451, State=4
----------------------
Available data: 2451, State=4
Read chunk type
Chunk Type 3
Chunk ID: 6
Data left: 2450, State=6
----------------------
Available data: 2450, State=6
Data left: 2450, State=8
----------------------
Available data: 2450, State=8
Read data: 147984024, left: 53862
Finish read data: 128
Data left: 2322, State=4
----------------------
Available data: 2322, State=4
Read chunk type
Chunk Type 3
Chunk ID: 6
Data left: 2321, State=6
----------------------
Available data: 2321, State=6
Data left: 2321, State=8
----------------------
Available data: 2321, State=8
Read data: 147984024, left: 53734
Finish read data: 128
Data left: 2193, State=4
----------------------
Available data: 2193, State=4
Read chunk type
Chunk Type 3
Chunk ID: 6
Data left: 2192, State=6
----------------------
Available data: 2192, State=6
Data left: 2192, State=8
----------------------
Available data: 2192, State=8
Read data: 147984024, left: 53606
Finish read data: 128
Data left: 2064, State=4
----------------------
Available data: 2064, State=4
Read chunk type
Chunk Type 3
Chunk ID: 6
Data left: 2063, State=6
----------------------
Available data: 2063, State=6
Data left: 2063, State=8
----------------------
Available data: 2063, State=8
Read data: 147984024, left: 53478
Finish read data: 128
Data left: 1935, State=4
----------------------
Available data: 1935, State=4
Read chunk type
Chunk Type 3
Chunk ID: 6
Data left: 1934, State=6
----------------------
Available data: 1934, State=6
Data left: 1934, State=8
----------------------
Available data: 1934, State=8
Read data: 147984024, left: 53350
Finish read data: 128
Data left: 1806, State=4
----------------------
Available data: 1806, State=4
Read chunk type
Chunk Type 3
Chunk ID: 6
Data left: 1805, State=6
----------------------
Available data: 1805, State=6
Data left: 1805, State=8
----------------------
Available data: 1805, State=8
Read data: 147984024, left: 53222
Finish read data: 128
Data left: 1677, State=4
----------------------
Available data: 1677, State=4
Read chunk type
Chunk Type 3
Chunk ID: 6
Data left: 1676, State=6
----------------------
Available data: 1676, State=6
Data left: 1676, State=8
----------------------
Available data: 1676, State=8
Read data: 147984024, left: 53094
Finish read data: 128
Data left: 1548, State=4
----------------------
Available data: 1548, State=4
Read chunk type
Chunk Type 3
Chunk ID: 6
Data left: 1547, State=6
----------------------
Available data: 1547, State=6
Data left: 1547, State=8
----------------------
Available data: 1547, State=8
Read data: 147984024, left: 52966
Finish read data: 128
Data left: 1419, State=4
----------------------
Available data: 1419, State=4
Read chunk type
Chunk Type 3
Chunk ID: 6
Data left: 1418, State=6
----------------------
Available data: 1418, State=6
Data left: 1418, State=8
----------------------
Available data: 1418, State=8
Read data: 147984024, left: 52838
Finish read data: 128
Data left: 1290, State=4
----------------------
Available data: 1290, State=4
Read chunk type
Chunk Type 3
Chunk ID: 6
Data left: 1289, State=6
----------------------
Available data: 1289, State=6
Data left: 1289, State=8
----------------------
Available data: 1289, State=8
Read data: 147984024, left: 52710
Finish read data: 128
Data left: 1161, State=4
----------------------
Available data: 1161, State=4
Read chunk type
Chunk Type 3
Chunk ID: 6
Data left: 1160, State=6
----------------------
Available data: 1160, State=6
Data left: 1160, State=8
----------------------
Available data: 1160, State=8
Read data: 147984024, left: 52582
Finish read data: 128
Data left: 1032, State=4
----------------------
Available data: 1032, State=4
Read chunk type
Chunk Type 3
Chunk ID: 6
Data left: 1031, State=6
----------------------
Available data: 1031, State=6
Data left: 1031, State=8
----------------------
Available data: 1031, State=8
Read data: 147984024, left: 52454
Finish read data: 128
Data left: 903, State=4
----------------------
Available data: 903, State=4
Read chunk type
Chunk Type 3
Chunk ID: 6
Data left: 902, State=6
----------------------
Available data: 902, State=6
Data left: 902, State=8
----------------------
Available data: 902, State=8
Read data: 147984024, left: 52326
Finish read data: 128
Data left: 774, State=4
----------------------
Available data: 774, State=4
Read chunk type
Chunk Type 3
Chunk ID: 6
Data left: 773, State=6
----------------------
Available data: 773, State=6
Data left: 773, State=8
----------------------
Available data: 773, State=8
Read data: 147984024, left: 52198
Finish read data: 128
Data left: 645, State=4
----------------------
Available data: 645, State=4
Read chunk type
Chunk Type 3
Chunk ID: 6
Data left: 644, State=6
----------------------
Available data: 644, State=6
Data left: 644, State=8
----------------------
Available data: 644, State=8
Read data: 147984024, left: 52070
Finish read data: 128
Data left: 516, State=4
----------------------
Available data: 516, State=4
Read chunk type
Chunk Type 3
Chunk ID: 6
Data left: 515, State=6
----------------------
Available data: 515, State=6
Data left: 515, State=8
----------------------
Available data: 515, State=8
Read data: 147984024, left: 51942
Finish read data: 128
Data left: 387, State=4
----------------------
Available data: 387, State=4
Read chunk type
Chunk Type 3
Chunk ID: 6
Data left: 386, State=6
----------------------
Available data: 386, State=6
Data left: 386, State=8
----------------------
Available data: 386, State=8
Read data: 147984024, left: 51814
Finish read data: 128
Data left: 258, State=4
----------------------
Available data: 258, State=4
Read chunk type
Chunk Type 3
Chunk ID: 6
Data left: 257, State=6
----------------------
Available data: 257, State=6
Data left: 257, State=8
----------------------
Available data: 257, State=8
Read data: 147984024, left: 51686
Finish read data: 128
Data left: 129, State=4
----------------------
Available data: 129, State=4
Read chunk type
Chunk Type 3
Chunk ID: 6
Data left: 128, State=6
----------------------
Available data: 128, State=6
Data left: 128, State=8
----------------------
Available data: 128, State=8
Read data: 147984024, left: 51558
Finish read data: 128
Data left: 0, State=4
Receiving: 4096 0 4096 131073
----------------------
Available data: 4096, State=4
Read chunk type
Chunk Type 3
Chunk ID: 6
Data left: 4095, State=6
----------------------
Available data: 4095, State=6
Data left: 4095, State=8
----------------------
Available data: 4095, State=8
Read data: 147984024, left: 51430
Finish read data: 128
Data left: 3967, State=4
----------------------
Available data: 3967, State=4
Read chunk type
Chunk Type 3
Chunk ID: 6
Data left: 3966, State=6
----------------------
Available data: 3966, State=6
Data left: 3966, State=8
----------------------
Available data: 3966, State=8
Read data: 147984024, left: 51302
Finish read data: 128
Data left: 3838, State=4
----------------------
Available data: 3838, State=4
Read chunk type
Chunk Type 3
Chunk ID: 6
Data left: 3837, State=6
----------------------
Available data: 3837, State=6
Data left: 3837, State=8
----------------------
Available data: 3837, State=8
Read data: 147984024, left: 51174
Finish read data: 128
Data left: 3709, State=4
----------------------
Available data: 3709, State=4
Read chunk type
Chunk Type 3
Chunk ID: 6
Data left: 3708, State=6
----------------------
Available data: 3708, State=6
Data left: 3708, State=8
----------------------
Available data: 3708, State=8
Read data: 147984024, left: 51046
Finish read data: 128
Data left: 3580, State=4
----------------------
Available data: 3580, State=4
Read chunk type
Chunk Type 3
Chunk ID: 6
Data left: 3579, State=6
----------------------
Available data: 3579, State=6
Data left: 3579, State=8
----------------------
Available data: 3579, State=8
Read data: 147984024, left: 50918
Finish read data: 128
Data left: 3451, State=4
----------------------
Available data: 3451, State=4
Read chunk type
Chunk Type 3
Chunk ID: 6
Data left: 3450, State=6
----------------------
Available data: 3450, State=6
Data left: 3450, State=8
----------------------
Available data: 3450, State=8
Read data: 147984024, left: 50790
Finish read data: 128
Data left: 3322, State=4
----------------------
Available data: 3322, State=4
Read chunk type
Chunk Type 3
Chunk ID: 6
Data left: 3321, State=6
----------------------
Available data: 3321, State=6
Data left: 3321, State=8
----------------------
Available data: 3321, State=8
Read data: 147984024, left: 50662
Finish read data: 128
Data left: 3193, State=4
----------------------
Available data: 3193, State=4
Read chunk type
Chunk Type 3
Chunk ID: 6
Data left: 3192, State=6
----------------------
Available data: 3192, State=6
Data left: 3192, State=8
----------------------
Available data: 3192, State=8
Read data: 147984024, left: 50534
Finish read data: 128
Data left: 3064, State=4
----------------------
Available data: 3064, State=4
Read chunk type
Chunk Type 3
Chunk ID: 6
Data left: 3063, State=6
----------------------
Available data: 3063, State=6
Data left: 3063, State=8
----------------------
Available data: 3063, State=8
Read data: 147984024, left: 50406
Finish read data: 128
Data left: 2935, State=4
----------------------
Available data: 2935, State=4
Read chunk type
Chunk Type 3
Chunk ID: 6
Data left: 2934, State=6
----------------------
Available data: 2934, State=6
Data left: 2934, State=8
----------------------
Available data: 2934, State=8
Read data: 147984024, left: 50278
Finish read data: 128
Data left: 2806, State=4
----------------------
Available data: 2806, State=4
Read chunk type
Chunk Type 3
Chunk ID: 6
Data left: 2805, State=6
----------------------
Available data: 2805, State=6
Data left: 2805, State=8
----------------------
Available data: 2805, State=8
Read data: 147984024, left: 50150
Finish read data: 128
Data left: 2677, State=4
----------------------
Available data: 2677, State=4
Read chunk type
Chunk Type 3
Chunk ID: 6
Data left: 2676, State=6
----------------------
Available data: 2676, State=6
Data left: 2676, State=8
----------------------
Available data: 2676, State=8
Read data: 147984024, left: 50022
Finish read data: 128
Data left: 2548, State=4
----------------------
Available data: 2548, State=4
Read chunk type
Chunk Type 3
Chunk ID: 6
Data left: 2547, State=6
----------------------
Available data: 2547, State=6
Data left: 2547, State=8
----------------------
Available data: 2547, State=8
Read data: 147984024, left: 49894
Finish read data: 128
Data left: 2419, State=4
----------------------
Available data: 2419, State=4
Read chunk type
Chunk Type 3
Chunk ID: 6
Data left: 2418, State=6
----------------------
Available data: 2418, State=6
Data left: 2418, State=8
----------------------
Available data: 2418, State=8
Read data: 147984024, left: 49766
Finish read data: 128
Data left: 2290, State=4
----------------------
Available data: 2290, State=4
Read chunk type
Chunk Type 3
Chunk ID: 6
Data left: 2289, State=6
----------------------
Available data: 2289, State=6
Data left: 2289, State=8
----------------------
Available data: 2289, State=8
Read data: 147984024, left: 49638
Finish read data: 128
Data left: 2161, State=4
----------------------
Available data: 2161, State=4
Read chunk type
Chunk Type 3
Chunk ID: 6
Data left: 2160, State=6
----------------------
Available data: 2160, State=6
Data left: 2160, State=8
----------------------
Available data: 2160, State=8
Read data: 147984024, left: 49510
Finish read data: 128
Data left: 2032, State=4
----------------------
Available data: 2032, State=4
Read chunk type
Chunk Type 3
Chunk ID: 6
Data left: 2031, State=6
----------------------
Available data: 2031, State=6
Data left: 2031, State=8
----------------------
Available data: 2031, State=8
Read data: 147984024, left: 49382
Finish read data: 128
Data left: 1903, State=4
----------------------
Available data: 1903, State=4
Read chunk type
Chunk Type 3
Chunk ID: 6
Data left: 1902, State=6
----------------------
Available data: 1902, State=6
Data left: 1902, State=8
----------------------
Available data: 1902, State=8
Read data: 147984024, left: 49254
Finish read data: 128
Data left: 1774, State=4
----------------------
Available data: 1774, State=4
Read chunk type
Chunk Type 3
Chunk ID: 6
Data left: 1773, State=6
----------------------
Available data: 1773, State=6
Data left: 1773, State=8
----------------------
Available data: 1773, State=8
Read data: 147984024, left: 49126
Finish read data: 128
Data left: 1645, State=4
----------------------
Available data: 1645, State=4
Read chunk type
Chunk Type 3
Chunk ID: 6
Data left: 1644, State=6
----------------------
Available data: 1644, State=6
Data left: 1644, State=8
----------------------
Available data: 1644, State=8
Read data: 147984024, left: 48998
Finish read data: 128
Data left: 1516, State=4
----------------------
Available data: 1516, State=4
Read chunk type
Chunk Type 3
Chunk ID: 6
Data left: 1515, State=6
----------------------
Available data: 1515, State=6
Data left: 1515, State=8
----------------------
Available data: 1515, State=8
Read data: 147984024, left: 48870
Finish read data: 128
Data left: 1387, State=4
----------------------
Available data: 1387, State=4
Read chunk type
Chunk Type 3
Chunk ID: 6
Data left: 1386, State=6
----------------------
Available data: 1386, State=6
Data left: 1386, State=8
----------------------
Available data: 1386, State=8
Read data: 147984024, left: 48742
Finish read data: 128
Data left: 1258, State=4
----------------------
Available data: 1258, State=4
Read chunk type
Chunk Type 3
Chunk ID: 6
Data left: 1257, State=6
----------------------
Available data: 1257, State=6
Data left: 1257, State=8
----------------------
Available data: 1257, State=8
Read data: 147984024, left: 48614
Finish read data: 128
Data left: 1129, State=4
----------------------
Available data: 1129, State=4
Read chunk type
Chunk Type 3
Chunk ID: 6
Data left: 1128, State=6
----------------------
Available data: 1128, State=6
Data left: 1128, State=8
----------------------
Available data: 1128, State=8
Read data: 147984024, left: 48486
Finish read data: 128
Data left: 1000, State=4
----------------------
Available data: 1000, State=4
Read chunk type
Chunk Type 3
Chunk ID: 6
Data left: 999, State=6
----------------------
Available data: 999, State=6
Data left: 999, State=8
----------------------
Available data: 999, State=8
Read data: 147984024, left: 48358
Finish read data: 128
Data left: 871, State=4
----------------------
Available data: 871, State=4
Read chunk type
Chunk Type 3
Chunk ID: 6
Data left: 870, State=6
----------------------
Available data: 870, State=6
Data left: 870, State=8
----------------------
Available data: 870, State=8
Read data: 147984024, left: 48230
Finish read data: 128
Data left: 742, State=4
----------------------
Available data: 742, State=4
Read chunk type
Chunk Type 3
Chunk ID: 6
Data left: 741, State=6
----------------------
Available data: 741, State=6
Data left: 741, State=8
----------------------
Available data: 741, State=8
Read data: 147984024, left: 48102
Finish read data: 128
Data left: 613, State=4
----------------------
Available data: 613, State=4
Read chunk type
Chunk Type 3
Chunk ID: 6
Data left: 612, State=6
----------------------
Available data: 612, State=6
Data left: 612, State=8
----------------------
Available data: 612, State=8
Read data: 147984024, left: 47974
Finish read data: 128
Data left: 484, State=4
----------------------
Available data: 484, State=4
Read chunk type
Chunk Type 3
Chunk ID: 6
Data left: 483, State=6
----------------------
Available data: 483, State=6
Data left: 483, State=8
----------------------
Available data: 483, State=8
Read data: 147984024, left: 47846
Finish read data: 128
Data left: 355, State=4
----------------------
Available data: 355, State=4
Read chunk type
Chunk Type 3
Chunk ID: 6
Data left: 354, State=6
----------------------
Available data: 354, State=6
Data left: 354, State=8
----------------------
Available data: 354, State=8
Read data: 147984024, left: 47718
Finish read data: 128
Data left: 226, State=4
----------------------
Available data: 226, State=4
Read chunk type
Chunk Type 3
Chunk ID: 6
Data left: 225, State=6
----------------------
Available data: 225, State=6
Data left: 225, State=8
----------------------
Available data: 225, State=8
Read data: 147984024, left: 47590
Finish read data: 128
Data left: 97, State=4
----------------------
Available data: 97, State=4
Read chunk type
Chunk Type 3
Chunk ID: 6
Data left: 96, State=6
----------------------
Available data: 96, State=6
Data left: 96, State=8
----------------------
Available data: 96, State=8
Data left: 96, State=8
Receiving: 4096 4000 8192 131073
----------------------
Available data: 4192, State=8
Read data: 147984024, left: 47462
Finish read data: 128
Data left: 4064, State=4
----------------------
Available data: 4064, State=4
Read chunk type
Chunk Type 3
Chunk ID: 6
Data left: 4063, State=6
----------------------
Available data: 4063, State=6
Data left: 4063, State=8
----------------------
Available data: 4063, State=8
Read data: 147984024, left: 47334
Finish read data: 128
Data left: 3935, State=4
----------------------
Available data: 3935, State=4
Read chunk type
Chunk Type 3
Chunk ID: 6
Data left: 3934, State=6
----------------------
Available data: 3934, State=6
Data left: 3934, State=8
----------------------
Available data: 3934, State=8
Read data: 147984024, left: 47206
Finish read data: 128
Data left: 3806, State=4
----------------------
Available data: 3806, State=4
Read chunk type
Chunk Type 3
Chunk ID: 6
Data left: 3805, State=6
----------------------
Available data: 3805, State=6
Data left: 3805, State=8
----------------------
Available data: 3805, State=8
Read data: 147984024, left: 47078
Finish read data: 128
Data left: 3677, State=4
----------------------
Available data: 3677, State=4
Read chunk type
Chunk Type 3
Chunk ID: 6
Data left: 3676, State=6
----------------------
Available data: 3676, State=6
Data left: 3676, State=8
----------------------
Available data: 3676, State=8
Read data: 147984024, left: 46950
Finish read data: 128
Data left: 3548, State=4
----------------------
Available data: 3548, State=4
Read chunk type
Chunk Type 3
Chunk ID: 6
Data left: 3547, State=6
----------------------
Available data: 3547, State=6
Data left: 3547, State=8
----------------------
Available data: 3547, State=8
Read data: 147984024, left: 46822
Finish read data: 128
Data left: 3419, State=4
----------------------
Available data: 3419, State=4
Read chunk type
Chunk Type 3
Chunk ID: 6
Data left: 3418, State=6
----------------------
Available data: 3418, State=6
Data left: 3418, State=8
----------------------
Available data: 3418, State=8
Read data: 147984024, left: 46694
Finish read data: 128
Data left: 3290, State=4
----------------------
Available data: 3290, State=4
Read chunk type
Chunk Type 3
Chunk ID: 6
Data left: 3289, State=6
----------------------
Available data: 3289, State=6
Data left: 3289, State=8
----------------------
Available data: 3289, State=8
Read data: 147984024, left: 46566
Finish read data: 128
Data left: 3161, State=4
----------------------
Available data: 3161, State=4
Read chunk type
Chunk Type 3
Chunk ID: 6
Data left: 3160, State=6
----------------------
Available data: 3160, State=6
Data left: 3160, State=8
----------------------
Available data: 3160, State=8
Read data: 147984024, left: 46438
Finish read data: 128
Data left: 3032, State=4
----------------------
Available data: 3032, State=4
Read chunk type
Chunk Type 3
Chunk ID: 6
Data left: 3031, State=6
----------------------
Available data: 3031, State=6
Data left: 3031, State=8
----------------------
Available data: 3031, State=8
Read data: 147984024, left: 46310
Finish read data: 128
Data left: 2903, State=4
----------------------
Available data: 2903, State=4
Read chunk type
Chunk Type 3
Chunk ID: 6
Data left: 2902, State=6
----------------------
Available data: 2902, State=6
Data left: 2902, State=8
----------------------
Available data: 2902, State=8
Read data: 147984024, left: 46182
Finish read data: 128
Data left: 2774, State=4
----------------------
Available data: 2774, State=4
Read chunk type
Chunk Type 3
Chunk ID: 6
Data left: 2773, State=6
----------------------
Available data: 2773, State=6
Data left: 2773, State=8
----------------------
Available data: 2773, State=8
Read data: 147984024, left: 46054
Finish read data: 128
Data left: 2645, State=4
----------------------
Available data: 2645, State=4
Read chunk type
Chunk Type 3
Chunk ID: 6
Data left: 2644, State=6
----------------------
Available data: 2644, State=6
Data left: 2644, State=8
----------------------
Available data: 2644, State=8
Read data: 147984024, left: 45926
Finish read data: 128
Data left: 2516, State=4
----------------------
Available data: 2516, State=4
Read chunk type
Chunk Type 3
Chunk ID: 6
Data left: 2515, State=6
----------------------
Available data: 2515, State=6
Data left: 2515, State=8
----------------------
Available data: 2515, State=8
Read data: 147984024, left: 45798
Finish read data: 128
Data left: 2387, State=4
----------------------
Available data: 2387, State=4
Read chunk type
Chunk Type 3
Chunk ID: 6
Data left: 2386, State=6
----------------------
Available data: 2386, State=6
Data left: 2386, State=8
----------------------
Available data: 2386, State=8
Read data: 147984024, left: 45670
Finish read data: 128
Data left: 2258, State=4
----------------------
Available data: 2258, State=4
Read chunk type
Chunk Type 3
Chunk ID: 6
Data left: 2257, State=6
----------------------
Available data: 2257, State=6
Data left: 2257, State=8
----------------------
Available data: 2257, State=8
Read data: 147984024, left: 45542
Finish read data: 128
Data left: 2129, State=4
----------------------
Available data: 2129, State=4
Read chunk type
Chunk Type 3
Chunk ID: 6
Data left: 2128, State=6
----------------------
Available data: 2128, State=6
Data left: 2128, State=8
----------------------
Available data: 2128, State=8
Read data: 147984024, left: 45414
Finish read data: 128
Data left: 2000, State=4
----------------------
Available data: 2000, State=4
Read chunk type
Chunk Type 3
Chunk ID: 6
Data left: 1999, State=6
----------------------
Available data: 1999, State=6
Data left: 1999, State=8
----------------------
Available data: 1999, State=8
Read data: 147984024, left: 45286
Finish read data: 128
Data left: 1871, State=4
----------------------
Available data: 1871, State=4
Read chunk type
Chunk Type 3
Chunk ID: 6
Data left: 1870, State=6
----------------------
Available data: 1870, State=6
Data left: 1870, State=8
----------------------
Available data: 1870, State=8
Read data: 147984024, left: 45158
Finish read data: 128
Data left: 1742, State=4
----------------------
Available data: 1742, State=4
Read chunk type
Chunk Type 3
Chunk ID: 6
Data left: 1741, State=6
----------------------
Available data: 1741, State=6
Data left: 1741, State=8
----------------------
Available data: 1741, State=8
Read data: 147984024, left: 45030
Finish read data: 128
Data left: 1613, State=4
----------------------
Available data: 1613, State=4
Read chunk type
Chunk Type 3
Chunk ID: 6
Data left: 1612, State=6
----------------------
Available data: 1612, State=6
Data left: 1612, State=8
----------------------
Available data: 1612, State=8
Read data: 147984024, left: 44902
Finish read data: 128
Data left: 1484, State=4
----------------------
Available data: 1484, State=4
Read chunk type
Chunk Type 3
Chunk ID: 6
Data left: 1483, State=6
----------------------
Available data: 1483, State=6
Data left: 1483, State=8
----------------------
Available data: 1483, State=8
Read data: 147984024, left: 44774
Finish read data: 128
Data left: 1355, State=4
----------------------
Available data: 1355, State=4
Read chunk type
Chunk Type 3
Chunk ID: 6
Data left: 1354, State=6
----------------------
Available data: 1354, State=6
Data left: 1354, State=8
----------------------
Available data: 1354, State=8
Read data: 147984024, left: 44646
Finish read data: 128
Data left: 1226, State=4
----------------------
Available data: 1226, State=4
Read chunk type
Chunk Type 3
Chunk ID: 6
Data left: 1225, State=6
----------------------
Available data: 1225, State=6
Data left: 1225, State=8
----------------------
Available data: 1225, State=8
Read data: 147984024, left: 44518
Finish read data: 128
Data left: 1097, State=4
----------------------
Available data: 1097, State=4
Read chunk type
Chunk Type 3
Chunk ID: 6
Data left: 1096, State=6
----------------------
Available data: 1096, State=6
Data left: 1096, State=8
----------------------
Available data: 1096, State=8
Read data: 147984024, left: 44390
Finish read data: 128
Data left: 968, State=4
----------------------
Available data: 968, State=4
Read chunk type
Chunk Type 3
Chunk ID: 6
Data left: 967, State=6
----------------------
Available data: 967, State=6
Data left: 967, State=8
----------------------
Available data: 967, State=8
Read data: 147984024, left: 44262
Finish read data: 128
Data left: 839, State=4
----------------------
Available data: 839, State=4
Read chunk type
Chunk Type 3
Chunk ID: 6
Data left: 838, State=6
----------------------
Available data: 838, State=6
Data left: 838, State=8
----------------------
Available data: 838, State=8
Read data: 147984024, left: 44134
Finish read data: 128
Data left: 710, State=4
----------------------
Available data: 710, State=4
Read chunk type
Chunk Type 3
Chunk ID: 6
Data left: 709, State=6
----------------------
Available data: 709, State=6
Data left: 709, State=8
----------------------
Available data: 709, State=8
Read data: 147984024, left: 44006
Finish read data: 128
Data left: 581, State=4
----------------------
Available data: 581, State=4
Read chunk type
Chunk Type 3
Chunk ID: 6
Data left: 580, State=6
----------------------
Available data: 580, State=6
Data left: 580, State=8
----------------------
Available data: 580, State=8
Read data: 147984024, left: 43878
Finish read data: 128
Data left: 452, State=4
----------------------
Available data: 452, State=4
Read chunk type
Chunk Type 3
Chunk ID: 6
Data left: 451, State=6
----------------------
Available data: 451, State=6
Data left: 451, State=8
----------------------
Available data: 451, State=8
Read data: 147984024, left: 43750
Finish read data: 128
Data left: 323, State=4
----------------------
Available data: 323, State=4
Read chunk type
Chunk Type 3
Chunk ID: 6
Data left: 322, State=6
----------------------
Available data: 322, State=6
Data left: 322, State=8
----------------------
Available data: 322, State=8
Read data: 147984024, left: 43622
Finish read data: 128
Data left: 194, State=4
----------------------
Available data: 194, State=4
Read chunk type
Chunk Type 3
Chunk ID: 6
Data left: 193, State=6
----------------------
Available data: 193, State=6
Data left: 193, State=8
----------------------
Available data: 193, State=8
Read data: 147984024, left: 43494
Finish read data: 128
Data left: 65, State=4
----------------------
Available data: 65, State=4
Read chunk type
Chunk Type 3
Chunk ID: 6
Data left: 64, State=6
----------------------
Available data: 64, State=6
Data left: 64, State=8
----------------------
Available data: 64, State=8
Data left: 64, State=8
Receiving: 4321 8128 12513 131073
----------------------
Available data: 4385, State=8
Read data: 147984024, left: 43366
Finish read data: 128
Data left: 4257, State=4
----------------------
Available data: 4257, State=4
Read chunk type
Chunk Type 3
Chunk ID: 6
Data left: 4256, State=6
----------------------
Available data: 4256, State=6
Data left: 4256, State=8
----------------------
Available data: 4256, State=8
Read data: 147984024, left: 43238
Finish read data: 128
Data left: 4128, State=4
----------------------
Available data: 4128, State=4
Read chunk type
Chunk Type 3
Chunk ID: 6
Data left: 4127, State=6
----------------------
Available data: 4127, State=6
Data left: 4127, State=8
----------------------
Available data: 4127, State=8
Read data: 147984024, left: 43110
Finish read data: 128
Data left: 3999, State=4
----------------------
Available data: 3999, State=4
Read chunk type
Chunk Type 3
Chunk ID: 6
Data left: 3998, State=6
----------------------
Available data: 3998, State=6
Data left: 3998, State=8
----------------------
Available data: 3998, State=8
Read data: 147984024, left: 42982
Finish read data: 128
Data left: 3870, State=4
----------------------
Available data: 3870, State=4
Read chunk type
Chunk Type 3
Chunk ID: 6
Data left: 3869, State=6
----------------------
Available data: 3869, State=6
Data left: 3869, State=8
----------------------
Available data: 3869, State=8
Read data: 147984024, left: 42854
Finish read data: 128
Data left: 3741, State=4
----------------------
Available data: 3741, State=4
Read chunk type
Chunk Type 3
Chunk ID: 6
Data left: 3740, State=6
----------------------
Available data: 3740, State=6
Data left: 3740, State=8
----------------------
Available data: 3740, State=8
Read data: 147984024, left: 42726
Finish read data: 128
Data left: 3612, State=4
----------------------
Available data: 3612, State=4
Read chunk type
Chunk Type 3
Chunk ID: 6
Data left: 3611, State=6
----------------------
Available data: 3611, State=6
Data left: 3611, State=8
----------------------
Available data: 3611, State=8
Read data: 147984024, left: 42598
Finish read data: 128
Data left: 3483, State=4
----------------------
Available data: 3483, State=4
Read chunk type
Chunk Type 3
Chunk ID: 6
Data left: 3482, State=6
----------------------
Available data: 3482, State=6
Data left: 3482, State=8
----------------------
Available data: 3482, State=8
Read data: 147984024, left: 42470
Finish read data: 128
Data left: 3354, State=4
----------------------
Available data: 3354, State=4
Read chunk type
Chunk Type 3
Chunk ID: 6
Data left: 3353, State=6
----------------------
Available data: 3353, State=6
Data left: 3353, State=8
----------------------
Available data: 3353, State=8
Read data: 147984024, left: 42342
Finish read data: 128
Data left: 3225, State=4
----------------------
Available data: 3225, State=4
Read chunk type
Chunk Type 3
Chunk ID: 6
Data left: 3224, State=6
----------------------
Available data: 3224, State=6
Data left: 3224, State=8
----------------------
Available data: 3224, State=8
Read data: 147984024, left: 42214
Finish read data: 128
Data left: 3096, State=4
----------------------
Available data: 3096, State=4
Read chunk type
Chunk Type 3
Chunk ID: 6
Data left: 3095, State=6
----------------------
Available data: 3095, State=6
Data left: 3095, State=8
----------------------
Available data: 3095, State=8
Read data: 147984024, left: 42086
Finish read data: 128
Data left: 2967, State=4
----------------------
Available data: 2967, State=4
Read chunk type
Chunk Type 3
Chunk ID: 6
Data left: 2966, State=6
----------------------
Available data: 2966, State=6
Data left: 2966, State=8
----------------------
Available data: 2966, State=8
Read data: 147984024, left: 41958
Finish read data: 128
Data left: 2838, State=4
----------------------
Available data: 2838, State=4
Read chunk type
Chunk Type 3
Chunk ID: 6
Data left: 2837, State=6
----------------------
Available data: 2837, State=6
Data left: 2837, State=8
----------------------
Available data: 2837, State=8
Read data: 147984024, left: 41830
Finish read data: 128
Data left: 2709, State=4
----------------------
Available data: 2709, State=4
Read chunk type
Chunk Type 3
Chunk ID: 6
Data left: 2708, State=6
----------------------
Available data: 2708, State=6
Data left: 2708, State=8
----------------------
Available data: 2708, State=8
Read data: 147984024, left: 41702
Finish read data: 128
Data left: 2580, State=4
----------------------
Available data: 2580, State=4
Read chunk type
Chunk Type 3
Chunk ID: 6
Data left: 2579, State=6
----------------------
Available data: 2579, State=6
Data left: 2579, State=8
----------------------
Available data: 2579, State=8
Read data: 147984024, left: 41574
Finish read data: 128
Data left: 2451, State=4
----------------------
Available data: 2451, State=4
Read chunk type
Chunk Type 3
Chunk ID: 6
Data left: 2450, State=6
----------------------
Available data: 2450, State=6
Data left: 2450, State=8
----------------------
Available data: 2450, State=8
Read data: 147984024, left: 41446
Finish read data: 128
Data left: 2322, State=4
----------------------
Available data: 2322, State=4
Read chunk type
Chunk Type 3
Chunk ID: 6
Data left: 2321, State=6
----------------------
Available data: 2321, State=6
Data left: 2321, State=8
----------------------
Available data: 2321, State=8
Read data: 147984024, left: 41318
Finish read data: 128
Data left: 2193, State=4
----------------------
Available data: 2193, State=4
Read chunk type
Chunk Type 3
Chunk ID: 6
Data left: 2192, State=6
----------------------
Available data: 2192, State=6
Data left: 2192, State=8
----------------------
Available data: 2192, State=8
Read data: 147984024, left: 41190
Finish read data: 128
Data left: 2064, State=4
----------------------
Available data: 2064, State=4
Read chunk type
Chunk Type 3
Chunk ID: 6
Data left: 2063, State=6
----------------------
Available data: 2063, State=6
Data left: 2063, State=8
----------------------
Available data: 2063, State=8
Read data: 147984024, left: 41062
Finish read data: 128
Data left: 1935, State=4
----------------------
Available data: 1935, State=4
Read chunk type
Chunk Type 3
Chunk ID: 6
Data left: 1934, State=6
----------------------
Available data: 1934, State=6
Data left: 1934, State=8
----------------------
Available data: 1934, State=8
Read data: 147984024, left: 40934
Finish read data: 128
Data left: 1806, State=4
----------------------
Available data: 1806, State=4
Read chunk type
Chunk Type 3
Chunk ID: 6
Data left: 1805, State=6
----------------------
Available data: 1805, State=6
Data left: 1805, State=8
----------------------
Available data: 1805, State=8
Read data: 147984024, left: 40806
Finish read data: 128
Data left: 1677, State=4
----------------------
Available data: 1677, State=4
Read chunk type
Chunk Type 3
Chunk ID: 6
Data left: 1676, State=6
----------------------
Available data: 1676, State=6
Data left: 1676, State=8
----------------------
Available data: 1676, State=8
Read data: 147984024, left: 40678
Finish read data: 128
Data left: 1548, State=4
----------------------
Available data: 1548, State=4
Read chunk type
Chunk Type 3
Chunk ID: 6
Data left: 1547, State=6
----------------------
Available data: 1547, State=6
Data left: 1547, State=8
----------------------
Available data: 1547, State=8
Read data: 147984024, left: 40550
Finish read data: 128
Data left: 1419, State=4
----------------------
Available data: 1419, State=4
Read chunk type
Chunk Type 3
Chunk ID: 6
Data left: 1418, State=6
----------------------
Available data: 1418, State=6
Data left: 1418, State=8
----------------------
Available data: 1418, State=8
Read data: 147984024, left: 40422
Finish read data: 128
Data left: 1290, State=4
----------------------
Available data: 1290, State=4
Read chunk type
Chunk Type 3
Chunk ID: 6
Data left: 1289, State=6
----------------------
Available data: 1289, State=6
Data left: 1289, State=8
----------------------
Available data: 1289, State=8
Read data: 147984024, left: 40294
Finish read data: 128
Data left: 1161, State=4
----------------------
Available data: 1161, State=4
Read chunk type
Chunk Type 3
Chunk ID: 6
Data left: 1160, State=6
----------------------
Available data: 1160, State=6
Data left: 1160, State=8
----------------------
Available data: 1160, State=8
Read data: 147984024, left: 40166
Finish read data: 128
Data left: 1032, State=4
----------------------
Available data: 1032, State=4
Read chunk type
Chunk Type 3
Chunk ID: 6
Data left: 1031, State=6
----------------------
Available data: 1031, State=6
Data left: 1031, State=8
----------------------
Available data: 1031, State=8
Read data: 147984024, left: 40038
Finish read data: 128
Data left: 903, State=4
----------------------
Available data: 903, State=4
Read chunk type
Chunk Type 3
Chunk ID: 6
Data left: 902, State=6
----------------------
Available data: 902, State=6
Data left: 902, State=8
----------------------
Available data: 902, State=8
Read data: 147984024, left: 39910
Finish read data: 128
Data left: 774, State=4
----------------------
Available data: 774, State=4
Read chunk type
Chunk Type 3
Chunk ID: 6
Data left: 773, State=6
----------------------
Available data: 773, State=6
Data left: 773, State=8
----------------------
Available data: 773, State=8
Read data: 147984024, left: 39782
Finish read data: 128
Data left: 645, State=4
----------------------
Available data: 645, State=4
Read chunk type
Chunk Type 3
Chunk ID: 6
Data left: 644, State=6
----------------------
Available data: 644, State=6
Data left: 644, State=8
----------------------
Available data: 644, State=8
Read data: 147984024, left: 39654
Finish read data: 128
Data left: 516, State=4
----------------------
Available data: 516, State=4
Read chunk type
Chunk Type 3
Chunk ID: 6
Data left: 515, State=6
----------------------
Available data: 515, State=6
Data left: 515, State=8
----------------------
Available data: 515, State=8
Read data: 147984024, left: 39526
Finish read data: 128
Data left: 387, State=4
----------------------
Available data: 387, State=4
Read chunk type
Chunk Type 3
Chunk ID: 6
Data left: 386, State=6
----------------------
Available data: 386, State=6
Data left: 386, State=8
----------------------
Available data: 386, State=8
Read data: 147984024, left: 39398
Finish read data: 128
Data left: 258, State=4
----------------------
Available data: 258, State=4
Read chunk type
Chunk Type 3
Chunk ID: 6
Data left: 257, State=6
----------------------
Available data: 257, State=6
Data left: 257, State=8
----------------------
Available data: 257, State=8
Read data: 147984024, left: 39270
Finish read data: 128
Data left: 129, State=4
----------------------
Available data: 129, State=4
Read chunk type
Chunk Type 3
Chunk ID: 6
Data left: 128, State=6
----------------------
Available data: 128, State=6
Data left: 128, State=8
----------------------
Available data: 128, State=8
Read data: 147984024, left: 39142
Finish read data: 128
Data left: 0, State=4
Receiving: 4096 0 4096 131073
----------------------
Available data: 4096, State=4
Read chunk type
Chunk Type 3
Chunk ID: 6
Data left: 4095, State=6
----------------------
Available data: 4095, State=6
Data left: 4095, State=8
----------------------
Available data: 4095, State=8
Read data: 147984024, left: 39014
Finish read data: 128
Data left: 3967, State=4
----------------------
Available data: 3967, State=4
Read chunk type
Chunk Type 3
Chunk ID: 6
Data left: 3966, State=6
----------------------
Available data: 3966, State=6
Data left: 3966, State=8
----------------------
Available data: 3966, State=8
Read data: 147984024, left: 38886
Finish read data: 128
Data left: 3838, State=4
----------------------
Available data: 3838, State=4
Read chunk type
Chunk Type 3
Chunk ID: 6
Data left: 3837, State=6
----------------------
Available data: 3837, State=6
Data left: 3837, State=8
----------------------
Available data: 3837, State=8
Read data: 147984024, left: 38758
Finish read data: 128
Data left: 3709, State=4
----------------------
Available data: 3709, State=4
Read chunk type
Chunk Type 3
Chunk ID: 6
Data left: 3708, State=6
----------------------
Available data: 3708, State=6
Data left: 3708, State=8
----------------------
Available data: 3708, State=8
Read data: 147984024, left: 38630
Finish read data: 128
Data left: 3580, State=4
----------------------
Available data: 3580, State=4
Read chunk type
Chunk Type 3
Chunk ID: 6
Data left: 3579, State=6
----------------------
Available data: 3579, State=6
Data left: 3579, State=8
----------------------
Available data: 3579, State=8
Read data: 147984024, left: 38502
Finish read data: 128
Data left: 3451, State=4
----------------------
Available data: 3451, State=4
Read chunk type
Chunk Type 3
Chunk ID: 6
Data left: 3450, State=6
----------------------
Available data: 3450, State=6
Data left: 3450, State=8
----------------------
Available data: 3450, State=8
Read data: 147984024, left: 38374
Finish read data: 128
Data left: 3322, State=4
----------------------
Available data: 3322, State=4
Read chunk type
Chunk Type 3
Chunk ID: 6
Data left: 3321, State=6
----------------------
Available data: 3321, State=6
Data left: 3321, State=8
----------------------
Available data: 3321, State=8
Read data: 147984024, left: 38246
Finish read data: 128
Data left: 3193, State=4
----------------------
Available data: 3193, State=4
Read chunk type
Chunk Type 3
Chunk ID: 6
Data left: 3192, State=6
----------------------
Available data: 3192, State=6
Data left: 3192, State=8
----------------------
Available data: 3192, State=8
Read data: 147984024, left: 38118
Finish read data: 128
Data left: 3064, State=4
----------------------
Available data: 3064, State=4
Read chunk type
Chunk Type 3
Chunk ID: 6
Data left: 3063, State=6
----------------------
Available data: 3063, State=6
Data left: 3063, State=8
----------------------
Available data: 3063, State=8
Read data: 147984024, left: 37990
Finish read data: 128
Data left: 2935, State=4
----------------------
Available data: 2935, State=4
Read chunk type
Chunk Type 3
Chunk ID: 6
Data left: 2934, State=6
----------------------
Available data: 2934, State=6
Data left: 2934, State=8
----------------------
Available data: 2934, State=8
Read data: 147984024, left: 37862
Finish read data: 128
Data left: 2806, State=4
----------------------
Available data: 2806, State=4
Read chunk type
Chunk Type 3
Chunk ID: 6
Data left: 2805, State=6
----------------------
Available data: 2805, State=6
Data left: 2805, State=8
----------------------
Available data: 2805, State=8
Read data: 147984024, left: 37734
Finish read data: 128
Data left: 2677, State=4
----------------------
Available data: 2677, State=4
Read chunk type
Chunk Type 3
Chunk ID: 6
Data left: 2676, State=6
----------------------
Available data: 2676, State=6
Data left: 2676, State=8
----------------------
Available data: 2676, State=8
Read data: 147984024, left: 37606
Finish read data: 128
Data left: 2548, State=4
----------------------
Available data: 2548, State=4
Read chunk type
Chunk Type 3
Chunk ID: 6
Data left: 2547, State=6
----------------------
Available data: 2547, State=6
Data left: 2547, State=8
----------------------
Available data: 2547, State=8
Read data: 147984024, left: 37478
Finish read data: 128
Data left: 2419, State=4
----------------------
Available data: 2419, State=4
Read chunk type
Chunk Type 3
Chunk ID: 6
Data left: 2418, State=6
----------------------
Available data: 2418, State=6
Data left: 2418, State=8
----------------------
Available data: 2418, State=8
Read data: 147984024, left: 37350
Finish read data: 128
Data left: 2290, State=4
----------------------
Available data: 2290, State=4
Read chunk type
Chunk Type 3
Chunk ID: 6
Data left: 2289, State=6
----------------------
Available data: 2289, State=6
Data left: 2289, State=8
----------------------
Available data: 2289, State=8
Read data: 147984024, left: 37222
Finish read data: 128
Data left: 2161, State=4
----------------------
Available data: 2161, State=4
Read chunk type
Chunk Type 3
Chunk ID: 6
Data left: 2160, State=6
----------------------
Available data: 2160, State=6
Data left: 2160, State=8
----------------------
Available data: 2160, State=8
Read data: 147984024, left: 37094
Finish read data: 128
Data left: 2032, State=4
----------------------
Available data: 2032, State=4
Read chunk type
Chunk Type 3
Chunk ID: 6
Data left: 2031, State=6
----------------------
Available data: 2031, State=6
Data left: 2031, State=8
----------------------
Available data: 2031, State=8
Read data: 147984024, left: 36966
Finish read data: 128
Data left: 1903, State=4
----------------------
Available data: 1903, State=4
Read chunk type
Chunk Type 3
Chunk ID: 6
Data left: 1902, State=6
----------------------
Available data: 1902, State=6
Data left: 1902, State=8
----------------------
Available data: 1902, State=8
Read data: 147984024, left: 36838
Finish read data: 128
Data left: 1774, State=4
----------------------
Available data: 1774, State=4
Read chunk type
Chunk Type 3
Chunk ID: 6
Data left: 1773, State=6
----------------------
Available data: 1773, State=6
Data left: 1773, State=8
----------------------
Available data: 1773, State=8
Read data: 147984024, left: 36710
Finish read data: 128
Data left: 1645, State=4
----------------------
Available data: 1645, State=4
Read chunk type
Chunk Type 3
Chunk ID: 6
Data left: 1644, State=6
----------------------
Available data: 1644, State=6
Data left: 1644, State=8
----------------------
Available data: 1644, State=8
Read data: 147984024, left: 36582
Finish read data: 128
Data left: 1516, State=4
----------------------
Available data: 1516, State=4
Read chunk type
Chunk Type 3
Chunk ID: 6
Data left: 1515, State=6
----------------------
Available data: 1515, State=6
Data left: 1515, State=8
----------------------
Available data: 1515, State=8
Read data: 147984024, left: 36454
Finish read data: 128
Data left: 1387, State=4
----------------------
Available data: 1387, State=4
Read chunk type
Chunk Type 3
Chunk ID: 6
Data left: 1386, State=6
----------------------
Available data: 1386, State=6
Data left: 1386, State=8
----------------------
Available data: 1386, State=8
Read data: 147984024, left: 36326
Finish read data: 128
Data left: 1258, State=4
----------------------
Available data: 1258, State=4
Read chunk type
Chunk Type 3
Chunk ID: 6
Data left: 1257, State=6
----------------------
Available data: 1257, State=6
Data left: 1257, State=8
----------------------
Available data: 1257, State=8
Read data: 147984024, left: 36198
Finish read data: 128
Data left: 1129, State=4
----------------------
Available data: 1129, State=4
Read chunk type
Chunk Type 3
Chunk ID: 6
Data left: 1128, State=6
----------------------
Available data: 1128, State=6
Data left: 1128, State=8
----------------------
Available data: 1128, State=8
Read data: 147984024, left: 36070
Finish read data: 128
Data left: 1000, State=4
----------------------
Available data: 1000, State=4
Read chunk type
Chunk Type 3
Chunk ID: 6
Data left: 999, State=6
----------------------
Available data: 999, State=6
Data left: 999, State=8
----------------------
Available data: 999, State=8
Read data: 147984024, left: 35942
Finish read data: 128
Data left: 871, State=4
----------------------
Available data: 871, State=4
Read chunk type
Chunk Type 3
Chunk ID: 6
Data left: 870, State=6
----------------------
Available data: 870, State=6
Data left: 870, State=8
----------------------
Available data: 870, State=8
Read data: 147984024, left: 35814
Finish read data: 128
Data left: 742, State=4
----------------------
Available data: 742, State=4
Read chunk type
Chunk Type 3
Chunk ID: 6
Data left: 741, State=6
----------------------
Available data: 741, State=6
Data left: 741, State=8
----------------------
Available data: 741, State=8
Read data: 147984024, left: 35686
Finish read data: 128
Data left: 613, State=4
----------------------
Available data: 613, State=4
Read chunk type
Chunk Type 3
Chunk ID: 6
Data left: 612, State=6
----------------------
Available data: 612, State=6
Data left: 612, State=8
----------------------
Available data: 612, State=8
Read data: 147984024, left: 35558
Finish read data: 128
Data left: 484, State=4
----------------------
Available data: 484, State=4
Read chunk type
Chunk Type 3
Chunk ID: 6
Data left: 483, State=6
----------------------
Available data: 483, State=6
Data left: 483, State=8
----------------------
Available data: 483, State=8
Read data: 147984024, left: 35430
Finish read data: 128
Data left: 355, State=4
----------------------
Available data: 355, State=4
Read chunk type
Chunk Type 3
Chunk ID: 6
Data left: 354, State=6
----------------------
Available data: 354, State=6
Data left: 354, State=8
----------------------
Available data: 354, State=8
Read data: 147984024, left: 35302
Finish read data: 128
Data left: 226, State=4
----------------------
Available data: 226, State=4
Read chunk type
Chunk Type 3
Chunk ID: 6
Data left: 225, State=6
----------------------
Available data: 225, State=6
Data left: 225, State=8
----------------------
Available data: 225, State=8
Read data: 147984024, left: 35174
Finish read data: 128
Data left: 97, State=4
----------------------
Available data: 97, State=4
Read chunk type
Chunk Type 3
Chunk ID: 6
Data left: 96, State=6
----------------------
Available data: 96, State=6
Data left: 96, State=8
----------------------
Available data: 96, State=8
Data left: 96, State=8
Receiving: 290 4000 4386 131073
----------------------
Available data: 386, State=8
Read data: 147984024, left: 35046
Finish read data: 128
Data left: 258, State=4
----------------------
Available data: 258, State=4
Read chunk type
Chunk Type 3
Chunk ID: 6
Data left: 257, State=6
----------------------
Available data: 257, State=6
Data left: 257, State=8
----------------------
Available data: 257, State=8
Read data: 147984024, left: 34918
Finish read data: 128
Data left: 129, State=4
----------------------
Available data: 129, State=4
Read chunk type
Chunk Type 3
Chunk ID: 6
Data left: 128, State=6
----------------------
Available data: 128, State=6
Data left: 128, State=8
----------------------
Available data: 128, State=8
Read data: 147984024, left: 34790
Finish read data: 128
Data left: 0, State=4
Receiving: 4096 0 4096 131073
----------------------
Available data: 4096, State=4
Read chunk type
Chunk Type 3
Chunk ID: 6
Data left: 4095, State=6
----------------------
Available data: 4095, State=6
Data left: 4095, State=8
----------------------
Available data: 4095, State=8
Read data: 147984024, left: 34662
Finish read data: 128
Data left: 3967, State=4
----------------------
Available data: 3967, State=4
Read chunk type
Chunk Type 3
Chunk ID: 6
Data left: 3966, State=6
----------------------
Available data: 3966, State=6
Data left: 3966, State=8
----------------------
Available data: 3966, State=8
Read data: 147984024, left: 34534
Finish read data: 128
Data left: 3838, State=4
----------------------
Available data: 3838, State=4
Read chunk type
Chunk Type 3
Chunk ID: 6
Data left: 3837, State=6
----------------------
Available data: 3837, State=6
Data left: 3837, State=8
----------------------
Available data: 3837, State=8
Read data: 147984024, left: 34406
Finish read data: 128
Data left: 3709, State=4
----------------------
Available data: 3709, State=4
Read chunk type
Chunk Type 3
Chunk ID: 6
Data left: 3708, State=6
----------------------
Available data: 3708, State=6
Data left: 3708, State=8
----------------------
Available data: 3708, State=8
Read data: 147984024, left: 34278
Finish read data: 128
Data left: 3580, State=4
----------------------
Available data: 3580, State=4
Read chunk type
Chunk Type 3
Chunk ID: 6
Data left: 3579, State=6
----------------------
Available data: 3579, State=6
Data left: 3579, State=8
----------------------
Available data: 3579, State=8
Read data: 147984024, left: 34150
Finish read data: 128
Data left: 3451, State=4
----------------------
Available data: 3451, State=4
Read chunk type
Chunk Type 3
Chunk ID: 6
Data left: 3450, State=6
----------------------
Available data: 3450, State=6
Data left: 3450, State=8
----------------------
Available data: 3450, State=8
Read data: 147984024, left: 34022
Finish read data: 128
Data left: 3322, State=4
----------------------
Available data: 3322, State=4
Read chunk type
Chunk Type 3
Chunk ID: 6
Data left: 3321, State=6
----------------------
Available data: 3321, State=6
Data left: 3321, State=8
----------------------
Available data: 3321, State=8
Read data: 147984024, left: 33894
Finish read data: 128
Data left: 3193, State=4
----------------------
Available data: 3193, State=4
Read chunk type
Chunk Type 3
Chunk ID: 6
Data left: 3192, State=6
----------------------
Available data: 3192, State=6
Data left: 3192, State=8
----------------------
Available data: 3192, State=8
Read data: 147984024, left: 33766
Finish read data: 128
Data left: 3064, State=4
----------------------
Available data: 3064, State=4
Read chunk type
Chunk Type 3
Chunk ID: 6
Data left: 3063, State=6
----------------------
Available data: 3063, State=6
Data left: 3063, State=8
----------------------
Available data: 3063, State=8
Read data: 147984024, left: 33638
Finish read data: 128
Data left: 2935, State=4
----------------------
Available data: 2935, State=4
Read chunk type
Chunk Type 3
Chunk ID: 6
Data left: 2934, State=6
----------------------
Available data: 2934, State=6
Data left: 2934, State=8
----------------------
Available data: 2934, State=8
Read data: 147984024, left: 33510
Finish read data: 128
Data left: 2806, State=4
----------------------
Available data: 2806, State=4
Read chunk type
Chunk Type 3
Chunk ID: 6
Data left: 2805, State=6
----------------------
Available data: 2805, State=6
Data left: 2805, State=8
----------------------
Available data: 2805, State=8
Read data: 147984024, left: 33382
Finish read data: 128
Data left: 2677, State=4
----------------------
Available data: 2677, State=4
Read chunk type
Chunk Type 3
Chunk ID: 6
Data left: 2676, State=6
----------------------
Available data: 2676, State=6
Data left: 2676, State=8
----------------------
Available data: 2676, State=8
Read data: 147984024, left: 33254
Finish read data: 128
Data left: 2548, State=4
----------------------
Available data: 2548, State=4
Read chunk type
Chunk Type 3
Chunk ID: 6
Data left: 2547, State=6
----------------------
Available data: 2547, State=6
Data left: 2547, State=8
----------------------
Available data: 2547, State=8
Read data: 147984024, left: 33126
Finish read data: 128
Data left: 2419, State=4
----------------------
Available data: 2419, State=4
Read chunk type
Chunk Type 3
Chunk ID: 6
Data left: 2418, State=6
----------------------
Available data: 2418, State=6
Data left: 2418, State=8
----------------------
Available data: 2418, State=8
Read data: 147984024, left: 32998
Finish read data: 128
Data left: 2290, State=4
----------------------
Available data: 2290, State=4
Read chunk type
Chunk Type 3
Chunk ID: 6
Data left: 2289, State=6
----------------------
Available data: 2289, State=6
Data left: 2289, State=8
----------------------
Available data: 2289, State=8
Read data: 147984024, left: 32870
Finish read data: 128
Data left: 2161, State=4
----------------------
Available data: 2161, State=4
Read chunk type
Chunk Type 3
Chunk ID: 6
Data left: 2160, State=6
----------------------
Available data: 2160, State=6
Data left: 2160, State=8
----------------------
Available data: 2160, State=8
Read data: 147984024, left: 32742
Finish read data: 128
Data left: 2032, State=4
----------------------
Available data: 2032, State=4
Read chunk type
Chunk Type 3
Chunk ID: 6
Data left: 2031, State=6
----------------------
Available data: 2031, State=6
Data left: 2031, State=8
----------------------
Available data: 2031, State=8
Read data: 147984024, left: 32614
Finish read data: 128
Data left: 1903, State=4
----------------------
Available data: 1903, State=4
Read chunk type
Chunk Type 3
Chunk ID: 6
Data left: 1902, State=6
----------------------
Available data: 1902, State=6
Data left: 1902, State=8
----------------------
Available data: 1902, State=8
Read data: 147984024, left: 32486
Finish read data: 128
Data left: 1774, State=4
----------------------
Available data: 1774, State=4
Read chunk type
Chunk Type 3
Chunk ID: 6
Data left: 1773, State=6
----------------------
Available data: 1773, State=6
Data left: 1773, State=8
----------------------
Available data: 1773, State=8
Read data: 147984024, left: 32358
Finish read data: 128
Data left: 1645, State=4
----------------------
Available data: 1645, State=4
Read chunk type
Chunk Type 3
Chunk ID: 6
Data left: 1644, State=6
----------------------
Available data: 1644, State=6
Data left: 1644, State=8
----------------------
Available data: 1644, State=8
Read data: 147984024, left: 32230
Finish read data: 128
Data left: 1516, State=4
----------------------
Available data: 1516, State=4
Read chunk type
Chunk Type 3
Chunk ID: 6
Data left: 1515, State=6
----------------------
Available data: 1515, State=6
Data left: 1515, State=8
----------------------
Available data: 1515, State=8
Read data: 147984024, left: 32102
Finish read data: 128
Data left: 1387, State=4
----------------------
Available data: 1387, State=4
Read chunk type
Chunk Type 3
Chunk ID: 6
Data left: 1386, State=6
----------------------
Available data: 1386, State=6
Data left: 1386, State=8
----------------------
Available data: 1386, State=8
Read data: 147984024, left: 31974
Finish read data: 128
Data left: 1258, State=4
----------------------
Available data: 1258, State=4
Read chunk type
Chunk Type 3
Chunk ID: 6
Data left: 1257, State=6
----------------------
Available data: 1257, State=6
Data left: 1257, State=8
----------------------
Available data: 1257, State=8
Read data: 147984024, left: 31846
Finish read data: 128
Data left: 1129, State=4
----------------------
Available data: 1129, State=4
Read chunk type
Chunk Type 3
Chunk ID: 6
Data left: 1128, State=6
----------------------
Available data: 1128, State=6
Data left: 1128, State=8
----------------------
Available data: 1128, State=8
Read data: 147984024, left: 31718
Finish read data: 128
Data left: 1000, State=4
----------------------
Available data: 1000, State=4
Read chunk type
Chunk Type 3
Chunk ID: 6
Data left: 999, State=6
----------------------
Available data: 999, State=6
Data left: 999, State=8
----------------------
Available data: 999, State=8
Read data: 147984024, left: 31590
Finish read data: 128
Data left: 871, State=4
----------------------
Available data: 871, State=4
Read chunk type
Chunk Type 3
Chunk ID: 6
Data left: 870, State=6
----------------------
Available data: 870, State=6
Data left: 870, State=8
----------------------
Available data: 870, State=8
Read data: 147984024, left: 31462
Finish read data: 128
Data left: 742, State=4
----------------------
Available data: 742, State=4
Read chunk type
Chunk Type 3
Chunk ID: 6
Data left: 741, State=6
----------------------
Available data: 741, State=6
Data left: 741, State=8
----------------------
Available data: 741, State=8
Read data: 147984024, left: 31334
Finish read data: 128
Data left: 613, State=4
----------------------
Available data: 613, State=4
Read chunk type
Chunk Type 3
Chunk ID: 6
Data left: 612, State=6
----------------------
Available data: 612, State=6
Data left: 612, State=8
----------------------
Available data: 612, State=8
Read data: 147984024, left: 31206
Finish read data: 128
Data left: 484, State=4
----------------------
Available data: 484, State=4
Read chunk type
Chunk Type 3
Chunk ID: 6
Data left: 483, State=6
----------------------
Available data: 483, State=6
Data left: 483, State=8
----------------------
Available data: 483, State=8
Read data: 147984024, left: 31078
Finish read data: 128
Data left: 355, State=4
----------------------
Available data: 355, State=4
Read chunk type
Chunk Type 3
Chunk ID: 6
Data left: 354, State=6
----------------------
Available data: 354, State=6
Data left: 354, State=8
----------------------
Available data: 354, State=8
Read data: 147984024, left: 30950
Finish read data: 128
Data left: 226, State=4
----------------------
Available data: 226, State=4
Read chunk type
Chunk Type 3
Chunk ID: 6
Data left: 225, State=6
----------------------
Available data: 225, State=6
Data left: 225, State=8
----------------------
Available data: 225, State=8
Read data: 147984024, left: 30822
Finish read data: 128
Data left: 97, State=4
----------------------
Available data: 97, State=4
Read chunk type
Chunk Type 3
Chunk ID: 6
Data left: 96, State=6
----------------------
Available data: 96, State=6
Data left: 96, State=8
----------------------
Available data: 96, State=8
Data left: 96, State=8
Receiving: 8192 4000 12288 131073
----------------------
Available data: 8288, State=8
Read data: 147984024, left: 30694
Finish read data: 128
Data left: 8160, State=4
----------------------
Available data: 8160, State=4
Read chunk type
Chunk Type 3
Chunk ID: 6
Data left: 8159, State=6
----------------------
Available data: 8159, State=6
Data left: 8159, State=8
----------------------
Available data: 8159, State=8
Read data: 147984024, left: 30566
Finish read data: 128
Data left: 8031, State=4
----------------------
Available data: 8031, State=4
Read chunk type
Chunk Type 3
Chunk ID: 6
Data left: 8030, State=6
----------------------
Available data: 8030, State=6
Data left: 8030, State=8
----------------------
Available data: 8030, State=8
Read data: 147984024, left: 30438
Finish read data: 128
Data left: 7902, State=4
----------------------
Available data: 7902, State=4
Read chunk type
Chunk Type 3
Chunk ID: 6
Data left: 7901, State=6
----------------------
Available data: 7901, State=6
Data left: 7901, State=8
----------------------
Available data: 7901, State=8
Read data: 147984024, left: 30310
Finish read data: 128
Data left: 7773, State=4
----------------------
Available data: 7773, State=4
Read chunk type
Chunk Type 3
Chunk ID: 6
Data left: 7772, State=6
----------------------
Available data: 7772, State=6
Data left: 7772, State=8
----------------------
Available data: 7772, State=8
Read data: 147984024, left: 30182
Finish read data: 128
Data left: 7644, State=4
----------------------
Available data: 7644, State=4
Read chunk type
Chunk Type 3
Chunk ID: 6
Data left: 7643, State=6
----------------------
Available data: 7643, State=6
Data left: 7643, State=8
----------------------
Available data: 7643, State=8
Read data: 147984024, left: 30054
Finish read data: 128
Data left: 7515, State=4
----------------------
Available data: 7515, State=4
Read chunk type
Chunk Type 3
Chunk ID: 6
Data left: 7514, State=6
----------------------
Available data: 7514, State=6
Data left: 7514, State=8
----------------------
Available data: 7514, State=8
Read data: 147984024, left: 29926
Finish read data: 128
Data left: 7386, State=4
----------------------
Available data: 7386, State=4
Read chunk type
Chunk Type 3
Chunk ID: 6
Data left: 7385, State=6
----------------------
Available data: 7385, State=6
Data left: 7385, State=8
----------------------
Available data: 7385, State=8
Read data: 147984024, left: 29798
Finish read data: 128
Data left: 7257, State=4
----------------------
Available data: 7257, State=4
Read chunk type
Chunk Type 3
Chunk ID: 6
Data left: 7256, State=6
----------------------
Available data: 7256, State=6
Data left: 7256, State=8
----------------------
Available data: 7256, State=8
Read data: 147984024, left: 29670
Finish read data: 128
Data left: 7128, State=4
----------------------
Available data: 7128, State=4
Read chunk type
Chunk Type 3
Chunk ID: 6
Data left: 7127, State=6
----------------------
Available data: 7127, State=6
Data left: 7127, State=8
----------------------
Available data: 7127, State=8
Read data: 147984024, left: 29542
Finish read data: 128
Data left: 6999, State=4
----------------------
Available data: 6999, State=4
Read chunk type
Chunk Type 3
Chunk ID: 6
Data left: 6998, State=6
----------------------
Available data: 6998, State=6
Data left: 6998, State=8
----------------------
Available data: 6998, State=8
Read data: 147984024, left: 29414
Finish read data: 128
Data left: 6870, State=4
----------------------
Available data: 6870, State=4
Read chunk type
Chunk Type 3
Chunk ID: 6
Data left: 6869, State=6
----------------------
Available data: 6869, State=6
Data left: 6869, State=8
----------------------
Available data: 6869, State=8
Read data: 147984024, left: 29286
Finish read data: 128
Data left: 6741, State=4
----------------------
Available data: 6741, State=4
Read chunk type
Chunk Type 3
Chunk ID: 6
Data left: 6740, State=6
----------------------
Available data: 6740, State=6
Data left: 6740, State=8
----------------------
Available data: 6740, State=8
Read data: 147984024, left: 29158
Finish read data: 128
Data left: 6612, State=4
----------------------
Available data: 6612, State=4
Read chunk type
Chunk Type 3
Chunk ID: 6
Data left: 6611, State=6
----------------------
Available data: 6611, State=6
Data left: 6611, State=8
----------------------
Available data: 6611, State=8
Read data: 147984024, left: 29030
Finish read data: 128
Data left: 6483, State=4
----------------------
Available data: 6483, State=4
Read chunk type
Chunk Type 3
Chunk ID: 6
Data left: 6482, State=6
----------------------
Available data: 6482, State=6
Data left: 6482, State=8
----------------------
Available data: 6482, State=8
Read data: 147984024, left: 28902
Finish read data: 128
Data left: 6354, State=4
----------------------
Available data: 6354, State=4
Read chunk type
Chunk Type 3
Chunk ID: 6
Data left: 6353, State=6
----------------------
Available data: 6353, State=6
Data left: 6353, State=8
----------------------
Available data: 6353, State=8
Read data: 147984024, left: 28774
Finish read data: 128
Data left: 6225, State=4
----------------------
Available data: 6225, State=4
Read chunk type
Chunk Type 3
Chunk ID: 6
Data left: 6224, State=6
----------------------
Available data: 6224, State=6
Data left: 6224, State=8
----------------------
Available data: 6224, State=8
Read data: 147984024, left: 28646
Finish read data: 128
Data left: 6096, State=4
----------------------
Available data: 6096, State=4
Read chunk type
Chunk Type 3
Chunk ID: 6
Data left: 6095, State=6
----------------------
Available data: 6095, State=6
Data left: 6095, State=8
----------------------
Available data: 6095, State=8
Read data: 147984024, left: 28518
Finish read data: 128
Data left: 5967, State=4
----------------------
Available data: 5967, State=4
Read chunk type
Chunk Type 3
Chunk ID: 6
Data left: 5966, State=6
----------------------
Available data: 5966, State=6
Data left: 5966, State=8
----------------------
Available data: 5966, State=8
Read data: 147984024, left: 28390
Finish read data: 128
Data left: 5838, State=4
----------------------
Available data: 5838, State=4
Read chunk type
Chunk Type 3
Chunk ID: 6
Data left: 5837, State=6
----------------------
Available data: 5837, State=6
Data left: 5837, State=8
----------------------
Available data: 5837, State=8
Read data: 147984024, left: 28262
Finish read data: 128
Data left: 5709, State=4
----------------------
Available data: 5709, State=4
Read chunk type
Chunk Type 3
Chunk ID: 6
Data left: 5708, State=6
----------------------
Available data: 5708, State=6
Data left: 5708, State=8
----------------------
Available data: 5708, State=8
Read data: 147984024, left: 28134
Finish read data: 128
Data left: 5580, State=4
----------------------
Available data: 5580, State=4
Read chunk type
Chunk Type 3
Chunk ID: 6
Data left: 5579, State=6
----------------------
Available data: 5579, State=6
Data left: 5579, State=8
----------------------
Available data: 5579, State=8
Read data: 147984024, left: 28006
Finish read data: 128
Data left: 5451, State=4
----------------------
Available data: 5451, State=4
Read chunk type
Chunk Type 3
Chunk ID: 6
Data left: 5450, State=6
----------------------
Available data: 5450, State=6
Data left: 5450, State=8
----------------------
Available data: 5450, State=8
Read data: 147984024, left: 27878
Finish read data: 128
Data left: 5322, State=4
----------------------
Available data: 5322, State=4
Read chunk type
Chunk Type 3
Chunk ID: 6
Data left: 5321, State=6
----------------------
Available data: 5321, State=6
Data left: 5321, State=8
----------------------
Available data: 5321, State=8
Read data: 147984024, left: 27750
Finish read data: 128
Data left: 5193, State=4
----------------------
Available data: 5193, State=4
Read chunk type
Chunk Type 3
Chunk ID: 6
Data left: 5192, State=6
----------------------
Available data: 5192, State=6
Data left: 5192, State=8
----------------------
Available data: 5192, State=8
Read data: 147984024, left: 27622
Finish read data: 128
Data left: 5064, State=4
----------------------
Available data: 5064, State=4
Read chunk type
Chunk Type 3
Chunk ID: 6
Data left: 5063, State=6
----------------------
Available data: 5063, State=6
Data left: 5063, State=8
----------------------
Available data: 5063, State=8
Read data: 147984024, left: 27494
Finish read data: 128
Data left: 4935, State=4
----------------------
Available data: 4935, State=4
Read chunk type
Chunk Type 3
Chunk ID: 6
Data left: 4934, State=6
----------------------
Available data: 4934, State=6
Data left: 4934, State=8
----------------------
Available data: 4934, State=8
Read data: 147984024, left: 27366
Finish read data: 128
Data left: 4806, State=4
----------------------
Available data: 4806, State=4
Read chunk type
Chunk Type 3
Chunk ID: 6
Data left: 4805, State=6
----------------------
Available data: 4805, State=6
Data left: 4805, State=8
----------------------
Available data: 4805, State=8
Read data: 147984024, left: 27238
Finish read data: 128
Data left: 4677, State=4
----------------------
Available data: 4677, State=4
Read chunk type
Chunk Type 3
Chunk ID: 6
Data left: 4676, State=6
----------------------
Available data: 4676, State=6
Data left: 4676, State=8
----------------------
Available data: 4676, State=8
Read data: 147984024, left: 27110
Finish read data: 128
Data left: 4548, State=4
----------------------
Available data: 4548, State=4
Read chunk type
Chunk Type 3
Chunk ID: 6
Data left: 4547, State=6
----------------------
Available data: 4547, State=6
Data left: 4547, State=8
----------------------
Available data: 4547, State=8
Read data: 147984024, left: 26982
Finish read data: 128
Data left: 4419, State=4
----------------------
Available data: 4419, State=4
Read chunk type
Chunk Type 3
Chunk ID: 6
Data left: 4418, State=6
----------------------
Available data: 4418, State=6
Data left: 4418, State=8
----------------------
Available data: 4418, State=8
Read data: 147984024, left: 26854
Finish read data: 128
Data left: 4290, State=4
----------------------
Available data: 4290, State=4
Read chunk type
Chunk Type 3
Chunk ID: 6
Data left: 4289, State=6
----------------------
Available data: 4289, State=6
Data left: 4289, State=8
----------------------
Available data: 4289, State=8
Read data: 147984024, left: 26726
Finish read data: 128
Data left: 4161, State=4
----------------------
Available data: 4161, State=4
Read chunk type
Chunk Type 3
Chunk ID: 6
Data left: 4160, State=6
----------------------
Available data: 4160, State=6
Data left: 4160, State=8
----------------------
Available data: 4160, State=8
Read data: 147984024, left: 26598
Finish read data: 128
Data left: 4032, State=4
----------------------
Available data: 4032, State=4
Read chunk type
Chunk Type 3
Chunk ID: 6
Data left: 4031, State=6
----------------------
Available data: 4031, State=6
Data left: 4031, State=8
----------------------
Available data: 4031, State=8
Read data: 147984024, left: 26470
Finish read data: 128
Data left: 3903, State=4
----------------------
Available data: 3903, State=4
Read chunk type
Chunk Type 3
Chunk ID: 6
Data left: 3902, State=6
----------------------
Available data: 3902, State=6
Data left: 3902, State=8
----------------------
Available data: 3902, State=8
Read data: 147984024, left: 26342
Finish read data: 128
Data left: 3774, State=4
----------------------
Available data: 3774, State=4
Read chunk type
Chunk Type 3
Chunk ID: 6
Data left: 3773, State=6
----------------------
Available data: 3773, State=6
Data left: 3773, State=8
----------------------
Available data: 3773, State=8
Read data: 147984024, left: 26214
Finish read data: 128
Data left: 3645, State=4
----------------------
Available data: 3645, State=4
Read chunk type
Chunk Type 3
Chunk ID: 6
Data left: 3644, State=6
----------------------
Available data: 3644, State=6
Data left: 3644, State=8
----------------------
Available data: 3644, State=8
Read data: 147984024, left: 26086
Finish read data: 128
Data left: 3516, State=4
----------------------
Available data: 3516, State=4
Read chunk type
Chunk Type 3
Chunk ID: 6
Data left: 3515, State=6
----------------------
Available data: 3515, State=6
Data left: 3515, State=8
----------------------
Available data: 3515, State=8
Read data: 147984024, left: 25958
Finish read data: 128
Data left: 3387, State=4
----------------------
Available data: 3387, State=4
Read chunk type
Chunk Type 3
Chunk ID: 6
Data left: 3386, State=6
----------------------
Available data: 3386, State=6
Data left: 3386, State=8
----------------------
Available data: 3386, State=8
Read data: 147984024, left: 25830
Finish read data: 128
Data left: 3258, State=4
----------------------
Available data: 3258, State=4
Read chunk type
Chunk Type 3
Chunk ID: 6
Data left: 3257, State=6
----------------------
Available data: 3257, State=6
Data left: 3257, State=8
----------------------
Available data: 3257, State=8
Read data: 147984024, left: 25702
Finish read data: 128
Data left: 3129, State=4
----------------------
Available data: 3129, State=4
Read chunk type
Chunk Type 3
Chunk ID: 6
Data left: 3128, State=6
----------------------
Available data: 3128, State=6
Data left: 3128, State=8
----------------------
Available data: 3128, State=8
Read data: 147984024, left: 25574
Finish read data: 128
Data left: 3000, State=4
----------------------
Available data: 3000, State=4
Read chunk type
Chunk Type 3
Chunk ID: 6
Data left: 2999, State=6
----------------------
Available data: 2999, State=6
Data left: 2999, State=8
----------------------
Available data: 2999, State=8
Read data: 147984024, left: 25446
Finish read data: 128
Data left: 2871, State=4
----------------------
Available data: 2871, State=4
Read chunk type
Chunk Type 3
Chunk ID: 6
Data left: 2870, State=6
----------------------
Available data: 2870, State=6
Data left: 2870, State=8
----------------------
Available data: 2870, State=8
Read data: 147984024, left: 25318
Finish read data: 128
Data left: 2742, State=4
----------------------
Available data: 2742, State=4
Read chunk type
Chunk Type 3
Chunk ID: 6
Data left: 2741, State=6
----------------------
Available data: 2741, State=6
Data left: 2741, State=8
----------------------
Available data: 2741, State=8
Read data: 147984024, left: 25190
Finish read data: 128
Data left: 2613, State=4
----------------------
Available data: 2613, State=4
Read chunk type
Chunk Type 3
Chunk ID: 6
Data left: 2612, State=6
----------------------
Available data: 2612, State=6
Data left: 2612, State=8
----------------------
Available data: 2612, State=8
Read data: 147984024, left: 25062
Finish read data: 128
Data left: 2484, State=4
----------------------
Available data: 2484, State=4
Read chunk type
Chunk Type 3
Chunk ID: 6
Data left: 2483, State=6
----------------------
Available data: 2483, State=6
Data left: 2483, State=8
----------------------
Available data: 2483, State=8
Read data: 147984024, left: 24934
Finish read data: 128
Data left: 2355, State=4
----------------------
Available data: 2355, State=4
Read chunk type
Chunk Type 3
Chunk ID: 6
Data left: 2354, State=6
----------------------
Available data: 2354, State=6
Data left: 2354, State=8
----------------------
Available data: 2354, State=8
Read data: 147984024, left: 24806
Finish read data: 128
Data left: 2226, State=4
----------------------
Available data: 2226, State=4
Read chunk type
Chunk Type 3
Chunk ID: 6
Data left: 2225, State=6
----------------------
Available data: 2225, State=6
Data left: 2225, State=8
----------------------
Available data: 2225, State=8
Read data: 147984024, left: 24678
Finish read data: 128
Data left: 2097, State=4
----------------------
Available data: 2097, State=4
Read chunk type
Chunk Type 3
Chunk ID: 6
Data left: 2096, State=6
----------------------
Available data: 2096, State=6
Data left: 2096, State=8
----------------------
Available data: 2096, State=8
Read data: 147984024, left: 24550
Finish read data: 128
Data left: 1968, State=4
----------------------
Available data: 1968, State=4
Read chunk type
Chunk Type 3
Chunk ID: 6
Data left: 1967, State=6
----------------------
Available data: 1967, State=6
Data left: 1967, State=8
----------------------
Available data: 1967, State=8
Read data: 147984024, left: 24422
Finish read data: 128
Data left: 1839, State=4
----------------------
Available data: 1839, State=4
Read chunk type
Chunk Type 3
Chunk ID: 6
Data left: 1838, State=6
----------------------
Available data: 1838, State=6
Data left: 1838, State=8
----------------------
Available data: 1838, State=8
Read data: 147984024, left: 24294
Finish read data: 128
Data left: 1710, State=4
----------------------
Available data: 1710, State=4
Read chunk type
Chunk Type 3
Chunk ID: 6
Data left: 1709, State=6
----------------------
Available data: 1709, State=6
Data left: 1709, State=8
----------------------
Available data: 1709, State=8
Read data: 147984024, left: 24166
Finish read data: 128
Data left: 1581, State=4
----------------------
Available data: 1581, State=4
Read chunk type
Chunk Type 3
Chunk ID: 6
Data left: 1580, State=6
----------------------
Available data: 1580, State=6
Data left: 1580, State=8
----------------------
Available data: 1580, State=8
Read data: 147984024, left: 24038
Finish read data: 128
Data left: 1452, State=4
----------------------
Available data: 1452, State=4
Read chunk type
Chunk Type 3
Chunk ID: 6
Data left: 1451, State=6
----------------------
Available data: 1451, State=6
Data left: 1451, State=8
----------------------
Available data: 1451, State=8
Read data: 147984024, left: 23910
Finish read data: 128
Data left: 1323, State=4
----------------------
Available data: 1323, State=4
Read chunk type
Chunk Type 3
Chunk ID: 6
Data left: 1322, State=6
----------------------
Available data: 1322, State=6
Data left: 1322, State=8
----------------------
Available data: 1322, State=8
Read data: 147984024, left: 23782
Finish read data: 128
Data left: 1194, State=4
----------------------
Available data: 1194, State=4
Read chunk type
Chunk Type 3
Chunk ID: 6
Data left: 1193, State=6
----------------------
Available data: 1193, State=6
Data left: 1193, State=8
----------------------
Available data: 1193, State=8
Read data: 147984024, left: 23654
Finish read data: 128
Data left: 1065, State=4
----------------------
Available data: 1065, State=4
Read chunk type
Chunk Type 3
Chunk ID: 6
Data left: 1064, State=6
----------------------
Available data: 1064, State=6
Data left: 1064, State=8
----------------------
Available data: 1064, State=8
Read data: 147984024, left: 23526
Finish read data: 128
Data left: 936, State=4
----------------------
Available data: 936, State=4
Read chunk type
Chunk Type 3
Chunk ID: 6
Data left: 935, State=6
----------------------
Available data: 935, State=6
Data left: 935, State=8
----------------------
Available data: 935, State=8
Read data: 147984024, left: 23398
Finish read data: 128
Data left: 807, State=4
----------------------
Available data: 807, State=4
Read chunk type
Chunk Type 3
Chunk ID: 6
Data left: 806, State=6
----------------------
Available data: 806, State=6
Data left: 806, State=8
----------------------
Available data: 806, State=8
Read data: 147984024, left: 23270
Finish read data: 128
Data left: 678, State=4
----------------------
Available data: 678, State=4
Read chunk type
Chunk Type 3
Chunk ID: 6
Data left: 677, State=6
----------------------
Available data: 677, State=6
Data left: 677, State=8
----------------------
Available data: 677, State=8
Read data: 147984024, left: 23142
Finish read data: 128
Data left: 549, State=4
----------------------
Available data: 549, State=4
Read chunk type
Chunk Type 3
Chunk ID: 6
Data left: 548, State=6
----------------------
Available data: 548, State=6
Data left: 548, State=8
----------------------
Available data: 548, State=8
Read data: 147984024, left: 23014
Finish read data: 128
Data left: 420, State=4
----------------------
Available data: 420, State=4
Read chunk type
Chunk Type 3
Chunk ID: 6
Data left: 419, State=6
----------------------
Available data: 419, State=6
Data left: 419, State=8
----------------------
Available data: 419, State=8
Read data: 147984024, left: 22886
Finish read data: 128
Data left: 291, State=4
----------------------
Available data: 291, State=4
Read chunk type
Chunk Type 3
Chunk ID: 6
Data left: 290, State=6
----------------------
Available data: 290, State=6
Data left: 290, State=8
----------------------
Available data: 290, State=8
Read data: 147984024, left: 22758
Finish read data: 128
Data left: 162, State=4
----------------------
Available data: 162, State=4
Read chunk type
Chunk Type 3
Chunk ID: 6
Data left: 161, State=6
----------------------
Available data: 161, State=6
Data left: 161, State=8
----------------------
Available data: 161, State=8
Read data: 147984024, left: 22630
Finish read data: 128
Data left: 33, State=4
----------------------
Available data: 33, State=4
Read chunk type
Chunk Type 3
Chunk ID: 6
Data left: 32, State=6
----------------------
Available data: 32, State=6
Data left: 32, State=8
----------------------
Available data: 32, State=8
Data left: 32, State=8
Receiving: 612 12256 12900 131073
----------------------
Available data: 644, State=8
Read data: 147984024, left: 22502
Finish read data: 128
Data left: 516, State=4
----------------------
Available data: 516, State=4
Read chunk type
Chunk Type 3
Chunk ID: 6
Data left: 515, State=6
----------------------
Available data: 515, State=6
Data left: 515, State=8
----------------------
Available data: 515, State=8
Read data: 147984024, left: 22374
Finish read data: 128
Data left: 387, State=4
----------------------
Available data: 387, State=4
Read chunk type
Chunk Type 3
Chunk ID: 6
Data left: 386, State=6
----------------------
Available data: 386, State=6
Data left: 386, State=8
----------------------
Available data: 386, State=8
Read data: 147984024, left: 22246
Finish read data: 128
Data left: 258, State=4
----------------------
Available data: 258, State=4
Read chunk type
Chunk Type 3
Chunk ID: 6
Data left: 257, State=6
----------------------
Available data: 257, State=6
Data left: 257, State=8
----------------------
Available data: 257, State=8
Read data: 147984024, left: 22118
Finish read data: 128
Data left: 129, State=4
----------------------
Available data: 129, State=4
Read chunk type
Chunk Type 3
Chunk ID: 6
Data left: 128, State=6
----------------------
Available data: 128, State=6
Data left: 128, State=8
----------------------
Available data: 128, State=8
Read data: 147984024, left: 21990
Finish read data: 128
Data left: 0, State=4
Receiving: 4096 0 4096 131073
----------------------
Available data: 4096, State=4
Read chunk type
Chunk Type 3
Chunk ID: 6
Data left: 4095, State=6
----------------------
Available data: 4095, State=6
Data left: 4095, State=8
----------------------
Available data: 4095, State=8
Read data: 147984024, left: 21862
Finish read data: 128
Data left: 3967, State=4
----------------------
Available data: 3967, State=4
Read chunk type
Chunk Type 3
Chunk ID: 6
Data left: 3966, State=6
----------------------
Available data: 3966, State=6
Data left: 3966, State=8
----------------------
Available data: 3966, State=8
Read data: 147984024, left: 21734
Finish read data: 128
Data left: 3838, State=4
----------------------
Available data: 3838, State=4
Read chunk type
Chunk Type 3
Chunk ID: 6
Data left: 3837, State=6
----------------------
Available data: 3837, State=6
Data left: 3837, State=8
----------------------
Available data: 3837, State=8
Read data: 147984024, left: 21606
Finish read data: 128
Data left: 3709, State=4
----------------------
Available data: 3709, State=4
Read chunk type
Chunk Type 3
Chunk ID: 6
Data left: 3708, State=6
----------------------
Available data: 3708, State=6
Data left: 3708, State=8
----------------------
Available data: 3708, State=8
Read data: 147984024, left: 21478
Finish read data: 128
Data left: 3580, State=4
----------------------
Available data: 3580, State=4
Read chunk type
Chunk Type 3
Chunk ID: 6
Data left: 3579, State=6
----------------------
Available data: 3579, State=6
Data left: 3579, State=8
----------------------
Available data: 3579, State=8
Read data: 147984024, left: 21350
Finish read data: 128
Data left: 3451, State=4
----------------------
Available data: 3451, State=4
Read chunk type
Chunk Type 3
Chunk ID: 6
Data left: 3450, State=6
----------------------
Available data: 3450, State=6
Data left: 3450, State=8
----------------------
Available data: 3450, State=8
Read data: 147984024, left: 21222
Finish read data: 128
Data left: 3322, State=4
----------------------
Available data: 3322, State=4
Read chunk type
Chunk Type 3
Chunk ID: 6
Data left: 3321, State=6
----------------------
Available data: 3321, State=6
Data left: 3321, State=8
----------------------
Available data: 3321, State=8
Read data: 147984024, left: 21094
Finish read data: 128
Data left: 3193, State=4
----------------------
Available data: 3193, State=4
Read chunk type
Chunk Type 3
Chunk ID: 6
Data left: 3192, State=6
----------------------
Available data: 3192, State=6
Data left: 3192, State=8
----------------------
Available data: 3192, State=8
Read data: 147984024, left: 20966
Finish read data: 128
Data left: 3064, State=4
----------------------
Available data: 3064, State=4
Read chunk type
Chunk Type 3
Chunk ID: 6
Data left: 3063, State=6
----------------------
Available data: 3063, State=6
Data left: 3063, State=8
----------------------
Available data: 3063, State=8
Read data: 147984024, left: 20838
Finish read data: 128
Data left: 2935, State=4
----------------------
Available data: 2935, State=4
Read chunk type
Chunk Type 3
Chunk ID: 6
Data left: 2934, State=6
----------------------
Available data: 2934, State=6
Data left: 2934, State=8
----------------------
Available data: 2934, State=8
Read data: 147984024, left: 20710
Finish read data: 128
Data left: 2806, State=4
----------------------
Available data: 2806, State=4
Read chunk type
Chunk Type 3
Chunk ID: 6
Data left: 2805, State=6
----------------------
Available data: 2805, State=6
Data left: 2805, State=8
----------------------
Available data: 2805, State=8
Read data: 147984024, left: 20582
Finish read data: 128
Data left: 2677, State=4
----------------------
Available data: 2677, State=4
Read chunk type
Chunk Type 3
Chunk ID: 6
Data left: 2676, State=6
----------------------
Available data: 2676, State=6
Data left: 2676, State=8
----------------------
Available data: 2676, State=8
Read data: 147984024, left: 20454
Finish read data: 128
Data left: 2548, State=4
----------------------
Available data: 2548, State=4
Read chunk type
Chunk Type 3
Chunk ID: 6
Data left: 2547, State=6
----------------------
Available data: 2547, State=6
Data left: 2547, State=8
----------------------
Available data: 2547, State=8
Read data: 147984024, left: 20326
Finish read data: 128
Data left: 2419, State=4
----------------------
Available data: 2419, State=4
Read chunk type
Chunk Type 3
Chunk ID: 6
Data left: 2418, State=6
----------------------
Available data: 2418, State=6
Data left: 2418, State=8
----------------------
Available data: 2418, State=8
Read data: 147984024, left: 20198
Finish read data: 128
Data left: 2290, State=4
----------------------
Available data: 2290, State=4
Read chunk type
Chunk Type 3
Chunk ID: 6
Data left: 2289, State=6
----------------------
Available data: 2289, State=6
Data left: 2289, State=8
----------------------
Available data: 2289, State=8
Read data: 147984024, left: 20070
Finish read data: 128
Data left: 2161, State=4
----------------------
Available data: 2161, State=4
Read chunk type
Chunk Type 3
Chunk ID: 6
Data left: 2160, State=6
----------------------
Available data: 2160, State=6
Data left: 2160, State=8
----------------------
Available data: 2160, State=8
Read data: 147984024, left: 19942
Finish read data: 128
Data left: 2032, State=4
----------------------
Available data: 2032, State=4
Read chunk type
Chunk Type 3
Chunk ID: 6
Data left: 2031, State=6
----------------------
Available data: 2031, State=6
Data left: 2031, State=8
----------------------
Available data: 2031, State=8
Read data: 147984024, left: 19814
Finish read data: 128
Data left: 1903, State=4
----------------------
Available data: 1903, State=4
Read chunk type
Chunk Type 3
Chunk ID: 6
Data left: 1902, State=6
----------------------
Available data: 1902, State=6
Data left: 1902, State=8
----------------------
Available data: 1902, State=8
Read data: 147984024, left: 19686
Finish read data: 128
Data left: 1774, State=4
----------------------
Available data: 1774, State=4
Read chunk type
Chunk Type 3
Chunk ID: 6
Data left: 1773, State=6
----------------------
Available data: 1773, State=6
Data left: 1773, State=8
----------------------
Available data: 1773, State=8
Read data: 147984024, left: 19558
Finish read data: 128
Data left: 1645, State=4
----------------------
Available data: 1645, State=4
Read chunk type
Chunk Type 3
Chunk ID: 6
Data left: 1644, State=6
----------------------
Available data: 1644, State=6
Data left: 1644, State=8
----------------------
Available data: 1644, State=8
Read data: 147984024, left: 19430
Finish read data: 128
Data left: 1516, State=4
----------------------
Available data: 1516, State=4
Read chunk type
Chunk Type 3
Chunk ID: 6
Data left: 1515, State=6
----------------------
Available data: 1515, State=6
Data left: 1515, State=8
----------------------
Available data: 1515, State=8
Read data: 147984024, left: 19302
Finish read data: 128
Data left: 1387, State=4
----------------------
Available data: 1387, State=4
Read chunk type
Chunk Type 3
Chunk ID: 6
Data left: 1386, State=6
----------------------
Available data: 1386, State=6
Data left: 1386, State=8
----------------------
Available data: 1386, State=8
Read data: 147984024, left: 19174
Finish read data: 128
Data left: 1258, State=4
----------------------
Available data: 1258, State=4
Read chunk type
Chunk Type 3
Chunk ID: 6
Data left: 1257, State=6
----------------------
Available data: 1257, State=6
Data left: 1257, State=8
----------------------
Available data: 1257, State=8
Read data: 147984024, left: 19046
Finish read data: 128
Data left: 1129, State=4
----------------------
Available data: 1129, State=4
Read chunk type
Chunk Type 3
Chunk ID: 6
Data left: 1128, State=6
----------------------
Available data: 1128, State=6
Data left: 1128, State=8
----------------------
Available data: 1128, State=8
Read data: 147984024, left: 18918
Finish read data: 128
Data left: 1000, State=4
----------------------
Available data: 1000, State=4
Read chunk type
Chunk Type 3
Chunk ID: 6
Data left: 999, State=6
----------------------
Available data: 999, State=6
Data left: 999, State=8
----------------------
Available data: 999, State=8
Read data: 147984024, left: 18790
Finish read data: 128
Data left: 871, State=4
----------------------
Available data: 871, State=4
Read chunk type
Chunk Type 3
Chunk ID: 6
Data left: 870, State=6
----------------------
Available data: 870, State=6
Data left: 870, State=8
----------------------
Available data: 870, State=8
Read data: 147984024, left: 18662
Finish read data: 128
Data left: 742, State=4
----------------------
Available data: 742, State=4
Read chunk type
Chunk Type 3
Chunk ID: 6
Data left: 741, State=6
----------------------
Available data: 741, State=6
Data left: 741, State=8
----------------------
Available data: 741, State=8
Read data: 147984024, left: 18534
Finish read data: 128
Data left: 613, State=4
----------------------
Available data: 613, State=4
Read chunk type
Chunk Type 3
Chunk ID: 6
Data left: 612, State=6
----------------------
Available data: 612, State=6
Data left: 612, State=8
----------------------
Available data: 612, State=8
Read data: 147984024, left: 18406
Finish read data: 128
Data left: 484, State=4
----------------------
Available data: 484, State=4
Read chunk type
Chunk Type 3
Chunk ID: 6
Data left: 483, State=6
----------------------
Available data: 483, State=6
Data left: 483, State=8
----------------------
Available data: 483, State=8
Read data: 147984024, left: 18278
Finish read data: 128
Data left: 355, State=4
----------------------
Available data: 355, State=4
Read chunk type
Chunk Type 3
Chunk ID: 6
Data left: 354, State=6
----------------------
Available data: 354, State=6
Data left: 354, State=8
----------------------
Available data: 354, State=8
Read data: 147984024, left: 18150
Finish read data: 128
Data left: 226, State=4
----------------------
Available data: 226, State=4
Read chunk type
Chunk Type 3
Chunk ID: 6
Data left: 225, State=6
----------------------
Available data: 225, State=6
Data left: 225, State=8
----------------------
Available data: 225, State=8
Read data: 147984024, left: 18022
Finish read data: 128
Data left: 97, State=4
----------------------
Available data: 97, State=4
Read chunk type
Chunk Type 3
Chunk ID: 6
Data left: 96, State=6
----------------------
Available data: 96, State=6
Data left: 96, State=8
----------------------
Available data: 96, State=8
Data left: 96, State=8
Receiving: 1064 4000 5160 131073
----------------------
Available data: 1160, State=8
Read data: 147984024, left: 17894
Finish read data: 128
Data left: 1032, State=4
----------------------
Available data: 1032, State=4
Read chunk type
Chunk Type 3
Chunk ID: 6
Data left: 1031, State=6
----------------------
Available data: 1031, State=6
Data left: 1031, State=8
----------------------
Available data: 1031, State=8
Read data: 147984024, left: 17766
Finish read data: 128
Data left: 903, State=4
----------------------
Available data: 903, State=4
Read chunk type
Chunk Type 3
Chunk ID: 6
Data left: 902, State=6
----------------------
Available data: 902, State=6
Data left: 902, State=8
----------------------
Available data: 902, State=8
Read data: 147984024, left: 17638
Finish read data: 128
Data left: 774, State=4
----------------------
Available data: 774, State=4
Read chunk type
Chunk Type 3
Chunk ID: 6
Data left: 773, State=6
----------------------
Available data: 773, State=6
Data left: 773, State=8
----------------------
Available data: 773, State=8
Read data: 147984024, left: 17510
Finish read data: 128
Data left: 645, State=4
----------------------
Available data: 645, State=4
Read chunk type
Chunk Type 3
Chunk ID: 6
Data left: 644, State=6
----------------------
Available data: 644, State=6
Data left: 644, State=8
----------------------
Available data: 644, State=8
Read data: 147984024, left: 17382
Finish read data: 128
Data left: 516, State=4
----------------------
Available data: 516, State=4
Read chunk type
Chunk Type 3
Chunk ID: 6
Data left: 515, State=6
----------------------
Available data: 515, State=6
Data left: 515, State=8
----------------------
Available data: 515, State=8
Read data: 147984024, left: 17254
Finish read data: 128
Data left: 387, State=4
----------------------
Available data: 387, State=4
Read chunk type
Chunk Type 3
Chunk ID: 6
Data left: 386, State=6
----------------------
Available data: 386, State=6
Data left: 386, State=8
----------------------
Available data: 386, State=8
Read data: 147984024, left: 17126
Finish read data: 128
Data left: 258, State=4
----------------------
Available data: 258, State=4
Read chunk type
Chunk Type 3
Chunk ID: 6
Data left: 257, State=6
----------------------
Available data: 257, State=6
Data left: 257, State=8
----------------------
Available data: 257, State=8
Read data: 147984024, left: 16998
Finish read data: 128
Data left: 129, State=4
----------------------
Available data: 129, State=4
Read chunk type
Chunk Type 3
Chunk ID: 6
Data left: 128, State=6
----------------------
Available data: 128, State=6
Data left: 128, State=8
----------------------
Available data: 128, State=8
Read data: 147984024, left: 16870
Finish read data: 128
Data left: 0, State=4
Receiving: 4096 0 4096 131073
----------------------
Available data: 4096, State=4
Read chunk type
Chunk Type 3
Chunk ID: 6
Data left: 4095, State=6
----------------------
Available data: 4095, State=6
Data left: 4095, State=8
----------------------
Available data: 4095, State=8
Read data: 147984024, left: 16742
Finish read data: 128
Data left: 3967, State=4
----------------------
Available data: 3967, State=4
Read chunk type
Chunk Type 3
Chunk ID: 6
Data left: 3966, State=6
----------------------
Available data: 3966, State=6
Data left: 3966, State=8
----------------------
Available data: 3966, State=8
Read data: 147984024, left: 16614
Finish read data: 128
Data left: 3838, State=4
----------------------
Available data: 3838, State=4
Read chunk type
Chunk Type 3
Chunk ID: 6
Data left: 3837, State=6
----------------------
Available data: 3837, State=6
Data left: 3837, State=8
----------------------
Available data: 3837, State=8
Read data: 147984024, left: 16486
Finish read data: 128
Data left: 3709, State=4
----------------------
Available data: 3709, State=4
Read chunk type
Chunk Type 3
Chunk ID: 6
Data left: 3708, State=6
----------------------
Available data: 3708, State=6
Data left: 3708, State=8
----------------------
Available data: 3708, State=8
Read data: 147984024, left: 16358
Finish read data: 128
Data left: 3580, State=4
----------------------
Available data: 3580, State=4
Read chunk type
Chunk Type 3
Chunk ID: 6
Data left: 3579, State=6
----------------------
Available data: 3579, State=6
Data left: 3579, State=8
----------------------
Available data: 3579, State=8
Read data: 147984024, left: 16230
Finish read data: 128
Data left: 3451, State=4
----------------------
Available data: 3451, State=4
Read chunk type
Chunk Type 3
Chunk ID: 6
Data left: 3450, State=6
----------------------
Available data: 3450, State=6
Data left: 3450, State=8
----------------------
Available data: 3450, State=8
Read data: 147984024, left: 16102
Finish read data: 128
Data left: 3322, State=4
----------------------
Available data: 3322, State=4
Read chunk type
Chunk Type 3
Chunk ID: 6
Data left: 3321, State=6
----------------------
Available data: 3321, State=6
Data left: 3321, State=8
----------------------
Available data: 3321, State=8
Read data: 147984024, left: 15974
Finish read data: 128
Data left: 3193, State=4
----------------------
Available data: 3193, State=4
Read chunk type
Chunk Type 3
Chunk ID: 6
Data left: 3192, State=6
----------------------
Available data: 3192, State=6
Data left: 3192, State=8
----------------------
Available data: 3192, State=8
Read data: 147984024, left: 15846
Finish read data: 128
Data left: 3064, State=4
----------------------
Available data: 3064, State=4
Read chunk type
Chunk Type 3
Chunk ID: 6
Data left: 3063, State=6
----------------------
Available data: 3063, State=6
Data left: 3063, State=8
----------------------
Available data: 3063, State=8
Read data: 147984024, left: 15718
Finish read data: 128
Data left: 2935, State=4
----------------------
Available data: 2935, State=4
Read chunk type
Chunk Type 3
Chunk ID: 6
Data left: 2934, State=6
----------------------
Available data: 2934, State=6
Data left: 2934, State=8
----------------------
Available data: 2934, State=8
Read data: 147984024, left: 15590
Finish read data: 128
Data left: 2806, State=4
----------------------
Available data: 2806, State=4
Read chunk type
Chunk Type 3
Chunk ID: 6
Data left: 2805, State=6
----------------------
Available data: 2805, State=6
Data left: 2805, State=8
----------------------
Available data: 2805, State=8
Read data: 147984024, left: 15462
Finish read data: 128
Data left: 2677, State=4
----------------------
Available data: 2677, State=4
Read chunk type
Chunk Type 3
Chunk ID: 6
Data left: 2676, State=6
----------------------
Available data: 2676, State=6
Data left: 2676, State=8
----------------------
Available data: 2676, State=8
Read data: 147984024, left: 15334
Finish read data: 128
Data left: 2548, State=4
----------------------
Available data: 2548, State=4
Read chunk type
Chunk Type 3
Chunk ID: 6
Data left: 2547, State=6
----------------------
Available data: 2547, State=6
Data left: 2547, State=8
----------------------
Available data: 2547, State=8
Read data: 147984024, left: 15206
Finish read data: 128
Data left: 2419, State=4
----------------------
Available data: 2419, State=4
Read chunk type
Chunk Type 3
Chunk ID: 6
Data left: 2418, State=6
----------------------
Available data: 2418, State=6
Data left: 2418, State=8
----------------------
Available data: 2418, State=8
Read data: 147984024, left: 15078
Finish read data: 128
Data left: 2290, State=4
----------------------
Available data: 2290, State=4
Read chunk type
Chunk Type 3
Chunk ID: 6
Data left: 2289, State=6
----------------------
Available data: 2289, State=6
Data left: 2289, State=8
----------------------
Available data: 2289, State=8
Read data: 147984024, left: 14950
Finish read data: 128
Data left: 2161, State=4
----------------------
Available data: 2161, State=4
Read chunk type
Chunk Type 3
Chunk ID: 6
Data left: 2160, State=6
----------------------
Available data: 2160, State=6
Data left: 2160, State=8
----------------------
Available data: 2160, State=8
Read data: 147984024, left: 14822
Finish read data: 128
Data left: 2032, State=4
----------------------
Available data: 2032, State=4
Read chunk type
Chunk Type 3
Chunk ID: 6
Data left: 2031, State=6
----------------------
Available data: 2031, State=6
Data left: 2031, State=8
----------------------
Available data: 2031, State=8
Read data: 147984024, left: 14694
Finish read data: 128
Data left: 1903, State=4
----------------------
Available data: 1903, State=4
Read chunk type
Chunk Type 3
Chunk ID: 6
Data left: 1902, State=6
----------------------
Available data: 1902, State=6
Data left: 1902, State=8
----------------------
Available data: 1902, State=8
Read data: 147984024, left: 14566
Finish read data: 128
Data left: 1774, State=4
----------------------
Available data: 1774, State=4
Read chunk type
Chunk Type 3
Chunk ID: 6
Data left: 1773, State=6
----------------------
Available data: 1773, State=6
Data left: 1773, State=8
----------------------
Available data: 1773, State=8
Read data: 147984024, left: 14438
Finish read data: 128
Data left: 1645, State=4
----------------------
Available data: 1645, State=4
Read chunk type
Chunk Type 3
Chunk ID: 6
Data left: 1644, State=6
----------------------
Available data: 1644, State=6
Data left: 1644, State=8
----------------------
Available data: 1644, State=8
Read data: 147984024, left: 14310
Finish read data: 128
Data left: 1516, State=4
----------------------
Available data: 1516, State=4
Read chunk type
Chunk Type 3
Chunk ID: 6
Data left: 1515, State=6
----------------------
Available data: 1515, State=6
Data left: 1515, State=8
----------------------
Available data: 1515, State=8
Read data: 147984024, left: 14182
Finish read data: 128
Data left: 1387, State=4
----------------------
Available data: 1387, State=4
Read chunk type
Chunk Type 3
Chunk ID: 6
Data left: 1386, State=6
----------------------
Available data: 1386, State=6
Data left: 1386, State=8
----------------------
Available data: 1386, State=8
Read data: 147984024, left: 14054
Finish read data: 128
Data left: 1258, State=4
----------------------
Available data: 1258, State=4
Read chunk type
Chunk Type 3
Chunk ID: 6
Data left: 1257, State=6
----------------------
Available data: 1257, State=6
Data left: 1257, State=8
----------------------
Available data: 1257, State=8
Read data: 147984024, left: 13926
Finish read data: 128
Data left: 1129, State=4
----------------------
Available data: 1129, State=4
Read chunk type
Chunk Type 3
Chunk ID: 6
Data left: 1128, State=6
----------------------
Available data: 1128, State=6
Data left: 1128, State=8
----------------------
Available data: 1128, State=8
Read data: 147984024, left: 13798
Finish read data: 128
Data left: 1000, State=4
----------------------
Available data: 1000, State=4
Read chunk type
Chunk Type 3
Chunk ID: 6
Data left: 999, State=6
----------------------
Available data: 999, State=6
Data left: 999, State=8
----------------------
Available data: 999, State=8
Read data: 147984024, left: 13670
Finish read data: 128
Data left: 871, State=4
----------------------
Available data: 871, State=4
Read chunk type
Chunk Type 3
Chunk ID: 6
Data left: 870, State=6
----------------------
Available data: 870, State=6
Data left: 870, State=8
----------------------
Available data: 870, State=8
Read data: 147984024, left: 13542
Finish read data: 128
Data left: 742, State=4
----------------------
Available data: 742, State=4
Read chunk type
Chunk Type 3
Chunk ID: 6
Data left: 741, State=6
----------------------
Available data: 741, State=6
Data left: 741, State=8
----------------------
Available data: 741, State=8
Read data: 147984024, left: 13414
Finish read data: 128
Data left: 613, State=4
----------------------
Available data: 613, State=4
Read chunk type
Chunk Type 3
Chunk ID: 6
Data left: 612, State=6
----------------------
Available data: 612, State=6
Data left: 612, State=8
----------------------
Available data: 612, State=8
Read data: 147984024, left: 13286
Finish read data: 128
Data left: 484, State=4
----------------------
Available data: 484, State=4
Read chunk type
Chunk Type 3
Chunk ID: 6
Data left: 483, State=6
----------------------
Available data: 483, State=6
Data left: 483, State=8
----------------------
Available data: 483, State=8
Read data: 147984024, left: 13158
Finish read data: 128
Data left: 355, State=4
----------------------
Available data: 355, State=4
Read chunk type
Chunk Type 3
Chunk ID: 6
Data left: 354, State=6
----------------------
Available data: 354, State=6
Data left: 354, State=8
----------------------
Available data: 354, State=8
Read data: 147984024, left: 13030
Finish read data: 128
Data left: 226, State=4
----------------------
Available data: 226, State=4
Read chunk type
Chunk Type 3
Chunk ID: 6
Data left: 225, State=6
----------------------
Available data: 225, State=6
Data left: 225, State=8
----------------------
Available data: 225, State=8
Read data: 147984024, left: 12902
Finish read data: 128
Data left: 97, State=4
----------------------
Available data: 97, State=4
Read chunk type
Chunk Type 3
Chunk ID: 6
Data left: 96, State=6
----------------------
Available data: 96, State=6
Data left: 96, State=8
----------------------
Available data: 96, State=8
Data left: 96, State=8
Receiving: 4096 4000 8192 131073
----------------------
Available data: 4192, State=8
Read data: 147984024, left: 12774
Finish read data: 128
Data left: 4064, State=4
----------------------
Available data: 4064, State=4
Read chunk type
Chunk Type 3
Chunk ID: 6
Data left: 4063, State=6
----------------------
Available data: 4063, State=6
Data left: 4063, State=8
----------------------
Available data: 4063, State=8
Read data: 147984024, left: 12646
Finish read data: 128
Data left: 3935, State=4
----------------------
Available data: 3935, State=4
Read chunk type
Chunk Type 3
Chunk ID: 6
Data left: 3934, State=6
----------------------
Available data: 3934, State=6
Data left: 3934, State=8
----------------------
Available data: 3934, State=8
Read data: 147984024, left: 12518
Finish read data: 128
Data left: 3806, State=4
----------------------
Available data: 3806, State=4
Read chunk type
Chunk Type 3
Chunk ID: 6
Data left: 3805, State=6
----------------------
Available data: 3805, State=6
Data left: 3805, State=8
----------------------
Available data: 3805, State=8
Read data: 147984024, left: 12390
Finish read data: 128
Data left: 3677, State=4
----------------------
Available data: 3677, State=4
Read chunk type
Chunk Type 3
Chunk ID: 6
Data left: 3676, State=6
----------------------
Available data: 3676, State=6
Data left: 3676, State=8
----------------------
Available data: 3676, State=8
Read data: 147984024, left: 12262
Finish read data: 128
Data left: 3548, State=4
----------------------
Available data: 3548, State=4
Read chunk type
Chunk Type 3
Chunk ID: 6
Data left: 3547, State=6
----------------------
Available data: 3547, State=6
Data left: 3547, State=8
----------------------
Available data: 3547, State=8
Read data: 147984024, left: 12134
Finish read data: 128
Data left: 3419, State=4
----------------------
Available data: 3419, State=4
Read chunk type
Chunk Type 3
Chunk ID: 6
Data left: 3418, State=6
----------------------
Available data: 3418, State=6
Data left: 3418, State=8
----------------------
Available data: 3418, State=8
Read data: 147984024, left: 12006
Finish read data: 128
Data left: 3290, State=4
----------------------
Available data: 3290, State=4
Read chunk type
Chunk Type 3
Chunk ID: 6
Data left: 3289, State=6
----------------------
Available data: 3289, State=6
Data left: 3289, State=8
----------------------
Available data: 3289, State=8
Read data: 147984024, left: 11878
Finish read data: 128
Data left: 3161, State=4
----------------------
Available data: 3161, State=4
Read chunk type
Chunk Type 3
Chunk ID: 6
Data left: 3160, State=6
----------------------
Available data: 3160, State=6
Data left: 3160, State=8
----------------------
Available data: 3160, State=8
Read data: 147984024, left: 11750
Finish read data: 128
Data left: 3032, State=4
----------------------
Available data: 3032, State=4
Read chunk type
Chunk Type 3
Chunk ID: 6
Data left: 3031, State=6
----------------------
Available data: 3031, State=6
Data left: 3031, State=8
----------------------
Available data: 3031, State=8
Read data: 147984024, left: 11622
Finish read data: 128
Data left: 2903, State=4
----------------------
Available data: 2903, State=4
Read chunk type
Chunk Type 3
Chunk ID: 6
Data left: 2902, State=6
----------------------
Available data: 2902, State=6
Data left: 2902, State=8
----------------------
Available data: 2902, State=8
Read data: 147984024, left: 11494
Finish read data: 128
Data left: 2774, State=4
----------------------
Available data: 2774, State=4
Read chunk type
Chunk Type 3
Chunk ID: 6
Data left: 2773, State=6
----------------------
Available data: 2773, State=6
Data left: 2773, State=8
----------------------
Available data: 2773, State=8
Read data: 147984024, left: 11366
Finish read data: 128
Data left: 2645, State=4
----------------------
Available data: 2645, State=4
Read chunk type
Chunk Type 3
Chunk ID: 6
Data left: 2644, State=6
----------------------
Available data: 2644, State=6
Data left: 2644, State=8
----------------------
Available data: 2644, State=8
Read data: 147984024, left: 11238
Finish read data: 128
Data left: 2516, State=4
----------------------
Available data: 2516, State=4
Read chunk type
Chunk Type 3
Chunk ID: 6
Data left: 2515, State=6
----------------------
Available data: 2515, State=6
Data left: 2515, State=8
----------------------
Available data: 2515, State=8
Read data: 147984024, left: 11110
Finish read data: 128
Data left: 2387, State=4
----------------------
Available data: 2387, State=4
Read chunk type
Chunk Type 3
Chunk ID: 6
Data left: 2386, State=6
----------------------
Available data: 2386, State=6
Data left: 2386, State=8
----------------------
Available data: 2386, State=8
Read data: 147984024, left: 10982
Finish read data: 128
Data left: 2258, State=4
----------------------
Available data: 2258, State=4
Read chunk type
Chunk Type 3
Chunk ID: 6
Data left: 2257, State=6
----------------------
Available data: 2257, State=6
Data left: 2257, State=8
----------------------
Available data: 2257, State=8
Read data: 147984024, left: 10854
Finish read data: 128
Data left: 2129, State=4
----------------------
Available data: 2129, State=4
Read chunk type
Chunk Type 3
Chunk ID: 6
Data left: 2128, State=6
----------------------
Available data: 2128, State=6
Data left: 2128, State=8
----------------------
Available data: 2128, State=8
Read data: 147984024, left: 10726
Finish read data: 128
Data left: 2000, State=4
----------------------
Available data: 2000, State=4
Read chunk type
Chunk Type 3
Chunk ID: 6
Data left: 1999, State=6
----------------------
Available data: 1999, State=6
Data left: 1999, State=8
----------------------
Available data: 1999, State=8
Read data: 147984024, left: 10598
Finish read data: 128
Data left: 1871, State=4
----------------------
Available data: 1871, State=4
Read chunk type
Chunk Type 3
Chunk ID: 6
Data left: 1870, State=6
----------------------
Available data: 1870, State=6
Data left: 1870, State=8
----------------------
Available data: 1870, State=8
Read data: 147984024, left: 10470
Finish read data: 128
Data left: 1742, State=4
----------------------
Available data: 1742, State=4
Read chunk type
Chunk Type 3
Chunk ID: 6
Data left: 1741, State=6
----------------------
Available data: 1741, State=6
Data left: 1741, State=8
----------------------
Available data: 1741, State=8
Read data: 147984024, left: 10342
Finish read data: 128
Data left: 1613, State=4
----------------------
Available data: 1613, State=4
Read chunk type
Chunk Type 3
Chunk ID: 6
Data left: 1612, State=6
----------------------
Available data: 1612, State=6
Data left: 1612, State=8
----------------------
Available data: 1612, State=8
Read data: 147984024, left: 10214
Finish read data: 128
Data left: 1484, State=4
----------------------
Available data: 1484, State=4
Read chunk type
Chunk Type 3
Chunk ID: 6
Data left: 1483, State=6
----------------------
Available data: 1483, State=6
Data left: 1483, State=8
----------------------
Available data: 1483, State=8
Read data: 147984024, left: 10086
Finish read data: 128
Data left: 1355, State=4
----------------------
Available data: 1355, State=4
Read chunk type
Chunk Type 3
Chunk ID: 6
Data left: 1354, State=6
----------------------
Available data: 1354, State=6
Data left: 1354, State=8
----------------------
Available data: 1354, State=8
Read data: 147984024, left: 9958
Finish read data: 128
Data left: 1226, State=4
----------------------
Available data: 1226, State=4
Read chunk type
Chunk Type 3
Chunk ID: 6
Data left: 1225, State=6
----------------------
Available data: 1225, State=6
Data left: 1225, State=8
----------------------
Available data: 1225, State=8
Read data: 147984024, left: 9830
Finish read data: 128
Data left: 1097, State=4
----------------------
Available data: 1097, State=4
Read chunk type
Chunk Type 3
Chunk ID: 6
Data left: 1096, State=6
----------------------
Available data: 1096, State=6
Data left: 1096, State=8
----------------------
Available data: 1096, State=8
Read data: 147984024, left: 9702
Finish read data: 128
Data left: 968, State=4
----------------------
Available data: 968, State=4
Read chunk type
Chunk Type 3
Chunk ID: 6
Data left: 967, State=6
----------------------
Available data: 967, State=6
Data left: 967, State=8
----------------------
Available data: 967, State=8
Read data: 147984024, left: 9574
Finish read data: 128
Data left: 839, State=4
----------------------
Available data: 839, State=4
Read chunk type
Chunk Type 3
Chunk ID: 6
Data left: 838, State=6
----------------------
Available data: 838, State=6
Data left: 838, State=8
----------------------
Available data: 838, State=8
Read data: 147984024, left: 9446
Finish read data: 128
Data left: 710, State=4
----------------------
Available data: 710, State=4
Read chunk type
Chunk Type 3
Chunk ID: 6
Data left: 709, State=6
----------------------
Available data: 709, State=6
Data left: 709, State=8
----------------------
Available data: 709, State=8
Read data: 147984024, left: 9318
Finish read data: 128
Data left: 581, State=4
----------------------
Available data: 581, State=4
Read chunk type
Chunk Type 3
Chunk ID: 6
Data left: 580, State=6
----------------------
Available data: 580, State=6
Data left: 580, State=8
----------------------
Available data: 580, State=8
Read data: 147984024, left: 9190
Finish read data: 128
Data left: 452, State=4
----------------------
Available data: 452, State=4
Read chunk type
Chunk Type 3
Chunk ID: 6
Data left: 451, State=6
----------------------
Available data: 451, State=6
Data left: 451, State=8
----------------------
Available data: 451, State=8
Read data: 147984024, left: 9062
Finish read data: 128
Data left: 323, State=4
----------------------
Available data: 323, State=4
Read chunk type
Chunk Type 3
Chunk ID: 6
Data left: 322, State=6
----------------------
Available data: 322, State=6
Data left: 322, State=8
----------------------
Available data: 322, State=8
Read data: 147984024, left: 8934
Finish read data: 128
Data left: 194, State=4
----------------------
Available data: 194, State=4
Read chunk type
Chunk Type 3
Chunk ID: 6
Data left: 193, State=6
----------------------
Available data: 193, State=6
Data left: 193, State=8
----------------------
Available data: 193, State=8
Read data: 147984024, left: 8806
Finish read data: 128
Data left: 65, State=4
----------------------
Available data: 65, State=4
Read chunk type
Chunk Type 3
Chunk ID: 6
Data left: 64, State=6
----------------------
Available data: 64, State=6
Data left: 64, State=8
----------------------
Available data: 64, State=8
Data left: 64, State=8
Receiving: 4096 8128 12288 131073
----------------------
Available data: 4160, State=8
Read data: 147984024, left: 8678
Finish read data: 128
Data left: 4032, State=4
----------------------
Available data: 4032, State=4
Read chunk type
Chunk Type 3
Chunk ID: 6
Data left: 4031, State=6
----------------------
Available data: 4031, State=6
Data left: 4031, State=8
----------------------
Available data: 4031, State=8
Read data: 147984024, left: 8550
Finish read data: 128
Data left: 3903, State=4
----------------------
Available data: 3903, State=4
Read chunk type
Chunk Type 3
Chunk ID: 6
Data left: 3902, State=6
----------------------
Available data: 3902, State=6
Data left: 3902, State=8
----------------------
Available data: 3902, State=8
Read data: 147984024, left: 8422
Finish read data: 128
Data left: 3774, State=4
----------------------
Available data: 3774, State=4
Read chunk type
Chunk Type 3
Chunk ID: 6
Data left: 3773, State=6
----------------------
Available data: 3773, State=6
Data left: 3773, State=8
----------------------
Available data: 3773, State=8
Read data: 147984024, left: 8294
Finish read data: 128
Data left: 3645, State=4
----------------------
Available data: 3645, State=4
Read chunk type
Chunk Type 3
Chunk ID: 6
Data left: 3644, State=6
----------------------
Available data: 3644, State=6
Data left: 3644, State=8
----------------------
Available data: 3644, State=8
Read data: 147984024, left: 8166
Finish read data: 128
Data left: 3516, State=4
----------------------
Available data: 3516, State=4
Read chunk type
Chunk Type 3
Chunk ID: 6
Data left: 3515, State=6
----------------------
Available data: 3515, State=6
Data left: 3515, State=8
----------------------
Available data: 3515, State=8
Read data: 147984024, left: 8038
Finish read data: 128
Data left: 3387, State=4
----------------------
Available data: 3387, State=4
Read chunk type
Chunk Type 3
Chunk ID: 6
Data left: 3386, State=6
----------------------
Available data: 3386, State=6
Data left: 3386, State=8
----------------------
Available data: 3386, State=8
Read data: 147984024, left: 7910
Finish read data: 128
Data left: 3258, State=4
----------------------
Available data: 3258, State=4
Read chunk type
Chunk Type 3
Chunk ID: 6
Data left: 3257, State=6
----------------------
Available data: 3257, State=6
Data left: 3257, State=8
----------------------
Available data: 3257, State=8
Read data: 147984024, left: 7782
Finish read data: 128
Data left: 3129, State=4
----------------------
Available data: 3129, State=4
Read chunk type
Chunk Type 3
Chunk ID: 6
Data left: 3128, State=6
----------------------
Available data: 3128, State=6
Data left: 3128, State=8
----------------------
Available data: 3128, State=8
Read data: 147984024, left: 7654
Finish read data: 128
Data left: 3000, State=4
----------------------
Available data: 3000, State=4
Read chunk type
Chunk Type 3
Chunk ID: 6
Data left: 2999, State=6
----------------------
Available data: 2999, State=6
Data left: 2999, State=8
----------------------
Available data: 2999, State=8
Read data: 147984024, left: 7526
Finish read data: 128
Data left: 2871, State=4
----------------------
Available data: 2871, State=4
Read chunk type
Chunk Type 3
Chunk ID: 6
Data left: 2870, State=6
----------------------
Available data: 2870, State=6
Data left: 2870, State=8
----------------------
Available data: 2870, State=8
Read data: 147984024, left: 7398
Finish read data: 128
Data left: 2742, State=4
----------------------
Available data: 2742, State=4
Read chunk type
Chunk Type 3
Chunk ID: 6
Data left: 2741, State=6
----------------------
Available data: 2741, State=6
Data left: 2741, State=8
----------------------
Available data: 2741, State=8
Read data: 147984024, left: 7270
Finish read data: 128
Data left: 2613, State=4
----------------------
Available data: 2613, State=4
Read chunk type
Chunk Type 3
Chunk ID: 6
Data left: 2612, State=6
----------------------
Available data: 2612, State=6
Data left: 2612, State=8
----------------------
Available data: 2612, State=8
Read data: 147984024, left: 7142
Finish read data: 128
Data left: 2484, State=4
----------------------
Available data: 2484, State=4
Read chunk type
Chunk Type 3
Chunk ID: 6
Data left: 2483, State=6
----------------------
Available data: 2483, State=6
Data left: 2483, State=8
----------------------
Available data: 2483, State=8
Read data: 147984024, left: 7014
Finish read data: 128
Data left: 2355, State=4
----------------------
Available data: 2355, State=4
Read chunk type
Chunk Type 3
Chunk ID: 6
Data left: 2354, State=6
----------------------
Available data: 2354, State=6
Data left: 2354, State=8
----------------------
Available data: 2354, State=8
Read data: 147984024, left: 6886
Finish read data: 128
Data left: 2226, State=4
----------------------
Available data: 2226, State=4
Read chunk type
Chunk Type 3
Chunk ID: 6
Data left: 2225, State=6
----------------------
Available data: 2225, State=6
Data left: 2225, State=8
----------------------
Available data: 2225, State=8
Read data: 147984024, left: 6758
Finish read data: 128
Data left: 2097, State=4
----------------------
Available data: 2097, State=4
Read chunk type
Chunk Type 3
Chunk ID: 6
Data left: 2096, State=6
----------------------
Available data: 2096, State=6
Data left: 2096, State=8
----------------------
Available data: 2096, State=8
Read data: 147984024, left: 6630
Finish read data: 128
Data left: 1968, State=4
----------------------
Available data: 1968, State=4
Read chunk type
Chunk Type 3
Chunk ID: 6
Data left: 1967, State=6
----------------------
Available data: 1967, State=6
Data left: 1967, State=8
----------------------
Available data: 1967, State=8
Read data: 147984024, left: 6502
Finish read data: 128
Data left: 1839, State=4
----------------------
Available data: 1839, State=4
Read chunk type
Chunk Type 3
Chunk ID: 6
Data left: 1838, State=6
----------------------
Available data: 1838, State=6
Data left: 1838, State=8
----------------------
Available data: 1838, State=8
Read data: 147984024, left: 6374
Finish read data: 128
Data left: 1710, State=4
----------------------
Available data: 1710, State=4
Read chunk type
Chunk Type 3
Chunk ID: 6
Data left: 1709, State=6
----------------------
Available data: 1709, State=6
Data left: 1709, State=8
----------------------
Available data: 1709, State=8
Read data: 147984024, left: 6246
Finish read data: 128
Data left: 1581, State=4
----------------------
Available data: 1581, State=4
Read chunk type
Chunk Type 3
Chunk ID: 6
Data left: 1580, State=6
----------------------
Available data: 1580, State=6
Data left: 1580, State=8
----------------------
Available data: 1580, State=8
Read data: 147984024, left: 6118
Finish read data: 128
Data left: 1452, State=4
----------------------
Available data: 1452, State=4
Read chunk type
Chunk Type 3
Chunk ID: 6
Data left: 1451, State=6
----------------------
Available data: 1451, State=6
Data left: 1451, State=8
----------------------
Available data: 1451, State=8
Read data: 147984024, left: 5990
Finish read data: 128
Data left: 1323, State=4
----------------------
Available data: 1323, State=4
Read chunk type
Chunk Type 3
Chunk ID: 6
Data left: 1322, State=6
----------------------
Available data: 1322, State=6
Data left: 1322, State=8
----------------------
Available data: 1322, State=8
Read data: 147984024, left: 5862
Finish read data: 128
Data left: 1194, State=4
----------------------
Available data: 1194, State=4
Read chunk type
Chunk Type 3
Chunk ID: 6
Data left: 1193, State=6
----------------------
Available data: 1193, State=6
Data left: 1193, State=8
----------------------
Available data: 1193, State=8
Read data: 147984024, left: 5734
Finish read data: 128
Data left: 1065, State=4
----------------------
Available data: 1065, State=4
Read chunk type
Chunk Type 3
Chunk ID: 6
Data left: 1064, State=6
----------------------
Available data: 1064, State=6
Data left: 1064, State=8
----------------------
Available data: 1064, State=8
Read data: 147984024, left: 5606
Finish read data: 128
Data left: 936, State=4
----------------------
Available data: 936, State=4
Read chunk type
Chunk Type 3
Chunk ID: 6
Data left: 935, State=6
----------------------
Available data: 935, State=6
Data left: 935, State=8
----------------------
Available data: 935, State=8
Read data: 147984024, left: 5478
Finish read data: 128
Data left: 807, State=4
----------------------
Available data: 807, State=4
Read chunk type
Chunk Type 3
Chunk ID: 6
Data left: 806, State=6
----------------------
Available data: 806, State=6
Data left: 806, State=8
----------------------
Available data: 806, State=8
Read data: 147984024, left: 5350
Finish read data: 128
Data left: 678, State=4
----------------------
Available data: 678, State=4
Read chunk type
Chunk Type 3
Chunk ID: 6
Data left: 677, State=6
----------------------
Available data: 677, State=6
Data left: 677, State=8
----------------------
Available data: 677, State=8
Read data: 147984024, left: 5222
Finish read data: 128
Data left: 549, State=4
----------------------
Available data: 549, State=4
Read chunk type
Chunk Type 3
Chunk ID: 6
Data left: 548, State=6
----------------------
Available data: 548, State=6
Data left: 548, State=8
----------------------
Available data: 548, State=8
Read data: 147984024, left: 5094
Finish read data: 128
Data left: 420, State=4
----------------------
Available data: 420, State=4
Read chunk type
Chunk Type 3
Chunk ID: 6
Data left: 419, State=6
----------------------
Available data: 419, State=6
Data left: 419, State=8
----------------------
Available data: 419, State=8
Read data: 147984024, left: 4966
Finish read data: 128
Data left: 291, State=4
----------------------
Available data: 291, State=4
Read chunk type
Chunk Type 3
Chunk ID: 6
Data left: 290, State=6
----------------------
Available data: 290, State=6
Data left: 290, State=8
----------------------
Available data: 290, State=8
Read data: 147984024, left: 4838
Finish read data: 128
Data left: 162, State=4
----------------------
Available data: 162, State=4
Read chunk type
Chunk Type 3
Chunk ID: 6
Data left: 161, State=6
----------------------
Available data: 161, State=6
Data left: 161, State=8
----------------------
Available data: 161, State=8
Read data: 147984024, left: 4710
Finish read data: 128
Data left: 33, State=4
----------------------
Available data: 33, State=4
Read chunk type
Chunk Type 3
Chunk ID: 6
Data left: 32, State=6
----------------------
Available data: 32, State=6
Data left: 32, State=8
----------------------
Available data: 32, State=8
Data left: 32, State=8
Receiving: 1128 12256 13416 131073
----------------------
Available data: 1160, State=8
Read data: 147984024, left: 4582
Finish read data: 128
Data left: 1032, State=4
----------------------
Available data: 1032, State=4
Read chunk type
Chunk Type 3
Chunk ID: 6
Data left: 1031, State=6
----------------------
Available data: 1031, State=6
Data left: 1031, State=8
----------------------
Available data: 1031, State=8
Read data: 147984024, left: 4454
Finish read data: 128
Data left: 903, State=4
----------------------
Available data: 903, State=4
Read chunk type
Chunk Type 3
Chunk ID: 6
Data left: 902, State=6
----------------------
Available data: 902, State=6
Data left: 902, State=8
----------------------
Available data: 902, State=8
Read data: 147984024, left: 4326
Finish read data: 128
Data left: 774, State=4
----------------------
Available data: 774, State=4
Read chunk type
Chunk Type 3
Chunk ID: 6
Data left: 773, State=6
----------------------
Available data: 773, State=6
Data left: 773, State=8
----------------------
Available data: 773, State=8
Read data: 147984024, left: 4198
Finish read data: 128
Data left: 645, State=4
----------------------
Available data: 645, State=4
Read chunk type
Chunk Type 3
Chunk ID: 6
Data left: 644, State=6
----------------------
Available data: 644, State=6
Data left: 644, State=8
----------------------
Available data: 644, State=8
Read data: 147984024, left: 4070
Finish read data: 128
Data left: 516, State=4
----------------------
Available data: 516, State=4
Read chunk type
Chunk Type 3
Chunk ID: 6
Data left: 515, State=6
----------------------
Available data: 515, State=6
Data left: 515, State=8
----------------------
Available data: 515, State=8
Read data: 147984024, left: 3942
Finish read data: 128
Data left: 387, State=4
----------------------
Available data: 387, State=4
Read chunk type
Chunk Type 3
Chunk ID: 6
Data left: 386, State=6
----------------------
Available data: 386, State=6
Data left: 386, State=8
----------------------
Available data: 386, State=8
Read data: 147984024, left: 3814
Finish read data: 128
Data left: 258, State=4
----------------------
Available data: 258, State=4
Read chunk type
Chunk Type 3
Chunk ID: 6
Data left: 257, State=6
----------------------
Available data: 257, State=6
Data left: 257, State=8
----------------------
Available data: 257, State=8
Read data: 147984024, left: 3686
Finish read data: 128
Data left: 129, State=4
----------------------
Available data: 129, State=4
Read chunk type
Chunk Type 3
Chunk ID: 6
Data left: 128, State=6
----------------------
Available data: 128, State=6
Data left: 128, State=8
----------------------
Available data: 128, State=8
Read data: 147984024, left: 3558
Finish read data: 128
Data left: 0, State=4
Receiving: 3457 0 3457 131073
----------------------
Available data: 3457, State=4
Read chunk type
Chunk Type 3
Chunk ID: 6
Data left: 3456, State=6
----------------------
Available data: 3456, State=6
Data left: 3456, State=8
----------------------
Available data: 3456, State=8
Read data: 147984024, left: 3430
Finish read data: 128
Data left: 3328, State=4
----------------------
Available data: 3328, State=4
Read chunk type
Chunk Type 3
Chunk ID: 6
Data left: 3327, State=6
----------------------
Available data: 3327, State=6
Data left: 3327, State=8
----------------------
Available data: 3327, State=8
Read data: 147984024, left: 3302
Finish read data: 128
Data left: 3199, State=4
----------------------
Available data: 3199, State=4
Read chunk type
Chunk Type 3
Chunk ID: 6
Data left: 3198, State=6
----------------------
Available data: 3198, State=6
Data left: 3198, State=8
----------------------
Available data: 3198, State=8
Read data: 147984024, left: 3174
Finish read data: 128
Data left: 3070, State=4
----------------------
Available data: 3070, State=4
Read chunk type
Chunk Type 3
Chunk ID: 6
Data left: 3069, State=6
----------------------
Available data: 3069, State=6
Data left: 3069, State=8
----------------------
Available data: 3069, State=8
Read data: 147984024, left: 3046
Finish read data: 128
Data left: 2941, State=4
----------------------
Available data: 2941, State=4
Read chunk type
Chunk Type 3
Chunk ID: 6
Data left: 2940, State=6
----------------------
Available data: 2940, State=6
Data left: 2940, State=8
----------------------
Available data: 2940, State=8
Read data: 147984024, left: 2918
Finish read data: 128
Data left: 2812, State=4
----------------------
Available data: 2812, State=4
Read chunk type
Chunk Type 3
Chunk ID: 6
Data left: 2811, State=6
----------------------
Available data: 2811, State=6
Data left: 2811, State=8
----------------------
Available data: 2811, State=8
Read data: 147984024, left: 2790
Finish read data: 128
Data left: 2683, State=4
----------------------
Available data: 2683, State=4
Read chunk type
Chunk Type 3
Chunk ID: 6
Data left: 2682, State=6
----------------------
Available data: 2682, State=6
Data left: 2682, State=8
----------------------
Available data: 2682, State=8
Read data: 147984024, left: 2662
Finish read data: 128
Data left: 2554, State=4
----------------------
Available data: 2554, State=4
Read chunk type
Chunk Type 3
Chunk ID: 6
Data left: 2553, State=6
----------------------
Available data: 2553, State=6
Data left: 2553, State=8
----------------------
Available data: 2553, State=8
Read data: 147984024, left: 2534
Finish read data: 128
Data left: 2425, State=4
----------------------
Available data: 2425, State=4
Read chunk type
Chunk Type 3
Chunk ID: 6
Data left: 2424, State=6
----------------------
Available data: 2424, State=6
Data left: 2424, State=8
----------------------
Available data: 2424, State=8
Read data: 147984024, left: 2406
Finish read data: 128
Data left: 2296, State=4
----------------------
Available data: 2296, State=4
Read chunk type
Chunk Type 3
Chunk ID: 6
Data left: 2295, State=6
----------------------
Available data: 2295, State=6
Data left: 2295, State=8
----------------------
Available data: 2295, State=8
Read data: 147984024, left: 2278
Finish read data: 128
Data left: 2167, State=4
----------------------
Available data: 2167, State=4
Read chunk type
Chunk Type 3
Chunk ID: 6
Data left: 2166, State=6
----------------------
Available data: 2166, State=6
Data left: 2166, State=8
----------------------
Available data: 2166, State=8
Read data: 147984024, left: 2150
Finish read data: 128
Data left: 2038, State=4
----------------------
Available data: 2038, State=4
Read chunk type
Chunk Type 3
Chunk ID: 6
Data left: 2037, State=6
----------------------
Available data: 2037, State=6
Data left: 2037, State=8
----------------------
Available data: 2037, State=8
Read data: 147984024, left: 2022
Finish read data: 128
Data left: 1909, State=4
----------------------
Available data: 1909, State=4
Read chunk type
Chunk Type 3
Chunk ID: 6
Data left: 1908, State=6
----------------------
Available data: 1908, State=6
Data left: 1908, State=8
----------------------
Available data: 1908, State=8
Read data: 147984024, left: 1894
Finish read data: 128
Data left: 1780, State=4
----------------------
Available data: 1780, State=4
Read chunk type
Chunk Type 3
Chunk ID: 6
Data left: 1779, State=6
----------------------
Available data: 1779, State=6
Data left: 1779, State=8
----------------------
Available data: 1779, State=8
Read data: 147984024, left: 1766
Finish read data: 128
Data left: 1651, State=4
----------------------
Available data: 1651, State=4
Read chunk type
Chunk Type 3
Chunk ID: 6
Data left: 1650, State=6
----------------------
Available data: 1650, State=6
Data left: 1650, State=8
----------------------
Available data: 1650, State=8
Read data: 147984024, left: 1638
Finish read data: 128
Data left: 1522, State=4
----------------------
Available data: 1522, State=4
Read chunk type
Chunk Type 3
Chunk ID: 6
Data left: 1521, State=6
----------------------
Available data: 1521, State=6
Data left: 1521, State=8
----------------------
Available data: 1521, State=8
Read data: 147984024, left: 1510
Finish read data: 128
Data left: 1393, State=4
----------------------
Available data: 1393, State=4
Read chunk type
Chunk Type 3
Chunk ID: 6
Data left: 1392, State=6
----------------------
Available data: 1392, State=6
Data left: 1392, State=8
----------------------
Available data: 1392, State=8
Read data: 147984024, left: 1382
Finish read data: 128
Data left: 1264, State=4
----------------------
Available data: 1264, State=4
Read chunk type
Chunk Type 3
Chunk ID: 6
Data left: 1263, State=6
----------------------
Available data: 1263, State=6
Data left: 1263, State=8
----------------------
Available data: 1263, State=8
Read data: 147984024, left: 1254
Finish read data: 128
Data left: 1135, State=4
----------------------
Available data: 1135, State=4
Read chunk type
Chunk Type 3
Chunk ID: 6
Data left: 1134, State=6
----------------------
Available data: 1134, State=6
Data left: 1134, State=8
----------------------
Available data: 1134, State=8
Read data: 147984024, left: 1126
Finish read data: 128
Data left: 1006, State=4
----------------------
Available data: 1006, State=4
Read chunk type
Chunk Type 3
Chunk ID: 6
Data left: 1005, State=6
----------------------
Available data: 1005, State=6
Data left: 1005, State=8
----------------------
Available data: 1005, State=8
Read data: 147984024, left: 998
Finish read data: 128
Data left: 877, State=4
----------------------
Available data: 877, State=4
Read chunk type
Chunk Type 3
Chunk ID: 6
Data left: 876, State=6
----------------------
Available data: 876, State=6
Data left: 876, State=8
----------------------
Available data: 876, State=8
Read data: 147984024, left: 870
Finish read data: 128
Data left: 748, State=4
----------------------
Available data: 748, State=4
Read chunk type
Chunk Type 3
Chunk ID: 6
Data left: 747, State=6
----------------------
Available data: 747, State=6
Data left: 747, State=8
----------------------
Available data: 747, State=8
Read data: 147984024, left: 742
Finish read data: 128
Data left: 619, State=4
----------------------
Available data: 619, State=4
Read chunk type
Chunk Type 3
Chunk ID: 6
Data left: 618, State=6
----------------------
Available data: 618, State=6
Data left: 618, State=8
----------------------
Available data: 618, State=8
Read data: 147984024, left: 614
Finish read data: 128
Data left: 490, State=4
----------------------
Available data: 490, State=4
Read chunk type
Chunk Type 3
Chunk ID: 6
Data left: 489, State=6
----------------------
Available data: 489, State=6
Data left: 489, State=8
----------------------
Available data: 489, State=8
Read data: 147984024, left: 486
Finish read data: 128
Data left: 361, State=4
----------------------
Available data: 361, State=4
Read chunk type
Chunk Type 3
Chunk ID: 6
Data left: 360, State=6
----------------------
Available data: 360, State=6
Data left: 360, State=8
----------------------
Available data: 360, State=8
Read data: 147984024, left: 358
Finish read data: 128
Data left: 232, State=4
----------------------
Available data: 232, State=4
Read chunk type
Chunk Type 3
Chunk ID: 6
Data left: 231, State=6
----------------------
Available data: 231, State=6
Data left: 231, State=8
----------------------
Available data: 231, State=8
Read data: 147984024, left: 230
Finish read data: 128
Data left: 103, State=4
----------------------
Available data: 103, State=4
Read chunk type
Chunk Type 3
Chunk ID: 6
Data left: 102, State=6
----------------------
Available data: 102, State=6
Data left: 102, State=8
----------------------
Available data: 102, State=8
Read data: 147984024, left: 102
Finish read data: 102

Data left: 0, State=4
Receiving: 42 0 42 131073
----------------------
Available data: 42, State=4
Read chunk type
Chunk Type 1
Chunk ID: 3
Data left: 41, State=6
----------------------
Available data: 41, State=6
Read header type 0
Timestamp=4065, message_length=34, message_type=20, message_stream_id=16777216
Data left: 34, State=8
----------------------
Available data: 34, State=8
Read data: 147979448, left: 34
Finish read data: 34
Command: deleteStream

Data left: 0, State=4
